=== SpawnDev.ILGPU Console Test Runner ===

Running tests for: CudaTests

Found 120 tests
ΓöÇΓöÇΓöÇΓöÇΓöÇΓöÇΓöÇΓöÇΓöÇΓöÇΓöÇΓöÇΓöÇΓöÇΓöÇΓöÇΓöÇΓöÇΓöÇΓöÇΓöÇΓöÇΓöÇΓöÇΓöÇΓöÇΓöÇΓöÇΓöÇΓöÇΓöÇΓöÇΓöÇΓöÇΓöÇΓöÇΓöÇΓöÇΓöÇΓöÇΓöÇΓöÇΓöÇΓöÇΓöÇΓöÇΓöÇΓöÇΓöÇΓöÇΓöÇΓöÇΓöÇΓöÇΓöÇΓöÇΓöÇΓöÇΓöÇΓöÇΓöÇΓöÇΓöÇΓöÇΓöÇΓöÇΓöÇΓöÇΓöÇΓöÇΓöÇΓöÇΓöÇΓöÇΓöÇΓöÇΓöÇΓöÇΓöÇΓöÇ
  [Γ£ô] CudaTests.KernelTest (395ms)
  [Γ£ô] CudaTests.KernelTest (395ms)
  [Γ£ô] CudaTests.KernelFloatTest (10ms)
  [Γ£ô] CudaTests.KernelFloatTest (10ms)
  [Γ£ô] CudaTests.MultiScalarKernelTest (5ms)
  [Γ£ô] CudaTests.MultiScalarKernelTest (5ms)
  [Γ£ô] CudaTests.Kernel2DTest (21ms)
  [Γ£ô] CudaTests.Kernel2DTest (21ms)
  [Γ£ô] CudaTests.Kernel3DTest (10ms)
  [Γ£ô] CudaTests.Kernel3DTest (10ms)
  [Γ£ô] CudaTests.VectorAddTest (6ms)
  [Γ£ô] CudaTests.VectorAddTest (6ms)
  [Γ£ù] CudaTests.StructTest (20ms) - System.TypeLoadException: Access is denied: 'ILGPU.Backends.PointerViews.ViewImplementation`1[SpawnDev.ILGPU.Demo.Shared.UnitTests.BackendTestBase+MyPoint]'.
   at System.Reflection.Emit.RuntimeTypeBuilder.CreateTypeNoLock()
   at System.Reflection.Emit.RuntimeTypeBuilder.CreateTypeInfoImpl()
   at ILGPU.Backends.EntryPoints.ArgumentMapper.CreateArgumentStructType[TMappingHandler,T](TMappingHandler& mappingHandler, ParameterCollection& parameters) in d:\users\tj\Projects\SpawnDev.ILGPU\SpawnDev.ILGPU\ILGPU\Backends\EntryPoints\ArgumentMapper.cs:line 971
   at ILGPU.Backends.EntryPoints.ArgumentMapper.MapArgumentsStruct[TILEmitter,TMappingHandler,T](TILEmitter& emitter, TMappingHandler& mappingHandler, ParameterCollection& parameters) in d:\users\tj\Projects\SpawnDev.ILGPU\SpawnDev.ILGPU\ILGPU\Backends\EntryPoints\ArgumentMapper.cs:line 872
   at ILGPU.Backends.PTX.PTXArgumentMapper.Map[TILEmitter](TILEmitter& emitter, EntryPoint entryPoint) in d:\users\tj\Projects\SpawnDev.ILGPU\SpawnDev.ILGPU\ILGPU\Backends\PTX\PTXArgumentMapper.cs:line 111
   at ILGPU.Runtime.Cuda.CudaAccelerator.GenerateKernelLauncherMethod(PTXCompiledKernel kernel, Int32 customGroupSize) in d:\users\tj\Projects\SpawnDev.ILGPU\SpawnDev.ILGPU\ILGPU\Runtime\Cuda\CudaAccelerator.cs:line 552
   at ILGPU.Runtime.KernelAccelerator`2.LoadAutoGroupedKernelInternal(CompiledKernel kernel, KernelInfo& kernelInfo) in d:\users\tj\Projects\SpawnDev.ILGPU\SpawnDev.ILGPU\ILGPU\Runtime\KernelAccelerator.cs:line 112
   at ILGPU.Runtime.Accelerator.LoadAutoGroupedKernel(CompiledKernel kernel, KernelInfo& kernelInfo) in d:\users\tj\Projects\SpawnDev.ILGPU\SpawnDev.ILGPU\ILGPU\Runtime\KernelLoading.cs:line 193
   at ILGPU.Runtime.Accelerator.AutoKernelLoader.LoadKernel(Accelerator accelerator, CompiledKernel compiledKernel, KernelInfo& kernelInfo) in d:\users\tj\Projects\SpawnDev.ILGPU\SpawnDev.ILGPU\ILGPU\Runtime\KernelLoading.cs:line 291
   at ILGPU.Runtime.Accelerator.<>c__DisplayClass157_0`1.<LoadGenericKernel>b__0(TKernelLoader& loader, KernelInfo& info) in d:\users\tj\Projects\SpawnDev.ILGPU\SpawnDev.ILGPU\ILGPU\Runtime\KernelCache.cs:line 474
   at ILGPU.Runtime.Accelerator.LoadAutoGroupedKernel[TDelegate](MethodInfo method, KernelInfo& kernelInfo) in d:\users\tj\Projects\SpawnDev.ILGPU\SpawnDev.ILGPU\ILGPU\Runtime\KernelLoading.cs:line 559
   at ILGPU.Runtime.Accelerator.LoadAutoGroupedKernel[TDelegate](MethodInfo method) in d:\users\tj\Projects\SpawnDev.ILGPU\SpawnDev.ILGPU\ILGPU\Runtime\KernelLoading.cs:line 546
   at ILGPU.Runtime.KernelLoaders.LoadAutoGroupedKernel[TIndex,T1](Accelerator accelerator, Action`2 action) in d:\users\tj\Projects\SpawnDev.ILGPU\SpawnDev.ILGPU\ILGPU\Runtime\KernelLoaders.cs:line 346
   at ILGPU.Runtime.KernelLoaders.LoadAutoGroupedStreamKernel[TIndex,T1](Accelerator accelerator, Action`2 action)
   at SpawnDev.ILGPU.Demo.Shared.UnitTests.BackendTestBase.<>c.<<StructTest>b__130_0>d.MoveNext() in d:\users\tj\Projects\SpawnDev.ILGPU\SpawnDev.ILGPU\SpawnDev.ILGPU.Demo.Shared\UnitTests\BackendTestBase.Tests1.cs:line 120
--- End of stack trace from previous location ---
   at SpawnDev.ILGPU.Demo.Shared.UnitTests.BackendTestBase.RunTest(Func`2 testBody) in d:\users\tj\Projects\SpawnDev.ILGPU\SpawnDev.ILGPU\SpawnDev.ILGPU.Demo.Shared\UnitTests\BackendTestBase.cs:line 60
   at SpawnDev.ILGPU.Demo.Shared.UnitTests.BackendTestBase.StructTest() in d:\users\tj\Projects\SpawnDev.ILGPU\SpawnDev.ILGPU\SpawnDev.ILGPU.Demo.Shared\UnitTests\BackendTestBase.Tests1.cs:line 114
   at SpawnDev.UnitTesting.UnitTestRunner.RunTest(UnitTest test) in d:\users\tj\Projects\SpawnDev.UnitTesting\SpawnDev.UnitTesting\SpawnDev.UnitTesting\UnitTestRunner.cs:line 183
  [Γ£ù] CudaTests.StructTest (20ms) - System.TypeLoadException: Access is denied: 'ILGPU.Backends.PointerViews.ViewImplementation`1[SpawnDev.ILGPU.Demo.Shared.UnitTests.BackendTestBase+MyPoint]'.
   at System.Reflection.Emit.RuntimeTypeBuilder.CreateTypeNoLock()
   at System.Reflection.Emit.RuntimeTypeBuilder.CreateTypeInfoImpl()
   at ILGPU.Backends.EntryPoints.ArgumentMapper.CreateArgumentStructType[TMappingHandler,T](TMappingHandler& mappingHandler, ParameterCollection& parameters) in d:\users\tj\Projects\SpawnDev.ILGPU\SpawnDev.ILGPU\ILGPU\Backends\EntryPoints\ArgumentMapper.cs:line 971
   at ILGPU.Backends.EntryPoints.ArgumentMapper.MapArgumentsStruct[TILEmitter,TMappingHandler,T](TILEmitter& emitter, TMappingHandler& mappingHandler, ParameterCollection& parameters) in d:\users\tj\Projects\SpawnDev.ILGPU\SpawnDev.ILGPU\ILGPU\Backends\EntryPoints\ArgumentMapper.cs:line 872
   at ILGPU.Backends.PTX.PTXArgumentMapper.Map[TILEmitter](TILEmitter& emitter, EntryPoint entryPoint) in d:\users\tj\Projects\SpawnDev.ILGPU\SpawnDev.ILGPU\ILGPU\Backends\PTX\PTXArgumentMapper.cs:line 111
   at ILGPU.Runtime.Cuda.CudaAccelerator.GenerateKernelLauncherMethod(PTXCompiledKernel kernel, Int32 customGroupSize) in d:\users\tj\Projects\SpawnDev.ILGPU\SpawnDev.ILGPU\ILGPU\Runtime\Cuda\CudaAccelerator.cs:line 552
   at ILGPU.Runtime.KernelAccelerator`2.LoadAutoGroupedKernelInternal(CompiledKernel kernel, KernelInfo& kernelInfo) in d:\users\tj\Projects\SpawnDev.ILGPU\SpawnDev.ILGPU\ILGPU\Runtime\KernelAccelerator.cs:line 112
   at ILGPU.Runtime.Accelerator.LoadAutoGroupedKernel(CompiledKernel kernel, KernelInfo& kernelInfo) in d:\users\tj\Projects\SpawnDev.ILGPU\SpawnDev.ILGPU\ILGPU\Runtime\KernelLoading.cs:line 193
   at ILGPU.Runtime.Accelerator.AutoKernelLoader.LoadKernel(Accelerator accelerator, CompiledKernel compiledKernel, KernelInfo& kernelInfo) in d:\users\tj\Projects\SpawnDev.ILGPU\SpawnDev.ILGPU\ILGPU\Runtime\KernelLoading.cs:line 291
   at ILGPU.Runtime.Accelerator.<>c__DisplayClass157_0`1.<LoadGenericKernel>b__0(TKernelLoader& loader, KernelInfo& info) in d:\users\tj\Projects\SpawnDev.ILGPU\SpawnDev.ILGPU\ILGPU\Runtime\KernelCache.cs:line 474
   at ILGPU.Runtime.Accelerator.LoadAutoGroupedKernel[TDelegate](MethodInfo method, KernelInfo& kernelInfo) in d:\users\tj\Projects\SpawnDev.ILGPU\SpawnDev.ILGPU\ILGPU\Runtime\KernelLoading.cs:line 559
   at ILGPU.Runtime.Accelerator.LoadAutoGroupedKernel[TDelegate](MethodInfo method) in d:\users\tj\Projects\SpawnDev.ILGPU\SpawnDev.ILGPU\ILGPU\Runtime\KernelLoading.cs:line 546
   at ILGPU.Runtime.KernelLoaders.LoadAutoGroupedKernel[TIndex,T1](Accelerator accelerator, Action`2 action) in d:\users\tj\Projects\SpawnDev.ILGPU\SpawnDev.ILGPU\ILGPU\Runtime\KernelLoaders.cs:line 346
   at ILGPU.Runtime.KernelLoaders.LoadAutoGroupedStreamKernel[TIndex,T1](Accelerator accelerator, Action`2 action)
   at SpawnDev.ILGPU.Demo.Shared.UnitTests.BackendTestBase.<>c.<<StructTest>b__130_0>d.MoveNext() in d:\users\tj\Projects\SpawnDev.ILGPU\SpawnDev.ILGPU\SpawnDev.ILGPU.Demo.Shared\UnitTests\BackendTestBase.Tests1.cs:line 120
--- End of stack trace from previous location ---
   at SpawnDev.ILGPU.Demo.Shared.UnitTests.BackendTestBase.RunTest(Func`2 testBody) in d:\users\tj\Projects\SpawnDev.ILGPU\SpawnDev.ILGPU\SpawnDev.ILGPU.Demo.Shared\UnitTests\BackendTestBase.cs:line 60
   at SpawnDev.ILGPU.Demo.Shared.UnitTests.BackendTestBase.StructTest() in d:\users\tj\Projects\SpawnDev.ILGPU\SpawnDev.ILGPU\SpawnDev.ILGPU.Demo.Shared\UnitTests\BackendTestBase.Tests1.cs:line 114
   at SpawnDev.UnitTesting.UnitTestRunner.RunTest(UnitTest test) in d:\users\tj\Projects\SpawnDev.UnitTesting\SpawnDev.UnitTesting\SpawnDev.UnitTesting\UnitTestRunner.cs:line 183
  [Γ£ô] CudaTests.MathTest (6ms)
  [Γ£ô] CudaTests.MathTest (6ms)
  [Γ£ô] CudaTests.ControlFlowTest (22ms)
  [Γ£ô] CudaTests.ControlFlowTest (22ms)
  [Γ£ô] CudaTests.AtomicTest (9ms)
  [Γ£ô] CudaTests.AtomicTest (9ms)
  [Γ£ù] CudaTests.IntrinsicMathTest (16ms) - ILGPU.Runtime.Cuda.CudaException: a PTX JIT compilation failed at kernelLoaded
   at ILGPU.Runtime.Cuda.CudaKernel..ctor(CudaAccelerator accelerator, PTXCompiledKernel kernel, MethodInfo launcher) in d:\users\tj\Projects\SpawnDev.ILGPU\SpawnDev.ILGPU\ILGPU\Runtime\Cuda\CudaKernel.cs:line 59
   at ILGPU.Runtime.Cuda.CudaAccelerator.CreateKernel(PTXCompiledKernel compiledKernel) in d:\users\tj\Projects\SpawnDev.ILGPU\SpawnDev.ILGPU\ILGPU\Runtime\Cuda\CudaAccelerator.cs:line 382
   at ILGPU.Runtime.KernelAccelerator`2.LoadAutoGroupedKernelInternal(CompiledKernel kernel, KernelInfo& kernelInfo) in d:\users\tj\Projects\SpawnDev.ILGPU\SpawnDev.ILGPU\ILGPU\Runtime\KernelAccelerator.cs:line 110
   at ILGPU.Runtime.Accelerator.LoadAutoGroupedKernel(CompiledKernel kernel, KernelInfo& kernelInfo) in d:\users\tj\Projects\SpawnDev.ILGPU\SpawnDev.ILGPU\ILGPU\Runtime\KernelLoading.cs:line 193
   at ILGPU.Runtime.Accelerator.AutoKernelLoader.LoadKernel(Accelerator accelerator, CompiledKernel compiledKernel, KernelInfo& kernelInfo) in d:\users\tj\Projects\SpawnDev.ILGPU\SpawnDev.ILGPU\ILGPU\Runtime\KernelLoading.cs:line 291
   at ILGPU.Runtime.Accelerator.<>c__DisplayClass157_0`1.<LoadGenericKernel>b__0(TKernelLoader& loader, KernelInfo& info) in d:\users\tj\Projects\SpawnDev.ILGPU\SpawnDev.ILGPU\ILGPU\Runtime\KernelCache.cs:line 474
   at ILGPU.Runtime.Accelerator.LoadAutoGroupedKernel[TDelegate](MethodInfo method, KernelInfo& kernelInfo) in d:\users\tj\Projects\SpawnDev.ILGPU\SpawnDev.ILGPU\ILGPU\Runtime\KernelLoading.cs:line 559
   at ILGPU.Runtime.Accelerator.LoadAutoGroupedKernel[TDelegate](MethodInfo method) in d:\users\tj\Projects\SpawnDev.ILGPU\SpawnDev.ILGPU\ILGPU\Runtime\KernelLoading.cs:line 546
   at ILGPU.Runtime.KernelLoaders.LoadAutoGroupedKernel[TIndex,T1](Accelerator accelerator, Action`2 action) in d:\users\tj\Projects\SpawnDev.ILGPU\SpawnDev.ILGPU\ILGPU\Runtime\KernelLoaders.cs:line 346
   at ILGPU.Runtime.KernelLoaders.LoadAutoGroupedStreamKernel[TIndex,T1](Accelerator accelerator, Action`2 action)
   at SpawnDev.ILGPU.Demo.Shared.UnitTests.BackendTestBase.<>c.<<IntrinsicMathTest>b__134_0>d.MoveNext() in d:\users\tj\Projects\SpawnDev.ILGPU\SpawnDev.ILGPU\SpawnDev.ILGPU.Demo.Shared\UnitTests\BackendTestBase.Tests1.cs:line 193
--- End of stack trace from previous location ---
   at SpawnDev.ILGPU.Demo.Shared.UnitTests.BackendTestBase.RunTest(Func`2 testBody) in d:\users\tj\Projects\SpawnDev.ILGPU\SpawnDev.ILGPU\SpawnDev.ILGPU.Demo.Shared\UnitTests\BackendTestBase.cs:line 60
   at SpawnDev.ILGPU.Demo.Shared.UnitTests.BackendTestBase.IntrinsicMathTest() in d:\users\tj\Projects\SpawnDev.ILGPU\SpawnDev.ILGPU\SpawnDev.ILGPU.Demo.Shared\UnitTests\BackendTestBase.Tests1.cs:line 189
   at SpawnDev.UnitTesting.UnitTestRunner.RunTest(UnitTest test) in d:\users\tj\Projects\SpawnDev.UnitTesting\SpawnDev.UnitTesting\SpawnDev.UnitTesting\UnitTestRunner.cs:line 183
  [Γ£ù] CudaTests.IntrinsicMathTest (16ms) - ILGPU.Runtime.Cuda.CudaException: a PTX JIT compilation failed at kernelLoaded
   at ILGPU.Runtime.Cuda.CudaKernel..ctor(CudaAccelerator accelerator, PTXCompiledKernel kernel, MethodInfo launcher) in d:\users\tj\Projects\SpawnDev.ILGPU\SpawnDev.ILGPU\ILGPU\Runtime\Cuda\CudaKernel.cs:line 59
   at ILGPU.Runtime.Cuda.CudaAccelerator.CreateKernel(PTXCompiledKernel compiledKernel) in d:\users\tj\Projects\SpawnDev.ILGPU\SpawnDev.ILGPU\ILGPU\Runtime\Cuda\CudaAccelerator.cs:line 382
   at ILGPU.Runtime.KernelAccelerator`2.LoadAutoGroupedKernelInternal(CompiledKernel kernel, KernelInfo& kernelInfo) in d:\users\tj\Projects\SpawnDev.ILGPU\SpawnDev.ILGPU\ILGPU\Runtime\KernelAccelerator.cs:line 110
   at ILGPU.Runtime.Accelerator.LoadAutoGroupedKernel(CompiledKernel kernel, KernelInfo& kernelInfo) in d:\users\tj\Projects\SpawnDev.ILGPU\SpawnDev.ILGPU\ILGPU\Runtime\KernelLoading.cs:line 193
   at ILGPU.Runtime.Accelerator.AutoKernelLoader.LoadKernel(Accelerator accelerator, CompiledKernel compiledKernel, KernelInfo& kernelInfo) in d:\users\tj\Projects\SpawnDev.ILGPU\SpawnDev.ILGPU\ILGPU\Runtime\KernelLoading.cs:line 291
   at ILGPU.Runtime.Accelerator.<>c__DisplayClass157_0`1.<LoadGenericKernel>b__0(TKernelLoader& loader, KernelInfo& info) in d:\users\tj\Projects\SpawnDev.ILGPU\SpawnDev.ILGPU\ILGPU\Runtime\KernelCache.cs:line 474
   at ILGPU.Runtime.Accelerator.LoadAutoGroupedKernel[TDelegate](MethodInfo method, KernelInfo& kernelInfo) in d:\users\tj\Projects\SpawnDev.ILGPU\SpawnDev.ILGPU\ILGPU\Runtime\KernelLoading.cs:line 559
   at ILGPU.Runtime.Accelerator.LoadAutoGroupedKernel[TDelegate](MethodInfo method) in d:\users\tj\Projects\SpawnDev.ILGPU\SpawnDev.ILGPU\ILGPU\Runtime\KernelLoading.cs:line 546
   at ILGPU.Runtime.KernelLoaders.LoadAutoGroupedKernel[TIndex,T1](Accelerator accelerator, Action`2 action) in d:\users\tj\Projects\SpawnDev.ILGPU\SpawnDev.ILGPU\ILGPU\Runtime\KernelLoaders.cs:line 346
   at ILGPU.Runtime.KernelLoaders.LoadAutoGroupedStreamKernel[TIndex,T1](Accelerator accelerator, Action`2 action)
   at SpawnDev.ILGPU.Demo.Shared.UnitTests.BackendTestBase.<>c.<<IntrinsicMathTest>b__134_0>d.MoveNext() in d:\users\tj\Projects\SpawnDev.ILGPU\SpawnDev.ILGPU\SpawnDev.ILGPU.Demo.Shared\UnitTests\BackendTestBase.Tests1.cs:line 193
--- End of stack trace from previous location ---
   at SpawnDev.ILGPU.Demo.Shared.UnitTests.BackendTestBase.RunTest(Func`2 testBody) in d:\users\tj\Projects\SpawnDev.ILGPU\SpawnDev.ILGPU\SpawnDev.ILGPU.Demo.Shared\UnitTests\BackendTestBase.cs:line 60
   at SpawnDev.ILGPU.Demo.Shared.UnitTests.BackendTestBase.IntrinsicMathTest() in d:\users\tj\Projects\SpawnDev.ILGPU\SpawnDev.ILGPU\SpawnDev.ILGPU.Demo.Shared\UnitTests\BackendTestBase.Tests1.cs:line 189
   at SpawnDev.UnitTesting.UnitTestRunner.RunTest(UnitTest test) in d:\users\tj\Projects\SpawnDev.UnitTesting\SpawnDev.UnitTesting\SpawnDev.UnitTesting\UnitTestRunner.cs:line 183
  [Γ£ô] CudaTests.ConversionTest (4ms)
  [Γ£ô] CudaTests.ConversionTest (4ms)
  [Γ£ù] CudaTests.SharedMemoryTest (9ms) - System.Exception: Shared memory failed at 0. Expected 10, got 0
   at SpawnDev.ILGPU.Demo.Shared.UnitTests.BackendTestBase.<>c.<<SharedMemoryTest>b__136_0>d.MoveNext() in d:\users\tj\Projects\SpawnDev.ILGPU\SpawnDev.ILGPU\SpawnDev.ILGPU.Demo.Shared\UnitTests\BackendTestBase.Tests1.cs:line 236
--- End of stack trace from previous location ---
   at SpawnDev.ILGPU.Demo.Shared.UnitTests.BackendTestBase.RunTest(Func`2 testBody) in d:\users\tj\Projects\SpawnDev.ILGPU\SpawnDev.ILGPU\SpawnDev.ILGPU.Demo.Shared\UnitTests\BackendTestBase.cs:line 60
   at SpawnDev.ILGPU.Demo.Shared.UnitTests.BackendTestBase.SharedMemoryTest() in d:\users\tj\Projects\SpawnDev.ILGPU\SpawnDev.ILGPU\SpawnDev.ILGPU.Demo.Shared\UnitTests\BackendTestBase.Tests1.cs:line 222
   at SpawnDev.UnitTesting.UnitTestRunner.RunTest(UnitTest test) in d:\users\tj\Projects\SpawnDev.UnitTesting\SpawnDev.UnitTesting\SpawnDev.UnitTesting\UnitTestRunner.cs:line 183
  [Γ£ù] CudaTests.SharedMemoryTest (9ms) - System.Exception: Shared memory failed at 0. Expected 10, got 0
   at SpawnDev.ILGPU.Demo.Shared.UnitTests.BackendTestBase.<>c.<<SharedMemoryTest>b__136_0>d.MoveNext() in d:\users\tj\Projects\SpawnDev.ILGPU\SpawnDev.ILGPU\SpawnDev.ILGPU.Demo.Shared\UnitTests\BackendTestBase.Tests1.cs:line 236
--- End of stack trace from previous location ---
   at SpawnDev.ILGPU.Demo.Shared.UnitTests.BackendTestBase.RunTest(Func`2 testBody) in d:\users\tj\Projects\SpawnDev.ILGPU\SpawnDev.ILGPU\SpawnDev.ILGPU.Demo.Shared\UnitTests\BackendTestBase.cs:line 60
   at SpawnDev.ILGPU.Demo.Shared.UnitTests.BackendTestBase.SharedMemoryTest() in d:\users\tj\Projects\SpawnDev.ILGPU\SpawnDev.ILGPU\SpawnDev.ILGPU.Demo.Shared\UnitTests\BackendTestBase.Tests1.cs:line 222
   at SpawnDev.UnitTesting.UnitTestRunner.RunTest(UnitTest test) in d:\users\tj\Projects\SpawnDev.UnitTesting\SpawnDev.UnitTesting\SpawnDev.UnitTesting\UnitTestRunner.cs:line 183
  [Γ£ô] CudaTests.NestedControlFlowTest (6ms)
  [Γ£ô] CudaTests.NestedControlFlowTest (6ms)
  [Γ£ô] CudaTests.FunctionCallTest (4ms)
  [Γ£ô] CudaTests.FunctionCallTest (4ms)
  [Γ£ù] CudaTests.CSharpSharedMemoryTest (205ms) - ILGPU.Runtime.Cuda.CudaException: an illegal memory access was encountered at cudaStatus
   at ILGPU.Runtime.Cuda.CudaMemoryBuffer.DisposeAcceleratorObject(Boolean disposing) in d:\users\tj\Projects\SpawnDev.ILGPU\SpawnDev.ILGPU\ILGPU\Runtime\Cuda\CudaMemoryBuffer.cs:line 160
   at ILGPU.Runtime.AcceleratorObject.DisposeAcceleratorObject_Accelerator(Boolean disposing) in d:\users\tj\Projects\SpawnDev.ILGPU\SpawnDev.ILGPU\ILGPU\Runtime\AcceleratorObject.cs:line 105
   at ILGPU.Runtime.Accelerator.DisposeChildObject_AcceleratorObject(AcceleratorObject acceleratorObject, Boolean disposing) in d:\users\tj\Projects\SpawnDev.ILGPU\SpawnDev.ILGPU\ILGPU\Runtime\AcceleratorObject.cs:line 254
   at ILGPU.Runtime.AcceleratorObject.Dispose(Boolean disposing) in d:\users\tj\Projects\SpawnDev.ILGPU\SpawnDev.ILGPU\ILGPU\Runtime\AcceleratorObject.cs:line 83
   at ILGPU.Util.DisposeBase.DisposeDriver(Boolean disposing) in d:\users\tj\Projects\SpawnDev.ILGPU\SpawnDev.ILGPU\ILGPU\Util\DisposeBase.cs:line 81
   at ILGPU.Util.DisposeBase.Dispose() in d:\users\tj\Projects\SpawnDev.ILGPU\SpawnDev.ILGPU\ILGPU\Util\DisposeBase.cs:line 120
   at ILGPU.Runtime.MemoryBuffer`1.DisposeAcceleratorObject(Boolean disposing) in d:\users\tj\Projects\SpawnDev.ILGPU\SpawnDev.ILGPU\ILGPU\Runtime\MemoryBuffer.cs:line 391
   at ILGPU.Runtime.AcceleratorObject.DisposeAcceleratorObject_Accelerator(Boolean disposing) in d:\users\tj\Projects\SpawnDev.ILGPU\SpawnDev.ILGPU\ILGPU\Runtime\AcceleratorObject.cs:line 105
   at ILGPU.Runtime.Accelerator.DisposeChildObject_AcceleratorObject(AcceleratorObject acceleratorObject, Boolean disposing) in d:\users\tj\Projects\SpawnDev.ILGPU\SpawnDev.ILGPU\ILGPU\Runtime\AcceleratorObject.cs:line 254
   at ILGPU.Runtime.AcceleratorObject.Dispose(Boolean disposing) in d:\users\tj\Projects\SpawnDev.ILGPU\SpawnDev.ILGPU\ILGPU\Runtime\AcceleratorObject.cs:line 83
   at ILGPU.Util.DisposeBase.DisposeDriver(Boolean disposing) in d:\users\tj\Projects\SpawnDev.ILGPU\SpawnDev.ILGPU\ILGPU\Util\DisposeBase.cs:line 81
   at ILGPU.Util.DisposeBase.Dispose() in d:\users\tj\Projects\SpawnDev.ILGPU\SpawnDev.ILGPU\ILGPU\Util\DisposeBase.cs:line 120
   at SpawnDev.ILGPU.Demo.Shared.UnitTests.BackendTestBase.<>c.<<CSharpSharedMemoryTest>b__139_0>d.MoveNext() in d:\users\tj\Projects\SpawnDev.ILGPU\SpawnDev.ILGPU\SpawnDev.ILGPU.Demo.Shared\UnitTests\BackendTestBase.Tests1.cs:line 280
--- End of stack trace from previous location ---
   at SpawnDev.ILGPU.Demo.Shared.UnitTests.BackendTestBase.RunTest(Func`2 testBody) in d:\users\tj\Projects\SpawnDev.ILGPU\SpawnDev.ILGPU\SpawnDev.ILGPU.Demo.Shared\UnitTests\BackendTestBase.cs:line 60
   at SpawnDev.ILGPU.Demo.Shared.UnitTests.BackendTestBase.CSharpSharedMemoryTest() in d:\users\tj\Projects\SpawnDev.ILGPU\SpawnDev.ILGPU\SpawnDev.ILGPU.Demo.Shared\UnitTests\BackendTestBase.Tests1.cs:line 270
   at SpawnDev.UnitTesting.UnitTestRunner.RunTest(UnitTest test) in d:\users\tj\Projects\SpawnDev.UnitTesting\SpawnDev.UnitTesting\SpawnDev.UnitTesting\UnitTestRunner.cs:line 183
  [Γ£ù] CudaTests.CSharpSharedMemoryTest (205ms) - ILGPU.Runtime.Cuda.CudaException: an illegal memory access was encountered at cudaStatus
   at ILGPU.Runtime.Cuda.CudaMemoryBuffer.DisposeAcceleratorObject(Boolean disposing) in d:\users\tj\Projects\SpawnDev.ILGPU\SpawnDev.ILGPU\ILGPU\Runtime\Cuda\CudaMemoryBuffer.cs:line 160
   at ILGPU.Runtime.AcceleratorObject.DisposeAcceleratorObject_Accelerator(Boolean disposing) in d:\users\tj\Projects\SpawnDev.ILGPU\SpawnDev.ILGPU\ILGPU\Runtime\AcceleratorObject.cs:line 105
   at ILGPU.Runtime.Accelerator.DisposeChildObject_AcceleratorObject(AcceleratorObject acceleratorObject, Boolean disposing) in d:\users\tj\Projects\SpawnDev.ILGPU\SpawnDev.ILGPU\ILGPU\Runtime\AcceleratorObject.cs:line 254
   at ILGPU.Runtime.AcceleratorObject.Dispose(Boolean disposing) in d:\users\tj\Projects\SpawnDev.ILGPU\SpawnDev.ILGPU\ILGPU\Runtime\AcceleratorObject.cs:line 83
   at ILGPU.Util.DisposeBase.DisposeDriver(Boolean disposing) in d:\users\tj\Projects\SpawnDev.ILGPU\SpawnDev.ILGPU\ILGPU\Util\DisposeBase.cs:line 81
   at ILGPU.Util.DisposeBase.Dispose() in d:\users\tj\Projects\SpawnDev.ILGPU\SpawnDev.ILGPU\ILGPU\Util\DisposeBase.cs:line 120
   at ILGPU.Runtime.MemoryBuffer`1.DisposeAcceleratorObject(Boolean disposing) in d:\users\tj\Projects\SpawnDev.ILGPU\SpawnDev.ILGPU\ILGPU\Runtime\MemoryBuffer.cs:line 391
   at ILGPU.Runtime.AcceleratorObject.DisposeAcceleratorObject_Accelerator(Boolean disposing) in d:\users\tj\Projects\SpawnDev.ILGPU\SpawnDev.ILGPU\ILGPU\Runtime\AcceleratorObject.cs:line 105
   at ILGPU.Runtime.Accelerator.DisposeChildObject_AcceleratorObject(AcceleratorObject acceleratorObject, Boolean disposing) in d:\users\tj\Projects\SpawnDev.ILGPU\SpawnDev.ILGPU\ILGPU\Runtime\AcceleratorObject.cs:line 254
   at ILGPU.Runtime.AcceleratorObject.Dispose(Boolean disposing) in d:\users\tj\Projects\SpawnDev.ILGPU\SpawnDev.ILGPU\ILGPU\Runtime\AcceleratorObject.cs:line 83
   at ILGPU.Util.DisposeBase.DisposeDriver(Boolean disposing) in d:\users\tj\Projects\SpawnDev.ILGPU\SpawnDev.ILGPU\ILGPU\Util\DisposeBase.cs:line 81
   at ILGPU.Util.DisposeBase.Dispose() in d:\users\tj\Projects\SpawnDev.ILGPU\SpawnDev.ILGPU\ILGPU\Util\DisposeBase.cs:line 120
   at SpawnDev.ILGPU.Demo.Shared.UnitTests.BackendTestBase.<>c.<<CSharpSharedMemoryTest>b__139_0>d.MoveNext() in d:\users\tj\Projects\SpawnDev.ILGPU\SpawnDev.ILGPU\SpawnDev.ILGPU.Demo.Shared\UnitTests\BackendTestBase.Tests1.cs:line 280
--- End of stack trace from previous location ---
   at SpawnDev.ILGPU.Demo.Shared.UnitTests.BackendTestBase.RunTest(Func`2 testBody) in d:\users\tj\Projects\SpawnDev.ILGPU\SpawnDev.ILGPU\SpawnDev.ILGPU.Demo.Shared\UnitTests\BackendTestBase.cs:line 60
   at SpawnDev.ILGPU.Demo.Shared.UnitTests.BackendTestBase.CSharpSharedMemoryTest() in d:\users\tj\Projects\SpawnDev.ILGPU\SpawnDev.ILGPU\SpawnDev.ILGPU.Demo.Shared\UnitTests\BackendTestBase.Tests1.cs:line 270
   at SpawnDev.UnitTesting.UnitTestRunner.RunTest(UnitTest test) in d:\users\tj\Projects\SpawnDev.UnitTesting\SpawnDev.UnitTesting\SpawnDev.UnitTesting\UnitTestRunner.cs:line 183
  [Γ£ù] CudaTests.ComplexStructTest (2ms) - ILGPU.Runtime.Cuda.CudaException: an illegal memory access was encountered at CurrentAPI.AllocateMemory(
                        out IntPtr resultPtr,
                        new IntPtr(LengthInBytes))
   at ILGPU.Runtime.Cuda.CudaMemoryBuffer..ctor(CudaAccelerator accelerator, Int64 length, Int32 elementSize) in d:\users\tj\Projects\SpawnDev.ILGPU\SpawnDev.ILGPU\ILGPU\Runtime\Cuda\CudaMemoryBuffer.cs:line 118
   at ILGPU.Runtime.Cuda.CudaAccelerator.AllocateRawInternal(Int64 length, Int32 elementSize) in d:\users\tj\Projects\SpawnDev.ILGPU\SpawnDev.ILGPU\ILGPU\Runtime\Cuda\CudaAccelerator.cs:line 451
   at ILGPU.Runtime.Accelerator.AllocateRaw(Int64 length, Int32 elementSize) in d:\users\tj\Projects\SpawnDev.ILGPU\SpawnDev.ILGPU\ILGPU\Runtime\Accelerator.cs:line 296
   at ILGPU.Runtime.Accelerator.AllocateRaw[T,TExtent,TStrideIndex,TStride](TExtent extent, TStride stride) in d:\users\tj\Projects\SpawnDev.ILGPU\SpawnDev.ILGPU\ILGPU\Runtime\Accelerator.cs:line 335
   at ILGPU.Runtime.Accelerator.Allocate1D[T,TStride](Int64 length, TStride stride) in d:\users\tj\Projects\SpawnDev.ILGPU\SpawnDev.ILGPU\ILGPU\Runtime\Accelerator.Allocations.cs:line 47
   at ILGPU.Runtime.Accelerator.Allocate1D[T](Int64 length) in d:\users\tj\Projects\SpawnDev.ILGPU\SpawnDev.ILGPU\ILGPU\Runtime\Accelerator.Allocations.cs:line 29
   at ILGPU.Runtime.ArrayViewExtensions.Allocate1D[T](Accelerator accelerator, AcceleratorStream stream, T[] data) in d:\users\tj\Projects\SpawnDev.ILGPU\SpawnDev.ILGPU\ILGPU\Runtime\ArrayViewExtensions.cs:line 1830
   at ILGPU.Runtime.ArrayViewExtensions.Allocate1D[T](Accelerator accelerator, T[] data) in d:\users\tj\Projects\SpawnDev.ILGPU\SpawnDev.ILGPU\ILGPU\Runtime\ArrayViewExtensions.cs:line 1801
   at SpawnDev.ILGPU.Demo.Shared.UnitTests.BackendTestBase.<>c.<<ComplexStructTest>b__140_0>d.MoveNext() in d:\users\tj\Projects\SpawnDev.ILGPU\SpawnDev.ILGPU\SpawnDev.ILGPU.Demo.Shared\UnitTests\BackendTestBase.Tests1.cs:line 294
--- End of stack trace from previous location ---
   at SpawnDev.ILGPU.Demo.Shared.UnitTests.BackendTestBase.RunTest(Func`2 testBody) in d:\users\tj\Projects\SpawnDev.ILGPU\SpawnDev.ILGPU\SpawnDev.ILGPU.Demo.Shared\UnitTests\BackendTestBase.cs:line 60
   at SpawnDev.ILGPU.Demo.Shared.UnitTests.BackendTestBase.ComplexStructTest() in d:\users\tj\Projects\SpawnDev.ILGPU\SpawnDev.ILGPU\SpawnDev.ILGPU.Demo.Shared\UnitTests\BackendTestBase.Tests1.cs:line 289
   at SpawnDev.UnitTesting.UnitTestRunner.RunTest(UnitTest test) in d:\users\tj\Projects\SpawnDev.UnitTesting\SpawnDev.UnitTesting\SpawnDev.UnitTesting\UnitTestRunner.cs:line 183
  [Γ£ù] CudaTests.ComplexStructTest (2ms) - ILGPU.Runtime.Cuda.CudaException: an illegal memory access was encountered at CurrentAPI.AllocateMemory(
                        out IntPtr resultPtr,
                        new IntPtr(LengthInBytes))
   at ILGPU.Runtime.Cuda.CudaMemoryBuffer..ctor(CudaAccelerator accelerator, Int64 length, Int32 elementSize) in d:\users\tj\Projects\SpawnDev.ILGPU\SpawnDev.ILGPU\ILGPU\Runtime\Cuda\CudaMemoryBuffer.cs:line 118
   at ILGPU.Runtime.Cuda.CudaAccelerator.AllocateRawInternal(Int64 length, Int32 elementSize) in d:\users\tj\Projects\SpawnDev.ILGPU\SpawnDev.ILGPU\ILGPU\Runtime\Cuda\CudaAccelerator.cs:line 451
   at ILGPU.Runtime.Accelerator.AllocateRaw(Int64 length, Int32 elementSize) in d:\users\tj\Projects\SpawnDev.ILGPU\SpawnDev.ILGPU\ILGPU\Runtime\Accelerator.cs:line 296
   at ILGPU.Runtime.Accelerator.AllocateRaw[T,TExtent,TStrideIndex,TStride](TExtent extent, TStride stride) in d:\users\tj\Projects\SpawnDev.ILGPU\SpawnDev.ILGPU\ILGPU\Runtime\Accelerator.cs:line 335
   at ILGPU.Runtime.Accelerator.Allocate1D[T,TStride](Int64 length, TStride stride) in d:\users\tj\Projects\SpawnDev.ILGPU\SpawnDev.ILGPU\ILGPU\Runtime\Accelerator.Allocations.cs:line 47
   at ILGPU.Runtime.Accelerator.Allocate1D[T](Int64 length) in d:\users\tj\Projects\SpawnDev.ILGPU\SpawnDev.ILGPU\ILGPU\Runtime\Accelerator.Allocations.cs:line 29
   at ILGPU.Runtime.ArrayViewExtensions.Allocate1D[T](Accelerator accelerator, AcceleratorStream stream, T[] data) in d:\users\tj\Projects\SpawnDev.ILGPU\SpawnDev.ILGPU\ILGPU\Runtime\ArrayViewExtensions.cs:line 1830
   at ILGPU.Runtime.ArrayViewExtensions.Allocate1D[T](Accelerator accelerator, T[] data) in d:\users\tj\Projects\SpawnDev.ILGPU\SpawnDev.ILGPU\ILGPU\Runtime\ArrayViewExtensions.cs:line 1801
   at SpawnDev.ILGPU.Demo.Shared.UnitTests.BackendTestBase.<>c.<<ComplexStructTest>b__140_0>d.MoveNext() in d:\users\tj\Projects\SpawnDev.ILGPU\SpawnDev.ILGPU\SpawnDev.ILGPU.Demo.Shared\UnitTests\BackendTestBase.Tests1.cs:line 294
--- End of stack trace from previous location ---
   at SpawnDev.ILGPU.Demo.Shared.UnitTests.BackendTestBase.RunTest(Func`2 testBody) in d:\users\tj\Projects\SpawnDev.ILGPU\SpawnDev.ILGPU\SpawnDev.ILGPU.Demo.Shared\UnitTests\BackendTestBase.cs:line 60
   at SpawnDev.ILGPU.Demo.Shared.UnitTests.BackendTestBase.ComplexStructTest() in d:\users\tj\Projects\SpawnDev.ILGPU\SpawnDev.ILGPU\SpawnDev.ILGPU.Demo.Shared\UnitTests\BackendTestBase.Tests1.cs:line 289
   at SpawnDev.UnitTesting.UnitTestRunner.RunTest(UnitTest test) in d:\users\tj\Projects\SpawnDev.UnitTesting\SpawnDev.UnitTesting\SpawnDev.UnitTesting\UnitTestRunner.cs:line 183
  [Γ£ù] CudaTests.AtomicCASTest (1ms) - ILGPU.Runtime.Cuda.CudaException: an illegal memory access was encountered at CurrentAPI.AllocateMemory(
                        out IntPtr resultPtr,
                        new IntPtr(LengthInBytes))
   at ILGPU.Runtime.Cuda.CudaMemoryBuffer..ctor(CudaAccelerator accelerator, Int64 length, Int32 elementSize) in d:\users\tj\Projects\SpawnDev.ILGPU\SpawnDev.ILGPU\ILGPU\Runtime\Cuda\CudaMemoryBuffer.cs:line 118
   at ILGPU.Runtime.Cuda.CudaAccelerator.AllocateRawInternal(Int64 length, Int32 elementSize) in d:\users\tj\Projects\SpawnDev.ILGPU\SpawnDev.ILGPU\ILGPU\Runtime\Cuda\CudaAccelerator.cs:line 451
   at ILGPU.Runtime.Accelerator.AllocateRaw(Int64 length, Int32 elementSize) in d:\users\tj\Projects\SpawnDev.ILGPU\SpawnDev.ILGPU\ILGPU\Runtime\Accelerator.cs:line 296
   at ILGPU.Runtime.Accelerator.AllocateRaw[T,TExtent,TStrideIndex,TStride](TExtent extent, TStride stride) in d:\users\tj\Projects\SpawnDev.ILGPU\SpawnDev.ILGPU\ILGPU\Runtime\Accelerator.cs:line 335
   at ILGPU.Runtime.Accelerator.Allocate1D[T,TStride](Int64 length, TStride stride) in d:\users\tj\Projects\SpawnDev.ILGPU\SpawnDev.ILGPU\ILGPU\Runtime\Accelerator.Allocations.cs:line 47
   at ILGPU.Runtime.Accelerator.Allocate1D[T](Int64 length) in d:\users\tj\Projects\SpawnDev.ILGPU\SpawnDev.ILGPU\ILGPU\Runtime\Accelerator.Allocations.cs:line 29
   at ILGPU.Runtime.ArrayViewExtensions.Allocate1D[T](Accelerator accelerator, AcceleratorStream stream, T[] data) in d:\users\tj\Projects\SpawnDev.ILGPU\SpawnDev.ILGPU\ILGPU\Runtime\ArrayViewExtensions.cs:line 1830
   at ILGPU.Runtime.ArrayViewExtensions.Allocate1D[T](Accelerator accelerator, T[] data) in d:\users\tj\Projects\SpawnDev.ILGPU\SpawnDev.ILGPU\ILGPU\Runtime\ArrayViewExtensions.cs:line 1801
   at SpawnDev.ILGPU.Demo.Shared.UnitTests.BackendTestBase.<>c.<<AtomicCASTest>b__141_0>d.MoveNext() in d:\users\tj\Projects\SpawnDev.ILGPU\SpawnDev.ILGPU\SpawnDev.ILGPU.Demo.Shared\UnitTests\BackendTestBase.Tests1.cs:line 314
--- End of stack trace from previous location ---
   at SpawnDev.ILGPU.Demo.Shared.UnitTests.BackendTestBase.RunTest(Func`2 testBody) in d:\users\tj\Projects\SpawnDev.ILGPU\SpawnDev.ILGPU\SpawnDev.ILGPU.Demo.Shared\UnitTests\BackendTestBase.cs:line 60
   at SpawnDev.ILGPU.Demo.Shared.UnitTests.BackendTestBase.AtomicCASTest() in d:\users\tj\Projects\SpawnDev.ILGPU\SpawnDev.ILGPU\SpawnDev.ILGPU.Demo.Shared\UnitTests\BackendTestBase.Tests1.cs:line 309
   at SpawnDev.UnitTesting.UnitTestRunner.RunTest(UnitTest test) in d:\users\tj\Projects\SpawnDev.UnitTesting\SpawnDev.UnitTesting\SpawnDev.UnitTesting\UnitTestRunner.cs:line 183
  [Γ£ù] CudaTests.AtomicCASTest (1ms) - ILGPU.Runtime.Cuda.CudaException: an illegal memory access was encountered at CurrentAPI.AllocateMemory(
                        out IntPtr resultPtr,
                        new IntPtr(LengthInBytes))
   at ILGPU.Runtime.Cuda.CudaMemoryBuffer..ctor(CudaAccelerator accelerator, Int64 length, Int32 elementSize) in d:\users\tj\Projects\SpawnDev.ILGPU\SpawnDev.ILGPU\ILGPU\Runtime\Cuda\CudaMemoryBuffer.cs:line 118
   at ILGPU.Runtime.Cuda.CudaAccelerator.AllocateRawInternal(Int64 length, Int32 elementSize) in d:\users\tj\Projects\SpawnDev.ILGPU\SpawnDev.ILGPU\ILGPU\Runtime\Cuda\CudaAccelerator.cs:line 451
   at ILGPU.Runtime.Accelerator.AllocateRaw(Int64 length, Int32 elementSize) in d:\users\tj\Projects\SpawnDev.ILGPU\SpawnDev.ILGPU\ILGPU\Runtime\Accelerator.cs:line 296
   at ILGPU.Runtime.Accelerator.AllocateRaw[T,TExtent,TStrideIndex,TStride](TExtent extent, TStride stride) in d:\users\tj\Projects\SpawnDev.ILGPU\SpawnDev.ILGPU\ILGPU\Runtime\Accelerator.cs:line 335
   at ILGPU.Runtime.Accelerator.Allocate1D[T,TStride](Int64 length, TStride stride) in d:\users\tj\Projects\SpawnDev.ILGPU\SpawnDev.ILGPU\ILGPU\Runtime\Accelerator.Allocations.cs:line 47
   at ILGPU.Runtime.Accelerator.Allocate1D[T](Int64 length) in d:\users\tj\Projects\SpawnDev.ILGPU\SpawnDev.ILGPU\ILGPU\Runtime\Accelerator.Allocations.cs:line 29
   at ILGPU.Runtime.ArrayViewExtensions.Allocate1D[T](Accelerator accelerator, AcceleratorStream stream, T[] data) in d:\users\tj\Projects\SpawnDev.ILGPU\SpawnDev.ILGPU\ILGPU\Runtime\ArrayViewExtensions.cs:line 1830
   at ILGPU.Runtime.ArrayViewExtensions.Allocate1D[T](Accelerator accelerator, T[] data) in d:\users\tj\Projects\SpawnDev.ILGPU\SpawnDev.ILGPU\ILGPU\Runtime\ArrayViewExtensions.cs:line 1801
   at SpawnDev.ILGPU.Demo.Shared.UnitTests.BackendTestBase.<>c.<<AtomicCASTest>b__141_0>d.MoveNext() in d:\users\tj\Projects\SpawnDev.ILGPU\SpawnDev.ILGPU\SpawnDev.ILGPU.Demo.Shared\UnitTests\BackendTestBase.Tests1.cs:line 314
--- End of stack trace from previous location ---
   at SpawnDev.ILGPU.Demo.Shared.UnitTests.BackendTestBase.RunTest(Func`2 testBody) in d:\users\tj\Projects\SpawnDev.ILGPU\SpawnDev.ILGPU\SpawnDev.ILGPU.Demo.Shared\UnitTests\BackendTestBase.cs:line 60
   at SpawnDev.ILGPU.Demo.Shared.UnitTests.BackendTestBase.AtomicCASTest() in d:\users\tj\Projects\SpawnDev.ILGPU\SpawnDev.ILGPU\SpawnDev.ILGPU.Demo.Shared\UnitTests\BackendTestBase.Tests1.cs:line 309
   at SpawnDev.UnitTesting.UnitTestRunner.RunTest(UnitTest test) in d:\users\tj\Projects\SpawnDev.UnitTesting\SpawnDev.UnitTesting\SpawnDev.UnitTesting\UnitTestRunner.cs:line 183
  [Γ£ù] CudaTests.FMATest (1ms) - ILGPU.Runtime.Cuda.CudaException: an illegal memory access was encountered at CurrentAPI.AllocateMemory(
                        out IntPtr resultPtr,
                        new IntPtr(LengthInBytes))
   at ILGPU.Runtime.Cuda.CudaMemoryBuffer..ctor(CudaAccelerator accelerator, Int64 length, Int32 elementSize) in d:\users\tj\Projects\SpawnDev.ILGPU\SpawnDev.ILGPU\ILGPU\Runtime\Cuda\CudaMemoryBuffer.cs:line 118
   at ILGPU.Runtime.Cuda.CudaAccelerator.AllocateRawInternal(Int64 length, Int32 elementSize) in d:\users\tj\Projects\SpawnDev.ILGPU\SpawnDev.ILGPU\ILGPU\Runtime\Cuda\CudaAccelerator.cs:line 451
   at ILGPU.Runtime.Accelerator.AllocateRaw(Int64 length, Int32 elementSize) in d:\users\tj\Projects\SpawnDev.ILGPU\SpawnDev.ILGPU\ILGPU\Runtime\Accelerator.cs:line 296
   at ILGPU.Runtime.Accelerator.AllocateRaw[T,TExtent,TStrideIndex,TStride](TExtent extent, TStride stride) in d:\users\tj\Projects\SpawnDev.ILGPU\SpawnDev.ILGPU\ILGPU\Runtime\Accelerator.cs:line 335
   at ILGPU.Runtime.Accelerator.Allocate1D[T,TStride](Int64 length, TStride stride) in d:\users\tj\Projects\SpawnDev.ILGPU\SpawnDev.ILGPU\ILGPU\Runtime\Accelerator.Allocations.cs:line 47
   at ILGPU.Runtime.Accelerator.Allocate1D[T](Int64 length) in d:\users\tj\Projects\SpawnDev.ILGPU\SpawnDev.ILGPU\ILGPU\Runtime\Accelerator.Allocations.cs:line 29
   at SpawnDev.ILGPU.Demo.Shared.UnitTests.BackendTestBase.<>c.<<FMATest>b__142_0>d.MoveNext() in d:\users\tj\Projects\SpawnDev.ILGPU\SpawnDev.ILGPU\SpawnDev.ILGPU.Demo.Shared\UnitTests\BackendTestBase.Tests1.cs:line 327
--- End of stack trace from previous location ---
   at SpawnDev.ILGPU.Demo.Shared.UnitTests.BackendTestBase.RunTest(Func`2 testBody) in d:\users\tj\Projects\SpawnDev.ILGPU\SpawnDev.ILGPU\SpawnDev.ILGPU.Demo.Shared\UnitTests\BackendTestBase.cs:line 60
   at SpawnDev.ILGPU.Demo.Shared.UnitTests.BackendTestBase.FMATest() in d:\users\tj\Projects\SpawnDev.ILGPU\SpawnDev.ILGPU\SpawnDev.ILGPU.Demo.Shared\UnitTests\BackendTestBase.Tests1.cs:line 324
   at SpawnDev.UnitTesting.UnitTestRunner.RunTest(UnitTest test) in d:\users\tj\Projects\SpawnDev.UnitTesting\SpawnDev.UnitTesting\SpawnDev.UnitTesting\UnitTestRunner.cs:line 183
  [Γ£ù] CudaTests.FMATest (1ms) - ILGPU.Runtime.Cuda.CudaException: an illegal memory access was encountered at CurrentAPI.AllocateMemory(
                        out IntPtr resultPtr,
                        new IntPtr(LengthInBytes))
   at ILGPU.Runtime.Cuda.CudaMemoryBuffer..ctor(CudaAccelerator accelerator, Int64 length, Int32 elementSize) in d:\users\tj\Projects\SpawnDev.ILGPU\SpawnDev.ILGPU\ILGPU\Runtime\Cuda\CudaMemoryBuffer.cs:line 118
   at ILGPU.Runtime.Cuda.CudaAccelerator.AllocateRawInternal(Int64 length, Int32 elementSize) in d:\users\tj\Projects\SpawnDev.ILGPU\SpawnDev.ILGPU\ILGPU\Runtime\Cuda\CudaAccelerator.cs:line 451
   at ILGPU.Runtime.Accelerator.AllocateRaw(Int64 length, Int32 elementSize) in d:\users\tj\Projects\SpawnDev.ILGPU\SpawnDev.ILGPU\ILGPU\Runtime\Accelerator.cs:line 296
   at ILGPU.Runtime.Accelerator.AllocateRaw[T,TExtent,TStrideIndex,TStride](TExtent extent, TStride stride) in d:\users\tj\Projects\SpawnDev.ILGPU\SpawnDev.ILGPU\ILGPU\Runtime\Accelerator.cs:line 335
   at ILGPU.Runtime.Accelerator.Allocate1D[T,TStride](Int64 length, TStride stride) in d:\users\tj\Projects\SpawnDev.ILGPU\SpawnDev.ILGPU\ILGPU\Runtime\Accelerator.Allocations.cs:line 47
   at ILGPU.Runtime.Accelerator.Allocate1D[T](Int64 length) in d:\users\tj\Projects\SpawnDev.ILGPU\SpawnDev.ILGPU\ILGPU\Runtime\Accelerator.Allocations.cs:line 29
   at SpawnDev.ILGPU.Demo.Shared.UnitTests.BackendTestBase.<>c.<<FMATest>b__142_0>d.MoveNext() in d:\users\tj\Projects\SpawnDev.ILGPU\SpawnDev.ILGPU\SpawnDev.ILGPU.Demo.Shared\UnitTests\BackendTestBase.Tests1.cs:line 327
--- End of stack trace from previous location ---
   at SpawnDev.ILGPU.Demo.Shared.UnitTests.BackendTestBase.RunTest(Func`2 testBody) in d:\users\tj\Projects\SpawnDev.ILGPU\SpawnDev.ILGPU\SpawnDev.ILGPU.Demo.Shared\UnitTests\BackendTestBase.cs:line 60
   at SpawnDev.ILGPU.Demo.Shared.UnitTests.BackendTestBase.FMATest() in d:\users\tj\Projects\SpawnDev.ILGPU\SpawnDev.ILGPU\SpawnDev.ILGPU.Demo.Shared\UnitTests\BackendTestBase.Tests1.cs:line 324
   at SpawnDev.UnitTesting.UnitTestRunner.RunTest(UnitTest test) in d:\users\tj\Projects\SpawnDev.UnitTesting\SpawnDev.UnitTesting\SpawnDev.UnitTesting\UnitTestRunner.cs:line 183
  [Γ£ù] CudaTests.StructScalarArgTest (1ms) - ILGPU.Runtime.Cuda.CudaException: an illegal memory access was encountered at CurrentAPI.AllocateMemory(
                        out IntPtr resultPtr,
                        new IntPtr(LengthInBytes))
   at ILGPU.Runtime.Cuda.CudaMemoryBuffer..ctor(CudaAccelerator accelerator, Int64 length, Int32 elementSize) in d:\users\tj\Projects\SpawnDev.ILGPU\SpawnDev.ILGPU\ILGPU\Runtime\Cuda\CudaMemoryBuffer.cs:line 118
   at ILGPU.Runtime.Cuda.CudaAccelerator.AllocateRawInternal(Int64 length, Int32 elementSize) in d:\users\tj\Projects\SpawnDev.ILGPU\SpawnDev.ILGPU\ILGPU\Runtime\Cuda\CudaAccelerator.cs:line 451
   at ILGPU.Runtime.Accelerator.AllocateRaw(Int64 length, Int32 elementSize) in d:\users\tj\Projects\SpawnDev.ILGPU\SpawnDev.ILGPU\ILGPU\Runtime\Accelerator.cs:line 296
   at ILGPU.Runtime.Accelerator.AllocateRaw[T,TExtent,TStrideIndex,TStride](TExtent extent, TStride stride) in d:\users\tj\Projects\SpawnDev.ILGPU\SpawnDev.ILGPU\ILGPU\Runtime\Accelerator.cs:line 335
   at ILGPU.Runtime.Accelerator.Allocate1D[T,TStride](Int64 length, TStride stride) in d:\users\tj\Projects\SpawnDev.ILGPU\SpawnDev.ILGPU\ILGPU\Runtime\Accelerator.Allocations.cs:line 47
   at ILGPU.Runtime.Accelerator.Allocate1D[T](Int64 length) in d:\users\tj\Projects\SpawnDev.ILGPU\SpawnDev.ILGPU\ILGPU\Runtime\Accelerator.Allocations.cs:line 29
   at SpawnDev.ILGPU.Demo.Shared.UnitTests.BackendTestBase.<>c.<<StructScalarArgTest>b__143_0>d.MoveNext() in d:\users\tj\Projects\SpawnDev.ILGPU\SpawnDev.ILGPU\SpawnDev.ILGPU.Demo.Shared\UnitTests\BackendTestBase.Tests1.cs:line 344
--- End of stack trace from previous location ---
   at SpawnDev.ILGPU.Demo.Shared.UnitTests.BackendTestBase.RunTest(Func`2 testBody) in d:\users\tj\Projects\SpawnDev.ILGPU\SpawnDev.ILGPU\SpawnDev.ILGPU.Demo.Shared\UnitTests\BackendTestBase.cs:line 60
   at SpawnDev.ILGPU.Demo.Shared.UnitTests.BackendTestBase.StructScalarArgTest() in d:\users\tj\Projects\SpawnDev.ILGPU\SpawnDev.ILGPU\SpawnDev.ILGPU.Demo.Shared\UnitTests\BackendTestBase.Tests1.cs:line 341
   at SpawnDev.UnitTesting.UnitTestRunner.RunTest(UnitTest test) in d:\users\tj\Projects\SpawnDev.UnitTesting\SpawnDev.UnitTesting\SpawnDev.UnitTesting\UnitTestRunner.cs:line 183
  [Γ£ù] CudaTests.StructScalarArgTest (1ms) - ILGPU.Runtime.Cuda.CudaException: an illegal memory access was encountered at CurrentAPI.AllocateMemory(
                        out IntPtr resultPtr,
                        new IntPtr(LengthInBytes))
   at ILGPU.Runtime.Cuda.CudaMemoryBuffer..ctor(CudaAccelerator accelerator, Int64 length, Int32 elementSize) in d:\users\tj\Projects\SpawnDev.ILGPU\SpawnDev.ILGPU\ILGPU\Runtime\Cuda\CudaMemoryBuffer.cs:line 118
   at ILGPU.Runtime.Cuda.CudaAccelerator.AllocateRawInternal(Int64 length, Int32 elementSize) in d:\users\tj\Projects\SpawnDev.ILGPU\SpawnDev.ILGPU\ILGPU\Runtime\Cuda\CudaAccelerator.cs:line 451
   at ILGPU.Runtime.Accelerator.AllocateRaw(Int64 length, Int32 elementSize) in d:\users\tj\Projects\SpawnDev.ILGPU\SpawnDev.ILGPU\ILGPU\Runtime\Accelerator.cs:line 296
   at ILGPU.Runtime.Accelerator.AllocateRaw[T,TExtent,TStrideIndex,TStride](TExtent extent, TStride stride) in d:\users\tj\Projects\SpawnDev.ILGPU\SpawnDev.ILGPU\ILGPU\Runtime\Accelerator.cs:line 335
   at ILGPU.Runtime.Accelerator.Allocate1D[T,TStride](Int64 length, TStride stride) in d:\users\tj\Projects\SpawnDev.ILGPU\SpawnDev.ILGPU\ILGPU\Runtime\Accelerator.Allocations.cs:line 47
   at ILGPU.Runtime.Accelerator.Allocate1D[T](Int64 length) in d:\users\tj\Projects\SpawnDev.ILGPU\SpawnDev.ILGPU\ILGPU\Runtime\Accelerator.Allocations.cs:line 29
   at SpawnDev.ILGPU.Demo.Shared.UnitTests.BackendTestBase.<>c.<<StructScalarArgTest>b__143_0>d.MoveNext() in d:\users\tj\Projects\SpawnDev.ILGPU\SpawnDev.ILGPU\SpawnDev.ILGPU.Demo.Shared\UnitTests\BackendTestBase.Tests1.cs:line 344
--- End of stack trace from previous location ---
   at SpawnDev.ILGPU.Demo.Shared.UnitTests.BackendTestBase.RunTest(Func`2 testBody) in d:\users\tj\Projects\SpawnDev.ILGPU\SpawnDev.ILGPU\SpawnDev.ILGPU.Demo.Shared\UnitTests\BackendTestBase.cs:line 60
   at SpawnDev.ILGPU.Demo.Shared.UnitTests.BackendTestBase.StructScalarArgTest() in d:\users\tj\Projects\SpawnDev.ILGPU\SpawnDev.ILGPU\SpawnDev.ILGPU.Demo.Shared\UnitTests\BackendTestBase.Tests1.cs:line 341
   at SpawnDev.UnitTesting.UnitTestRunner.RunTest(UnitTest test) in d:\users\tj\Projects\SpawnDev.UnitTesting\SpawnDev.UnitTesting\SpawnDev.UnitTesting\UnitTestRunner.cs:line 183
  [Γ£ù] CudaTests.NestedStructScalarArgTest (1ms) - ILGPU.Runtime.Cuda.CudaException: an illegal memory access was encountered at CurrentAPI.AllocateMemory(
                        out IntPtr resultPtr,
                        new IntPtr(LengthInBytes))
   at ILGPU.Runtime.Cuda.CudaMemoryBuffer..ctor(CudaAccelerator accelerator, Int64 length, Int32 elementSize) in d:\users\tj\Projects\SpawnDev.ILGPU\SpawnDev.ILGPU\ILGPU\Runtime\Cuda\CudaMemoryBuffer.cs:line 118
   at ILGPU.Runtime.Cuda.CudaAccelerator.AllocateRawInternal(Int64 length, Int32 elementSize) in d:\users\tj\Projects\SpawnDev.ILGPU\SpawnDev.ILGPU\ILGPU\Runtime\Cuda\CudaAccelerator.cs:line 451
   at ILGPU.Runtime.Accelerator.AllocateRaw(Int64 length, Int32 elementSize) in d:\users\tj\Projects\SpawnDev.ILGPU\SpawnDev.ILGPU\ILGPU\Runtime\Accelerator.cs:line 296
   at ILGPU.Runtime.Accelerator.AllocateRaw[T,TExtent,TStrideIndex,TStride](TExtent extent, TStride stride) in d:\users\tj\Projects\SpawnDev.ILGPU\SpawnDev.ILGPU\ILGPU\Runtime\Accelerator.cs:line 335
   at ILGPU.Runtime.Accelerator.Allocate1D[T,TStride](Int64 length, TStride stride) in d:\users\tj\Projects\SpawnDev.ILGPU\SpawnDev.ILGPU\ILGPU\Runtime\Accelerator.Allocations.cs:line 47
   at ILGPU.Runtime.Accelerator.Allocate1D[T](Int64 length) in d:\users\tj\Projects\SpawnDev.ILGPU\SpawnDev.ILGPU\ILGPU\Runtime\Accelerator.Allocations.cs:line 29
   at SpawnDev.ILGPU.Demo.Shared.UnitTests.BackendTestBase.<>c.<<NestedStructScalarArgTest>b__144_0>d.MoveNext() in d:\users\tj\Projects\SpawnDev.ILGPU\SpawnDev.ILGPU\SpawnDev.ILGPU.Demo.Shared\UnitTests\BackendTestBase.Tests1.cs:line 362
--- End of stack trace from previous location ---
   at SpawnDev.ILGPU.Demo.Shared.UnitTests.BackendTestBase.RunTest(Func`2 testBody) in d:\users\tj\Projects\SpawnDev.ILGPU\SpawnDev.ILGPU\SpawnDev.ILGPU.Demo.Shared\UnitTests\BackendTestBase.cs:line 60
   at SpawnDev.ILGPU.Demo.Shared.UnitTests.BackendTestBase.NestedStructScalarArgTest() in d:\users\tj\Projects\SpawnDev.ILGPU\SpawnDev.ILGPU\SpawnDev.ILGPU.Demo.Shared\UnitTests\BackendTestBase.Tests1.cs:line 359
   at SpawnDev.UnitTesting.UnitTestRunner.RunTest(UnitTest test) in d:\users\tj\Projects\SpawnDev.UnitTesting\SpawnDev.UnitTesting\SpawnDev.UnitTesting\UnitTestRunner.cs:line 183
  [Γ£ù] CudaTests.NestedStructScalarArgTest (1ms) - ILGPU.Runtime.Cuda.CudaException: an illegal memory access was encountered at CurrentAPI.AllocateMemory(
                        out IntPtr resultPtr,
                        new IntPtr(LengthInBytes))
   at ILGPU.Runtime.Cuda.CudaMemoryBuffer..ctor(CudaAccelerator accelerator, Int64 length, Int32 elementSize) in d:\users\tj\Projects\SpawnDev.ILGPU\SpawnDev.ILGPU\ILGPU\Runtime\Cuda\CudaMemoryBuffer.cs:line 118
   at ILGPU.Runtime.Cuda.CudaAccelerator.AllocateRawInternal(Int64 length, Int32 elementSize) in d:\users\tj\Projects\SpawnDev.ILGPU\SpawnDev.ILGPU\ILGPU\Runtime\Cuda\CudaAccelerator.cs:line 451
   at ILGPU.Runtime.Accelerator.AllocateRaw(Int64 length, Int32 elementSize) in d:\users\tj\Projects\SpawnDev.ILGPU\SpawnDev.ILGPU\ILGPU\Runtime\Accelerator.cs:line 296
   at ILGPU.Runtime.Accelerator.AllocateRaw[T,TExtent,TStrideIndex,TStride](TExtent extent, TStride stride) in d:\users\tj\Projects\SpawnDev.ILGPU\SpawnDev.ILGPU\ILGPU\Runtime\Accelerator.cs:line 335
   at ILGPU.Runtime.Accelerator.Allocate1D[T,TStride](Int64 length, TStride stride) in d:\users\tj\Projects\SpawnDev.ILGPU\SpawnDev.ILGPU\ILGPU\Runtime\Accelerator.Allocations.cs:line 47
   at ILGPU.Runtime.Accelerator.Allocate1D[T](Int64 length) in d:\users\tj\Projects\SpawnDev.ILGPU\SpawnDev.ILGPU\ILGPU\Runtime\Accelerator.Allocations.cs:line 29
   at SpawnDev.ILGPU.Demo.Shared.UnitTests.BackendTestBase.<>c.<<NestedStructScalarArgTest>b__144_0>d.MoveNext() in d:\users\tj\Projects\SpawnDev.ILGPU\SpawnDev.ILGPU\SpawnDev.ILGPU.Demo.Shared\UnitTests\BackendTestBase.Tests1.cs:line 362
--- End of stack trace from previous location ---
   at SpawnDev.ILGPU.Demo.Shared.UnitTests.BackendTestBase.RunTest(Func`2 testBody) in d:\users\tj\Projects\SpawnDev.ILGPU\SpawnDev.ILGPU\SpawnDev.ILGPU.Demo.Shared\UnitTests\BackendTestBase.cs:line 60
   at SpawnDev.ILGPU.Demo.Shared.UnitTests.BackendTestBase.NestedStructScalarArgTest() in d:\users\tj\Projects\SpawnDev.ILGPU\SpawnDev.ILGPU\SpawnDev.ILGPU.Demo.Shared\UnitTests\BackendTestBase.Tests1.cs:line 359
   at SpawnDev.UnitTesting.UnitTestRunner.RunTest(UnitTest test) in d:\users\tj\Projects\SpawnDev.UnitTesting\SpawnDev.UnitTesting\SpawnDev.UnitTesting\UnitTestRunner.cs:line 183
  [Γ£ù] CudaTests.DynamicSharedMemoryTest (1ms) - ILGPU.Runtime.Cuda.CudaException: an illegal memory access was encountered at CurrentAPI.AllocateMemory(
                        out IntPtr resultPtr,
                        new IntPtr(LengthInBytes))
   at ILGPU.Runtime.Cuda.CudaMemoryBuffer..ctor(CudaAccelerator accelerator, Int64 length, Int32 elementSize) in d:\users\tj\Projects\SpawnDev.ILGPU\SpawnDev.ILGPU\ILGPU\Runtime\Cuda\CudaMemoryBuffer.cs:line 118
   at ILGPU.Runtime.Cuda.CudaAccelerator.AllocateRawInternal(Int64 length, Int32 elementSize) in d:\users\tj\Projects\SpawnDev.ILGPU\SpawnDev.ILGPU\ILGPU\Runtime\Cuda\CudaAccelerator.cs:line 451
   at ILGPU.Runtime.Accelerator.AllocateRaw(Int64 length, Int32 elementSize) in d:\users\tj\Projects\SpawnDev.ILGPU\SpawnDev.ILGPU\ILGPU\Runtime\Accelerator.cs:line 296
   at ILGPU.Runtime.Accelerator.AllocateRaw[T,TExtent,TStrideIndex,TStride](TExtent extent, TStride stride) in d:\users\tj\Projects\SpawnDev.ILGPU\SpawnDev.ILGPU\ILGPU\Runtime\Accelerator.cs:line 335
   at ILGPU.Runtime.Accelerator.Allocate1D[T,TStride](Int64 length, TStride stride) in d:\users\tj\Projects\SpawnDev.ILGPU\SpawnDev.ILGPU\ILGPU\Runtime\Accelerator.Allocations.cs:line 47
   at ILGPU.Runtime.Accelerator.Allocate1D[T](Int64 length) in d:\users\tj\Projects\SpawnDev.ILGPU\SpawnDev.ILGPU\ILGPU\Runtime\Accelerator.Allocations.cs:line 29
   at ILGPU.Runtime.ArrayViewExtensions.Allocate1D[T](Accelerator accelerator, AcceleratorStream stream, T[] data) in d:\users\tj\Projects\SpawnDev.ILGPU\SpawnDev.ILGPU\ILGPU\Runtime\ArrayViewExtensions.cs:line 1830
   at ILGPU.Runtime.ArrayViewExtensions.Allocate1D[T](Accelerator accelerator, T[] data) in d:\users\tj\Projects\SpawnDev.ILGPU\SpawnDev.ILGPU\ILGPU\Runtime\ArrayViewExtensions.cs:line 1801
   at SpawnDev.ILGPU.Demo.Shared.UnitTests.BackendTestBase.<>c.<<DynamicSharedMemoryTest>b__145_0>d.MoveNext() in d:\users\tj\Projects\SpawnDev.ILGPU\SpawnDev.ILGPU\SpawnDev.ILGPU.Demo.Shared\UnitTests\BackendTestBase.Tests2.cs:line 17
--- End of stack trace from previous location ---
   at SpawnDev.ILGPU.Demo.Shared.UnitTests.BackendTestBase.RunTest(Func`2 testBody) in d:\users\tj\Projects\SpawnDev.ILGPU\SpawnDev.ILGPU\SpawnDev.ILGPU.Demo.Shared\UnitTests\BackendTestBase.cs:line 60
   at SpawnDev.ILGPU.Demo.Shared.UnitTests.BackendTestBase.DynamicSharedMemoryTest() in d:\users\tj\Projects\SpawnDev.ILGPU\SpawnDev.ILGPU\SpawnDev.ILGPU.Demo.Shared\UnitTests\BackendTestBase.Tests2.cs:line 12
   at SpawnDev.UnitTesting.UnitTestRunner.RunTest(UnitTest test) in d:\users\tj\Projects\SpawnDev.UnitTesting\SpawnDev.UnitTesting\SpawnDev.UnitTesting\UnitTestRunner.cs:line 183
  [Γ£ù] CudaTests.DynamicSharedMemoryTest (1ms) - ILGPU.Runtime.Cuda.CudaException: an illegal memory access was encountered at CurrentAPI.AllocateMemory(
                        out IntPtr resultPtr,
                        new IntPtr(LengthInBytes))
   at ILGPU.Runtime.Cuda.CudaMemoryBuffer..ctor(CudaAccelerator accelerator, Int64 length, Int32 elementSize) in d:\users\tj\Projects\SpawnDev.ILGPU\SpawnDev.ILGPU\ILGPU\Runtime\Cuda\CudaMemoryBuffer.cs:line 118
   at ILGPU.Runtime.Cuda.CudaAccelerator.AllocateRawInternal(Int64 length, Int32 elementSize) in d:\users\tj\Projects\SpawnDev.ILGPU\SpawnDev.ILGPU\ILGPU\Runtime\Cuda\CudaAccelerator.cs:line 451
   at ILGPU.Runtime.Accelerator.AllocateRaw(Int64 length, Int32 elementSize) in d:\users\tj\Projects\SpawnDev.ILGPU\SpawnDev.ILGPU\ILGPU\Runtime\Accelerator.cs:line 296
   at ILGPU.Runtime.Accelerator.AllocateRaw[T,TExtent,TStrideIndex,TStride](TExtent extent, TStride stride) in d:\users\tj\Projects\SpawnDev.ILGPU\SpawnDev.ILGPU\ILGPU\Runtime\Accelerator.cs:line 335
   at ILGPU.Runtime.Accelerator.Allocate1D[T,TStride](Int64 length, TStride stride) in d:\users\tj\Projects\SpawnDev.ILGPU\SpawnDev.ILGPU\ILGPU\Runtime\Accelerator.Allocations.cs:line 47
   at ILGPU.Runtime.Accelerator.Allocate1D[T](Int64 length) in d:\users\tj\Projects\SpawnDev.ILGPU\SpawnDev.ILGPU\ILGPU\Runtime\Accelerator.Allocations.cs:line 29
   at ILGPU.Runtime.ArrayViewExtensions.Allocate1D[T](Accelerator accelerator, AcceleratorStream stream, T[] data) in d:\users\tj\Projects\SpawnDev.ILGPU\SpawnDev.ILGPU\ILGPU\Runtime\ArrayViewExtensions.cs:line 1830
   at ILGPU.Runtime.ArrayViewExtensions.Allocate1D[T](Accelerator accelerator, T[] data) in d:\users\tj\Projects\SpawnDev.ILGPU\SpawnDev.ILGPU\ILGPU\Runtime\ArrayViewExtensions.cs:line 1801
   at SpawnDev.ILGPU.Demo.Shared.UnitTests.BackendTestBase.<>c.<<DynamicSharedMemoryTest>b__145_0>d.MoveNext() in d:\users\tj\Projects\SpawnDev.ILGPU\SpawnDev.ILGPU\SpawnDev.ILGPU.Demo.Shared\UnitTests\BackendTestBase.Tests2.cs:line 17
--- End of stack trace from previous location ---
   at SpawnDev.ILGPU.Demo.Shared.UnitTests.BackendTestBase.RunTest(Func`2 testBody) in d:\users\tj\Projects\SpawnDev.ILGPU\SpawnDev.ILGPU\SpawnDev.ILGPU.Demo.Shared\UnitTests\BackendTestBase.cs:line 60
   at SpawnDev.ILGPU.Demo.Shared.UnitTests.BackendTestBase.DynamicSharedMemoryTest() in d:\users\tj\Projects\SpawnDev.ILGPU\SpawnDev.ILGPU\SpawnDev.ILGPU.Demo.Shared\UnitTests\BackendTestBase.Tests2.cs:line 12
   at SpawnDev.UnitTesting.UnitTestRunner.RunTest(UnitTest test) in d:\users\tj\Projects\SpawnDev.UnitTesting\SpawnDev.UnitTesting\SpawnDev.UnitTesting\UnitTestRunner.cs:line 183
  [Γ£ù] CudaTests.IntMathTest (1ms) - ILGPU.Runtime.Cuda.CudaException: an illegal memory access was encountered at CurrentAPI.AllocateMemory(
                        out IntPtr resultPtr,
                        new IntPtr(LengthInBytes))
   at ILGPU.Runtime.Cuda.CudaMemoryBuffer..ctor(CudaAccelerator accelerator, Int64 length, Int32 elementSize) in d:\users\tj\Projects\SpawnDev.ILGPU\SpawnDev.ILGPU\ILGPU\Runtime\Cuda\CudaMemoryBuffer.cs:line 118
   at ILGPU.Runtime.Cuda.CudaAccelerator.AllocateRawInternal(Int64 length, Int32 elementSize) in d:\users\tj\Projects\SpawnDev.ILGPU\SpawnDev.ILGPU\ILGPU\Runtime\Cuda\CudaAccelerator.cs:line 451
   at ILGPU.Runtime.Accelerator.AllocateRaw(Int64 length, Int32 elementSize) in d:\users\tj\Projects\SpawnDev.ILGPU\SpawnDev.ILGPU\ILGPU\Runtime\Accelerator.cs:line 296
   at ILGPU.Runtime.Accelerator.AllocateRaw[T,TExtent,TStrideIndex,TStride](TExtent extent, TStride stride) in d:\users\tj\Projects\SpawnDev.ILGPU\SpawnDev.ILGPU\ILGPU\Runtime\Accelerator.cs:line 335
   at ILGPU.Runtime.Accelerator.Allocate1D[T,TStride](Int64 length, TStride stride) in d:\users\tj\Projects\SpawnDev.ILGPU\SpawnDev.ILGPU\ILGPU\Runtime\Accelerator.Allocations.cs:line 47
   at ILGPU.Runtime.Accelerator.Allocate1D[T](Int64 length) in d:\users\tj\Projects\SpawnDev.ILGPU\SpawnDev.ILGPU\ILGPU\Runtime\Accelerator.Allocations.cs:line 29
   at ILGPU.Runtime.ArrayViewExtensions.Allocate1D[T](Accelerator accelerator, AcceleratorStream stream, T[] data) in d:\users\tj\Projects\SpawnDev.ILGPU\SpawnDev.ILGPU\ILGPU\Runtime\ArrayViewExtensions.cs:line 1830
   at ILGPU.Runtime.ArrayViewExtensions.Allocate1D[T](Accelerator accelerator, T[] data) in d:\users\tj\Projects\SpawnDev.ILGPU\SpawnDev.ILGPU\ILGPU\Runtime\ArrayViewExtensions.cs:line 1801
   at SpawnDev.ILGPU.Demo.Shared.UnitTests.BackendTestBase.<>c.<<IntMathTest>b__146_0>d.MoveNext() in d:\users\tj\Projects\SpawnDev.ILGPU\SpawnDev.ILGPU\SpawnDev.ILGPU.Demo.Shared\UnitTests\BackendTestBase.Tests2.cs:line 31
--- End of stack trace from previous location ---
   at SpawnDev.ILGPU.Demo.Shared.UnitTests.BackendTestBase.RunTest(Func`2 testBody) in d:\users\tj\Projects\SpawnDev.ILGPU\SpawnDev.ILGPU\SpawnDev.ILGPU.Demo.Shared\UnitTests\BackendTestBase.cs:line 60
   at SpawnDev.ILGPU.Demo.Shared.UnitTests.BackendTestBase.IntMathTest() in d:\users\tj\Projects\SpawnDev.ILGPU\SpawnDev.ILGPU\SpawnDev.ILGPU.Demo.Shared\UnitTests\BackendTestBase.Tests2.cs:line 27
   at SpawnDev.UnitTesting.UnitTestRunner.RunTest(UnitTest test) in d:\users\tj\Projects\SpawnDev.UnitTesting\SpawnDev.UnitTesting\SpawnDev.UnitTesting\UnitTestRunner.cs:line 183
  [Γ£ù] CudaTests.IntMathTest (1ms) - ILGPU.Runtime.Cuda.CudaException: an illegal memory access was encountered at CurrentAPI.AllocateMemory(
                        out IntPtr resultPtr,
                        new IntPtr(LengthInBytes))
   at ILGPU.Runtime.Cuda.CudaMemoryBuffer..ctor(CudaAccelerator accelerator, Int64 length, Int32 elementSize) in d:\users\tj\Projects\SpawnDev.ILGPU\SpawnDev.ILGPU\ILGPU\Runtime\Cuda\CudaMemoryBuffer.cs:line 118
   at ILGPU.Runtime.Cuda.CudaAccelerator.AllocateRawInternal(Int64 length, Int32 elementSize) in d:\users\tj\Projects\SpawnDev.ILGPU\SpawnDev.ILGPU\ILGPU\Runtime\Cuda\CudaAccelerator.cs:line 451
   at ILGPU.Runtime.Accelerator.AllocateRaw(Int64 length, Int32 elementSize) in d:\users\tj\Projects\SpawnDev.ILGPU\SpawnDev.ILGPU\ILGPU\Runtime\Accelerator.cs:line 296
   at ILGPU.Runtime.Accelerator.AllocateRaw[T,TExtent,TStrideIndex,TStride](TExtent extent, TStride stride) in d:\users\tj\Projects\SpawnDev.ILGPU\SpawnDev.ILGPU\ILGPU\Runtime\Accelerator.cs:line 335
   at ILGPU.Runtime.Accelerator.Allocate1D[T,TStride](Int64 length, TStride stride) in d:\users\tj\Projects\SpawnDev.ILGPU\SpawnDev.ILGPU\ILGPU\Runtime\Accelerator.Allocations.cs:line 47
   at ILGPU.Runtime.Accelerator.Allocate1D[T](Int64 length) in d:\users\tj\Projects\SpawnDev.ILGPU\SpawnDev.ILGPU\ILGPU\Runtime\Accelerator.Allocations.cs:line 29
   at ILGPU.Runtime.ArrayViewExtensions.Allocate1D[T](Accelerator accelerator, AcceleratorStream stream, T[] data) in d:\users\tj\Projects\SpawnDev.ILGPU\SpawnDev.ILGPU\ILGPU\Runtime\ArrayViewExtensions.cs:line 1830
   at ILGPU.Runtime.ArrayViewExtensions.Allocate1D[T](Accelerator accelerator, T[] data) in d:\users\tj\Projects\SpawnDev.ILGPU\SpawnDev.ILGPU\ILGPU\Runtime\ArrayViewExtensions.cs:line 1801
   at SpawnDev.ILGPU.Demo.Shared.UnitTests.BackendTestBase.<>c.<<IntMathTest>b__146_0>d.MoveNext() in d:\users\tj\Projects\SpawnDev.ILGPU\SpawnDev.ILGPU\SpawnDev.ILGPU.Demo.Shared\UnitTests\BackendTestBase.Tests2.cs:line 31
--- End of stack trace from previous location ---
   at SpawnDev.ILGPU.Demo.Shared.UnitTests.BackendTestBase.RunTest(Func`2 testBody) in d:\users\tj\Projects\SpawnDev.ILGPU\SpawnDev.ILGPU\SpawnDev.ILGPU.Demo.Shared\UnitTests\BackendTestBase.cs:line 60
   at SpawnDev.ILGPU.Demo.Shared.UnitTests.BackendTestBase.IntMathTest() in d:\users\tj\Projects\SpawnDev.ILGPU\SpawnDev.ILGPU\SpawnDev.ILGPU.Demo.Shared\UnitTests\BackendTestBase.Tests2.cs:line 27
   at SpawnDev.UnitTesting.UnitTestRunner.RunTest(UnitTest test) in d:\users\tj\Projects\SpawnDev.UnitTesting\SpawnDev.UnitTesting\SpawnDev.UnitTesting\UnitTestRunner.cs:line 183
  [Γ£ù] CudaTests.MatrixMulTest (2ms) - ILGPU.Runtime.Cuda.CudaException: an illegal memory access was encountered at CurrentAPI.AllocateMemory(
                        out IntPtr resultPtr,
                        new IntPtr(LengthInBytes))
   at ILGPU.Runtime.Cuda.CudaMemoryBuffer..ctor(CudaAccelerator accelerator, Int64 length, Int32 elementSize) in d:\users\tj\Projects\SpawnDev.ILGPU\SpawnDev.ILGPU\ILGPU\Runtime\Cuda\CudaMemoryBuffer.cs:line 118
   at ILGPU.Runtime.Cuda.CudaAccelerator.AllocateRawInternal(Int64 length, Int32 elementSize) in d:\users\tj\Projects\SpawnDev.ILGPU\SpawnDev.ILGPU\ILGPU\Runtime\Cuda\CudaAccelerator.cs:line 451
   at ILGPU.Runtime.Accelerator.AllocateRaw(Int64 length, Int32 elementSize) in d:\users\tj\Projects\SpawnDev.ILGPU\SpawnDev.ILGPU\ILGPU\Runtime\Accelerator.cs:line 296
   at ILGPU.Runtime.Accelerator.AllocateRaw[T,TExtent,TStrideIndex,TStride](TExtent extent, TStride stride) in d:\users\tj\Projects\SpawnDev.ILGPU\SpawnDev.ILGPU\ILGPU\Runtime\Accelerator.cs:line 335
   at ILGPU.Runtime.Accelerator.Allocate1D[T,TStride](Int64 length, TStride stride) in d:\users\tj\Projects\SpawnDev.ILGPU\SpawnDev.ILGPU\ILGPU\Runtime\Accelerator.Allocations.cs:line 47
   at ILGPU.Runtime.Accelerator.Allocate1D[T](Int64 length) in d:\users\tj\Projects\SpawnDev.ILGPU\SpawnDev.ILGPU\ILGPU\Runtime\Accelerator.Allocations.cs:line 29
   at ILGPU.Runtime.ArrayViewExtensions.Allocate1D[T](Accelerator accelerator, AcceleratorStream stream, T[] data) in d:\users\tj\Projects\SpawnDev.ILGPU\SpawnDev.ILGPU\ILGPU\Runtime\ArrayViewExtensions.cs:line 1830
   at ILGPU.Runtime.ArrayViewExtensions.Allocate1D[T](Accelerator accelerator, T[] data) in d:\users\tj\Projects\SpawnDev.ILGPU\SpawnDev.ILGPU\ILGPU\Runtime\ArrayViewExtensions.cs:line 1801
   at SpawnDev.ILGPU.Demo.Shared.UnitTests.BackendTestBase.<>c.<<MatrixMulTest>b__147_0>d.MoveNext() in d:\users\tj\Projects\SpawnDev.ILGPU\SpawnDev.ILGPU\SpawnDev.ILGPU.Demo.Shared\UnitTests\BackendTestBase.Tests2.cs:line 48
--- End of stack trace from previous location ---
   at SpawnDev.ILGPU.Demo.Shared.UnitTests.BackendTestBase.RunTest(Func`2 testBody) in d:\users\tj\Projects\SpawnDev.ILGPU\SpawnDev.ILGPU\SpawnDev.ILGPU.Demo.Shared\UnitTests\BackendTestBase.cs:line 60
   at SpawnDev.ILGPU.Demo.Shared.UnitTests.BackendTestBase.MatrixMulTest() in d:\users\tj\Projects\SpawnDev.ILGPU\SpawnDev.ILGPU\SpawnDev.ILGPU.Demo.Shared\UnitTests\BackendTestBase.Tests2.cs:line 43
   at SpawnDev.UnitTesting.UnitTestRunner.RunTest(UnitTest test) in d:\users\tj\Projects\SpawnDev.UnitTesting\SpawnDev.UnitTesting\SpawnDev.UnitTesting\UnitTestRunner.cs:line 183
  [Γ£ù] CudaTests.MatrixMulTest (2ms) - ILGPU.Runtime.Cuda.CudaException: an illegal memory access was encountered at CurrentAPI.AllocateMemory(
                        out IntPtr resultPtr,
                        new IntPtr(LengthInBytes))
   at ILGPU.Runtime.Cuda.CudaMemoryBuffer..ctor(CudaAccelerator accelerator, Int64 length, Int32 elementSize) in d:\users\tj\Projects\SpawnDev.ILGPU\SpawnDev.ILGPU\ILGPU\Runtime\Cuda\CudaMemoryBuffer.cs:line 118
   at ILGPU.Runtime.Cuda.CudaAccelerator.AllocateRawInternal(Int64 length, Int32 elementSize) in d:\users\tj\Projects\SpawnDev.ILGPU\SpawnDev.ILGPU\ILGPU\Runtime\Cuda\CudaAccelerator.cs:line 451
   at ILGPU.Runtime.Accelerator.AllocateRaw(Int64 length, Int32 elementSize) in d:\users\tj\Projects\SpawnDev.ILGPU\SpawnDev.ILGPU\ILGPU\Runtime\Accelerator.cs:line 296
   at ILGPU.Runtime.Accelerator.AllocateRaw[T,TExtent,TStrideIndex,TStride](TExtent extent, TStride stride) in d:\users\tj\Projects\SpawnDev.ILGPU\SpawnDev.ILGPU\ILGPU\Runtime\Accelerator.cs:line 335
   at ILGPU.Runtime.Accelerator.Allocate1D[T,TStride](Int64 length, TStride stride) in d:\users\tj\Projects\SpawnDev.ILGPU\SpawnDev.ILGPU\ILGPU\Runtime\Accelerator.Allocations.cs:line 47
   at ILGPU.Runtime.Accelerator.Allocate1D[T](Int64 length) in d:\users\tj\Projects\SpawnDev.ILGPU\SpawnDev.ILGPU\ILGPU\Runtime\Accelerator.Allocations.cs:line 29
   at ILGPU.Runtime.ArrayViewExtensions.Allocate1D[T](Accelerator accelerator, AcceleratorStream stream, T[] data) in d:\users\tj\Projects\SpawnDev.ILGPU\SpawnDev.ILGPU\ILGPU\Runtime\ArrayViewExtensions.cs:line 1830
   at ILGPU.Runtime.ArrayViewExtensions.Allocate1D[T](Accelerator accelerator, T[] data) in d:\users\tj\Projects\SpawnDev.ILGPU\SpawnDev.ILGPU\ILGPU\Runtime\ArrayViewExtensions.cs:line 1801
   at SpawnDev.ILGPU.Demo.Shared.UnitTests.BackendTestBase.<>c.<<MatrixMulTest>b__147_0>d.MoveNext() in d:\users\tj\Projects\SpawnDev.ILGPU\SpawnDev.ILGPU\SpawnDev.ILGPU.Demo.Shared\UnitTests\BackendTestBase.Tests2.cs:line 48
--- End of stack trace from previous location ---
   at SpawnDev.ILGPU.Demo.Shared.UnitTests.BackendTestBase.RunTest(Func`2 testBody) in d:\users\tj\Projects\SpawnDev.ILGPU\SpawnDev.ILGPU\SpawnDev.ILGPU.Demo.Shared\UnitTests\BackendTestBase.cs:line 60
   at SpawnDev.ILGPU.Demo.Shared.UnitTests.BackendTestBase.MatrixMulTest() in d:\users\tj\Projects\SpawnDev.ILGPU\SpawnDev.ILGPU\SpawnDev.ILGPU.Demo.Shared\UnitTests\BackendTestBase.Tests2.cs:line 43
   at SpawnDev.UnitTesting.UnitTestRunner.RunTest(UnitTest test) in d:\users\tj\Projects\SpawnDev.UnitTesting\SpawnDev.UnitTesting\SpawnDev.UnitTesting\UnitTestRunner.cs:line 183
  [Γ£ù] CudaTests.SpecializedIntrinsicsTest (1ms) - ILGPU.Runtime.Cuda.CudaException: an illegal memory access was encountered at CurrentAPI.AllocateMemory(
                        out IntPtr resultPtr,
                        new IntPtr(LengthInBytes))
   at ILGPU.Runtime.Cuda.CudaMemoryBuffer..ctor(CudaAccelerator accelerator, Int64 length, Int32 elementSize) in d:\users\tj\Projects\SpawnDev.ILGPU\SpawnDev.ILGPU\ILGPU\Runtime\Cuda\CudaMemoryBuffer.cs:line 118
   at ILGPU.Runtime.Cuda.CudaAccelerator.AllocateRawInternal(Int64 length, Int32 elementSize) in d:\users\tj\Projects\SpawnDev.ILGPU\SpawnDev.ILGPU\ILGPU\Runtime\Cuda\CudaAccelerator.cs:line 451
   at ILGPU.Runtime.Accelerator.AllocateRaw(Int64 length, Int32 elementSize) in d:\users\tj\Projects\SpawnDev.ILGPU\SpawnDev.ILGPU\ILGPU\Runtime\Accelerator.cs:line 296
   at ILGPU.Runtime.Accelerator.AllocateRaw[T,TExtent,TStrideIndex,TStride](TExtent extent, TStride stride) in d:\users\tj\Projects\SpawnDev.ILGPU\SpawnDev.ILGPU\ILGPU\Runtime\Accelerator.cs:line 335
   at ILGPU.Runtime.Accelerator.Allocate1D[T,TStride](Int64 length, TStride stride) in d:\users\tj\Projects\SpawnDev.ILGPU\SpawnDev.ILGPU\ILGPU\Runtime\Accelerator.Allocations.cs:line 47
   at ILGPU.Runtime.Accelerator.Allocate1D[T](Int64 length) in d:\users\tj\Projects\SpawnDev.ILGPU\SpawnDev.ILGPU\ILGPU\Runtime\Accelerator.Allocations.cs:line 29
   at ILGPU.Runtime.ArrayViewExtensions.Allocate1D[T](Accelerator accelerator, AcceleratorStream stream, T[] data) in d:\users\tj\Projects\SpawnDev.ILGPU\SpawnDev.ILGPU\ILGPU\Runtime\ArrayViewExtensions.cs:line 1830
   at ILGPU.Runtime.ArrayViewExtensions.Allocate1D[T](Accelerator accelerator, T[] data) in d:\users\tj\Projects\SpawnDev.ILGPU\SpawnDev.ILGPU\ILGPU\Runtime\ArrayViewExtensions.cs:line 1801
   at SpawnDev.ILGPU.Demo.Shared.UnitTests.BackendTestBase.<>c.<<SpecializedIntrinsicsTest>b__148_0>d.MoveNext() in d:\users\tj\Projects\SpawnDev.ILGPU\SpawnDev.ILGPU\SpawnDev.ILGPU.Demo.Shared\UnitTests\BackendTestBase.Tests2.cs:line 64
--- End of stack trace from previous location ---
   at SpawnDev.ILGPU.Demo.Shared.UnitTests.BackendTestBase.RunTest(Func`2 testBody) in d:\users\tj\Projects\SpawnDev.ILGPU\SpawnDev.ILGPU\SpawnDev.ILGPU.Demo.Shared\UnitTests\BackendTestBase.cs:line 60
   at SpawnDev.ILGPU.Demo.Shared.UnitTests.BackendTestBase.SpecializedIntrinsicsTest() in d:\users\tj\Projects\SpawnDev.ILGPU\SpawnDev.ILGPU\SpawnDev.ILGPU.Demo.Shared\UnitTests\BackendTestBase.Tests2.cs:line 60
   at SpawnDev.UnitTesting.UnitTestRunner.RunTest(UnitTest test) in d:\users\tj\Projects\SpawnDev.UnitTesting\SpawnDev.UnitTesting\SpawnDev.UnitTesting\UnitTestRunner.cs:line 183
  [Γ£ù] CudaTests.SpecializedIntrinsicsTest (1ms) - ILGPU.Runtime.Cuda.CudaException: an illegal memory access was encountered at CurrentAPI.AllocateMemory(
                        out IntPtr resultPtr,
                        new IntPtr(LengthInBytes))
   at ILGPU.Runtime.Cuda.CudaMemoryBuffer..ctor(CudaAccelerator accelerator, Int64 length, Int32 elementSize) in d:\users\tj\Projects\SpawnDev.ILGPU\SpawnDev.ILGPU\ILGPU\Runtime\Cuda\CudaMemoryBuffer.cs:line 118
   at ILGPU.Runtime.Cuda.CudaAccelerator.AllocateRawInternal(Int64 length, Int32 elementSize) in d:\users\tj\Projects\SpawnDev.ILGPU\SpawnDev.ILGPU\ILGPU\Runtime\Cuda\CudaAccelerator.cs:line 451
   at ILGPU.Runtime.Accelerator.AllocateRaw(Int64 length, Int32 elementSize) in d:\users\tj\Projects\SpawnDev.ILGPU\SpawnDev.ILGPU\ILGPU\Runtime\Accelerator.cs:line 296
   at ILGPU.Runtime.Accelerator.AllocateRaw[T,TExtent,TStrideIndex,TStride](TExtent extent, TStride stride) in d:\users\tj\Projects\SpawnDev.ILGPU\SpawnDev.ILGPU\ILGPU\Runtime\Accelerator.cs:line 335
   at ILGPU.Runtime.Accelerator.Allocate1D[T,TStride](Int64 length, TStride stride) in d:\users\tj\Projects\SpawnDev.ILGPU\SpawnDev.ILGPU\ILGPU\Runtime\Accelerator.Allocations.cs:line 47
   at ILGPU.Runtime.Accelerator.Allocate1D[T](Int64 length) in d:\users\tj\Projects\SpawnDev.ILGPU\SpawnDev.ILGPU\ILGPU\Runtime\Accelerator.Allocations.cs:line 29
   at ILGPU.Runtime.ArrayViewExtensions.Allocate1D[T](Accelerator accelerator, AcceleratorStream stream, T[] data) in d:\users\tj\Projects\SpawnDev.ILGPU\SpawnDev.ILGPU\ILGPU\Runtime\ArrayViewExtensions.cs:line 1830
   at ILGPU.Runtime.ArrayViewExtensions.Allocate1D[T](Accelerator accelerator, T[] data) in d:\users\tj\Projects\SpawnDev.ILGPU\SpawnDev.ILGPU\ILGPU\Runtime\ArrayViewExtensions.cs:line 1801
   at SpawnDev.ILGPU.Demo.Shared.UnitTests.BackendTestBase.<>c.<<SpecializedIntrinsicsTest>b__148_0>d.MoveNext() in d:\users\tj\Projects\SpawnDev.ILGPU\SpawnDev.ILGPU\SpawnDev.ILGPU.Demo.Shared\UnitTests\BackendTestBase.Tests2.cs:line 64
--- End of stack trace from previous location ---
   at SpawnDev.ILGPU.Demo.Shared.UnitTests.BackendTestBase.RunTest(Func`2 testBody) in d:\users\tj\Projects\SpawnDev.ILGPU\SpawnDev.ILGPU\SpawnDev.ILGPU.Demo.Shared\UnitTests\BackendTestBase.cs:line 60
   at SpawnDev.ILGPU.Demo.Shared.UnitTests.BackendTestBase.SpecializedIntrinsicsTest() in d:\users\tj\Projects\SpawnDev.ILGPU\SpawnDev.ILGPU\SpawnDev.ILGPU.Demo.Shared\UnitTests\BackendTestBase.Tests2.cs:line 60
   at SpawnDev.UnitTesting.UnitTestRunner.RunTest(UnitTest test) in d:\users\tj\Projects\SpawnDev.UnitTesting\SpawnDev.UnitTesting\SpawnDev.UnitTesting\UnitTestRunner.cs:line 183
  [Γ£ù] CudaTests.BitManipulationTest (1ms) - ILGPU.Runtime.Cuda.CudaException: an illegal memory access was encountered at CurrentAPI.AllocateMemory(
                        out IntPtr resultPtr,
                        new IntPtr(LengthInBytes))
   at ILGPU.Runtime.Cuda.CudaMemoryBuffer..ctor(CudaAccelerator accelerator, Int64 length, Int32 elementSize) in d:\users\tj\Projects\SpawnDev.ILGPU\SpawnDev.ILGPU\ILGPU\Runtime\Cuda\CudaMemoryBuffer.cs:line 118
   at ILGPU.Runtime.Cuda.CudaAccelerator.AllocateRawInternal(Int64 length, Int32 elementSize) in d:\users\tj\Projects\SpawnDev.ILGPU\SpawnDev.ILGPU\ILGPU\Runtime\Cuda\CudaAccelerator.cs:line 451
   at ILGPU.Runtime.Accelerator.AllocateRaw(Int64 length, Int32 elementSize) in d:\users\tj\Projects\SpawnDev.ILGPU\SpawnDev.ILGPU\ILGPU\Runtime\Accelerator.cs:line 296
   at ILGPU.Runtime.Accelerator.AllocateRaw[T,TExtent,TStrideIndex,TStride](TExtent extent, TStride stride) in d:\users\tj\Projects\SpawnDev.ILGPU\SpawnDev.ILGPU\ILGPU\Runtime\Accelerator.cs:line 335
   at ILGPU.Runtime.Accelerator.Allocate1D[T,TStride](Int64 length, TStride stride) in d:\users\tj\Projects\SpawnDev.ILGPU\SpawnDev.ILGPU\ILGPU\Runtime\Accelerator.Allocations.cs:line 47
   at ILGPU.Runtime.Accelerator.Allocate1D[T](Int64 length) in d:\users\tj\Projects\SpawnDev.ILGPU\SpawnDev.ILGPU\ILGPU\Runtime\Accelerator.Allocations.cs:line 29
   at ILGPU.Runtime.ArrayViewExtensions.Allocate1D[T](Accelerator accelerator, AcceleratorStream stream, T[] data) in d:\users\tj\Projects\SpawnDev.ILGPU\SpawnDev.ILGPU\ILGPU\Runtime\ArrayViewExtensions.cs:line 1830
   at ILGPU.Runtime.ArrayViewExtensions.Allocate1D[T](Accelerator accelerator, T[] data) in d:\users\tj\Projects\SpawnDev.ILGPU\SpawnDev.ILGPU\ILGPU\Runtime\ArrayViewExtensions.cs:line 1801
   at SpawnDev.ILGPU.Demo.Shared.UnitTests.BackendTestBase.<>c.<<BitManipulationTest>b__149_0>d.MoveNext() in d:\users\tj\Projects\SpawnDev.ILGPU\SpawnDev.ILGPU\SpawnDev.ILGPU.Demo.Shared\UnitTests\BackendTestBase.Tests2.cs:line 79
--- End of stack trace from previous location ---
   at SpawnDev.ILGPU.Demo.Shared.UnitTests.BackendTestBase.RunTest(Func`2 testBody) in d:\users\tj\Projects\SpawnDev.ILGPU\SpawnDev.ILGPU\SpawnDev.ILGPU.Demo.Shared\UnitTests\BackendTestBase.cs:line 60
   at SpawnDev.ILGPU.Demo.Shared.UnitTests.BackendTestBase.BitManipulationTest() in d:\users\tj\Projects\SpawnDev.ILGPU\SpawnDev.ILGPU\SpawnDev.ILGPU.Demo.Shared\UnitTests\BackendTestBase.Tests2.cs:line 75
   at SpawnDev.UnitTesting.UnitTestRunner.RunTest(UnitTest test) in d:\users\tj\Projects\SpawnDev.UnitTesting\SpawnDev.UnitTesting\SpawnDev.UnitTesting\UnitTestRunner.cs:line 183
  [Γ£ù] CudaTests.BitManipulationTest (1ms) - ILGPU.Runtime.Cuda.CudaException: an illegal memory access was encountered at CurrentAPI.AllocateMemory(
                        out IntPtr resultPtr,
                        new IntPtr(LengthInBytes))
   at ILGPU.Runtime.Cuda.CudaMemoryBuffer..ctor(CudaAccelerator accelerator, Int64 length, Int32 elementSize) in d:\users\tj\Projects\SpawnDev.ILGPU\SpawnDev.ILGPU\ILGPU\Runtime\Cuda\CudaMemoryBuffer.cs:line 118
   at ILGPU.Runtime.Cuda.CudaAccelerator.AllocateRawInternal(Int64 length, Int32 elementSize) in d:\users\tj\Projects\SpawnDev.ILGPU\SpawnDev.ILGPU\ILGPU\Runtime\Cuda\CudaAccelerator.cs:line 451
   at ILGPU.Runtime.Accelerator.AllocateRaw(Int64 length, Int32 elementSize) in d:\users\tj\Projects\SpawnDev.ILGPU\SpawnDev.ILGPU\ILGPU\Runtime\Accelerator.cs:line 296
   at ILGPU.Runtime.Accelerator.AllocateRaw[T,TExtent,TStrideIndex,TStride](TExtent extent, TStride stride) in d:\users\tj\Projects\SpawnDev.ILGPU\SpawnDev.ILGPU\ILGPU\Runtime\Accelerator.cs:line 335
   at ILGPU.Runtime.Accelerator.Allocate1D[T,TStride](Int64 length, TStride stride) in d:\users\tj\Projects\SpawnDev.ILGPU\SpawnDev.ILGPU\ILGPU\Runtime\Accelerator.Allocations.cs:line 47
   at ILGPU.Runtime.Accelerator.Allocate1D[T](Int64 length) in d:\users\tj\Projects\SpawnDev.ILGPU\SpawnDev.ILGPU\ILGPU\Runtime\Accelerator.Allocations.cs:line 29
   at ILGPU.Runtime.ArrayViewExtensions.Allocate1D[T](Accelerator accelerator, AcceleratorStream stream, T[] data) in d:\users\tj\Projects\SpawnDev.ILGPU\SpawnDev.ILGPU\ILGPU\Runtime\ArrayViewExtensions.cs:line 1830
   at ILGPU.Runtime.ArrayViewExtensions.Allocate1D[T](Accelerator accelerator, T[] data) in d:\users\tj\Projects\SpawnDev.ILGPU\SpawnDev.ILGPU\ILGPU\Runtime\ArrayViewExtensions.cs:line 1801
   at SpawnDev.ILGPU.Demo.Shared.UnitTests.BackendTestBase.<>c.<<BitManipulationTest>b__149_0>d.MoveNext() in d:\users\tj\Projects\SpawnDev.ILGPU\SpawnDev.ILGPU\SpawnDev.ILGPU.Demo.Shared\UnitTests\BackendTestBase.Tests2.cs:line 79
--- End of stack trace from previous location ---
   at SpawnDev.ILGPU.Demo.Shared.UnitTests.BackendTestBase.RunTest(Func`2 testBody) in d:\users\tj\Projects\SpawnDev.ILGPU\SpawnDev.ILGPU\SpawnDev.ILGPU.Demo.Shared\UnitTests\BackendTestBase.cs:line 60
   at SpawnDev.ILGPU.Demo.Shared.UnitTests.BackendTestBase.BitManipulationTest() in d:\users\tj\Projects\SpawnDev.ILGPU\SpawnDev.ILGPU\SpawnDev.ILGPU.Demo.Shared\UnitTests\BackendTestBase.Tests2.cs:line 75
   at SpawnDev.UnitTesting.UnitTestRunner.RunTest(UnitTest test) in d:\users\tj\Projects\SpawnDev.UnitTesting\SpawnDev.UnitTesting\SpawnDev.UnitTesting\UnitTestRunner.cs:line 183
  [Γ£ù] CudaTests.HistogramTest (1ms) - ILGPU.Runtime.Cuda.CudaException: an illegal memory access was encountered at CurrentAPI.AllocateMemory(
                        out IntPtr resultPtr,
                        new IntPtr(LengthInBytes))
   at ILGPU.Runtime.Cuda.CudaMemoryBuffer..ctor(CudaAccelerator accelerator, Int64 length, Int32 elementSize) in d:\users\tj\Projects\SpawnDev.ILGPU\SpawnDev.ILGPU\ILGPU\Runtime\Cuda\CudaMemoryBuffer.cs:line 118
   at ILGPU.Runtime.Cuda.CudaAccelerator.AllocateRawInternal(Int64 length, Int32 elementSize) in d:\users\tj\Projects\SpawnDev.ILGPU\SpawnDev.ILGPU\ILGPU\Runtime\Cuda\CudaAccelerator.cs:line 451
   at ILGPU.Runtime.Accelerator.AllocateRaw(Int64 length, Int32 elementSize) in d:\users\tj\Projects\SpawnDev.ILGPU\SpawnDev.ILGPU\ILGPU\Runtime\Accelerator.cs:line 296
   at ILGPU.Runtime.Accelerator.AllocateRaw[T,TExtent,TStrideIndex,TStride](TExtent extent, TStride stride) in d:\users\tj\Projects\SpawnDev.ILGPU\SpawnDev.ILGPU\ILGPU\Runtime\Accelerator.cs:line 335
   at ILGPU.Runtime.Accelerator.Allocate1D[T,TStride](Int64 length, TStride stride) in d:\users\tj\Projects\SpawnDev.ILGPU\SpawnDev.ILGPU\ILGPU\Runtime\Accelerator.Allocations.cs:line 47
   at ILGPU.Runtime.Accelerator.Allocate1D[T](Int64 length) in d:\users\tj\Projects\SpawnDev.ILGPU\SpawnDev.ILGPU\ILGPU\Runtime\Accelerator.Allocations.cs:line 29
   at ILGPU.Runtime.ArrayViewExtensions.Allocate1D[T](Accelerator accelerator, AcceleratorStream stream, T[] data) in d:\users\tj\Projects\SpawnDev.ILGPU\SpawnDev.ILGPU\ILGPU\Runtime\ArrayViewExtensions.cs:line 1830
   at ILGPU.Runtime.ArrayViewExtensions.Allocate1D[T](Accelerator accelerator, T[] data) in d:\users\tj\Projects\SpawnDev.ILGPU\SpawnDev.ILGPU\ILGPU\Runtime\ArrayViewExtensions.cs:line 1801
   at SpawnDev.ILGPU.Demo.Shared.UnitTests.BackendTestBase.<>c.<<HistogramTest>b__150_0>d.MoveNext() in d:\users\tj\Projects\SpawnDev.ILGPU\SpawnDev.ILGPU\SpawnDev.ILGPU.Demo.Shared\UnitTests\BackendTestBase.Tests2.cs:line 95
--- End of stack trace from previous location ---
   at SpawnDev.ILGPU.Demo.Shared.UnitTests.BackendTestBase.RunTest(Func`2 testBody) in d:\users\tj\Projects\SpawnDev.ILGPU\SpawnDev.ILGPU\SpawnDev.ILGPU.Demo.Shared\UnitTests\BackendTestBase.cs:line 60
   at SpawnDev.ILGPU.Demo.Shared.UnitTests.BackendTestBase.HistogramTest() in d:\users\tj\Projects\SpawnDev.ILGPU\SpawnDev.ILGPU\SpawnDev.ILGPU.Demo.Shared\UnitTests\BackendTestBase.Tests2.cs:line 89
   at SpawnDev.UnitTesting.UnitTestRunner.RunTest(UnitTest test) in d:\users\tj\Projects\SpawnDev.UnitTesting\SpawnDev.UnitTesting\SpawnDev.UnitTesting\UnitTestRunner.cs:line 183
  [Γ£ù] CudaTests.HistogramTest (1ms) - ILGPU.Runtime.Cuda.CudaException: an illegal memory access was encountered at CurrentAPI.AllocateMemory(
                        out IntPtr resultPtr,
                        new IntPtr(LengthInBytes))
   at ILGPU.Runtime.Cuda.CudaMemoryBuffer..ctor(CudaAccelerator accelerator, Int64 length, Int32 elementSize) in d:\users\tj\Projects\SpawnDev.ILGPU\SpawnDev.ILGPU\ILGPU\Runtime\Cuda\CudaMemoryBuffer.cs:line 118
   at ILGPU.Runtime.Cuda.CudaAccelerator.AllocateRawInternal(Int64 length, Int32 elementSize) in d:\users\tj\Projects\SpawnDev.ILGPU\SpawnDev.ILGPU\ILGPU\Runtime\Cuda\CudaAccelerator.cs:line 451
   at ILGPU.Runtime.Accelerator.AllocateRaw(Int64 length, Int32 elementSize) in d:\users\tj\Projects\SpawnDev.ILGPU\SpawnDev.ILGPU\ILGPU\Runtime\Accelerator.cs:line 296
   at ILGPU.Runtime.Accelerator.AllocateRaw[T,TExtent,TStrideIndex,TStride](TExtent extent, TStride stride) in d:\users\tj\Projects\SpawnDev.ILGPU\SpawnDev.ILGPU\ILGPU\Runtime\Accelerator.cs:line 335
   at ILGPU.Runtime.Accelerator.Allocate1D[T,TStride](Int64 length, TStride stride) in d:\users\tj\Projects\SpawnDev.ILGPU\SpawnDev.ILGPU\ILGPU\Runtime\Accelerator.Allocations.cs:line 47
   at ILGPU.Runtime.Accelerator.Allocate1D[T](Int64 length) in d:\users\tj\Projects\SpawnDev.ILGPU\SpawnDev.ILGPU\ILGPU\Runtime\Accelerator.Allocations.cs:line 29
   at ILGPU.Runtime.ArrayViewExtensions.Allocate1D[T](Accelerator accelerator, AcceleratorStream stream, T[] data) in d:\users\tj\Projects\SpawnDev.ILGPU\SpawnDev.ILGPU\ILGPU\Runtime\ArrayViewExtensions.cs:line 1830
   at ILGPU.Runtime.ArrayViewExtensions.Allocate1D[T](Accelerator accelerator, T[] data) in d:\users\tj\Projects\SpawnDev.ILGPU\SpawnDev.ILGPU\ILGPU\Runtime\ArrayViewExtensions.cs:line 1801
   at SpawnDev.ILGPU.Demo.Shared.UnitTests.BackendTestBase.<>c.<<HistogramTest>b__150_0>d.MoveNext() in d:\users\tj\Projects\SpawnDev.ILGPU\SpawnDev.ILGPU\SpawnDev.ILGPU.Demo.Shared\UnitTests\BackendTestBase.Tests2.cs:line 95
--- End of stack trace from previous location ---
   at SpawnDev.ILGPU.Demo.Shared.UnitTests.BackendTestBase.RunTest(Func`2 testBody) in d:\users\tj\Projects\SpawnDev.ILGPU\SpawnDev.ILGPU\SpawnDev.ILGPU.Demo.Shared\UnitTests\BackendTestBase.cs:line 60
   at SpawnDev.ILGPU.Demo.Shared.UnitTests.BackendTestBase.HistogramTest() in d:\users\tj\Projects\SpawnDev.ILGPU\SpawnDev.ILGPU\SpawnDev.ILGPU.Demo.Shared\UnitTests\BackendTestBase.Tests2.cs:line 89
   at SpawnDev.UnitTesting.UnitTestRunner.RunTest(UnitTest test) in d:\users\tj\Projects\SpawnDev.UnitTesting\SpawnDev.UnitTesting\SpawnDev.UnitTesting\UnitTestRunner.cs:line 183
  [Γ£ù] CudaTests.NestedLoopBreakTest (1ms) - ILGPU.Runtime.Cuda.CudaException: an illegal memory access was encountered at CurrentAPI.AllocateMemory(
                        out IntPtr resultPtr,
                        new IntPtr(LengthInBytes))
   at ILGPU.Runtime.Cuda.CudaMemoryBuffer..ctor(CudaAccelerator accelerator, Int64 length, Int32 elementSize) in d:\users\tj\Projects\SpawnDev.ILGPU\SpawnDev.ILGPU\ILGPU\Runtime\Cuda\CudaMemoryBuffer.cs:line 118
   at ILGPU.Runtime.Cuda.CudaAccelerator.AllocateRawInternal(Int64 length, Int32 elementSize) in d:\users\tj\Projects\SpawnDev.ILGPU\SpawnDev.ILGPU\ILGPU\Runtime\Cuda\CudaAccelerator.cs:line 451
   at ILGPU.Runtime.Accelerator.AllocateRaw(Int64 length, Int32 elementSize) in d:\users\tj\Projects\SpawnDev.ILGPU\SpawnDev.ILGPU\ILGPU\Runtime\Accelerator.cs:line 296
   at ILGPU.Runtime.Accelerator.AllocateRaw[T,TExtent,TStrideIndex,TStride](TExtent extent, TStride stride) in d:\users\tj\Projects\SpawnDev.ILGPU\SpawnDev.ILGPU\ILGPU\Runtime\Accelerator.cs:line 335
   at ILGPU.Runtime.Accelerator.Allocate1D[T,TStride](Int64 length, TStride stride) in d:\users\tj\Projects\SpawnDev.ILGPU\SpawnDev.ILGPU\ILGPU\Runtime\Accelerator.Allocations.cs:line 47
   at ILGPU.Runtime.Accelerator.Allocate1D[T](Int64 length) in d:\users\tj\Projects\SpawnDev.ILGPU\SpawnDev.ILGPU\ILGPU\Runtime\Accelerator.Allocations.cs:line 29
   at SpawnDev.ILGPU.Demo.Shared.UnitTests.BackendTestBase.<>c.<<NestedLoopBreakTest>b__151_0>d.MoveNext() in d:\users\tj\Projects\SpawnDev.ILGPU\SpawnDev.ILGPU\SpawnDev.ILGPU.Demo.Shared\UnitTests\BackendTestBase.Tests2.cs:line 110
--- End of stack trace from previous location ---
   at SpawnDev.ILGPU.Demo.Shared.UnitTests.BackendTestBase.RunTest(Func`2 testBody) in d:\users\tj\Projects\SpawnDev.ILGPU\SpawnDev.ILGPU\SpawnDev.ILGPU.Demo.Shared\UnitTests\BackendTestBase.cs:line 60
   at SpawnDev.ILGPU.Demo.Shared.UnitTests.BackendTestBase.NestedLoopBreakTest() in d:\users\tj\Projects\SpawnDev.ILGPU\SpawnDev.ILGPU\SpawnDev.ILGPU.Demo.Shared\UnitTests\BackendTestBase.Tests2.cs:line 107
   at SpawnDev.UnitTesting.UnitTestRunner.RunTest(UnitTest test) in d:\users\tj\Projects\SpawnDev.UnitTesting\SpawnDev.UnitTesting\SpawnDev.UnitTesting\UnitTestRunner.cs:line 183
  [Γ£ù] CudaTests.NestedLoopBreakTest (1ms) - ILGPU.Runtime.Cuda.CudaException: an illegal memory access was encountered at CurrentAPI.AllocateMemory(
                        out IntPtr resultPtr,
                        new IntPtr(LengthInBytes))
   at ILGPU.Runtime.Cuda.CudaMemoryBuffer..ctor(CudaAccelerator accelerator, Int64 length, Int32 elementSize) in d:\users\tj\Projects\SpawnDev.ILGPU\SpawnDev.ILGPU\ILGPU\Runtime\Cuda\CudaMemoryBuffer.cs:line 118
   at ILGPU.Runtime.Cuda.CudaAccelerator.AllocateRawInternal(Int64 length, Int32 elementSize) in d:\users\tj\Projects\SpawnDev.ILGPU\SpawnDev.ILGPU\ILGPU\Runtime\Cuda\CudaAccelerator.cs:line 451
   at ILGPU.Runtime.Accelerator.AllocateRaw(Int64 length, Int32 elementSize) in d:\users\tj\Projects\SpawnDev.ILGPU\SpawnDev.ILGPU\ILGPU\Runtime\Accelerator.cs:line 296
   at ILGPU.Runtime.Accelerator.AllocateRaw[T,TExtent,TStrideIndex,TStride](TExtent extent, TStride stride) in d:\users\tj\Projects\SpawnDev.ILGPU\SpawnDev.ILGPU\ILGPU\Runtime\Accelerator.cs:line 335
   at ILGPU.Runtime.Accelerator.Allocate1D[T,TStride](Int64 length, TStride stride) in d:\users\tj\Projects\SpawnDev.ILGPU\SpawnDev.ILGPU\ILGPU\Runtime\Accelerator.Allocations.cs:line 47
   at ILGPU.Runtime.Accelerator.Allocate1D[T](Int64 length) in d:\users\tj\Projects\SpawnDev.ILGPU\SpawnDev.ILGPU\ILGPU\Runtime\Accelerator.Allocations.cs:line 29
   at SpawnDev.ILGPU.Demo.Shared.UnitTests.BackendTestBase.<>c.<<NestedLoopBreakTest>b__151_0>d.MoveNext() in d:\users\tj\Projects\SpawnDev.ILGPU\SpawnDev.ILGPU\SpawnDev.ILGPU.Demo.Shared\UnitTests\BackendTestBase.Tests2.cs:line 110
--- End of stack trace from previous location ---
   at SpawnDev.ILGPU.Demo.Shared.UnitTests.BackendTestBase.RunTest(Func`2 testBody) in d:\users\tj\Projects\SpawnDev.ILGPU\SpawnDev.ILGPU\SpawnDev.ILGPU.Demo.Shared\UnitTests\BackendTestBase.cs:line 60
   at SpawnDev.ILGPU.Demo.Shared.UnitTests.BackendTestBase.NestedLoopBreakTest() in d:\users\tj\Projects\SpawnDev.ILGPU\SpawnDev.ILGPU\SpawnDev.ILGPU.Demo.Shared\UnitTests\BackendTestBase.Tests2.cs:line 107
   at SpawnDev.UnitTesting.UnitTestRunner.RunTest(UnitTest test) in d:\users\tj\Projects\SpawnDev.UnitTesting\SpawnDev.UnitTesting\SpawnDev.UnitTesting\UnitTestRunner.cs:line 183
  [Γ£ù] CudaTests.LoopBreakAssignmentTest (2ms) - ILGPU.Runtime.Cuda.CudaException: an illegal memory access was encountered at CurrentAPI.AllocateMemory(
                        out IntPtr resultPtr,
                        new IntPtr(LengthInBytes))
   at ILGPU.Runtime.Cuda.CudaMemoryBuffer..ctor(CudaAccelerator accelerator, Int64 length, Int32 elementSize) in d:\users\tj\Projects\SpawnDev.ILGPU\SpawnDev.ILGPU\ILGPU\Runtime\Cuda\CudaMemoryBuffer.cs:line 118
   at ILGPU.Runtime.Cuda.CudaAccelerator.AllocateRawInternal(Int64 length, Int32 elementSize) in d:\users\tj\Projects\SpawnDev.ILGPU\SpawnDev.ILGPU\ILGPU\Runtime\Cuda\CudaAccelerator.cs:line 451
   at ILGPU.Runtime.Accelerator.AllocateRaw(Int64 length, Int32 elementSize) in d:\users\tj\Projects\SpawnDev.ILGPU\SpawnDev.ILGPU\ILGPU\Runtime\Accelerator.cs:line 296
   at ILGPU.Runtime.Accelerator.AllocateRaw[T,TExtent,TStrideIndex,TStride](TExtent extent, TStride stride) in d:\users\tj\Projects\SpawnDev.ILGPU\SpawnDev.ILGPU\ILGPU\Runtime\Accelerator.cs:line 335
   at ILGPU.Runtime.Accelerator.Allocate1D[T,TStride](Int64 length, TStride stride) in d:\users\tj\Projects\SpawnDev.ILGPU\SpawnDev.ILGPU\ILGPU\Runtime\Accelerator.Allocations.cs:line 47
   at ILGPU.Runtime.Accelerator.Allocate1D[T](Int64 length) in d:\users\tj\Projects\SpawnDev.ILGPU\SpawnDev.ILGPU\ILGPU\Runtime\Accelerator.Allocations.cs:line 29
   at SpawnDev.ILGPU.Demo.Shared.UnitTests.BackendTestBase.<>c.<<LoopBreakAssignmentTest>b__152_0>d.MoveNext() in d:\users\tj\Projects\SpawnDev.ILGPU\SpawnDev.ILGPU\SpawnDev.ILGPU.Demo.Shared\UnitTests\BackendTestBase.Tests2.cs:line 128
--- End of stack trace from previous location ---
   at SpawnDev.ILGPU.Demo.Shared.UnitTests.BackendTestBase.RunTest(Func`2 testBody) in d:\users\tj\Projects\SpawnDev.ILGPU\SpawnDev.ILGPU\SpawnDev.ILGPU.Demo.Shared\UnitTests\BackendTestBase.cs:line 60
   at SpawnDev.ILGPU.Demo.Shared.UnitTests.BackendTestBase.LoopBreakAssignmentTest() in d:\users\tj\Projects\SpawnDev.ILGPU\SpawnDev.ILGPU\SpawnDev.ILGPU.Demo.Shared\UnitTests\BackendTestBase.Tests2.cs:line 125
   at SpawnDev.UnitTesting.UnitTestRunner.RunTest(UnitTest test) in d:\users\tj\Projects\SpawnDev.UnitTesting\SpawnDev.UnitTesting\SpawnDev.UnitTesting\UnitTestRunner.cs:line 183
  [Γ£ù] CudaTests.LoopBreakAssignmentTest (2ms) - ILGPU.Runtime.Cuda.CudaException: an illegal memory access was encountered at CurrentAPI.AllocateMemory(
                        out IntPtr resultPtr,
                        new IntPtr(LengthInBytes))
   at ILGPU.Runtime.Cuda.CudaMemoryBuffer..ctor(CudaAccelerator accelerator, Int64 length, Int32 elementSize) in d:\users\tj\Projects\SpawnDev.ILGPU\SpawnDev.ILGPU\ILGPU\Runtime\Cuda\CudaMemoryBuffer.cs:line 118
   at ILGPU.Runtime.Cuda.CudaAccelerator.AllocateRawInternal(Int64 length, Int32 elementSize) in d:\users\tj\Projects\SpawnDev.ILGPU\SpawnDev.ILGPU\ILGPU\Runtime\Cuda\CudaAccelerator.cs:line 451
   at ILGPU.Runtime.Accelerator.AllocateRaw(Int64 length, Int32 elementSize) in d:\users\tj\Projects\SpawnDev.ILGPU\SpawnDev.ILGPU\ILGPU\Runtime\Accelerator.cs:line 296
   at ILGPU.Runtime.Accelerator.AllocateRaw[T,TExtent,TStrideIndex,TStride](TExtent extent, TStride stride) in d:\users\tj\Projects\SpawnDev.ILGPU\SpawnDev.ILGPU\ILGPU\Runtime\Accelerator.cs:line 335
   at ILGPU.Runtime.Accelerator.Allocate1D[T,TStride](Int64 length, TStride stride) in d:\users\tj\Projects\SpawnDev.ILGPU\SpawnDev.ILGPU\ILGPU\Runtime\Accelerator.Allocations.cs:line 47
   at ILGPU.Runtime.Accelerator.Allocate1D[T](Int64 length) in d:\users\tj\Projects\SpawnDev.ILGPU\SpawnDev.ILGPU\ILGPU\Runtime\Accelerator.Allocations.cs:line 29
   at SpawnDev.ILGPU.Demo.Shared.UnitTests.BackendTestBase.<>c.<<LoopBreakAssignmentTest>b__152_0>d.MoveNext() in d:\users\tj\Projects\SpawnDev.ILGPU\SpawnDev.ILGPU\SpawnDev.ILGPU.Demo.Shared\UnitTests\BackendTestBase.Tests2.cs:line 128
--- End of stack trace from previous location ---
   at SpawnDev.ILGPU.Demo.Shared.UnitTests.BackendTestBase.RunTest(Func`2 testBody) in d:\users\tj\Projects\SpawnDev.ILGPU\SpawnDev.ILGPU\SpawnDev.ILGPU.Demo.Shared\UnitTests\BackendTestBase.cs:line 60
   at SpawnDev.ILGPU.Demo.Shared.UnitTests.BackendTestBase.LoopBreakAssignmentTest() in d:\users\tj\Projects\SpawnDev.ILGPU\SpawnDev.ILGPU\SpawnDev.ILGPU.Demo.Shared\UnitTests\BackendTestBase.Tests2.cs:line 125
   at SpawnDev.UnitTesting.UnitTestRunner.RunTest(UnitTest test) in d:\users\tj\Projects\SpawnDev.UnitTesting\SpawnDev.UnitTesting\SpawnDev.UnitTesting\UnitTestRunner.cs:line 183
  [Γ£ù] CudaTests.HyperbolicTest (1ms) - ILGPU.Runtime.Cuda.CudaException: an illegal memory access was encountered at CurrentAPI.AllocateMemory(
                        out IntPtr resultPtr,
                        new IntPtr(LengthInBytes))
   at ILGPU.Runtime.Cuda.CudaMemoryBuffer..ctor(CudaAccelerator accelerator, Int64 length, Int32 elementSize) in d:\users\tj\Projects\SpawnDev.ILGPU\SpawnDev.ILGPU\ILGPU\Runtime\Cuda\CudaMemoryBuffer.cs:line 118
   at ILGPU.Runtime.Cuda.CudaAccelerator.AllocateRawInternal(Int64 length, Int32 elementSize) in d:\users\tj\Projects\SpawnDev.ILGPU\SpawnDev.ILGPU\ILGPU\Runtime\Cuda\CudaAccelerator.cs:line 451
   at ILGPU.Runtime.Accelerator.AllocateRaw(Int64 length, Int32 elementSize) in d:\users\tj\Projects\SpawnDev.ILGPU\SpawnDev.ILGPU\ILGPU\Runtime\Accelerator.cs:line 296
   at ILGPU.Runtime.Accelerator.AllocateRaw[T,TExtent,TStrideIndex,TStride](TExtent extent, TStride stride) in d:\users\tj\Projects\SpawnDev.ILGPU\SpawnDev.ILGPU\ILGPU\Runtime\Accelerator.cs:line 335
   at ILGPU.Runtime.Accelerator.Allocate1D[T,TStride](Int64 length, TStride stride) in d:\users\tj\Projects\SpawnDev.ILGPU\SpawnDev.ILGPU\ILGPU\Runtime\Accelerator.Allocations.cs:line 47
   at ILGPU.Runtime.Accelerator.Allocate1D[T](Int64 length) in d:\users\tj\Projects\SpawnDev.ILGPU\SpawnDev.ILGPU\ILGPU\Runtime\Accelerator.Allocations.cs:line 29
   at ILGPU.Runtime.ArrayViewExtensions.Allocate1D[T](Accelerator accelerator, AcceleratorStream stream, T[] data) in d:\users\tj\Projects\SpawnDev.ILGPU\SpawnDev.ILGPU\ILGPU\Runtime\ArrayViewExtensions.cs:line 1830
   at ILGPU.Runtime.ArrayViewExtensions.Allocate1D[T](Accelerator accelerator, T[] data) in d:\users\tj\Projects\SpawnDev.ILGPU\SpawnDev.ILGPU\ILGPU\Runtime\ArrayViewExtensions.cs:line 1801
   at SpawnDev.ILGPU.Demo.Shared.UnitTests.BackendTestBase.<>c.<<HyperbolicTest>b__153_0>d.MoveNext() in d:\users\tj\Projects\SpawnDev.ILGPU\SpawnDev.ILGPU\SpawnDev.ILGPU.Demo.Shared\UnitTests\BackendTestBase.Tests2.cs:line 152
--- End of stack trace from previous location ---
   at SpawnDev.ILGPU.Demo.Shared.UnitTests.BackendTestBase.RunTest(Func`2 testBody) in d:\users\tj\Projects\SpawnDev.ILGPU\SpawnDev.ILGPU\SpawnDev.ILGPU.Demo.Shared\UnitTests\BackendTestBase.cs:line 60
   at SpawnDev.ILGPU.Demo.Shared.UnitTests.BackendTestBase.HyperbolicTest() in d:\users\tj\Projects\SpawnDev.ILGPU\SpawnDev.ILGPU\SpawnDev.ILGPU.Demo.Shared\UnitTests\BackendTestBase.Tests2.cs:line 148
   at SpawnDev.UnitTesting.UnitTestRunner.RunTest(UnitTest test) in d:\users\tj\Projects\SpawnDev.UnitTesting\SpawnDev.UnitTesting\SpawnDev.UnitTesting\UnitTestRunner.cs:line 183
  [Γ£ù] CudaTests.HyperbolicTest (1ms) - ILGPU.Runtime.Cuda.CudaException: an illegal memory access was encountered at CurrentAPI.AllocateMemory(
                        out IntPtr resultPtr,
                        new IntPtr(LengthInBytes))
   at ILGPU.Runtime.Cuda.CudaMemoryBuffer..ctor(CudaAccelerator accelerator, Int64 length, Int32 elementSize) in d:\users\tj\Projects\SpawnDev.ILGPU\SpawnDev.ILGPU\ILGPU\Runtime\Cuda\CudaMemoryBuffer.cs:line 118
   at ILGPU.Runtime.Cuda.CudaAccelerator.AllocateRawInternal(Int64 length, Int32 elementSize) in d:\users\tj\Projects\SpawnDev.ILGPU\SpawnDev.ILGPU\ILGPU\Runtime\Cuda\CudaAccelerator.cs:line 451
   at ILGPU.Runtime.Accelerator.AllocateRaw(Int64 length, Int32 elementSize) in d:\users\tj\Projects\SpawnDev.ILGPU\SpawnDev.ILGPU\ILGPU\Runtime\Accelerator.cs:line 296
   at ILGPU.Runtime.Accelerator.AllocateRaw[T,TExtent,TStrideIndex,TStride](TExtent extent, TStride stride) in d:\users\tj\Projects\SpawnDev.ILGPU\SpawnDev.ILGPU\ILGPU\Runtime\Accelerator.cs:line 335
   at ILGPU.Runtime.Accelerator.Allocate1D[T,TStride](Int64 length, TStride stride) in d:\users\tj\Projects\SpawnDev.ILGPU\SpawnDev.ILGPU\ILGPU\Runtime\Accelerator.Allocations.cs:line 47
   at ILGPU.Runtime.Accelerator.Allocate1D[T](Int64 length) in d:\users\tj\Projects\SpawnDev.ILGPU\SpawnDev.ILGPU\ILGPU\Runtime\Accelerator.Allocations.cs:line 29
   at ILGPU.Runtime.ArrayViewExtensions.Allocate1D[T](Accelerator accelerator, AcceleratorStream stream, T[] data) in d:\users\tj\Projects\SpawnDev.ILGPU\SpawnDev.ILGPU\ILGPU\Runtime\ArrayViewExtensions.cs:line 1830
   at ILGPU.Runtime.ArrayViewExtensions.Allocate1D[T](Accelerator accelerator, T[] data) in d:\users\tj\Projects\SpawnDev.ILGPU\SpawnDev.ILGPU\ILGPU\Runtime\ArrayViewExtensions.cs:line 1801
   at SpawnDev.ILGPU.Demo.Shared.UnitTests.BackendTestBase.<>c.<<HyperbolicTest>b__153_0>d.MoveNext() in d:\users\tj\Projects\SpawnDev.ILGPU\SpawnDev.ILGPU\SpawnDev.ILGPU.Demo.Shared\UnitTests\BackendTestBase.Tests2.cs:line 152
--- End of stack trace from previous location ---
   at SpawnDev.ILGPU.Demo.Shared.UnitTests.BackendTestBase.RunTest(Func`2 testBody) in d:\users\tj\Projects\SpawnDev.ILGPU\SpawnDev.ILGPU\SpawnDev.ILGPU.Demo.Shared\UnitTests\BackendTestBase.cs:line 60
   at SpawnDev.ILGPU.Demo.Shared.UnitTests.BackendTestBase.HyperbolicTest() in d:\users\tj\Projects\SpawnDev.ILGPU\SpawnDev.ILGPU\SpawnDev.ILGPU.Demo.Shared\UnitTests\BackendTestBase.Tests2.cs:line 148
   at SpawnDev.UnitTesting.UnitTestRunner.RunTest(UnitTest test) in d:\users\tj\Projects\SpawnDev.UnitTesting\SpawnDev.UnitTesting\SpawnDev.UnitTesting\UnitTestRunner.cs:line 183
  [Γ£ù] CudaTests.SharedMemoryBarrierTest (1ms) - ILGPU.Runtime.Cuda.CudaException: an illegal memory access was encountered at CurrentAPI.AllocateMemory(
                        out IntPtr resultPtr,
                        new IntPtr(LengthInBytes))
   at ILGPU.Runtime.Cuda.CudaMemoryBuffer..ctor(CudaAccelerator accelerator, Int64 length, Int32 elementSize) in d:\users\tj\Projects\SpawnDev.ILGPU\SpawnDev.ILGPU\ILGPU\Runtime\Cuda\CudaMemoryBuffer.cs:line 118
   at ILGPU.Runtime.Cuda.CudaAccelerator.AllocateRawInternal(Int64 length, Int32 elementSize) in d:\users\tj\Projects\SpawnDev.ILGPU\SpawnDev.ILGPU\ILGPU\Runtime\Cuda\CudaAccelerator.cs:line 451
   at ILGPU.Runtime.Accelerator.AllocateRaw(Int64 length, Int32 elementSize) in d:\users\tj\Projects\SpawnDev.ILGPU\SpawnDev.ILGPU\ILGPU\Runtime\Accelerator.cs:line 296
   at ILGPU.Runtime.Accelerator.AllocateRaw[T,TExtent,TStrideIndex,TStride](TExtent extent, TStride stride) in d:\users\tj\Projects\SpawnDev.ILGPU\SpawnDev.ILGPU\ILGPU\Runtime\Accelerator.cs:line 335
   at ILGPU.Runtime.Accelerator.Allocate1D[T,TStride](Int64 length, TStride stride) in d:\users\tj\Projects\SpawnDev.ILGPU\SpawnDev.ILGPU\ILGPU\Runtime\Accelerator.Allocations.cs:line 47
   at ILGPU.Runtime.Accelerator.Allocate1D[T](Int64 length) in d:\users\tj\Projects\SpawnDev.ILGPU\SpawnDev.ILGPU\ILGPU\Runtime\Accelerator.Allocations.cs:line 29
   at SpawnDev.ILGPU.Demo.Shared.UnitTests.BackendTestBase.<>c.<<SharedMemoryBarrierTest>b__154_0>d.MoveNext() in d:\users\tj\Projects\SpawnDev.ILGPU\SpawnDev.ILGPU\SpawnDev.ILGPU.Demo.Shared\UnitTests\BackendTestBase.Tests2.cs:line 167
--- End of stack trace from previous location ---
   at SpawnDev.ILGPU.Demo.Shared.UnitTests.BackendTestBase.RunTest(Func`2 testBody) in d:\users\tj\Projects\SpawnDev.ILGPU\SpawnDev.ILGPU\SpawnDev.ILGPU.Demo.Shared\UnitTests\BackendTestBase.cs:line 60
   at SpawnDev.ILGPU.Demo.Shared.UnitTests.BackendTestBase.SharedMemoryBarrierTest() in d:\users\tj\Projects\SpawnDev.ILGPU\SpawnDev.ILGPU\SpawnDev.ILGPU.Demo.Shared\UnitTests\BackendTestBase.Tests2.cs:line 164
   at SpawnDev.UnitTesting.UnitTestRunner.RunTest(UnitTest test) in d:\users\tj\Projects\SpawnDev.UnitTesting\SpawnDev.UnitTesting\SpawnDev.UnitTesting\UnitTestRunner.cs:line 183
  [Γ£ù] CudaTests.SharedMemoryBarrierTest (1ms) - ILGPU.Runtime.Cuda.CudaException: an illegal memory access was encountered at CurrentAPI.AllocateMemory(
                        out IntPtr resultPtr,
                        new IntPtr(LengthInBytes))
   at ILGPU.Runtime.Cuda.CudaMemoryBuffer..ctor(CudaAccelerator accelerator, Int64 length, Int32 elementSize) in d:\users\tj\Projects\SpawnDev.ILGPU\SpawnDev.ILGPU\ILGPU\Runtime\Cuda\CudaMemoryBuffer.cs:line 118
   at ILGPU.Runtime.Cuda.CudaAccelerator.AllocateRawInternal(Int64 length, Int32 elementSize) in d:\users\tj\Projects\SpawnDev.ILGPU\SpawnDev.ILGPU\ILGPU\Runtime\Cuda\CudaAccelerator.cs:line 451
   at ILGPU.Runtime.Accelerator.AllocateRaw(Int64 length, Int32 elementSize) in d:\users\tj\Projects\SpawnDev.ILGPU\SpawnDev.ILGPU\ILGPU\Runtime\Accelerator.cs:line 296
   at ILGPU.Runtime.Accelerator.AllocateRaw[T,TExtent,TStrideIndex,TStride](TExtent extent, TStride stride) in d:\users\tj\Projects\SpawnDev.ILGPU\SpawnDev.ILGPU\ILGPU\Runtime\Accelerator.cs:line 335
   at ILGPU.Runtime.Accelerator.Allocate1D[T,TStride](Int64 length, TStride stride) in d:\users\tj\Projects\SpawnDev.ILGPU\SpawnDev.ILGPU\ILGPU\Runtime\Accelerator.Allocations.cs:line 47
   at ILGPU.Runtime.Accelerator.Allocate1D[T](Int64 length) in d:\users\tj\Projects\SpawnDev.ILGPU\SpawnDev.ILGPU\ILGPU\Runtime\Accelerator.Allocations.cs:line 29
   at SpawnDev.ILGPU.Demo.Shared.UnitTests.BackendTestBase.<>c.<<SharedMemoryBarrierTest>b__154_0>d.MoveNext() in d:\users\tj\Projects\SpawnDev.ILGPU\SpawnDev.ILGPU\SpawnDev.ILGPU.Demo.Shared\UnitTests\BackendTestBase.Tests2.cs:line 167
--- End of stack trace from previous location ---
   at SpawnDev.ILGPU.Demo.Shared.UnitTests.BackendTestBase.RunTest(Func`2 testBody) in d:\users\tj\Projects\SpawnDev.ILGPU\SpawnDev.ILGPU\SpawnDev.ILGPU.Demo.Shared\UnitTests\BackendTestBase.cs:line 60
   at SpawnDev.ILGPU.Demo.Shared.UnitTests.BackendTestBase.SharedMemoryBarrierTest() in d:\users\tj\Projects\SpawnDev.ILGPU\SpawnDev.ILGPU\SpawnDev.ILGPU.Demo.Shared\UnitTests\BackendTestBase.Tests2.cs:line 164
   at SpawnDev.UnitTesting.UnitTestRunner.RunTest(UnitTest test) in d:\users\tj\Projects\SpawnDev.UnitTesting\SpawnDev.UnitTesting\SpawnDev.UnitTesting\UnitTestRunner.cs:line 183
  [Γ£ù] CudaTests.SelectTest (1ms) - ILGPU.Runtime.Cuda.CudaException: an illegal memory access was encountered at CurrentAPI.AllocateMemory(
                        out IntPtr resultPtr,
                        new IntPtr(LengthInBytes))
   at ILGPU.Runtime.Cuda.CudaMemoryBuffer..ctor(CudaAccelerator accelerator, Int64 length, Int32 elementSize) in d:\users\tj\Projects\SpawnDev.ILGPU\SpawnDev.ILGPU\ILGPU\Runtime\Cuda\CudaMemoryBuffer.cs:line 118
   at ILGPU.Runtime.Cuda.CudaAccelerator.AllocateRawInternal(Int64 length, Int32 elementSize) in d:\users\tj\Projects\SpawnDev.ILGPU\SpawnDev.ILGPU\ILGPU\Runtime\Cuda\CudaAccelerator.cs:line 451
   at ILGPU.Runtime.Accelerator.AllocateRaw(Int64 length, Int32 elementSize) in d:\users\tj\Projects\SpawnDev.ILGPU\SpawnDev.ILGPU\ILGPU\Runtime\Accelerator.cs:line 296
   at ILGPU.Runtime.Accelerator.AllocateRaw[T,TExtent,TStrideIndex,TStride](TExtent extent, TStride stride) in d:\users\tj\Projects\SpawnDev.ILGPU\SpawnDev.ILGPU\ILGPU\Runtime\Accelerator.cs:line 335
   at ILGPU.Runtime.Accelerator.Allocate1D[T,TStride](Int64 length, TStride stride) in d:\users\tj\Projects\SpawnDev.ILGPU\SpawnDev.ILGPU\ILGPU\Runtime\Accelerator.Allocations.cs:line 47
   at ILGPU.Runtime.Accelerator.Allocate1D[T](Int64 length) in d:\users\tj\Projects\SpawnDev.ILGPU\SpawnDev.ILGPU\ILGPU\Runtime\Accelerator.Allocations.cs:line 29
   at ILGPU.Runtime.ArrayViewExtensions.Allocate1D[T](Accelerator accelerator, AcceleratorStream stream, T[] data) in d:\users\tj\Projects\SpawnDev.ILGPU\SpawnDev.ILGPU\ILGPU\Runtime\ArrayViewExtensions.cs:line 1830
   at ILGPU.Runtime.ArrayViewExtensions.Allocate1D[T](Accelerator accelerator, T[] data) in d:\users\tj\Projects\SpawnDev.ILGPU\SpawnDev.ILGPU\ILGPU\Runtime\ArrayViewExtensions.cs:line 1801
   at SpawnDev.ILGPU.Demo.Shared.UnitTests.BackendTestBase.<>c.<<SelectTest>b__155_0>d.MoveNext() in d:\users\tj\Projects\SpawnDev.ILGPU\SpawnDev.ILGPU\SpawnDev.ILGPU.Demo.Shared\UnitTests\BackendTestBase.Tests2.cs:line 181
--- End of stack trace from previous location ---
   at SpawnDev.ILGPU.Demo.Shared.UnitTests.BackendTestBase.RunTest(Func`2 testBody) in d:\users\tj\Projects\SpawnDev.ILGPU\SpawnDev.ILGPU\SpawnDev.ILGPU.Demo.Shared\UnitTests\BackendTestBase.cs:line 60
   at SpawnDev.ILGPU.Demo.Shared.UnitTests.BackendTestBase.SelectTest() in d:\users\tj\Projects\SpawnDev.ILGPU\SpawnDev.ILGPU\SpawnDev.ILGPU.Demo.Shared\UnitTests\BackendTestBase.Tests2.cs:line 177
   at SpawnDev.UnitTesting.UnitTestRunner.RunTest(UnitTest test) in d:\users\tj\Projects\SpawnDev.UnitTesting\SpawnDev.UnitTesting\SpawnDev.UnitTesting\UnitTestRunner.cs:line 183
  [Γ£ù] CudaTests.SelectTest (1ms) - ILGPU.Runtime.Cuda.CudaException: an illegal memory access was encountered at CurrentAPI.AllocateMemory(
                        out IntPtr resultPtr,
                        new IntPtr(LengthInBytes))
   at ILGPU.Runtime.Cuda.CudaMemoryBuffer..ctor(CudaAccelerator accelerator, Int64 length, Int32 elementSize) in d:\users\tj\Projects\SpawnDev.ILGPU\SpawnDev.ILGPU\ILGPU\Runtime\Cuda\CudaMemoryBuffer.cs:line 118
   at ILGPU.Runtime.Cuda.CudaAccelerator.AllocateRawInternal(Int64 length, Int32 elementSize) in d:\users\tj\Projects\SpawnDev.ILGPU\SpawnDev.ILGPU\ILGPU\Runtime\Cuda\CudaAccelerator.cs:line 451
   at ILGPU.Runtime.Accelerator.AllocateRaw(Int64 length, Int32 elementSize) in d:\users\tj\Projects\SpawnDev.ILGPU\SpawnDev.ILGPU\ILGPU\Runtime\Accelerator.cs:line 296
   at ILGPU.Runtime.Accelerator.AllocateRaw[T,TExtent,TStrideIndex,TStride](TExtent extent, TStride stride) in d:\users\tj\Projects\SpawnDev.ILGPU\SpawnDev.ILGPU\ILGPU\Runtime\Accelerator.cs:line 335
   at ILGPU.Runtime.Accelerator.Allocate1D[T,TStride](Int64 length, TStride stride) in d:\users\tj\Projects\SpawnDev.ILGPU\SpawnDev.ILGPU\ILGPU\Runtime\Accelerator.Allocations.cs:line 47
   at ILGPU.Runtime.Accelerator.Allocate1D[T](Int64 length) in d:\users\tj\Projects\SpawnDev.ILGPU\SpawnDev.ILGPU\ILGPU\Runtime\Accelerator.Allocations.cs:line 29
   at ILGPU.Runtime.ArrayViewExtensions.Allocate1D[T](Accelerator accelerator, AcceleratorStream stream, T[] data) in d:\users\tj\Projects\SpawnDev.ILGPU\SpawnDev.ILGPU\ILGPU\Runtime\ArrayViewExtensions.cs:line 1830
   at ILGPU.Runtime.ArrayViewExtensions.Allocate1D[T](Accelerator accelerator, T[] data) in d:\users\tj\Projects\SpawnDev.ILGPU\SpawnDev.ILGPU\ILGPU\Runtime\ArrayViewExtensions.cs:line 1801
   at SpawnDev.ILGPU.Demo.Shared.UnitTests.BackendTestBase.<>c.<<SelectTest>b__155_0>d.MoveNext() in d:\users\tj\Projects\SpawnDev.ILGPU\SpawnDev.ILGPU\SpawnDev.ILGPU.Demo.Shared\UnitTests\BackendTestBase.Tests2.cs:line 181
--- End of stack trace from previous location ---
   at SpawnDev.ILGPU.Demo.Shared.UnitTests.BackendTestBase.RunTest(Func`2 testBody) in d:\users\tj\Projects\SpawnDev.ILGPU\SpawnDev.ILGPU\SpawnDev.ILGPU.Demo.Shared\UnitTests\BackendTestBase.cs:line 60
   at SpawnDev.ILGPU.Demo.Shared.UnitTests.BackendTestBase.SelectTest() in d:\users\tj\Projects\SpawnDev.ILGPU\SpawnDev.ILGPU\SpawnDev.ILGPU.Demo.Shared\UnitTests\BackendTestBase.Tests2.cs:line 177
   at SpawnDev.UnitTesting.UnitTestRunner.RunTest(UnitTest test) in d:\users\tj\Projects\SpawnDev.UnitTesting\SpawnDev.UnitTesting\SpawnDev.UnitTesting\UnitTestRunner.cs:line 183
  [Γ£ù] CudaTests.LinearBarrierTest (1ms) - ILGPU.Runtime.Cuda.CudaException: an illegal memory access was encountered at CurrentAPI.AllocateMemory(
                        out IntPtr resultPtr,
                        new IntPtr(LengthInBytes))
   at ILGPU.Runtime.Cuda.CudaMemoryBuffer..ctor(CudaAccelerator accelerator, Int64 length, Int32 elementSize) in d:\users\tj\Projects\SpawnDev.ILGPU\SpawnDev.ILGPU\ILGPU\Runtime\Cuda\CudaMemoryBuffer.cs:line 118
   at ILGPU.Runtime.Cuda.CudaAccelerator.AllocateRawInternal(Int64 length, Int32 elementSize) in d:\users\tj\Projects\SpawnDev.ILGPU\SpawnDev.ILGPU\ILGPU\Runtime\Cuda\CudaAccelerator.cs:line 451
   at ILGPU.Runtime.Accelerator.AllocateRaw(Int64 length, Int32 elementSize) in d:\users\tj\Projects\SpawnDev.ILGPU\SpawnDev.ILGPU\ILGPU\Runtime\Accelerator.cs:line 296
   at ILGPU.Runtime.Accelerator.AllocateRaw[T,TExtent,TStrideIndex,TStride](TExtent extent, TStride stride) in d:\users\tj\Projects\SpawnDev.ILGPU\SpawnDev.ILGPU\ILGPU\Runtime\Accelerator.cs:line 335
   at ILGPU.Runtime.Accelerator.Allocate1D[T,TStride](Int64 length, TStride stride) in d:\users\tj\Projects\SpawnDev.ILGPU\SpawnDev.ILGPU\ILGPU\Runtime\Accelerator.Allocations.cs:line 47
   at ILGPU.Runtime.Accelerator.Allocate1D[T](Int64 length) in d:\users\tj\Projects\SpawnDev.ILGPU\SpawnDev.ILGPU\ILGPU\Runtime\Accelerator.Allocations.cs:line 29
   at SpawnDev.ILGPU.Demo.Shared.UnitTests.BackendTestBase.<>c.<<LinearBarrierTest>b__156_0>d.MoveNext() in d:\users\tj\Projects\SpawnDev.ILGPU\SpawnDev.ILGPU\SpawnDev.ILGPU.Demo.Shared\UnitTests\BackendTestBase.Tests2.cs:line 198
--- End of stack trace from previous location ---
   at SpawnDev.ILGPU.Demo.Shared.UnitTests.BackendTestBase.RunTest(Func`2 testBody) in d:\users\tj\Projects\SpawnDev.ILGPU\SpawnDev.ILGPU\SpawnDev.ILGPU.Demo.Shared\UnitTests\BackendTestBase.cs:line 60
   at SpawnDev.ILGPU.Demo.Shared.UnitTests.BackendTestBase.LinearBarrierTest() in d:\users\tj\Projects\SpawnDev.ILGPU\SpawnDev.ILGPU\SpawnDev.ILGPU.Demo.Shared\UnitTests\BackendTestBase.Tests2.cs:line 195
   at SpawnDev.UnitTesting.UnitTestRunner.RunTest(UnitTest test) in d:\users\tj\Projects\SpawnDev.UnitTesting\SpawnDev.UnitTesting\SpawnDev.UnitTesting\UnitTestRunner.cs:line 183
  [Γ£ù] CudaTests.LinearBarrierTest (1ms) - ILGPU.Runtime.Cuda.CudaException: an illegal memory access was encountered at CurrentAPI.AllocateMemory(
                        out IntPtr resultPtr,
                        new IntPtr(LengthInBytes))
   at ILGPU.Runtime.Cuda.CudaMemoryBuffer..ctor(CudaAccelerator accelerator, Int64 length, Int32 elementSize) in d:\users\tj\Projects\SpawnDev.ILGPU\SpawnDev.ILGPU\ILGPU\Runtime\Cuda\CudaMemoryBuffer.cs:line 118
   at ILGPU.Runtime.Cuda.CudaAccelerator.AllocateRawInternal(Int64 length, Int32 elementSize) in d:\users\tj\Projects\SpawnDev.ILGPU\SpawnDev.ILGPU\ILGPU\Runtime\Cuda\CudaAccelerator.cs:line 451
   at ILGPU.Runtime.Accelerator.AllocateRaw(Int64 length, Int32 elementSize) in d:\users\tj\Projects\SpawnDev.ILGPU\SpawnDev.ILGPU\ILGPU\Runtime\Accelerator.cs:line 296
   at ILGPU.Runtime.Accelerator.AllocateRaw[T,TExtent,TStrideIndex,TStride](TExtent extent, TStride stride) in d:\users\tj\Projects\SpawnDev.ILGPU\SpawnDev.ILGPU\ILGPU\Runtime\Accelerator.cs:line 335
   at ILGPU.Runtime.Accelerator.Allocate1D[T,TStride](Int64 length, TStride stride) in d:\users\tj\Projects\SpawnDev.ILGPU\SpawnDev.ILGPU\ILGPU\Runtime\Accelerator.Allocations.cs:line 47
   at ILGPU.Runtime.Accelerator.Allocate1D[T](Int64 length) in d:\users\tj\Projects\SpawnDev.ILGPU\SpawnDev.ILGPU\ILGPU\Runtime\Accelerator.Allocations.cs:line 29
   at SpawnDev.ILGPU.Demo.Shared.UnitTests.BackendTestBase.<>c.<<LinearBarrierTest>b__156_0>d.MoveNext() in d:\users\tj\Projects\SpawnDev.ILGPU\SpawnDev.ILGPU\SpawnDev.ILGPU.Demo.Shared\UnitTests\BackendTestBase.Tests2.cs:line 198
--- End of stack trace from previous location ---
   at SpawnDev.ILGPU.Demo.Shared.UnitTests.BackendTestBase.RunTest(Func`2 testBody) in d:\users\tj\Projects\SpawnDev.ILGPU\SpawnDev.ILGPU\SpawnDev.ILGPU.Demo.Shared\UnitTests\BackendTestBase.cs:line 60
   at SpawnDev.ILGPU.Demo.Shared.UnitTests.BackendTestBase.LinearBarrierTest() in d:\users\tj\Projects\SpawnDev.ILGPU\SpawnDev.ILGPU\SpawnDev.ILGPU.Demo.Shared\UnitTests\BackendTestBase.Tests2.cs:line 195
   at SpawnDev.UnitTesting.UnitTestRunner.RunTest(UnitTest test) in d:\users\tj\Projects\SpawnDev.UnitTesting\SpawnDev.UnitTesting\SpawnDev.UnitTesting\UnitTestRunner.cs:line 183
  [Γ£ù] CudaTests.AdvancedMathTest (2ms) - ILGPU.Runtime.Cuda.CudaException: an illegal memory access was encountered at CurrentAPI.AllocateMemory(
                        out IntPtr resultPtr,
                        new IntPtr(LengthInBytes))
   at ILGPU.Runtime.Cuda.CudaMemoryBuffer..ctor(CudaAccelerator accelerator, Int64 length, Int32 elementSize) in d:\users\tj\Projects\SpawnDev.ILGPU\SpawnDev.ILGPU\ILGPU\Runtime\Cuda\CudaMemoryBuffer.cs:line 118
   at ILGPU.Runtime.Cuda.CudaAccelerator.AllocateRawInternal(Int64 length, Int32 elementSize) in d:\users\tj\Projects\SpawnDev.ILGPU\SpawnDev.ILGPU\ILGPU\Runtime\Cuda\CudaAccelerator.cs:line 451
   at ILGPU.Runtime.Accelerator.AllocateRaw(Int64 length, Int32 elementSize) in d:\users\tj\Projects\SpawnDev.ILGPU\SpawnDev.ILGPU\ILGPU\Runtime\Accelerator.cs:line 296
   at ILGPU.Runtime.Accelerator.AllocateRaw[T,TExtent,TStrideIndex,TStride](TExtent extent, TStride stride) in d:\users\tj\Projects\SpawnDev.ILGPU\SpawnDev.ILGPU\ILGPU\Runtime\Accelerator.cs:line 335
   at ILGPU.Runtime.Accelerator.Allocate1D[T,TStride](Int64 length, TStride stride) in d:\users\tj\Projects\SpawnDev.ILGPU\SpawnDev.ILGPU\ILGPU\Runtime\Accelerator.Allocations.cs:line 47
   at ILGPU.Runtime.Accelerator.Allocate1D[T](Int64 length) in d:\users\tj\Projects\SpawnDev.ILGPU\SpawnDev.ILGPU\ILGPU\Runtime\Accelerator.Allocations.cs:line 29
   at ILGPU.Runtime.ArrayViewExtensions.Allocate1D[T](Accelerator accelerator, AcceleratorStream stream, T[] data) in d:\users\tj\Projects\SpawnDev.ILGPU\SpawnDev.ILGPU\ILGPU\Runtime\ArrayViewExtensions.cs:line 1830
   at ILGPU.Runtime.ArrayViewExtensions.Allocate1D[T](Accelerator accelerator, T[] data) in d:\users\tj\Projects\SpawnDev.ILGPU\SpawnDev.ILGPU\ILGPU\Runtime\ArrayViewExtensions.cs:line 1801
   at SpawnDev.ILGPU.Demo.Shared.UnitTests.BackendTestBase.<>c.<<AdvancedMathTest>b__157_0>d.MoveNext() in d:\users\tj\Projects\SpawnDev.ILGPU\SpawnDev.ILGPU\SpawnDev.ILGPU.Demo.Shared\UnitTests\BackendTestBase.Tests2.cs:line 212
--- End of stack trace from previous location ---
   at SpawnDev.ILGPU.Demo.Shared.UnitTests.BackendTestBase.RunTest(Func`2 testBody) in d:\users\tj\Projects\SpawnDev.ILGPU\SpawnDev.ILGPU\SpawnDev.ILGPU.Demo.Shared\UnitTests\BackendTestBase.cs:line 60
   at SpawnDev.ILGPU.Demo.Shared.UnitTests.BackendTestBase.AdvancedMathTest() in d:\users\tj\Projects\SpawnDev.ILGPU\SpawnDev.ILGPU\SpawnDev.ILGPU.Demo.Shared\UnitTests\BackendTestBase.Tests2.cs:line 208
   at SpawnDev.UnitTesting.UnitTestRunner.RunTest(UnitTest test) in d:\users\tj\Projects\SpawnDev.UnitTesting\SpawnDev.UnitTesting\SpawnDev.UnitTesting\UnitTestRunner.cs:line 183
  [Γ£ù] CudaTests.AdvancedMathTest (2ms) - ILGPU.Runtime.Cuda.CudaException: an illegal memory access was encountered at CurrentAPI.AllocateMemory(
                        out IntPtr resultPtr,
                        new IntPtr(LengthInBytes))
   at ILGPU.Runtime.Cuda.CudaMemoryBuffer..ctor(CudaAccelerator accelerator, Int64 length, Int32 elementSize) in d:\users\tj\Projects\SpawnDev.ILGPU\SpawnDev.ILGPU\ILGPU\Runtime\Cuda\CudaMemoryBuffer.cs:line 118
   at ILGPU.Runtime.Cuda.CudaAccelerator.AllocateRawInternal(Int64 length, Int32 elementSize) in d:\users\tj\Projects\SpawnDev.ILGPU\SpawnDev.ILGPU\ILGPU\Runtime\Cuda\CudaAccelerator.cs:line 451
   at ILGPU.Runtime.Accelerator.AllocateRaw(Int64 length, Int32 elementSize) in d:\users\tj\Projects\SpawnDev.ILGPU\SpawnDev.ILGPU\ILGPU\Runtime\Accelerator.cs:line 296
   at ILGPU.Runtime.Accelerator.AllocateRaw[T,TExtent,TStrideIndex,TStride](TExtent extent, TStride stride) in d:\users\tj\Projects\SpawnDev.ILGPU\SpawnDev.ILGPU\ILGPU\Runtime\Accelerator.cs:line 335
   at ILGPU.Runtime.Accelerator.Allocate1D[T,TStride](Int64 length, TStride stride) in d:\users\tj\Projects\SpawnDev.ILGPU\SpawnDev.ILGPU\ILGPU\Runtime\Accelerator.Allocations.cs:line 47
   at ILGPU.Runtime.Accelerator.Allocate1D[T](Int64 length) in d:\users\tj\Projects\SpawnDev.ILGPU\SpawnDev.ILGPU\ILGPU\Runtime\Accelerator.Allocations.cs:line 29
   at ILGPU.Runtime.ArrayViewExtensions.Allocate1D[T](Accelerator accelerator, AcceleratorStream stream, T[] data) in d:\users\tj\Projects\SpawnDev.ILGPU\SpawnDev.ILGPU\ILGPU\Runtime\ArrayViewExtensions.cs:line 1830
   at ILGPU.Runtime.ArrayViewExtensions.Allocate1D[T](Accelerator accelerator, T[] data) in d:\users\tj\Projects\SpawnDev.ILGPU\SpawnDev.ILGPU\ILGPU\Runtime\ArrayViewExtensions.cs:line 1801
   at SpawnDev.ILGPU.Demo.Shared.UnitTests.BackendTestBase.<>c.<<AdvancedMathTest>b__157_0>d.MoveNext() in d:\users\tj\Projects\SpawnDev.ILGPU\SpawnDev.ILGPU\SpawnDev.ILGPU.Demo.Shared\UnitTests\BackendTestBase.Tests2.cs:line 212
--- End of stack trace from previous location ---
   at SpawnDev.ILGPU.Demo.Shared.UnitTests.BackendTestBase.RunTest(Func`2 testBody) in d:\users\tj\Projects\SpawnDev.ILGPU\SpawnDev.ILGPU\SpawnDev.ILGPU.Demo.Shared\UnitTests\BackendTestBase.cs:line 60
   at SpawnDev.ILGPU.Demo.Shared.UnitTests.BackendTestBase.AdvancedMathTest() in d:\users\tj\Projects\SpawnDev.ILGPU\SpawnDev.ILGPU\SpawnDev.ILGPU.Demo.Shared\UnitTests\BackendTestBase.Tests2.cs:line 208
   at SpawnDev.UnitTesting.UnitTestRunner.RunTest(UnitTest test) in d:\users\tj\Projects\SpawnDev.UnitTesting\SpawnDev.UnitTesting\SpawnDev.UnitTesting\UnitTestRunner.cs:line 183
  [Γ£ù] CudaTests.BitwiseTest (1ms) - ILGPU.Runtime.Cuda.CudaException: an illegal memory access was encountered at CurrentAPI.AllocateMemory(
                        out IntPtr resultPtr,
                        new IntPtr(LengthInBytes))
   at ILGPU.Runtime.Cuda.CudaMemoryBuffer..ctor(CudaAccelerator accelerator, Int64 length, Int32 elementSize) in d:\users\tj\Projects\SpawnDev.ILGPU\SpawnDev.ILGPU\ILGPU\Runtime\Cuda\CudaMemoryBuffer.cs:line 118
   at ILGPU.Runtime.Cuda.CudaAccelerator.AllocateRawInternal(Int64 length, Int32 elementSize) in d:\users\tj\Projects\SpawnDev.ILGPU\SpawnDev.ILGPU\ILGPU\Runtime\Cuda\CudaAccelerator.cs:line 451
   at ILGPU.Runtime.Accelerator.AllocateRaw(Int64 length, Int32 elementSize) in d:\users\tj\Projects\SpawnDev.ILGPU\SpawnDev.ILGPU\ILGPU\Runtime\Accelerator.cs:line 296
   at ILGPU.Runtime.Accelerator.AllocateRaw[T,TExtent,TStrideIndex,TStride](TExtent extent, TStride stride) in d:\users\tj\Projects\SpawnDev.ILGPU\SpawnDev.ILGPU\ILGPU\Runtime\Accelerator.cs:line 335
   at ILGPU.Runtime.Accelerator.Allocate1D[T,TStride](Int64 length, TStride stride) in d:\users\tj\Projects\SpawnDev.ILGPU\SpawnDev.ILGPU\ILGPU\Runtime\Accelerator.Allocations.cs:line 47
   at ILGPU.Runtime.Accelerator.Allocate1D[T](Int64 length) in d:\users\tj\Projects\SpawnDev.ILGPU\SpawnDev.ILGPU\ILGPU\Runtime\Accelerator.Allocations.cs:line 29
   at ILGPU.Runtime.ArrayViewExtensions.Allocate1D[T](Accelerator accelerator, AcceleratorStream stream, T[] data) in d:\users\tj\Projects\SpawnDev.ILGPU\SpawnDev.ILGPU\ILGPU\Runtime\ArrayViewExtensions.cs:line 1830
   at ILGPU.Runtime.ArrayViewExtensions.Allocate1D[T](Accelerator accelerator, T[] data) in d:\users\tj\Projects\SpawnDev.ILGPU\SpawnDev.ILGPU\ILGPU\Runtime\ArrayViewExtensions.cs:line 1801
   at SpawnDev.ILGPU.Demo.Shared.UnitTests.BackendTestBase.<>c.<<BitwiseTest>b__158_0>d.MoveNext() in d:\users\tj\Projects\SpawnDev.ILGPU\SpawnDev.ILGPU\SpawnDev.ILGPU.Demo.Shared\UnitTests\BackendTestBase.Tests2.cs:line 232
--- End of stack trace from previous location ---
   at SpawnDev.ILGPU.Demo.Shared.UnitTests.BackendTestBase.RunTest(Func`2 testBody) in d:\users\tj\Projects\SpawnDev.ILGPU\SpawnDev.ILGPU\SpawnDev.ILGPU.Demo.Shared\UnitTests\BackendTestBase.cs:line 60
   at SpawnDev.ILGPU.Demo.Shared.UnitTests.BackendTestBase.BitwiseTest() in d:\users\tj\Projects\SpawnDev.ILGPU\SpawnDev.ILGPU\SpawnDev.ILGPU.Demo.Shared\UnitTests\BackendTestBase.Tests2.cs:line 228
   at SpawnDev.UnitTesting.UnitTestRunner.RunTest(UnitTest test) in d:\users\tj\Projects\SpawnDev.UnitTesting\SpawnDev.UnitTesting\SpawnDev.UnitTesting\UnitTestRunner.cs:line 183
  [Γ£ù] CudaTests.BitwiseTest (1ms) - ILGPU.Runtime.Cuda.CudaException: an illegal memory access was encountered at CurrentAPI.AllocateMemory(
                        out IntPtr resultPtr,
                        new IntPtr(LengthInBytes))
   at ILGPU.Runtime.Cuda.CudaMemoryBuffer..ctor(CudaAccelerator accelerator, Int64 length, Int32 elementSize) in d:\users\tj\Projects\SpawnDev.ILGPU\SpawnDev.ILGPU\ILGPU\Runtime\Cuda\CudaMemoryBuffer.cs:line 118
   at ILGPU.Runtime.Cuda.CudaAccelerator.AllocateRawInternal(Int64 length, Int32 elementSize) in d:\users\tj\Projects\SpawnDev.ILGPU\SpawnDev.ILGPU\ILGPU\Runtime\Cuda\CudaAccelerator.cs:line 451
   at ILGPU.Runtime.Accelerator.AllocateRaw(Int64 length, Int32 elementSize) in d:\users\tj\Projects\SpawnDev.ILGPU\SpawnDev.ILGPU\ILGPU\Runtime\Accelerator.cs:line 296
   at ILGPU.Runtime.Accelerator.AllocateRaw[T,TExtent,TStrideIndex,TStride](TExtent extent, TStride stride) in d:\users\tj\Projects\SpawnDev.ILGPU\SpawnDev.ILGPU\ILGPU\Runtime\Accelerator.cs:line 335
   at ILGPU.Runtime.Accelerator.Allocate1D[T,TStride](Int64 length, TStride stride) in d:\users\tj\Projects\SpawnDev.ILGPU\SpawnDev.ILGPU\ILGPU\Runtime\Accelerator.Allocations.cs:line 47
   at ILGPU.Runtime.Accelerator.Allocate1D[T](Int64 length) in d:\users\tj\Projects\SpawnDev.ILGPU\SpawnDev.ILGPU\ILGPU\Runtime\Accelerator.Allocations.cs:line 29
   at ILGPU.Runtime.ArrayViewExtensions.Allocate1D[T](Accelerator accelerator, AcceleratorStream stream, T[] data) in d:\users\tj\Projects\SpawnDev.ILGPU\SpawnDev.ILGPU\ILGPU\Runtime\ArrayViewExtensions.cs:line 1830
   at ILGPU.Runtime.ArrayViewExtensions.Allocate1D[T](Accelerator accelerator, T[] data) in d:\users\tj\Projects\SpawnDev.ILGPU\SpawnDev.ILGPU\ILGPU\Runtime\ArrayViewExtensions.cs:line 1801
   at SpawnDev.ILGPU.Demo.Shared.UnitTests.BackendTestBase.<>c.<<BitwiseTest>b__158_0>d.MoveNext() in d:\users\tj\Projects\SpawnDev.ILGPU\SpawnDev.ILGPU\SpawnDev.ILGPU.Demo.Shared\UnitTests\BackendTestBase.Tests2.cs:line 232
--- End of stack trace from previous location ---
   at SpawnDev.ILGPU.Demo.Shared.UnitTests.BackendTestBase.RunTest(Func`2 testBody) in d:\users\tj\Projects\SpawnDev.ILGPU\SpawnDev.ILGPU\SpawnDev.ILGPU.Demo.Shared\UnitTests\BackendTestBase.cs:line 60
   at SpawnDev.ILGPU.Demo.Shared.UnitTests.BackendTestBase.BitwiseTest() in d:\users\tj\Projects\SpawnDev.ILGPU\SpawnDev.ILGPU\SpawnDev.ILGPU.Demo.Shared\UnitTests\BackendTestBase.Tests2.cs:line 228
   at SpawnDev.UnitTesting.UnitTestRunner.RunTest(UnitTest test) in d:\users\tj\Projects\SpawnDev.UnitTesting\SpawnDev.UnitTesting\SpawnDev.UnitTesting\UnitTestRunner.cs:line 183
  [Γ£ù] CudaTests.InverseTrigTest (1ms) - ILGPU.Runtime.Cuda.CudaException: an illegal memory access was encountered at CurrentAPI.AllocateMemory(
                        out IntPtr resultPtr,
                        new IntPtr(LengthInBytes))
   at ILGPU.Runtime.Cuda.CudaMemoryBuffer..ctor(CudaAccelerator accelerator, Int64 length, Int32 elementSize) in d:\users\tj\Projects\SpawnDev.ILGPU\SpawnDev.ILGPU\ILGPU\Runtime\Cuda\CudaMemoryBuffer.cs:line 118
   at ILGPU.Runtime.Cuda.CudaAccelerator.AllocateRawInternal(Int64 length, Int32 elementSize) in d:\users\tj\Projects\SpawnDev.ILGPU\SpawnDev.ILGPU\ILGPU\Runtime\Cuda\CudaAccelerator.cs:line 451
   at ILGPU.Runtime.Accelerator.AllocateRaw(Int64 length, Int32 elementSize) in d:\users\tj\Projects\SpawnDev.ILGPU\SpawnDev.ILGPU\ILGPU\Runtime\Accelerator.cs:line 296
   at ILGPU.Runtime.Accelerator.AllocateRaw[T,TExtent,TStrideIndex,TStride](TExtent extent, TStride stride) in d:\users\tj\Projects\SpawnDev.ILGPU\SpawnDev.ILGPU\ILGPU\Runtime\Accelerator.cs:line 335
   at ILGPU.Runtime.Accelerator.Allocate1D[T,TStride](Int64 length, TStride stride) in d:\users\tj\Projects\SpawnDev.ILGPU\SpawnDev.ILGPU\ILGPU\Runtime\Accelerator.Allocations.cs:line 47
   at ILGPU.Runtime.Accelerator.Allocate1D[T](Int64 length) in d:\users\tj\Projects\SpawnDev.ILGPU\SpawnDev.ILGPU\ILGPU\Runtime\Accelerator.Allocations.cs:line 29
   at ILGPU.Runtime.ArrayViewExtensions.Allocate1D[T](Accelerator accelerator, AcceleratorStream stream, T[] data) in d:\users\tj\Projects\SpawnDev.ILGPU\SpawnDev.ILGPU\ILGPU\Runtime\ArrayViewExtensions.cs:line 1830
   at ILGPU.Runtime.ArrayViewExtensions.Allocate1D[T](Accelerator accelerator, T[] data) in d:\users\tj\Projects\SpawnDev.ILGPU\SpawnDev.ILGPU\ILGPU\Runtime\ArrayViewExtensions.cs:line 1801
   at SpawnDev.ILGPU.Demo.Shared.UnitTests.BackendTestBase.<>c.<<InverseTrigTest>b__159_0>d.MoveNext() in d:\users\tj\Projects\SpawnDev.ILGPU\SpawnDev.ILGPU\SpawnDev.ILGPU.Demo.Shared\UnitTests\BackendTestBase.Tests2.cs:line 250
--- End of stack trace from previous location ---
   at SpawnDev.ILGPU.Demo.Shared.UnitTests.BackendTestBase.RunTest(Func`2 testBody) in d:\users\tj\Projects\SpawnDev.ILGPU\SpawnDev.ILGPU\SpawnDev.ILGPU.Demo.Shared\UnitTests\BackendTestBase.cs:line 60
   at SpawnDev.ILGPU.Demo.Shared.UnitTests.BackendTestBase.InverseTrigTest() in d:\users\tj\Projects\SpawnDev.ILGPU\SpawnDev.ILGPU\SpawnDev.ILGPU.Demo.Shared\UnitTests\BackendTestBase.Tests2.cs:line 246
   at SpawnDev.UnitTesting.UnitTestRunner.RunTest(UnitTest test) in d:\users\tj\Projects\SpawnDev.UnitTesting\SpawnDev.UnitTesting\SpawnDev.UnitTesting\UnitTestRunner.cs:line 183
  [Γ£ù] CudaTests.InverseTrigTest (1ms) - ILGPU.Runtime.Cuda.CudaException: an illegal memory access was encountered at CurrentAPI.AllocateMemory(
                        out IntPtr resultPtr,
                        new IntPtr(LengthInBytes))
   at ILGPU.Runtime.Cuda.CudaMemoryBuffer..ctor(CudaAccelerator accelerator, Int64 length, Int32 elementSize) in d:\users\tj\Projects\SpawnDev.ILGPU\SpawnDev.ILGPU\ILGPU\Runtime\Cuda\CudaMemoryBuffer.cs:line 118
   at ILGPU.Runtime.Cuda.CudaAccelerator.AllocateRawInternal(Int64 length, Int32 elementSize) in d:\users\tj\Projects\SpawnDev.ILGPU\SpawnDev.ILGPU\ILGPU\Runtime\Cuda\CudaAccelerator.cs:line 451
   at ILGPU.Runtime.Accelerator.AllocateRaw(Int64 length, Int32 elementSize) in d:\users\tj\Projects\SpawnDev.ILGPU\SpawnDev.ILGPU\ILGPU\Runtime\Accelerator.cs:line 296
   at ILGPU.Runtime.Accelerator.AllocateRaw[T,TExtent,TStrideIndex,TStride](TExtent extent, TStride stride) in d:\users\tj\Projects\SpawnDev.ILGPU\SpawnDev.ILGPU\ILGPU\Runtime\Accelerator.cs:line 335
   at ILGPU.Runtime.Accelerator.Allocate1D[T,TStride](Int64 length, TStride stride) in d:\users\tj\Projects\SpawnDev.ILGPU\SpawnDev.ILGPU\ILGPU\Runtime\Accelerator.Allocations.cs:line 47
   at ILGPU.Runtime.Accelerator.Allocate1D[T](Int64 length) in d:\users\tj\Projects\SpawnDev.ILGPU\SpawnDev.ILGPU\ILGPU\Runtime\Accelerator.Allocations.cs:line 29
   at ILGPU.Runtime.ArrayViewExtensions.Allocate1D[T](Accelerator accelerator, AcceleratorStream stream, T[] data) in d:\users\tj\Projects\SpawnDev.ILGPU\SpawnDev.ILGPU\ILGPU\Runtime\ArrayViewExtensions.cs:line 1830
   at ILGPU.Runtime.ArrayViewExtensions.Allocate1D[T](Accelerator accelerator, T[] data) in d:\users\tj\Projects\SpawnDev.ILGPU\SpawnDev.ILGPU\ILGPU\Runtime\ArrayViewExtensions.cs:line 1801
   at SpawnDev.ILGPU.Demo.Shared.UnitTests.BackendTestBase.<>c.<<InverseTrigTest>b__159_0>d.MoveNext() in d:\users\tj\Projects\SpawnDev.ILGPU\SpawnDev.ILGPU\SpawnDev.ILGPU.Demo.Shared\UnitTests\BackendTestBase.Tests2.cs:line 250
--- End of stack trace from previous location ---
   at SpawnDev.ILGPU.Demo.Shared.UnitTests.BackendTestBase.RunTest(Func`2 testBody) in d:\users\tj\Projects\SpawnDev.ILGPU\SpawnDev.ILGPU\SpawnDev.ILGPU.Demo.Shared\UnitTests\BackendTestBase.cs:line 60
   at SpawnDev.ILGPU.Demo.Shared.UnitTests.BackendTestBase.InverseTrigTest() in d:\users\tj\Projects\SpawnDev.ILGPU\SpawnDev.ILGPU\SpawnDev.ILGPU.Demo.Shared\UnitTests\BackendTestBase.Tests2.cs:line 246
   at SpawnDev.UnitTesting.UnitTestRunner.RunTest(UnitTest test) in d:\users\tj\Projects\SpawnDev.UnitTesting\SpawnDev.UnitTesting\SpawnDev.UnitTesting\UnitTestRunner.cs:line 183
  [Γ£ù] CudaTests.LargeBufferTest (1ms) - ILGPU.Runtime.Cuda.CudaException: an illegal memory access was encountered at CurrentAPI.AllocateMemory(
                        out IntPtr resultPtr,
                        new IntPtr(LengthInBytes))
   at ILGPU.Runtime.Cuda.CudaMemoryBuffer..ctor(CudaAccelerator accelerator, Int64 length, Int32 elementSize) in d:\users\tj\Projects\SpawnDev.ILGPU\SpawnDev.ILGPU\ILGPU\Runtime\Cuda\CudaMemoryBuffer.cs:line 118
   at ILGPU.Runtime.Cuda.CudaAccelerator.AllocateRawInternal(Int64 length, Int32 elementSize) in d:\users\tj\Projects\SpawnDev.ILGPU\SpawnDev.ILGPU\ILGPU\Runtime\Cuda\CudaAccelerator.cs:line 451
   at ILGPU.Runtime.Accelerator.AllocateRaw(Int64 length, Int32 elementSize) in d:\users\tj\Projects\SpawnDev.ILGPU\SpawnDev.ILGPU\ILGPU\Runtime\Accelerator.cs:line 296
   at ILGPU.Runtime.Accelerator.AllocateRaw[T,TExtent,TStrideIndex,TStride](TExtent extent, TStride stride) in d:\users\tj\Projects\SpawnDev.ILGPU\SpawnDev.ILGPU\ILGPU\Runtime\Accelerator.cs:line 335
   at ILGPU.Runtime.Accelerator.Allocate1D[T,TStride](Int64 length, TStride stride) in d:\users\tj\Projects\SpawnDev.ILGPU\SpawnDev.ILGPU\ILGPU\Runtime\Accelerator.Allocations.cs:line 47
   at ILGPU.Runtime.Accelerator.Allocate1D[T](Int64 length) in d:\users\tj\Projects\SpawnDev.ILGPU\SpawnDev.ILGPU\ILGPU\Runtime\Accelerator.Allocations.cs:line 29
   at ILGPU.Runtime.ArrayViewExtensions.Allocate1D[T](Accelerator accelerator, AcceleratorStream stream, T[] data) in d:\users\tj\Projects\SpawnDev.ILGPU\SpawnDev.ILGPU\ILGPU\Runtime\ArrayViewExtensions.cs:line 1830
   at ILGPU.Runtime.ArrayViewExtensions.Allocate1D[T](Accelerator accelerator, T[] data) in d:\users\tj\Projects\SpawnDev.ILGPU\SpawnDev.ILGPU\ILGPU\Runtime\ArrayViewExtensions.cs:line 1801
   at SpawnDev.ILGPU.Demo.Shared.UnitTests.BackendTestBase.<>c.<<LargeBufferTest>b__160_0>d.MoveNext() in d:\users\tj\Projects\SpawnDev.ILGPU\SpawnDev.ILGPU\SpawnDev.ILGPU.Demo.Shared\UnitTests\BackendTestBase.Tests2.cs:line 266
--- End of stack trace from previous location ---
   at SpawnDev.ILGPU.Demo.Shared.UnitTests.BackendTestBase.RunTest(Func`2 testBody) in d:\users\tj\Projects\SpawnDev.ILGPU\SpawnDev.ILGPU\SpawnDev.ILGPU.Demo.Shared\UnitTests\BackendTestBase.cs:line 60
   at SpawnDev.ILGPU.Demo.Shared.UnitTests.BackendTestBase.LargeBufferTest() in d:\users\tj\Projects\SpawnDev.ILGPU\SpawnDev.ILGPU\SpawnDev.ILGPU.Demo.Shared\UnitTests\BackendTestBase.Tests2.cs:line 262
   at SpawnDev.UnitTesting.UnitTestRunner.RunTest(UnitTest test) in d:\users\tj\Projects\SpawnDev.UnitTesting\SpawnDev.UnitTesting\SpawnDev.UnitTesting\UnitTestRunner.cs:line 183
  [Γ£ù] CudaTests.LargeBufferTest (1ms) - ILGPU.Runtime.Cuda.CudaException: an illegal memory access was encountered at CurrentAPI.AllocateMemory(
                        out IntPtr resultPtr,
                        new IntPtr(LengthInBytes))
   at ILGPU.Runtime.Cuda.CudaMemoryBuffer..ctor(CudaAccelerator accelerator, Int64 length, Int32 elementSize) in d:\users\tj\Projects\SpawnDev.ILGPU\SpawnDev.ILGPU\ILGPU\Runtime\Cuda\CudaMemoryBuffer.cs:line 118
   at ILGPU.Runtime.Cuda.CudaAccelerator.AllocateRawInternal(Int64 length, Int32 elementSize) in d:\users\tj\Projects\SpawnDev.ILGPU\SpawnDev.ILGPU\ILGPU\Runtime\Cuda\CudaAccelerator.cs:line 451
   at ILGPU.Runtime.Accelerator.AllocateRaw(Int64 length, Int32 elementSize) in d:\users\tj\Projects\SpawnDev.ILGPU\SpawnDev.ILGPU\ILGPU\Runtime\Accelerator.cs:line 296
   at ILGPU.Runtime.Accelerator.AllocateRaw[T,TExtent,TStrideIndex,TStride](TExtent extent, TStride stride) in d:\users\tj\Projects\SpawnDev.ILGPU\SpawnDev.ILGPU\ILGPU\Runtime\Accelerator.cs:line 335
   at ILGPU.Runtime.Accelerator.Allocate1D[T,TStride](Int64 length, TStride stride) in d:\users\tj\Projects\SpawnDev.ILGPU\SpawnDev.ILGPU\ILGPU\Runtime\Accelerator.Allocations.cs:line 47
   at ILGPU.Runtime.Accelerator.Allocate1D[T](Int64 length) in d:\users\tj\Projects\SpawnDev.ILGPU\SpawnDev.ILGPU\ILGPU\Runtime\Accelerator.Allocations.cs:line 29
   at ILGPU.Runtime.ArrayViewExtensions.Allocate1D[T](Accelerator accelerator, AcceleratorStream stream, T[] data) in d:\users\tj\Projects\SpawnDev.ILGPU\SpawnDev.ILGPU\ILGPU\Runtime\ArrayViewExtensions.cs:line 1830
   at ILGPU.Runtime.ArrayViewExtensions.Allocate1D[T](Accelerator accelerator, T[] data) in d:\users\tj\Projects\SpawnDev.ILGPU\SpawnDev.ILGPU\ILGPU\Runtime\ArrayViewExtensions.cs:line 1801
   at SpawnDev.ILGPU.Demo.Shared.UnitTests.BackendTestBase.<>c.<<LargeBufferTest>b__160_0>d.MoveNext() in d:\users\tj\Projects\SpawnDev.ILGPU\SpawnDev.ILGPU\SpawnDev.ILGPU.Demo.Shared\UnitTests\BackendTestBase.Tests2.cs:line 266
--- End of stack trace from previous location ---
   at SpawnDev.ILGPU.Demo.Shared.UnitTests.BackendTestBase.RunTest(Func`2 testBody) in d:\users\tj\Projects\SpawnDev.ILGPU\SpawnDev.ILGPU\SpawnDev.ILGPU.Demo.Shared\UnitTests\BackendTestBase.cs:line 60
   at SpawnDev.ILGPU.Demo.Shared.UnitTests.BackendTestBase.LargeBufferTest() in d:\users\tj\Projects\SpawnDev.ILGPU\SpawnDev.ILGPU\SpawnDev.ILGPU.Demo.Shared\UnitTests\BackendTestBase.Tests2.cs:line 262
   at SpawnDev.UnitTesting.UnitTestRunner.RunTest(UnitTest test) in d:\users\tj\Projects\SpawnDev.UnitTesting\SpawnDev.UnitTesting\SpawnDev.UnitTesting\UnitTestRunner.cs:line 183
  [Γ£ù] CudaTests.SequentialKernelTest (6ms) - ILGPU.Runtime.Cuda.CudaException: an illegal memory access was encountered at CurrentAPI.AllocateMemory(
                        out IntPtr resultPtr,
                        new IntPtr(LengthInBytes))
   at ILGPU.Runtime.Cuda.CudaMemoryBuffer..ctor(CudaAccelerator accelerator, Int64 length, Int32 elementSize) in d:\users\tj\Projects\SpawnDev.ILGPU\SpawnDev.ILGPU\ILGPU\Runtime\Cuda\CudaMemoryBuffer.cs:line 118
   at ILGPU.Runtime.Cuda.CudaAccelerator.AllocateRawInternal(Int64 length, Int32 elementSize) in d:\users\tj\Projects\SpawnDev.ILGPU\SpawnDev.ILGPU\ILGPU\Runtime\Cuda\CudaAccelerator.cs:line 451
   at ILGPU.Runtime.Accelerator.AllocateRaw(Int64 length, Int32 elementSize) in d:\users\tj\Projects\SpawnDev.ILGPU\SpawnDev.ILGPU\ILGPU\Runtime\Accelerator.cs:line 296
   at ILGPU.Runtime.Accelerator.AllocateRaw[T,TExtent,TStrideIndex,TStride](TExtent extent, TStride stride) in d:\users\tj\Projects\SpawnDev.ILGPU\SpawnDev.ILGPU\ILGPU\Runtime\Accelerator.cs:line 335
   at ILGPU.Runtime.Accelerator.Allocate1D[T,TStride](Int64 length, TStride stride) in d:\users\tj\Projects\SpawnDev.ILGPU\SpawnDev.ILGPU\ILGPU\Runtime\Accelerator.Allocations.cs:line 47
   at ILGPU.Runtime.Accelerator.Allocate1D[T](Int64 length) in d:\users\tj\Projects\SpawnDev.ILGPU\SpawnDev.ILGPU\ILGPU\Runtime\Accelerator.Allocations.cs:line 29
   at ILGPU.Runtime.ArrayViewExtensions.Allocate1D[T](Accelerator accelerator, AcceleratorStream stream, T[] data) in d:\users\tj\Projects\SpawnDev.ILGPU\SpawnDev.ILGPU\ILGPU\Runtime\ArrayViewExtensions.cs:line 1830
   at ILGPU.Runtime.ArrayViewExtensions.Allocate1D[T](Accelerator accelerator, T[] data) in d:\users\tj\Projects\SpawnDev.ILGPU\SpawnDev.ILGPU\ILGPU\Runtime\ArrayViewExtensions.cs:line 1801
   at SpawnDev.ILGPU.Demo.Shared.UnitTests.BackendTestBase.<>c.<<SequentialKernelTest>b__161_0>d.MoveNext() in d:\users\tj\Projects\SpawnDev.ILGPU\SpawnDev.ILGPU\SpawnDev.ILGPU.Demo.Shared\UnitTests\BackendTestBase.Tests2.cs:line 280
--- End of stack trace from previous location ---
   at SpawnDev.ILGPU.Demo.Shared.UnitTests.BackendTestBase.RunTest(Func`2 testBody) in d:\users\tj\Projects\SpawnDev.ILGPU\SpawnDev.ILGPU\SpawnDev.ILGPU.Demo.Shared\UnitTests\BackendTestBase.cs:line 60
   at SpawnDev.ILGPU.Demo.Shared.UnitTests.BackendTestBase.SequentialKernelTest() in d:\users\tj\Projects\SpawnDev.ILGPU\SpawnDev.ILGPU\SpawnDev.ILGPU.Demo.Shared\UnitTests\BackendTestBase.Tests2.cs:line 276
   at SpawnDev.UnitTesting.UnitTestRunner.RunTest(UnitTest test) in d:\users\tj\Projects\SpawnDev.UnitTesting\SpawnDev.UnitTesting\SpawnDev.UnitTesting\UnitTestRunner.cs:line 183
  [Γ£ù] CudaTests.SequentialKernelTest (6ms) - ILGPU.Runtime.Cuda.CudaException: an illegal memory access was encountered at CurrentAPI.AllocateMemory(
                        out IntPtr resultPtr,
                        new IntPtr(LengthInBytes))
   at ILGPU.Runtime.Cuda.CudaMemoryBuffer..ctor(CudaAccelerator accelerator, Int64 length, Int32 elementSize) in d:\users\tj\Projects\SpawnDev.ILGPU\SpawnDev.ILGPU\ILGPU\Runtime\Cuda\CudaMemoryBuffer.cs:line 118
   at ILGPU.Runtime.Cuda.CudaAccelerator.AllocateRawInternal(Int64 length, Int32 elementSize) in d:\users\tj\Projects\SpawnDev.ILGPU\SpawnDev.ILGPU\ILGPU\Runtime\Cuda\CudaAccelerator.cs:line 451
   at ILGPU.Runtime.Accelerator.AllocateRaw(Int64 length, Int32 elementSize) in d:\users\tj\Projects\SpawnDev.ILGPU\SpawnDev.ILGPU\ILGPU\Runtime\Accelerator.cs:line 296
   at ILGPU.Runtime.Accelerator.AllocateRaw[T,TExtent,TStrideIndex,TStride](TExtent extent, TStride stride) in d:\users\tj\Projects\SpawnDev.ILGPU\SpawnDev.ILGPU\ILGPU\Runtime\Accelerator.cs:line 335
   at ILGPU.Runtime.Accelerator.Allocate1D[T,TStride](Int64 length, TStride stride) in d:\users\tj\Projects\SpawnDev.ILGPU\SpawnDev.ILGPU\ILGPU\Runtime\Accelerator.Allocations.cs:line 47
   at ILGPU.Runtime.Accelerator.Allocate1D[T](Int64 length) in d:\users\tj\Projects\SpawnDev.ILGPU\SpawnDev.ILGPU\ILGPU\Runtime\Accelerator.Allocations.cs:line 29
   at ILGPU.Runtime.ArrayViewExtensions.Allocate1D[T](Accelerator accelerator, AcceleratorStream stream, T[] data) in d:\users\tj\Projects\SpawnDev.ILGPU\SpawnDev.ILGPU\ILGPU\Runtime\ArrayViewExtensions.cs:line 1830
   at ILGPU.Runtime.ArrayViewExtensions.Allocate1D[T](Accelerator accelerator, T[] data) in d:\users\tj\Projects\SpawnDev.ILGPU\SpawnDev.ILGPU\ILGPU\Runtime\ArrayViewExtensions.cs:line 1801
   at SpawnDev.ILGPU.Demo.Shared.UnitTests.BackendTestBase.<>c.<<SequentialKernelTest>b__161_0>d.MoveNext() in d:\users\tj\Projects\SpawnDev.ILGPU\SpawnDev.ILGPU\SpawnDev.ILGPU.Demo.Shared\UnitTests\BackendTestBase.Tests2.cs:line 280
--- End of stack trace from previous location ---
   at SpawnDev.ILGPU.Demo.Shared.UnitTests.BackendTestBase.RunTest(Func`2 testBody) in d:\users\tj\Projects\SpawnDev.ILGPU\SpawnDev.ILGPU\SpawnDev.ILGPU.Demo.Shared\UnitTests\BackendTestBase.cs:line 60
   at SpawnDev.ILGPU.Demo.Shared.UnitTests.BackendTestBase.SequentialKernelTest() in d:\users\tj\Projects\SpawnDev.ILGPU\SpawnDev.ILGPU\SpawnDev.ILGPU.Demo.Shared\UnitTests\BackendTestBase.Tests2.cs:line 276
   at SpawnDev.UnitTesting.UnitTestRunner.RunTest(UnitTest test) in d:\users\tj\Projects\SpawnDev.UnitTesting\SpawnDev.UnitTesting\SpawnDev.UnitTesting\UnitTestRunner.cs:line 183
  [Γ£ù] CudaTests.UnsignedIntTest (2ms) - ILGPU.Runtime.Cuda.CudaException: an illegal memory access was encountered at CurrentAPI.AllocateMemory(
                        out IntPtr resultPtr,
                        new IntPtr(LengthInBytes))
   at ILGPU.Runtime.Cuda.CudaMemoryBuffer..ctor(CudaAccelerator accelerator, Int64 length, Int32 elementSize) in d:\users\tj\Projects\SpawnDev.ILGPU\SpawnDev.ILGPU\ILGPU\Runtime\Cuda\CudaMemoryBuffer.cs:line 118
   at ILGPU.Runtime.Cuda.CudaAccelerator.AllocateRawInternal(Int64 length, Int32 elementSize) in d:\users\tj\Projects\SpawnDev.ILGPU\SpawnDev.ILGPU\ILGPU\Runtime\Cuda\CudaAccelerator.cs:line 451
   at ILGPU.Runtime.Accelerator.AllocateRaw(Int64 length, Int32 elementSize) in d:\users\tj\Projects\SpawnDev.ILGPU\SpawnDev.ILGPU\ILGPU\Runtime\Accelerator.cs:line 296
   at ILGPU.Runtime.Accelerator.AllocateRaw[T,TExtent,TStrideIndex,TStride](TExtent extent, TStride stride) in d:\users\tj\Projects\SpawnDev.ILGPU\SpawnDev.ILGPU\ILGPU\Runtime\Accelerator.cs:line 335
   at ILGPU.Runtime.Accelerator.Allocate1D[T,TStride](Int64 length, TStride stride) in d:\users\tj\Projects\SpawnDev.ILGPU\SpawnDev.ILGPU\ILGPU\Runtime\Accelerator.Allocations.cs:line 47
   at ILGPU.Runtime.Accelerator.Allocate1D[T](Int64 length) in d:\users\tj\Projects\SpawnDev.ILGPU\SpawnDev.ILGPU\ILGPU\Runtime\Accelerator.Allocations.cs:line 29
   at ILGPU.Runtime.ArrayViewExtensions.Allocate1D[T](Accelerator accelerator, AcceleratorStream stream, T[] data) in d:\users\tj\Projects\SpawnDev.ILGPU\SpawnDev.ILGPU\ILGPU\Runtime\ArrayViewExtensions.cs:line 1830
   at ILGPU.Runtime.ArrayViewExtensions.Allocate1D[T](Accelerator accelerator, T[] data) in d:\users\tj\Projects\SpawnDev.ILGPU\SpawnDev.ILGPU\ILGPU\Runtime\ArrayViewExtensions.cs:line 1801
   at SpawnDev.ILGPU.Demo.Shared.UnitTests.BackendTestBase.<>c.<<UnsignedIntTest>b__162_0>d.MoveNext() in d:\users\tj\Projects\SpawnDev.ILGPU\SpawnDev.ILGPU\SpawnDev.ILGPU.Demo.Shared\UnitTests\BackendTestBase.Tests2.cs:line 295
--- End of stack trace from previous location ---
   at SpawnDev.ILGPU.Demo.Shared.UnitTests.BackendTestBase.RunTest(Func`2 testBody) in d:\users\tj\Projects\SpawnDev.ILGPU\SpawnDev.ILGPU\SpawnDev.ILGPU.Demo.Shared\UnitTests\BackendTestBase.cs:line 60
   at SpawnDev.ILGPU.Demo.Shared.UnitTests.BackendTestBase.UnsignedIntTest() in d:\users\tj\Projects\SpawnDev.ILGPU\SpawnDev.ILGPU\SpawnDev.ILGPU.Demo.Shared\UnitTests\BackendTestBase.Tests2.cs:line 291
   at SpawnDev.UnitTesting.UnitTestRunner.RunTest(UnitTest test) in d:\users\tj\Projects\SpawnDev.UnitTesting\SpawnDev.UnitTesting\SpawnDev.UnitTesting\UnitTestRunner.cs:line 183
  [Γ£ù] CudaTests.UnsignedIntTest (2ms) - ILGPU.Runtime.Cuda.CudaException: an illegal memory access was encountered at CurrentAPI.AllocateMemory(
                        out IntPtr resultPtr,
                        new IntPtr(LengthInBytes))
   at ILGPU.Runtime.Cuda.CudaMemoryBuffer..ctor(CudaAccelerator accelerator, Int64 length, Int32 elementSize) in d:\users\tj\Projects\SpawnDev.ILGPU\SpawnDev.ILGPU\ILGPU\Runtime\Cuda\CudaMemoryBuffer.cs:line 118
   at ILGPU.Runtime.Cuda.CudaAccelerator.AllocateRawInternal(Int64 length, Int32 elementSize) in d:\users\tj\Projects\SpawnDev.ILGPU\SpawnDev.ILGPU\ILGPU\Runtime\Cuda\CudaAccelerator.cs:line 451
   at ILGPU.Runtime.Accelerator.AllocateRaw(Int64 length, Int32 elementSize) in d:\users\tj\Projects\SpawnDev.ILGPU\SpawnDev.ILGPU\ILGPU\Runtime\Accelerator.cs:line 296
   at ILGPU.Runtime.Accelerator.AllocateRaw[T,TExtent,TStrideIndex,TStride](TExtent extent, TStride stride) in d:\users\tj\Projects\SpawnDev.ILGPU\SpawnDev.ILGPU\ILGPU\Runtime\Accelerator.cs:line 335
   at ILGPU.Runtime.Accelerator.Allocate1D[T,TStride](Int64 length, TStride stride) in d:\users\tj\Projects\SpawnDev.ILGPU\SpawnDev.ILGPU\ILGPU\Runtime\Accelerator.Allocations.cs:line 47
   at ILGPU.Runtime.Accelerator.Allocate1D[T](Int64 length) in d:\users\tj\Projects\SpawnDev.ILGPU\SpawnDev.ILGPU\ILGPU\Runtime\Accelerator.Allocations.cs:line 29
   at ILGPU.Runtime.ArrayViewExtensions.Allocate1D[T](Accelerator accelerator, AcceleratorStream stream, T[] data) in d:\users\tj\Projects\SpawnDev.ILGPU\SpawnDev.ILGPU\ILGPU\Runtime\ArrayViewExtensions.cs:line 1830
   at ILGPU.Runtime.ArrayViewExtensions.Allocate1D[T](Accelerator accelerator, T[] data) in d:\users\tj\Projects\SpawnDev.ILGPU\SpawnDev.ILGPU\ILGPU\Runtime\ArrayViewExtensions.cs:line 1801
   at SpawnDev.ILGPU.Demo.Shared.UnitTests.BackendTestBase.<>c.<<UnsignedIntTest>b__162_0>d.MoveNext() in d:\users\tj\Projects\SpawnDev.ILGPU\SpawnDev.ILGPU\SpawnDev.ILGPU.Demo.Shared\UnitTests\BackendTestBase.Tests2.cs:line 295
--- End of stack trace from previous location ---
   at SpawnDev.ILGPU.Demo.Shared.UnitTests.BackendTestBase.RunTest(Func`2 testBody) in d:\users\tj\Projects\SpawnDev.ILGPU\SpawnDev.ILGPU\SpawnDev.ILGPU.Demo.Shared\UnitTests\BackendTestBase.cs:line 60
   at SpawnDev.ILGPU.Demo.Shared.UnitTests.BackendTestBase.UnsignedIntTest() in d:\users\tj\Projects\SpawnDev.ILGPU\SpawnDev.ILGPU\SpawnDev.ILGPU.Demo.Shared\UnitTests\BackendTestBase.Tests2.cs:line 291
   at SpawnDev.UnitTesting.UnitTestRunner.RunTest(UnitTest test) in d:\users\tj\Projects\SpawnDev.UnitTesting\SpawnDev.UnitTesting\SpawnDev.UnitTesting\UnitTestRunner.cs:line 183
  [Γ£ù] CudaTests.AtomicMinMaxTest (1ms) - ILGPU.Runtime.Cuda.CudaException: an illegal memory access was encountered at CurrentAPI.AllocateMemory(
                        out IntPtr resultPtr,
                        new IntPtr(LengthInBytes))
   at ILGPU.Runtime.Cuda.CudaMemoryBuffer..ctor(CudaAccelerator accelerator, Int64 length, Int32 elementSize) in d:\users\tj\Projects\SpawnDev.ILGPU\SpawnDev.ILGPU\ILGPU\Runtime\Cuda\CudaMemoryBuffer.cs:line 118
   at ILGPU.Runtime.Cuda.CudaAccelerator.AllocateRawInternal(Int64 length, Int32 elementSize) in d:\users\tj\Projects\SpawnDev.ILGPU\SpawnDev.ILGPU\ILGPU\Runtime\Cuda\CudaAccelerator.cs:line 451
   at ILGPU.Runtime.Accelerator.AllocateRaw(Int64 length, Int32 elementSize) in d:\users\tj\Projects\SpawnDev.ILGPU\SpawnDev.ILGPU\ILGPU\Runtime\Accelerator.cs:line 296
   at ILGPU.Runtime.Accelerator.AllocateRaw[T,TExtent,TStrideIndex,TStride](TExtent extent, TStride stride) in d:\users\tj\Projects\SpawnDev.ILGPU\SpawnDev.ILGPU\ILGPU\Runtime\Accelerator.cs:line 335
   at ILGPU.Runtime.Accelerator.Allocate1D[T,TStride](Int64 length, TStride stride) in d:\users\tj\Projects\SpawnDev.ILGPU\SpawnDev.ILGPU\ILGPU\Runtime\Accelerator.Allocations.cs:line 47
   at ILGPU.Runtime.Accelerator.Allocate1D[T](Int64 length) in d:\users\tj\Projects\SpawnDev.ILGPU\SpawnDev.ILGPU\ILGPU\Runtime\Accelerator.Allocations.cs:line 29
   at ILGPU.Runtime.ArrayViewExtensions.Allocate1D[T](Accelerator accelerator, AcceleratorStream stream, T[] data) in d:\users\tj\Projects\SpawnDev.ILGPU\SpawnDev.ILGPU\ILGPU\Runtime\ArrayViewExtensions.cs:line 1830
   at ILGPU.Runtime.ArrayViewExtensions.Allocate1D[T](Accelerator accelerator, T[] data) in d:\users\tj\Projects\SpawnDev.ILGPU\SpawnDev.ILGPU\ILGPU\Runtime\ArrayViewExtensions.cs:line 1801
   at SpawnDev.ILGPU.Demo.Shared.UnitTests.BackendTestBase.<>c.<<AtomicMinMaxTest>b__163_0>d.MoveNext() in d:\users\tj\Projects\SpawnDev.ILGPU\SpawnDev.ILGPU\SpawnDev.ILGPU.Demo.Shared\UnitTests\BackendTestBase.Tests2.cs:line 311
--- End of stack trace from previous location ---
   at SpawnDev.ILGPU.Demo.Shared.UnitTests.BackendTestBase.RunTest(Func`2 testBody) in d:\users\tj\Projects\SpawnDev.ILGPU\SpawnDev.ILGPU\SpawnDev.ILGPU.Demo.Shared\UnitTests\BackendTestBase.cs:line 60
   at SpawnDev.ILGPU.Demo.Shared.UnitTests.BackendTestBase.AtomicMinMaxTest() in d:\users\tj\Projects\SpawnDev.ILGPU\SpawnDev.ILGPU\SpawnDev.ILGPU.Demo.Shared\UnitTests\BackendTestBase.Tests2.cs:line 306
   at SpawnDev.UnitTesting.UnitTestRunner.RunTest(UnitTest test) in d:\users\tj\Projects\SpawnDev.UnitTesting\SpawnDev.UnitTesting\SpawnDev.UnitTesting\UnitTestRunner.cs:line 183
  [Γ£ù] CudaTests.AtomicMinMaxTest (1ms) - ILGPU.Runtime.Cuda.CudaException: an illegal memory access was encountered at CurrentAPI.AllocateMemory(
                        out IntPtr resultPtr,
                        new IntPtr(LengthInBytes))
   at ILGPU.Runtime.Cuda.CudaMemoryBuffer..ctor(CudaAccelerator accelerator, Int64 length, Int32 elementSize) in d:\users\tj\Projects\SpawnDev.ILGPU\SpawnDev.ILGPU\ILGPU\Runtime\Cuda\CudaMemoryBuffer.cs:line 118
   at ILGPU.Runtime.Cuda.CudaAccelerator.AllocateRawInternal(Int64 length, Int32 elementSize) in d:\users\tj\Projects\SpawnDev.ILGPU\SpawnDev.ILGPU\ILGPU\Runtime\Cuda\CudaAccelerator.cs:line 451
   at ILGPU.Runtime.Accelerator.AllocateRaw(Int64 length, Int32 elementSize) in d:\users\tj\Projects\SpawnDev.ILGPU\SpawnDev.ILGPU\ILGPU\Runtime\Accelerator.cs:line 296
   at ILGPU.Runtime.Accelerator.AllocateRaw[T,TExtent,TStrideIndex,TStride](TExtent extent, TStride stride) in d:\users\tj\Projects\SpawnDev.ILGPU\SpawnDev.ILGPU\ILGPU\Runtime\Accelerator.cs:line 335
   at ILGPU.Runtime.Accelerator.Allocate1D[T,TStride](Int64 length, TStride stride) in d:\users\tj\Projects\SpawnDev.ILGPU\SpawnDev.ILGPU\ILGPU\Runtime\Accelerator.Allocations.cs:line 47
   at ILGPU.Runtime.Accelerator.Allocate1D[T](Int64 length) in d:\users\tj\Projects\SpawnDev.ILGPU\SpawnDev.ILGPU\ILGPU\Runtime\Accelerator.Allocations.cs:line 29
   at ILGPU.Runtime.ArrayViewExtensions.Allocate1D[T](Accelerator accelerator, AcceleratorStream stream, T[] data) in d:\users\tj\Projects\SpawnDev.ILGPU\SpawnDev.ILGPU\ILGPU\Runtime\ArrayViewExtensions.cs:line 1830
   at ILGPU.Runtime.ArrayViewExtensions.Allocate1D[T](Accelerator accelerator, T[] data) in d:\users\tj\Projects\SpawnDev.ILGPU\SpawnDev.ILGPU\ILGPU\Runtime\ArrayViewExtensions.cs:line 1801
   at SpawnDev.ILGPU.Demo.Shared.UnitTests.BackendTestBase.<>c.<<AtomicMinMaxTest>b__163_0>d.MoveNext() in d:\users\tj\Projects\SpawnDev.ILGPU\SpawnDev.ILGPU\SpawnDev.ILGPU.Demo.Shared\UnitTests\BackendTestBase.Tests2.cs:line 311
--- End of stack trace from previous location ---
   at SpawnDev.ILGPU.Demo.Shared.UnitTests.BackendTestBase.RunTest(Func`2 testBody) in d:\users\tj\Projects\SpawnDev.ILGPU\SpawnDev.ILGPU\SpawnDev.ILGPU.Demo.Shared\UnitTests\BackendTestBase.cs:line 60
   at SpawnDev.ILGPU.Demo.Shared.UnitTests.BackendTestBase.AtomicMinMaxTest() in d:\users\tj\Projects\SpawnDev.ILGPU\SpawnDev.ILGPU\SpawnDev.ILGPU.Demo.Shared\UnitTests\BackendTestBase.Tests2.cs:line 306
   at SpawnDev.UnitTesting.UnitTestRunner.RunTest(UnitTest test) in d:\users\tj\Projects\SpawnDev.UnitTesting\SpawnDev.UnitTesting\SpawnDev.UnitTesting\UnitTestRunner.cs:line 183
  [Γ£ù] CudaTests.BufferReuseTest (1ms) - ILGPU.Runtime.Cuda.CudaException: an illegal memory access was encountered at CurrentAPI.AllocateMemory(
                        out IntPtr resultPtr,
                        new IntPtr(LengthInBytes))
   at ILGPU.Runtime.Cuda.CudaMemoryBuffer..ctor(CudaAccelerator accelerator, Int64 length, Int32 elementSize) in d:\users\tj\Projects\SpawnDev.ILGPU\SpawnDev.ILGPU\ILGPU\Runtime\Cuda\CudaMemoryBuffer.cs:line 118
   at ILGPU.Runtime.Cuda.CudaAccelerator.AllocateRawInternal(Int64 length, Int32 elementSize) in d:\users\tj\Projects\SpawnDev.ILGPU\SpawnDev.ILGPU\ILGPU\Runtime\Cuda\CudaAccelerator.cs:line 451
   at ILGPU.Runtime.Accelerator.AllocateRaw(Int64 length, Int32 elementSize) in d:\users\tj\Projects\SpawnDev.ILGPU\SpawnDev.ILGPU\ILGPU\Runtime\Accelerator.cs:line 296
   at ILGPU.Runtime.Accelerator.AllocateRaw[T,TExtent,TStrideIndex,TStride](TExtent extent, TStride stride) in d:\users\tj\Projects\SpawnDev.ILGPU\SpawnDev.ILGPU\ILGPU\Runtime\Accelerator.cs:line 335
   at ILGPU.Runtime.Accelerator.Allocate1D[T,TStride](Int64 length, TStride stride) in d:\users\tj\Projects\SpawnDev.ILGPU\SpawnDev.ILGPU\ILGPU\Runtime\Accelerator.Allocations.cs:line 47
   at ILGPU.Runtime.Accelerator.Allocate1D[T](Int64 length) in d:\users\tj\Projects\SpawnDev.ILGPU\SpawnDev.ILGPU\ILGPU\Runtime\Accelerator.Allocations.cs:line 29
   at ILGPU.Runtime.ArrayViewExtensions.Allocate1D[T](Accelerator accelerator, AcceleratorStream stream, T[] data) in d:\users\tj\Projects\SpawnDev.ILGPU\SpawnDev.ILGPU\ILGPU\Runtime\ArrayViewExtensions.cs:line 1830
   at ILGPU.Runtime.ArrayViewExtensions.Allocate1D[T](Accelerator accelerator, T[] data) in d:\users\tj\Projects\SpawnDev.ILGPU\SpawnDev.ILGPU\ILGPU\Runtime\ArrayViewExtensions.cs:line 1801
   at SpawnDev.ILGPU.Demo.Shared.UnitTests.BackendTestBase.<>c.<<BufferReuseTest>b__164_0>d.MoveNext() in d:\users\tj\Projects\SpawnDev.ILGPU\SpawnDev.ILGPU\SpawnDev.ILGPU.Demo.Shared\UnitTests\BackendTestBase.Tests2.cs:line 327
--- End of stack trace from previous location ---
   at SpawnDev.ILGPU.Demo.Shared.UnitTests.BackendTestBase.RunTest(Func`2 testBody) in d:\users\tj\Projects\SpawnDev.ILGPU\SpawnDev.ILGPU\SpawnDev.ILGPU.Demo.Shared\UnitTests\BackendTestBase.cs:line 60
   at SpawnDev.ILGPU.Demo.Shared.UnitTests.BackendTestBase.BufferReuseTest() in d:\users\tj\Projects\SpawnDev.ILGPU\SpawnDev.ILGPU\SpawnDev.ILGPU.Demo.Shared\UnitTests\BackendTestBase.Tests2.cs:line 323
   at SpawnDev.UnitTesting.UnitTestRunner.RunTest(UnitTest test) in d:\users\tj\Projects\SpawnDev.UnitTesting\SpawnDev.UnitTesting\SpawnDev.UnitTesting\UnitTestRunner.cs:line 183
  [Γ£ù] CudaTests.BufferReuseTest (1ms) - ILGPU.Runtime.Cuda.CudaException: an illegal memory access was encountered at CurrentAPI.AllocateMemory(
                        out IntPtr resultPtr,
                        new IntPtr(LengthInBytes))
   at ILGPU.Runtime.Cuda.CudaMemoryBuffer..ctor(CudaAccelerator accelerator, Int64 length, Int32 elementSize) in d:\users\tj\Projects\SpawnDev.ILGPU\SpawnDev.ILGPU\ILGPU\Runtime\Cuda\CudaMemoryBuffer.cs:line 118
   at ILGPU.Runtime.Cuda.CudaAccelerator.AllocateRawInternal(Int64 length, Int32 elementSize) in d:\users\tj\Projects\SpawnDev.ILGPU\SpawnDev.ILGPU\ILGPU\Runtime\Cuda\CudaAccelerator.cs:line 451
   at ILGPU.Runtime.Accelerator.AllocateRaw(Int64 length, Int32 elementSize) in d:\users\tj\Projects\SpawnDev.ILGPU\SpawnDev.ILGPU\ILGPU\Runtime\Accelerator.cs:line 296
   at ILGPU.Runtime.Accelerator.AllocateRaw[T,TExtent,TStrideIndex,TStride](TExtent extent, TStride stride) in d:\users\tj\Projects\SpawnDev.ILGPU\SpawnDev.ILGPU\ILGPU\Runtime\Accelerator.cs:line 335
   at ILGPU.Runtime.Accelerator.Allocate1D[T,TStride](Int64 length, TStride stride) in d:\users\tj\Projects\SpawnDev.ILGPU\SpawnDev.ILGPU\ILGPU\Runtime\Accelerator.Allocations.cs:line 47
   at ILGPU.Runtime.Accelerator.Allocate1D[T](Int64 length) in d:\users\tj\Projects\SpawnDev.ILGPU\SpawnDev.ILGPU\ILGPU\Runtime\Accelerator.Allocations.cs:line 29
   at ILGPU.Runtime.ArrayViewExtensions.Allocate1D[T](Accelerator accelerator, AcceleratorStream stream, T[] data) in d:\users\tj\Projects\SpawnDev.ILGPU\SpawnDev.ILGPU\ILGPU\Runtime\ArrayViewExtensions.cs:line 1830
   at ILGPU.Runtime.ArrayViewExtensions.Allocate1D[T](Accelerator accelerator, T[] data) in d:\users\tj\Projects\SpawnDev.ILGPU\SpawnDev.ILGPU\ILGPU\Runtime\ArrayViewExtensions.cs:line 1801
   at SpawnDev.ILGPU.Demo.Shared.UnitTests.BackendTestBase.<>c.<<BufferReuseTest>b__164_0>d.MoveNext() in d:\users\tj\Projects\SpawnDev.ILGPU\SpawnDev.ILGPU\SpawnDev.ILGPU.Demo.Shared\UnitTests\BackendTestBase.Tests2.cs:line 327
--- End of stack trace from previous location ---
   at SpawnDev.ILGPU.Demo.Shared.UnitTests.BackendTestBase.RunTest(Func`2 testBody) in d:\users\tj\Projects\SpawnDev.ILGPU\SpawnDev.ILGPU\SpawnDev.ILGPU.Demo.Shared\UnitTests\BackendTestBase.cs:line 60
   at SpawnDev.ILGPU.Demo.Shared.UnitTests.BackendTestBase.BufferReuseTest() in d:\users\tj\Projects\SpawnDev.ILGPU\SpawnDev.ILGPU\SpawnDev.ILGPU.Demo.Shared\UnitTests\BackendTestBase.Tests2.cs:line 323
   at SpawnDev.UnitTesting.UnitTestRunner.RunTest(UnitTest test) in d:\users\tj\Projects\SpawnDev.UnitTesting\SpawnDev.UnitTesting\SpawnDev.UnitTesting\UnitTestRunner.cs:line 183
  [Γ£ù] CudaTests.GridGroupDimensionTest (1ms) - ILGPU.Runtime.Cuda.CudaException: an illegal memory access was encountered at CurrentAPI.AllocateMemory(
                        out IntPtr resultPtr,
                        new IntPtr(LengthInBytes))
   at ILGPU.Runtime.Cuda.CudaMemoryBuffer..ctor(CudaAccelerator accelerator, Int64 length, Int32 elementSize) in d:\users\tj\Projects\SpawnDev.ILGPU\SpawnDev.ILGPU\ILGPU\Runtime\Cuda\CudaMemoryBuffer.cs:line 118
   at ILGPU.Runtime.Cuda.CudaAccelerator.AllocateRawInternal(Int64 length, Int32 elementSize) in d:\users\tj\Projects\SpawnDev.ILGPU\SpawnDev.ILGPU\ILGPU\Runtime\Cuda\CudaAccelerator.cs:line 451
   at ILGPU.Runtime.Accelerator.AllocateRaw(Int64 length, Int32 elementSize) in d:\users\tj\Projects\SpawnDev.ILGPU\SpawnDev.ILGPU\ILGPU\Runtime\Accelerator.cs:line 296
   at ILGPU.Runtime.Accelerator.AllocateRaw[T,TExtent,TStrideIndex,TStride](TExtent extent, TStride stride) in d:\users\tj\Projects\SpawnDev.ILGPU\SpawnDev.ILGPU\ILGPU\Runtime\Accelerator.cs:line 335
   at ILGPU.Runtime.Accelerator.Allocate1D[T,TStride](Int64 length, TStride stride) in d:\users\tj\Projects\SpawnDev.ILGPU\SpawnDev.ILGPU\ILGPU\Runtime\Accelerator.Allocations.cs:line 47
   at ILGPU.Runtime.Accelerator.Allocate1D[T](Int64 length) in d:\users\tj\Projects\SpawnDev.ILGPU\SpawnDev.ILGPU\ILGPU\Runtime\Accelerator.Allocations.cs:line 29
   at SpawnDev.ILGPU.Demo.Shared.UnitTests.BackendTestBase.<>c.<<GridGroupDimensionTest>b__165_0>d.MoveNext() in d:\users\tj\Projects\SpawnDev.ILGPU\SpawnDev.ILGPU\SpawnDev.ILGPU.Demo.Shared\UnitTests\BackendTestBase.Tests2.cs:line 339
--- End of stack trace from previous location ---
   at SpawnDev.ILGPU.Demo.Shared.UnitTests.BackendTestBase.RunTest(Func`2 testBody) in d:\users\tj\Projects\SpawnDev.ILGPU\SpawnDev.ILGPU\SpawnDev.ILGPU.Demo.Shared\UnitTests\BackendTestBase.cs:line 60
   at SpawnDev.ILGPU.Demo.Shared.UnitTests.BackendTestBase.GridGroupDimensionTest() in d:\users\tj\Projects\SpawnDev.ILGPU\SpawnDev.ILGPU\SpawnDev.ILGPU.Demo.Shared\UnitTests\BackendTestBase.Tests2.cs:line 336
   at SpawnDev.UnitTesting.UnitTestRunner.RunTest(UnitTest test) in d:\users\tj\Projects\SpawnDev.UnitTesting\SpawnDev.UnitTesting\SpawnDev.UnitTesting\UnitTestRunner.cs:line 183
  [Γ£ù] CudaTests.GridGroupDimensionTest (1ms) - ILGPU.Runtime.Cuda.CudaException: an illegal memory access was encountered at CurrentAPI.AllocateMemory(
                        out IntPtr resultPtr,
                        new IntPtr(LengthInBytes))
   at ILGPU.Runtime.Cuda.CudaMemoryBuffer..ctor(CudaAccelerator accelerator, Int64 length, Int32 elementSize) in d:\users\tj\Projects\SpawnDev.ILGPU\SpawnDev.ILGPU\ILGPU\Runtime\Cuda\CudaMemoryBuffer.cs:line 118
   at ILGPU.Runtime.Cuda.CudaAccelerator.AllocateRawInternal(Int64 length, Int32 elementSize) in d:\users\tj\Projects\SpawnDev.ILGPU\SpawnDev.ILGPU\ILGPU\Runtime\Cuda\CudaAccelerator.cs:line 451
   at ILGPU.Runtime.Accelerator.AllocateRaw(Int64 length, Int32 elementSize) in d:\users\tj\Projects\SpawnDev.ILGPU\SpawnDev.ILGPU\ILGPU\Runtime\Accelerator.cs:line 296
   at ILGPU.Runtime.Accelerator.AllocateRaw[T,TExtent,TStrideIndex,TStride](TExtent extent, TStride stride) in d:\users\tj\Projects\SpawnDev.ILGPU\SpawnDev.ILGPU\ILGPU\Runtime\Accelerator.cs:line 335
   at ILGPU.Runtime.Accelerator.Allocate1D[T,TStride](Int64 length, TStride stride) in d:\users\tj\Projects\SpawnDev.ILGPU\SpawnDev.ILGPU\ILGPU\Runtime\Accelerator.Allocations.cs:line 47
   at ILGPU.Runtime.Accelerator.Allocate1D[T](Int64 length) in d:\users\tj\Projects\SpawnDev.ILGPU\SpawnDev.ILGPU\ILGPU\Runtime\Accelerator.Allocations.cs:line 29
   at SpawnDev.ILGPU.Demo.Shared.UnitTests.BackendTestBase.<>c.<<GridGroupDimensionTest>b__165_0>d.MoveNext() in d:\users\tj\Projects\SpawnDev.ILGPU\SpawnDev.ILGPU\SpawnDev.ILGPU.Demo.Shared\UnitTests\BackendTestBase.Tests2.cs:line 339
--- End of stack trace from previous location ---
   at SpawnDev.ILGPU.Demo.Shared.UnitTests.BackendTestBase.RunTest(Func`2 testBody) in d:\users\tj\Projects\SpawnDev.ILGPU\SpawnDev.ILGPU\SpawnDev.ILGPU.Demo.Shared\UnitTests\BackendTestBase.cs:line 60
   at SpawnDev.ILGPU.Demo.Shared.UnitTests.BackendTestBase.GridGroupDimensionTest() in d:\users\tj\Projects\SpawnDev.ILGPU\SpawnDev.ILGPU\SpawnDev.ILGPU.Demo.Shared\UnitTests\BackendTestBase.Tests2.cs:line 336
   at SpawnDev.UnitTesting.UnitTestRunner.RunTest(UnitTest test) in d:\users\tj\Projects\SpawnDev.UnitTesting\SpawnDev.UnitTesting\SpawnDev.UnitTesting\UnitTestRunner.cs:line 183
  [Γ£ù] CudaTests.ReduceMinMaxTest (1ms) - ILGPU.Runtime.Cuda.CudaException: an illegal memory access was encountered at CurrentAPI.AllocateMemory(
                        out IntPtr resultPtr,
                        new IntPtr(LengthInBytes))
   at ILGPU.Runtime.Cuda.CudaMemoryBuffer..ctor(CudaAccelerator accelerator, Int64 length, Int32 elementSize) in d:\users\tj\Projects\SpawnDev.ILGPU\SpawnDev.ILGPU\ILGPU\Runtime\Cuda\CudaMemoryBuffer.cs:line 118
   at ILGPU.Runtime.Cuda.CudaAccelerator.AllocateRawInternal(Int64 length, Int32 elementSize) in d:\users\tj\Projects\SpawnDev.ILGPU\SpawnDev.ILGPU\ILGPU\Runtime\Cuda\CudaAccelerator.cs:line 451
   at ILGPU.Runtime.Accelerator.AllocateRaw(Int64 length, Int32 elementSize) in d:\users\tj\Projects\SpawnDev.ILGPU\SpawnDev.ILGPU\ILGPU\Runtime\Accelerator.cs:line 296
   at ILGPU.Runtime.Accelerator.AllocateRaw[T,TExtent,TStrideIndex,TStride](TExtent extent, TStride stride) in d:\users\tj\Projects\SpawnDev.ILGPU\SpawnDev.ILGPU\ILGPU\Runtime\Accelerator.cs:line 335
   at ILGPU.Runtime.Accelerator.Allocate1D[T,TStride](Int64 length, TStride stride) in d:\users\tj\Projects\SpawnDev.ILGPU\SpawnDev.ILGPU\ILGPU\Runtime\Accelerator.Allocations.cs:line 47
   at ILGPU.Runtime.Accelerator.Allocate1D[T](Int64 length) in d:\users\tj\Projects\SpawnDev.ILGPU\SpawnDev.ILGPU\ILGPU\Runtime\Accelerator.Allocations.cs:line 29
   at ILGPU.Runtime.ArrayViewExtensions.Allocate1D[T](Accelerator accelerator, AcceleratorStream stream, T[] data) in d:\users\tj\Projects\SpawnDev.ILGPU\SpawnDev.ILGPU\ILGPU\Runtime\ArrayViewExtensions.cs:line 1830
   at ILGPU.Runtime.ArrayViewExtensions.Allocate1D[T](Accelerator accelerator, T[] data) in d:\users\tj\Projects\SpawnDev.ILGPU\SpawnDev.ILGPU\ILGPU\Runtime\ArrayViewExtensions.cs:line 1801
   at SpawnDev.ILGPU.Demo.Shared.UnitTests.BackendTestBase.<>c.<<ReduceMinMaxTest>b__167_0>d.MoveNext() in d:\users\tj\Projects\SpawnDev.ILGPU\SpawnDev.ILGPU\SpawnDev.ILGPU.Demo.Shared\UnitTests\BackendTestBase.Tests2.cs:line 383
--- End of stack trace from previous location ---
   at SpawnDev.ILGPU.Demo.Shared.UnitTests.BackendTestBase.RunTest(Func`2 testBody) in d:\users\tj\Projects\SpawnDev.ILGPU\SpawnDev.ILGPU\SpawnDev.ILGPU.Demo.Shared\UnitTests\BackendTestBase.cs:line 60
   at SpawnDev.ILGPU.Demo.Shared.UnitTests.BackendTestBase.ReduceMinMaxTest() in d:\users\tj\Projects\SpawnDev.ILGPU\SpawnDev.ILGPU\SpawnDev.ILGPU.Demo.Shared\UnitTests\BackendTestBase.Tests2.cs:line 373
   at SpawnDev.UnitTesting.UnitTestRunner.RunTest(UnitTest test) in d:\users\tj\Projects\SpawnDev.UnitTesting\SpawnDev.UnitTesting\SpawnDev.UnitTesting\UnitTestRunner.cs:line 183
  [Γ£ù] CudaTests.ReduceMinMaxTest (1ms) - ILGPU.Runtime.Cuda.CudaException: an illegal memory access was encountered at CurrentAPI.AllocateMemory(
                        out IntPtr resultPtr,
                        new IntPtr(LengthInBytes))
   at ILGPU.Runtime.Cuda.CudaMemoryBuffer..ctor(CudaAccelerator accelerator, Int64 length, Int32 elementSize) in d:\users\tj\Projects\SpawnDev.ILGPU\SpawnDev.ILGPU\ILGPU\Runtime\Cuda\CudaMemoryBuffer.cs:line 118
   at ILGPU.Runtime.Cuda.CudaAccelerator.AllocateRawInternal(Int64 length, Int32 elementSize) in d:\users\tj\Projects\SpawnDev.ILGPU\SpawnDev.ILGPU\ILGPU\Runtime\Cuda\CudaAccelerator.cs:line 451
   at ILGPU.Runtime.Accelerator.AllocateRaw(Int64 length, Int32 elementSize) in d:\users\tj\Projects\SpawnDev.ILGPU\SpawnDev.ILGPU\ILGPU\Runtime\Accelerator.cs:line 296
   at ILGPU.Runtime.Accelerator.AllocateRaw[T,TExtent,TStrideIndex,TStride](TExtent extent, TStride stride) in d:\users\tj\Projects\SpawnDev.ILGPU\SpawnDev.ILGPU\ILGPU\Runtime\Accelerator.cs:line 335
   at ILGPU.Runtime.Accelerator.Allocate1D[T,TStride](Int64 length, TStride stride) in d:\users\tj\Projects\SpawnDev.ILGPU\SpawnDev.ILGPU\ILGPU\Runtime\Accelerator.Allocations.cs:line 47
   at ILGPU.Runtime.Accelerator.Allocate1D[T](Int64 length) in d:\users\tj\Projects\SpawnDev.ILGPU\SpawnDev.ILGPU\ILGPU\Runtime\Accelerator.Allocations.cs:line 29
   at ILGPU.Runtime.ArrayViewExtensions.Allocate1D[T](Accelerator accelerator, AcceleratorStream stream, T[] data) in d:\users\tj\Projects\SpawnDev.ILGPU\SpawnDev.ILGPU\ILGPU\Runtime\ArrayViewExtensions.cs:line 1830
   at ILGPU.Runtime.ArrayViewExtensions.Allocate1D[T](Accelerator accelerator, T[] data) in d:\users\tj\Projects\SpawnDev.ILGPU\SpawnDev.ILGPU\ILGPU\Runtime\ArrayViewExtensions.cs:line 1801
   at SpawnDev.ILGPU.Demo.Shared.UnitTests.BackendTestBase.<>c.<<ReduceMinMaxTest>b__167_0>d.MoveNext() in d:\users\tj\Projects\SpawnDev.ILGPU\SpawnDev.ILGPU\SpawnDev.ILGPU.Demo.Shared\UnitTests\BackendTestBase.Tests2.cs:line 383
--- End of stack trace from previous location ---
   at SpawnDev.ILGPU.Demo.Shared.UnitTests.BackendTestBase.RunTest(Func`2 testBody) in d:\users\tj\Projects\SpawnDev.ILGPU\SpawnDev.ILGPU\SpawnDev.ILGPU.Demo.Shared\UnitTests\BackendTestBase.cs:line 60
   at SpawnDev.ILGPU.Demo.Shared.UnitTests.BackendTestBase.ReduceMinMaxTest() in d:\users\tj\Projects\SpawnDev.ILGPU\SpawnDev.ILGPU\SpawnDev.ILGPU.Demo.Shared\UnitTests\BackendTestBase.Tests2.cs:line 373
   at SpawnDev.UnitTesting.UnitTestRunner.RunTest(UnitTest test) in d:\users\tj\Projects\SpawnDev.UnitTesting\SpawnDev.UnitTesting\SpawnDev.UnitTesting\UnitTestRunner.cs:line 183
  [Γ£ù] CudaTests.ILGPUReduceTest (2ms) - ILGPU.Runtime.Cuda.CudaException: an illegal memory access was encountered at CurrentAPI.AllocateMemory(
                        out IntPtr resultPtr,
                        new IntPtr(LengthInBytes))
   at ILGPU.Runtime.Cuda.CudaMemoryBuffer..ctor(CudaAccelerator accelerator, Int64 length, Int32 elementSize) in d:\users\tj\Projects\SpawnDev.ILGPU\SpawnDev.ILGPU\ILGPU\Runtime\Cuda\CudaMemoryBuffer.cs:line 118
   at ILGPU.Runtime.Cuda.CudaAccelerator.AllocateRawInternal(Int64 length, Int32 elementSize) in d:\users\tj\Projects\SpawnDev.ILGPU\SpawnDev.ILGPU\ILGPU\Runtime\Cuda\CudaAccelerator.cs:line 451
   at ILGPU.Runtime.Accelerator.AllocateRaw(Int64 length, Int32 elementSize) in d:\users\tj\Projects\SpawnDev.ILGPU\SpawnDev.ILGPU\ILGPU\Runtime\Accelerator.cs:line 296
   at ILGPU.Runtime.Accelerator.AllocateRaw[T,TExtent,TStrideIndex,TStride](TExtent extent, TStride stride) in d:\users\tj\Projects\SpawnDev.ILGPU\SpawnDev.ILGPU\ILGPU\Runtime\Accelerator.cs:line 335
   at ILGPU.Runtime.Accelerator.Allocate1D[T,TStride](Int64 length, TStride stride) in d:\users\tj\Projects\SpawnDev.ILGPU\SpawnDev.ILGPU\ILGPU\Runtime\Accelerator.Allocations.cs:line 47
   at ILGPU.Runtime.Accelerator.Allocate1D[T](Int64 length) in d:\users\tj\Projects\SpawnDev.ILGPU\SpawnDev.ILGPU\ILGPU\Runtime\Accelerator.Allocations.cs:line 29
   at ILGPU.Runtime.ArrayViewExtensions.Allocate1D[T](Accelerator accelerator, AcceleratorStream stream, T[] data) in d:\users\tj\Projects\SpawnDev.ILGPU\SpawnDev.ILGPU\ILGPU\Runtime\ArrayViewExtensions.cs:line 1830
   at ILGPU.Runtime.ArrayViewExtensions.Allocate1D[T](Accelerator accelerator, T[] data) in d:\users\tj\Projects\SpawnDev.ILGPU\SpawnDev.ILGPU\ILGPU\Runtime\ArrayViewExtensions.cs:line 1801
   at SpawnDev.ILGPU.Demo.Shared.UnitTests.BackendTestBase.<>c.<<ILGPUReduceTest>b__168_0>d.MoveNext() in d:\users\tj\Projects\SpawnDev.ILGPU\SpawnDev.ILGPU\SpawnDev.ILGPU.Demo.Shared\UnitTests\BackendTestBase.Tests2.cs:line 407
--- End of stack trace from previous location ---
   at SpawnDev.ILGPU.Demo.Shared.UnitTests.BackendTestBase.RunTest(Func`2 testBody) in d:\users\tj\Projects\SpawnDev.ILGPU\SpawnDev.ILGPU\SpawnDev.ILGPU.Demo.Shared\UnitTests\BackendTestBase.cs:line 60
   at SpawnDev.ILGPU.Demo.Shared.UnitTests.BackendTestBase.ILGPUReduceTest() in d:\users\tj\Projects\SpawnDev.ILGPU\SpawnDev.ILGPU\SpawnDev.ILGPU.Demo.Shared\UnitTests\BackendTestBase.Tests2.cs:line 400
   at SpawnDev.UnitTesting.UnitTestRunner.RunTest(UnitTest test) in d:\users\tj\Projects\SpawnDev.UnitTesting\SpawnDev.UnitTesting\SpawnDev.UnitTesting\UnitTestRunner.cs:line 183
  [Γ£ù] CudaTests.ILGPUReduceTest (2ms) - ILGPU.Runtime.Cuda.CudaException: an illegal memory access was encountered at CurrentAPI.AllocateMemory(
                        out IntPtr resultPtr,
                        new IntPtr(LengthInBytes))
   at ILGPU.Runtime.Cuda.CudaMemoryBuffer..ctor(CudaAccelerator accelerator, Int64 length, Int32 elementSize) in d:\users\tj\Projects\SpawnDev.ILGPU\SpawnDev.ILGPU\ILGPU\Runtime\Cuda\CudaMemoryBuffer.cs:line 118
   at ILGPU.Runtime.Cuda.CudaAccelerator.AllocateRawInternal(Int64 length, Int32 elementSize) in d:\users\tj\Projects\SpawnDev.ILGPU\SpawnDev.ILGPU\ILGPU\Runtime\Cuda\CudaAccelerator.cs:line 451
   at ILGPU.Runtime.Accelerator.AllocateRaw(Int64 length, Int32 elementSize) in d:\users\tj\Projects\SpawnDev.ILGPU\SpawnDev.ILGPU\ILGPU\Runtime\Accelerator.cs:line 296
   at ILGPU.Runtime.Accelerator.AllocateRaw[T,TExtent,TStrideIndex,TStride](TExtent extent, TStride stride) in d:\users\tj\Projects\SpawnDev.ILGPU\SpawnDev.ILGPU\ILGPU\Runtime\Accelerator.cs:line 335
   at ILGPU.Runtime.Accelerator.Allocate1D[T,TStride](Int64 length, TStride stride) in d:\users\tj\Projects\SpawnDev.ILGPU\SpawnDev.ILGPU\ILGPU\Runtime\Accelerator.Allocations.cs:line 47
   at ILGPU.Runtime.Accelerator.Allocate1D[T](Int64 length) in d:\users\tj\Projects\SpawnDev.ILGPU\SpawnDev.ILGPU\ILGPU\Runtime\Accelerator.Allocations.cs:line 29
   at ILGPU.Runtime.ArrayViewExtensions.Allocate1D[T](Accelerator accelerator, AcceleratorStream stream, T[] data) in d:\users\tj\Projects\SpawnDev.ILGPU\SpawnDev.ILGPU\ILGPU\Runtime\ArrayViewExtensions.cs:line 1830
   at ILGPU.Runtime.ArrayViewExtensions.Allocate1D[T](Accelerator accelerator, T[] data) in d:\users\tj\Projects\SpawnDev.ILGPU\SpawnDev.ILGPU\ILGPU\Runtime\ArrayViewExtensions.cs:line 1801
   at SpawnDev.ILGPU.Demo.Shared.UnitTests.BackendTestBase.<>c.<<ILGPUReduceTest>b__168_0>d.MoveNext() in d:\users\tj\Projects\SpawnDev.ILGPU\SpawnDev.ILGPU\SpawnDev.ILGPU.Demo.Shared\UnitTests\BackendTestBase.Tests2.cs:line 407
--- End of stack trace from previous location ---
   at SpawnDev.ILGPU.Demo.Shared.UnitTests.BackendTestBase.RunTest(Func`2 testBody) in d:\users\tj\Projects\SpawnDev.ILGPU\SpawnDev.ILGPU\SpawnDev.ILGPU.Demo.Shared\UnitTests\BackendTestBase.cs:line 60
   at SpawnDev.ILGPU.Demo.Shared.UnitTests.BackendTestBase.ILGPUReduceTest() in d:\users\tj\Projects\SpawnDev.ILGPU\SpawnDev.ILGPU\SpawnDev.ILGPU.Demo.Shared\UnitTests\BackendTestBase.Tests2.cs:line 400
   at SpawnDev.UnitTesting.UnitTestRunner.RunTest(UnitTest test) in d:\users\tj\Projects\SpawnDev.UnitTesting\SpawnDev.UnitTesting\SpawnDev.UnitTesting\UnitTestRunner.cs:line 183
  [Γ£ù] CudaTests.ILGPUReduceFloatTest (1ms) - ILGPU.Runtime.Cuda.CudaException: an illegal memory access was encountered at CurrentAPI.AllocateMemory(
                        out IntPtr resultPtr,
                        new IntPtr(LengthInBytes))
   at ILGPU.Runtime.Cuda.CudaMemoryBuffer..ctor(CudaAccelerator accelerator, Int64 length, Int32 elementSize) in d:\users\tj\Projects\SpawnDev.ILGPU\SpawnDev.ILGPU\ILGPU\Runtime\Cuda\CudaMemoryBuffer.cs:line 118
   at ILGPU.Runtime.Cuda.CudaAccelerator.AllocateRawInternal(Int64 length, Int32 elementSize) in d:\users\tj\Projects\SpawnDev.ILGPU\SpawnDev.ILGPU\ILGPU\Runtime\Cuda\CudaAccelerator.cs:line 451
   at ILGPU.Runtime.Accelerator.AllocateRaw(Int64 length, Int32 elementSize) in d:\users\tj\Projects\SpawnDev.ILGPU\SpawnDev.ILGPU\ILGPU\Runtime\Accelerator.cs:line 296
   at ILGPU.Runtime.Accelerator.AllocateRaw[T,TExtent,TStrideIndex,TStride](TExtent extent, TStride stride) in d:\users\tj\Projects\SpawnDev.ILGPU\SpawnDev.ILGPU\ILGPU\Runtime\Accelerator.cs:line 335
   at ILGPU.Runtime.Accelerator.Allocate1D[T,TStride](Int64 length, TStride stride) in d:\users\tj\Projects\SpawnDev.ILGPU\SpawnDev.ILGPU\ILGPU\Runtime\Accelerator.Allocations.cs:line 47
   at ILGPU.Runtime.Accelerator.Allocate1D[T](Int64 length) in d:\users\tj\Projects\SpawnDev.ILGPU\SpawnDev.ILGPU\ILGPU\Runtime\Accelerator.Allocations.cs:line 29
   at ILGPU.Runtime.ArrayViewExtensions.Allocate1D[T](Accelerator accelerator, AcceleratorStream stream, T[] data) in d:\users\tj\Projects\SpawnDev.ILGPU\SpawnDev.ILGPU\ILGPU\Runtime\ArrayViewExtensions.cs:line 1830
   at ILGPU.Runtime.ArrayViewExtensions.Allocate1D[T](Accelerator accelerator, T[] data) in d:\users\tj\Projects\SpawnDev.ILGPU\SpawnDev.ILGPU\ILGPU\Runtime\ArrayViewExtensions.cs:line 1801
   at SpawnDev.ILGPU.Demo.Shared.UnitTests.BackendTestBase.<>c.<<ILGPUReduceFloatTest>b__169_0>d.MoveNext() in d:\users\tj\Projects\SpawnDev.ILGPU\SpawnDev.ILGPU\SpawnDev.ILGPU.Demo.Shared\UnitTests\BackendTestBase.Tests2.cs:line 446
--- End of stack trace from previous location ---
   at SpawnDev.ILGPU.Demo.Shared.UnitTests.BackendTestBase.RunTest(Func`2 testBody) in d:\users\tj\Projects\SpawnDev.ILGPU\SpawnDev.ILGPU\SpawnDev.ILGPU.Demo.Shared\UnitTests\BackendTestBase.cs:line 60
   at SpawnDev.ILGPU.Demo.Shared.UnitTests.BackendTestBase.ILGPUReduceFloatTest() in d:\users\tj\Projects\SpawnDev.ILGPU\SpawnDev.ILGPU\SpawnDev.ILGPU.Demo.Shared\UnitTests\BackendTestBase.Tests2.cs:line 440
   at SpawnDev.UnitTesting.UnitTestRunner.RunTest(UnitTest test) in d:\users\tj\Projects\SpawnDev.UnitTesting\SpawnDev.UnitTesting\SpawnDev.UnitTesting\UnitTestRunner.cs:line 183
  [Γ£ù] CudaTests.ILGPUReduceFloatTest (1ms) - ILGPU.Runtime.Cuda.CudaException: an illegal memory access was encountered at CurrentAPI.AllocateMemory(
                        out IntPtr resultPtr,
                        new IntPtr(LengthInBytes))
   at ILGPU.Runtime.Cuda.CudaMemoryBuffer..ctor(CudaAccelerator accelerator, Int64 length, Int32 elementSize) in d:\users\tj\Projects\SpawnDev.ILGPU\SpawnDev.ILGPU\ILGPU\Runtime\Cuda\CudaMemoryBuffer.cs:line 118
   at ILGPU.Runtime.Cuda.CudaAccelerator.AllocateRawInternal(Int64 length, Int32 elementSize) in d:\users\tj\Projects\SpawnDev.ILGPU\SpawnDev.ILGPU\ILGPU\Runtime\Cuda\CudaAccelerator.cs:line 451
   at ILGPU.Runtime.Accelerator.AllocateRaw(Int64 length, Int32 elementSize) in d:\users\tj\Projects\SpawnDev.ILGPU\SpawnDev.ILGPU\ILGPU\Runtime\Accelerator.cs:line 296
   at ILGPU.Runtime.Accelerator.AllocateRaw[T,TExtent,TStrideIndex,TStride](TExtent extent, TStride stride) in d:\users\tj\Projects\SpawnDev.ILGPU\SpawnDev.ILGPU\ILGPU\Runtime\Accelerator.cs:line 335
   at ILGPU.Runtime.Accelerator.Allocate1D[T,TStride](Int64 length, TStride stride) in d:\users\tj\Projects\SpawnDev.ILGPU\SpawnDev.ILGPU\ILGPU\Runtime\Accelerator.Allocations.cs:line 47
   at ILGPU.Runtime.Accelerator.Allocate1D[T](Int64 length) in d:\users\tj\Projects\SpawnDev.ILGPU\SpawnDev.ILGPU\ILGPU\Runtime\Accelerator.Allocations.cs:line 29
   at ILGPU.Runtime.ArrayViewExtensions.Allocate1D[T](Accelerator accelerator, AcceleratorStream stream, T[] data) in d:\users\tj\Projects\SpawnDev.ILGPU\SpawnDev.ILGPU\ILGPU\Runtime\ArrayViewExtensions.cs:line 1830
   at ILGPU.Runtime.ArrayViewExtensions.Allocate1D[T](Accelerator accelerator, T[] data) in d:\users\tj\Projects\SpawnDev.ILGPU\SpawnDev.ILGPU\ILGPU\Runtime\ArrayViewExtensions.cs:line 1801
   at SpawnDev.ILGPU.Demo.Shared.UnitTests.BackendTestBase.<>c.<<ILGPUReduceFloatTest>b__169_0>d.MoveNext() in d:\users\tj\Projects\SpawnDev.ILGPU\SpawnDev.ILGPU\SpawnDev.ILGPU.Demo.Shared\UnitTests\BackendTestBase.Tests2.cs:line 446
--- End of stack trace from previous location ---
   at SpawnDev.ILGPU.Demo.Shared.UnitTests.BackendTestBase.RunTest(Func`2 testBody) in d:\users\tj\Projects\SpawnDev.ILGPU\SpawnDev.ILGPU\SpawnDev.ILGPU.Demo.Shared\UnitTests\BackendTestBase.cs:line 60
   at SpawnDev.ILGPU.Demo.Shared.UnitTests.BackendTestBase.ILGPUReduceFloatTest() in d:\users\tj\Projects\SpawnDev.ILGPU\SpawnDev.ILGPU\SpawnDev.ILGPU.Demo.Shared\UnitTests\BackendTestBase.Tests2.cs:line 440
   at SpawnDev.UnitTesting.UnitTestRunner.RunTest(UnitTest test) in d:\users\tj\Projects\SpawnDev.UnitTesting\SpawnDev.UnitTesting\SpawnDev.UnitTesting\UnitTestRunner.cs:line 183
  [Γ£ù] CudaTests.ILGPUReduceDoubleTest (3ms) - ILGPU.Runtime.Cuda.CudaException: an illegal memory access was encountered at CurrentAPI.CreateContext(
                    out var contextPtr,
                    acceleratorFlags,
                    DeviceId)
   at ILGPU.Runtime.Cuda.CudaAccelerator..ctor(Context context, CudaDevice description, CudaAcceleratorFlags acceleratorFlags) in d:\users\tj\Projects\SpawnDev.ILGPU\SpawnDev.ILGPU\ILGPU\Runtime\Cuda\CudaAccelerator.cs:line 170
   at ILGPU.Runtime.Cuda.CudaDevice.CreateCudaAccelerator(Context context, CudaAcceleratorFlags acceleratorFlags) in d:\users\tj\Projects\SpawnDev.ILGPU\SpawnDev.ILGPU\ILGPU\Runtime\Cuda\CudaDevice.cs:line 516
   at ILGPU.Runtime.Cuda.CudaDevice.CreateCudaAccelerator(Context context) in d:\users\tj\Projects\SpawnDev.ILGPU\SpawnDev.ILGPU\ILGPU\Runtime\Cuda\CudaDevice.cs:line 505
   at ILGPU.Runtime.Cuda.CudaDevice.CreateAccelerator(Context context) in d:\users\tj\Projects\SpawnDev.ILGPU\SpawnDev.ILGPU\ILGPU\Runtime\Cuda\CudaDevice.cs:line 496
   at CudaTests.CreateAcceleratorAsync() in d:\users\tj\Projects\SpawnDev.ILGPU\SpawnDev.ILGPU\SpawnDev.ILGPU.ConsoleDemo\Program.cs:line 116
   at SpawnDev.ILGPU.Demo.Shared.UnitTests.BackendTestBase.CreateEmulatedAcceleratorAsync() in d:\users\tj\Projects\SpawnDev.ILGPU\SpawnDev.ILGPU\SpawnDev.ILGPU.Demo.Shared\UnitTests\BackendTestBase.cs:line 18
   at SpawnDev.ILGPU.Demo.Shared.UnitTests.BackendTestBase.GetOrCreateEmulatedAcceleratorAsync() in d:\users\tj\Projects\SpawnDev.ILGPU\SpawnDev.ILGPU\SpawnDev.ILGPU.Demo.Shared\UnitTests\BackendTestBase.cs:line 49
   at SpawnDev.ILGPU.Demo.Shared.UnitTests.BackendTestBase.RunEmulatedTest(Func`2 testBody) in d:\users\tj\Projects\SpawnDev.ILGPU\SpawnDev.ILGPU\SpawnDev.ILGPU.Demo.Shared\UnitTests\BackendTestBase.cs:line 66
   at SpawnDev.ILGPU.Demo.Shared.UnitTests.BackendTestBase.ILGPUReduceDoubleTest() in d:\users\tj\Projects\SpawnDev.ILGPU\SpawnDev.ILGPU\SpawnDev.ILGPU.Demo.Shared\UnitTests\BackendTestBase.Tests2.cs:line 479
   at SpawnDev.UnitTesting.UnitTestRunner.RunTest(UnitTest test) in d:\users\tj\Projects\SpawnDev.UnitTesting\SpawnDev.UnitTesting\SpawnDev.UnitTesting\UnitTestRunner.cs:line 183
  [Γ£ù] CudaTests.ILGPUReduceDoubleTest (3ms) - ILGPU.Runtime.Cuda.CudaException: an illegal memory access was encountered at CurrentAPI.CreateContext(
                    out var contextPtr,
                    acceleratorFlags,
                    DeviceId)
   at ILGPU.Runtime.Cuda.CudaAccelerator..ctor(Context context, CudaDevice description, CudaAcceleratorFlags acceleratorFlags) in d:\users\tj\Projects\SpawnDev.ILGPU\SpawnDev.ILGPU\ILGPU\Runtime\Cuda\CudaAccelerator.cs:line 170
   at ILGPU.Runtime.Cuda.CudaDevice.CreateCudaAccelerator(Context context, CudaAcceleratorFlags acceleratorFlags) in d:\users\tj\Projects\SpawnDev.ILGPU\SpawnDev.ILGPU\ILGPU\Runtime\Cuda\CudaDevice.cs:line 516
   at ILGPU.Runtime.Cuda.CudaDevice.CreateCudaAccelerator(Context context) in d:\users\tj\Projects\SpawnDev.ILGPU\SpawnDev.ILGPU\ILGPU\Runtime\Cuda\CudaDevice.cs:line 505
   at ILGPU.Runtime.Cuda.CudaDevice.CreateAccelerator(Context context) in d:\users\tj\Projects\SpawnDev.ILGPU\SpawnDev.ILGPU\ILGPU\Runtime\Cuda\CudaDevice.cs:line 496
   at CudaTests.CreateAcceleratorAsync() in d:\users\tj\Projects\SpawnDev.ILGPU\SpawnDev.ILGPU\SpawnDev.ILGPU.ConsoleDemo\Program.cs:line 116
   at SpawnDev.ILGPU.Demo.Shared.UnitTests.BackendTestBase.CreateEmulatedAcceleratorAsync() in d:\users\tj\Projects\SpawnDev.ILGPU\SpawnDev.ILGPU\SpawnDev.ILGPU.Demo.Shared\UnitTests\BackendTestBase.cs:line 18
   at SpawnDev.ILGPU.Demo.Shared.UnitTests.BackendTestBase.GetOrCreateEmulatedAcceleratorAsync() in d:\users\tj\Projects\SpawnDev.ILGPU\SpawnDev.ILGPU\SpawnDev.ILGPU.Demo.Shared\UnitTests\BackendTestBase.cs:line 49
   at SpawnDev.ILGPU.Demo.Shared.UnitTests.BackendTestBase.RunEmulatedTest(Func`2 testBody) in d:\users\tj\Projects\SpawnDev.ILGPU\SpawnDev.ILGPU\SpawnDev.ILGPU.Demo.Shared\UnitTests\BackendTestBase.cs:line 66
   at SpawnDev.ILGPU.Demo.Shared.UnitTests.BackendTestBase.ILGPUReduceDoubleTest() in d:\users\tj\Projects\SpawnDev.ILGPU\SpawnDev.ILGPU\SpawnDev.ILGPU.Demo.Shared\UnitTests\BackendTestBase.Tests2.cs:line 479
   at SpawnDev.UnitTesting.UnitTestRunner.RunTest(UnitTest test) in d:\users\tj\Projects\SpawnDev.UnitTesting\SpawnDev.UnitTesting\SpawnDev.UnitTesting\UnitTestRunner.cs:line 183
  [Γ£ù] CudaTests.ILGPUReduceLongTest (2ms) - ILGPU.Runtime.Cuda.CudaException: an illegal memory access was encountered at CurrentAPI.CreateContext(
                    out var contextPtr,
                    acceleratorFlags,
                    DeviceId)
   at ILGPU.Runtime.Cuda.CudaAccelerator..ctor(Context context, CudaDevice description, CudaAcceleratorFlags acceleratorFlags) in d:\users\tj\Projects\SpawnDev.ILGPU\SpawnDev.ILGPU\ILGPU\Runtime\Cuda\CudaAccelerator.cs:line 170
   at ILGPU.Runtime.Cuda.CudaDevice.CreateCudaAccelerator(Context context, CudaAcceleratorFlags acceleratorFlags) in d:\users\tj\Projects\SpawnDev.ILGPU\SpawnDev.ILGPU\ILGPU\Runtime\Cuda\CudaDevice.cs:line 516
   at ILGPU.Runtime.Cuda.CudaDevice.CreateCudaAccelerator(Context context) in d:\users\tj\Projects\SpawnDev.ILGPU\SpawnDev.ILGPU\ILGPU\Runtime\Cuda\CudaDevice.cs:line 505
   at ILGPU.Runtime.Cuda.CudaDevice.CreateAccelerator(Context context) in d:\users\tj\Projects\SpawnDev.ILGPU\SpawnDev.ILGPU\ILGPU\Runtime\Cuda\CudaDevice.cs:line 496
   at CudaTests.CreateAcceleratorAsync() in d:\users\tj\Projects\SpawnDev.ILGPU\SpawnDev.ILGPU\SpawnDev.ILGPU.ConsoleDemo\Program.cs:line 116
   at SpawnDev.ILGPU.Demo.Shared.UnitTests.BackendTestBase.CreateEmulatedAcceleratorAsync() in d:\users\tj\Projects\SpawnDev.ILGPU\SpawnDev.ILGPU\SpawnDev.ILGPU.Demo.Shared\UnitTests\BackendTestBase.cs:line 18
   at SpawnDev.ILGPU.Demo.Shared.UnitTests.BackendTestBase.GetOrCreateEmulatedAcceleratorAsync() in d:\users\tj\Projects\SpawnDev.ILGPU\SpawnDev.ILGPU\SpawnDev.ILGPU.Demo.Shared\UnitTests\BackendTestBase.cs:line 49
   at SpawnDev.ILGPU.Demo.Shared.UnitTests.BackendTestBase.RunEmulatedTest(Func`2 testBody) in d:\users\tj\Projects\SpawnDev.ILGPU\SpawnDev.ILGPU\SpawnDev.ILGPU.Demo.Shared\UnitTests\BackendTestBase.cs:line 66
   at SpawnDev.ILGPU.Demo.Shared.UnitTests.BackendTestBase.ILGPUReduceLongTest() in d:\users\tj\Projects\SpawnDev.ILGPU\SpawnDev.ILGPU\SpawnDev.ILGPU.Demo.Shared\UnitTests\BackendTestBase.Tests2.cs:line 518
   at SpawnDev.UnitTesting.UnitTestRunner.RunTest(UnitTest test) in d:\users\tj\Projects\SpawnDev.UnitTesting\SpawnDev.UnitTesting\SpawnDev.UnitTesting\UnitTestRunner.cs:line 183
  [Γ£ù] CudaTests.ILGPUReduceLongTest (2ms) - ILGPU.Runtime.Cuda.CudaException: an illegal memory access was encountered at CurrentAPI.CreateContext(
                    out var contextPtr,
                    acceleratorFlags,
                    DeviceId)
   at ILGPU.Runtime.Cuda.CudaAccelerator..ctor(Context context, CudaDevice description, CudaAcceleratorFlags acceleratorFlags) in d:\users\tj\Projects\SpawnDev.ILGPU\SpawnDev.ILGPU\ILGPU\Runtime\Cuda\CudaAccelerator.cs:line 170
   at ILGPU.Runtime.Cuda.CudaDevice.CreateCudaAccelerator(Context context, CudaAcceleratorFlags acceleratorFlags) in d:\users\tj\Projects\SpawnDev.ILGPU\SpawnDev.ILGPU\ILGPU\Runtime\Cuda\CudaDevice.cs:line 516
   at ILGPU.Runtime.Cuda.CudaDevice.CreateCudaAccelerator(Context context) in d:\users\tj\Projects\SpawnDev.ILGPU\SpawnDev.ILGPU\ILGPU\Runtime\Cuda\CudaDevice.cs:line 505
   at ILGPU.Runtime.Cuda.CudaDevice.CreateAccelerator(Context context) in d:\users\tj\Projects\SpawnDev.ILGPU\SpawnDev.ILGPU\ILGPU\Runtime\Cuda\CudaDevice.cs:line 496
   at CudaTests.CreateAcceleratorAsync() in d:\users\tj\Projects\SpawnDev.ILGPU\SpawnDev.ILGPU\SpawnDev.ILGPU.ConsoleDemo\Program.cs:line 116
   at SpawnDev.ILGPU.Demo.Shared.UnitTests.BackendTestBase.CreateEmulatedAcceleratorAsync() in d:\users\tj\Projects\SpawnDev.ILGPU\SpawnDev.ILGPU\SpawnDev.ILGPU.Demo.Shared\UnitTests\BackendTestBase.cs:line 18
   at SpawnDev.ILGPU.Demo.Shared.UnitTests.BackendTestBase.GetOrCreateEmulatedAcceleratorAsync() in d:\users\tj\Projects\SpawnDev.ILGPU\SpawnDev.ILGPU\SpawnDev.ILGPU.Demo.Shared\UnitTests\BackendTestBase.cs:line 49
   at SpawnDev.ILGPU.Demo.Shared.UnitTests.BackendTestBase.RunEmulatedTest(Func`2 testBody) in d:\users\tj\Projects\SpawnDev.ILGPU\SpawnDev.ILGPU\SpawnDev.ILGPU.Demo.Shared\UnitTests\BackendTestBase.cs:line 66
   at SpawnDev.ILGPU.Demo.Shared.UnitTests.BackendTestBase.ILGPUReduceLongTest() in d:\users\tj\Projects\SpawnDev.ILGPU\SpawnDev.ILGPU\SpawnDev.ILGPU.Demo.Shared\UnitTests\BackendTestBase.Tests2.cs:line 518
   at SpawnDev.UnitTesting.UnitTestRunner.RunTest(UnitTest test) in d:\users\tj\Projects\SpawnDev.UnitTesting\SpawnDev.UnitTesting\SpawnDev.UnitTesting\UnitTestRunner.cs:line 183
  [Γ£ù] CudaTests.ILGPUReduceUIntTest (2ms) - ILGPU.Runtime.Cuda.CudaException: an illegal memory access was encountered at CurrentAPI.AllocateMemory(
                        out IntPtr resultPtr,
                        new IntPtr(LengthInBytes))
   at ILGPU.Runtime.Cuda.CudaMemoryBuffer..ctor(CudaAccelerator accelerator, Int64 length, Int32 elementSize) in d:\users\tj\Projects\SpawnDev.ILGPU\SpawnDev.ILGPU\ILGPU\Runtime\Cuda\CudaMemoryBuffer.cs:line 118
   at ILGPU.Runtime.Cuda.CudaAccelerator.AllocateRawInternal(Int64 length, Int32 elementSize) in d:\users\tj\Projects\SpawnDev.ILGPU\SpawnDev.ILGPU\ILGPU\Runtime\Cuda\CudaAccelerator.cs:line 451
   at ILGPU.Runtime.Accelerator.AllocateRaw(Int64 length, Int32 elementSize) in d:\users\tj\Projects\SpawnDev.ILGPU\SpawnDev.ILGPU\ILGPU\Runtime\Accelerator.cs:line 296
   at ILGPU.Runtime.Accelerator.AllocateRaw[T,TExtent,TStrideIndex,TStride](TExtent extent, TStride stride) in d:\users\tj\Projects\SpawnDev.ILGPU\SpawnDev.ILGPU\ILGPU\Runtime\Accelerator.cs:line 335
   at ILGPU.Runtime.Accelerator.Allocate1D[T,TStride](Int64 length, TStride stride) in d:\users\tj\Projects\SpawnDev.ILGPU\SpawnDev.ILGPU\ILGPU\Runtime\Accelerator.Allocations.cs:line 47
   at ILGPU.Runtime.Accelerator.Allocate1D[T](Int64 length) in d:\users\tj\Projects\SpawnDev.ILGPU\SpawnDev.ILGPU\ILGPU\Runtime\Accelerator.Allocations.cs:line 29
   at ILGPU.Runtime.ArrayViewExtensions.Allocate1D[T](Accelerator accelerator, AcceleratorStream stream, T[] data) in d:\users\tj\Projects\SpawnDev.ILGPU\SpawnDev.ILGPU\ILGPU\Runtime\ArrayViewExtensions.cs:line 1830
   at ILGPU.Runtime.ArrayViewExtensions.Allocate1D[T](Accelerator accelerator, T[] data) in d:\users\tj\Projects\SpawnDev.ILGPU\SpawnDev.ILGPU\ILGPU\Runtime\ArrayViewExtensions.cs:line 1801
   at SpawnDev.ILGPU.Demo.Shared.UnitTests.BackendTestBase.<>c.<<ILGPUReduceUIntTest>b__172_0>d.MoveNext() in d:\users\tj\Projects\SpawnDev.ILGPU\SpawnDev.ILGPU\SpawnDev.ILGPU.Demo.Shared\UnitTests\BackendTestBase.Tests2.cs:line 564
--- End of stack trace from previous location ---
   at SpawnDev.ILGPU.Demo.Shared.UnitTests.BackendTestBase.RunTest(Func`2 testBody) in d:\users\tj\Projects\SpawnDev.ILGPU\SpawnDev.ILGPU\SpawnDev.ILGPU.Demo.Shared\UnitTests\BackendTestBase.cs:line 60
   at SpawnDev.ILGPU.Demo.Shared.UnitTests.BackendTestBase.ILGPUReduceUIntTest() in d:\users\tj\Projects\SpawnDev.ILGPU\SpawnDev.ILGPU\SpawnDev.ILGPU.Demo.Shared\UnitTests\BackendTestBase.Tests2.cs:line 558
   at SpawnDev.UnitTesting.UnitTestRunner.RunTest(UnitTest test) in d:\users\tj\Projects\SpawnDev.UnitTesting\SpawnDev.UnitTesting\SpawnDev.UnitTesting\UnitTestRunner.cs:line 183
  [Γ£ù] CudaTests.ILGPUReduceUIntTest (2ms) - ILGPU.Runtime.Cuda.CudaException: an illegal memory access was encountered at CurrentAPI.AllocateMemory(
                        out IntPtr resultPtr,
                        new IntPtr(LengthInBytes))
   at ILGPU.Runtime.Cuda.CudaMemoryBuffer..ctor(CudaAccelerator accelerator, Int64 length, Int32 elementSize) in d:\users\tj\Projects\SpawnDev.ILGPU\SpawnDev.ILGPU\ILGPU\Runtime\Cuda\CudaMemoryBuffer.cs:line 118
   at ILGPU.Runtime.Cuda.CudaAccelerator.AllocateRawInternal(Int64 length, Int32 elementSize) in d:\users\tj\Projects\SpawnDev.ILGPU\SpawnDev.ILGPU\ILGPU\Runtime\Cuda\CudaAccelerator.cs:line 451
   at ILGPU.Runtime.Accelerator.AllocateRaw(Int64 length, Int32 elementSize) in d:\users\tj\Projects\SpawnDev.ILGPU\SpawnDev.ILGPU\ILGPU\Runtime\Accelerator.cs:line 296
   at ILGPU.Runtime.Accelerator.AllocateRaw[T,TExtent,TStrideIndex,TStride](TExtent extent, TStride stride) in d:\users\tj\Projects\SpawnDev.ILGPU\SpawnDev.ILGPU\ILGPU\Runtime\Accelerator.cs:line 335
   at ILGPU.Runtime.Accelerator.Allocate1D[T,TStride](Int64 length, TStride stride) in d:\users\tj\Projects\SpawnDev.ILGPU\SpawnDev.ILGPU\ILGPU\Runtime\Accelerator.Allocations.cs:line 47
   at ILGPU.Runtime.Accelerator.Allocate1D[T](Int64 length) in d:\users\tj\Projects\SpawnDev.ILGPU\SpawnDev.ILGPU\ILGPU\Runtime\Accelerator.Allocations.cs:line 29
   at ILGPU.Runtime.ArrayViewExtensions.Allocate1D[T](Accelerator accelerator, AcceleratorStream stream, T[] data) in d:\users\tj\Projects\SpawnDev.ILGPU\SpawnDev.ILGPU\ILGPU\Runtime\ArrayViewExtensions.cs:line 1830
   at ILGPU.Runtime.ArrayViewExtensions.Allocate1D[T](Accelerator accelerator, T[] data) in d:\users\tj\Projects\SpawnDev.ILGPU\SpawnDev.ILGPU\ILGPU\Runtime\ArrayViewExtensions.cs:line 1801
   at SpawnDev.ILGPU.Demo.Shared.UnitTests.BackendTestBase.<>c.<<ILGPUReduceUIntTest>b__172_0>d.MoveNext() in d:\users\tj\Projects\SpawnDev.ILGPU\SpawnDev.ILGPU\SpawnDev.ILGPU.Demo.Shared\UnitTests\BackendTestBase.Tests2.cs:line 564
--- End of stack trace from previous location ---
   at SpawnDev.ILGPU.Demo.Shared.UnitTests.BackendTestBase.RunTest(Func`2 testBody) in d:\users\tj\Projects\SpawnDev.ILGPU\SpawnDev.ILGPU\SpawnDev.ILGPU.Demo.Shared\UnitTests\BackendTestBase.cs:line 60
   at SpawnDev.ILGPU.Demo.Shared.UnitTests.BackendTestBase.ILGPUReduceUIntTest() in d:\users\tj\Projects\SpawnDev.ILGPU\SpawnDev.ILGPU\SpawnDev.ILGPU.Demo.Shared\UnitTests\BackendTestBase.Tests2.cs:line 558
   at SpawnDev.UnitTesting.UnitTestRunner.RunTest(UnitTest test) in d:\users\tj\Projects\SpawnDev.UnitTesting\SpawnDev.UnitTesting\SpawnDev.UnitTesting\UnitTestRunner.cs:line 183
  [Γ£ù] CudaTests.ILGPUReduceULongTest (2ms) - ILGPU.Runtime.Cuda.CudaException: an illegal memory access was encountered at CurrentAPI.CreateContext(
                    out var contextPtr,
                    acceleratorFlags,
                    DeviceId)
   at ILGPU.Runtime.Cuda.CudaAccelerator..ctor(Context context, CudaDevice description, CudaAcceleratorFlags acceleratorFlags) in d:\users\tj\Projects\SpawnDev.ILGPU\SpawnDev.ILGPU\ILGPU\Runtime\Cuda\CudaAccelerator.cs:line 170
   at ILGPU.Runtime.Cuda.CudaDevice.CreateCudaAccelerator(Context context, CudaAcceleratorFlags acceleratorFlags) in d:\users\tj\Projects\SpawnDev.ILGPU\SpawnDev.ILGPU\ILGPU\Runtime\Cuda\CudaDevice.cs:line 516
   at ILGPU.Runtime.Cuda.CudaDevice.CreateCudaAccelerator(Context context) in d:\users\tj\Projects\SpawnDev.ILGPU\SpawnDev.ILGPU\ILGPU\Runtime\Cuda\CudaDevice.cs:line 505
   at ILGPU.Runtime.Cuda.CudaDevice.CreateAccelerator(Context context) in d:\users\tj\Projects\SpawnDev.ILGPU\SpawnDev.ILGPU\ILGPU\Runtime\Cuda\CudaDevice.cs:line 496
   at CudaTests.CreateAcceleratorAsync() in d:\users\tj\Projects\SpawnDev.ILGPU\SpawnDev.ILGPU\SpawnDev.ILGPU.ConsoleDemo\Program.cs:line 116
   at SpawnDev.ILGPU.Demo.Shared.UnitTests.BackendTestBase.CreateEmulatedAcceleratorAsync() in d:\users\tj\Projects\SpawnDev.ILGPU\SpawnDev.ILGPU\SpawnDev.ILGPU.Demo.Shared\UnitTests\BackendTestBase.cs:line 18
   at SpawnDev.ILGPU.Demo.Shared.UnitTests.BackendTestBase.GetOrCreateEmulatedAcceleratorAsync() in d:\users\tj\Projects\SpawnDev.ILGPU\SpawnDev.ILGPU\SpawnDev.ILGPU.Demo.Shared\UnitTests\BackendTestBase.cs:line 49
   at SpawnDev.ILGPU.Demo.Shared.UnitTests.BackendTestBase.RunEmulatedTest(Func`2 testBody) in d:\users\tj\Projects\SpawnDev.ILGPU\SpawnDev.ILGPU\SpawnDev.ILGPU.Demo.Shared\UnitTests\BackendTestBase.cs:line 66
   at SpawnDev.ILGPU.Demo.Shared.UnitTests.BackendTestBase.ILGPUReduceULongTest() in d:\users\tj\Projects\SpawnDev.ILGPU\SpawnDev.ILGPU\SpawnDev.ILGPU.Demo.Shared\UnitTests\BackendTestBase.Tests2.cs:line 597
   at SpawnDev.UnitTesting.UnitTestRunner.RunTest(UnitTest test) in d:\users\tj\Projects\SpawnDev.UnitTesting\SpawnDev.UnitTesting\SpawnDev.UnitTesting\UnitTestRunner.cs:line 183
  [Γ£ù] CudaTests.ILGPUReduceULongTest (2ms) - ILGPU.Runtime.Cuda.CudaException: an illegal memory access was encountered at CurrentAPI.CreateContext(
                    out var contextPtr,
                    acceleratorFlags,
                    DeviceId)
   at ILGPU.Runtime.Cuda.CudaAccelerator..ctor(Context context, CudaDevice description, CudaAcceleratorFlags acceleratorFlags) in d:\users\tj\Projects\SpawnDev.ILGPU\SpawnDev.ILGPU\ILGPU\Runtime\Cuda\CudaAccelerator.cs:line 170
   at ILGPU.Runtime.Cuda.CudaDevice.CreateCudaAccelerator(Context context, CudaAcceleratorFlags acceleratorFlags) in d:\users\tj\Projects\SpawnDev.ILGPU\SpawnDev.ILGPU\ILGPU\Runtime\Cuda\CudaDevice.cs:line 516
   at ILGPU.Runtime.Cuda.CudaDevice.CreateCudaAccelerator(Context context) in d:\users\tj\Projects\SpawnDev.ILGPU\SpawnDev.ILGPU\ILGPU\Runtime\Cuda\CudaDevice.cs:line 505
   at ILGPU.Runtime.Cuda.CudaDevice.CreateAccelerator(Context context) in d:\users\tj\Projects\SpawnDev.ILGPU\SpawnDev.ILGPU\ILGPU\Runtime\Cuda\CudaDevice.cs:line 496
   at CudaTests.CreateAcceleratorAsync() in d:\users\tj\Projects\SpawnDev.ILGPU\SpawnDev.ILGPU\SpawnDev.ILGPU.ConsoleDemo\Program.cs:line 116
   at SpawnDev.ILGPU.Demo.Shared.UnitTests.BackendTestBase.CreateEmulatedAcceleratorAsync() in d:\users\tj\Projects\SpawnDev.ILGPU\SpawnDev.ILGPU\SpawnDev.ILGPU.Demo.Shared\UnitTests\BackendTestBase.cs:line 18
   at SpawnDev.ILGPU.Demo.Shared.UnitTests.BackendTestBase.GetOrCreateEmulatedAcceleratorAsync() in d:\users\tj\Projects\SpawnDev.ILGPU\SpawnDev.ILGPU\SpawnDev.ILGPU.Demo.Shared\UnitTests\BackendTestBase.cs:line 49
   at SpawnDev.ILGPU.Demo.Shared.UnitTests.BackendTestBase.RunEmulatedTest(Func`2 testBody) in d:\users\tj\Projects\SpawnDev.ILGPU\SpawnDev.ILGPU\SpawnDev.ILGPU.Demo.Shared\UnitTests\BackendTestBase.cs:line 66
   at SpawnDev.ILGPU.Demo.Shared.UnitTests.BackendTestBase.ILGPUReduceULongTest() in d:\users\tj\Projects\SpawnDev.ILGPU\SpawnDev.ILGPU\SpawnDev.ILGPU.Demo.Shared\UnitTests\BackendTestBase.Tests2.cs:line 597
   at SpawnDev.UnitTesting.UnitTestRunner.RunTest(UnitTest test) in d:\users\tj\Projects\SpawnDev.UnitTesting\SpawnDev.UnitTesting\SpawnDev.UnitTesting\UnitTestRunner.cs:line 183
  [Γ£ù] CudaTests.LongIntegerTest (2ms) - ILGPU.Runtime.Cuda.CudaException: an illegal memory access was encountered at CurrentAPI.CreateContext(
                    out var contextPtr,
                    acceleratorFlags,
                    DeviceId)
   at ILGPU.Runtime.Cuda.CudaAccelerator..ctor(Context context, CudaDevice description, CudaAcceleratorFlags acceleratorFlags) in d:\users\tj\Projects\SpawnDev.ILGPU\SpawnDev.ILGPU\ILGPU\Runtime\Cuda\CudaAccelerator.cs:line 170
   at ILGPU.Runtime.Cuda.CudaDevice.CreateCudaAccelerator(Context context, CudaAcceleratorFlags acceleratorFlags) in d:\users\tj\Projects\SpawnDev.ILGPU\SpawnDev.ILGPU\ILGPU\Runtime\Cuda\CudaDevice.cs:line 516
   at ILGPU.Runtime.Cuda.CudaDevice.CreateCudaAccelerator(Context context) in d:\users\tj\Projects\SpawnDev.ILGPU\SpawnDev.ILGPU\ILGPU\Runtime\Cuda\CudaDevice.cs:line 505
   at ILGPU.Runtime.Cuda.CudaDevice.CreateAccelerator(Context context) in d:\users\tj\Projects\SpawnDev.ILGPU\SpawnDev.ILGPU\ILGPU\Runtime\Cuda\CudaDevice.cs:line 496
   at CudaTests.CreateAcceleratorAsync() in d:\users\tj\Projects\SpawnDev.ILGPU\SpawnDev.ILGPU\SpawnDev.ILGPU.ConsoleDemo\Program.cs:line 116
   at SpawnDev.ILGPU.Demo.Shared.UnitTests.BackendTestBase.CreateEmulatedAcceleratorAsync() in d:\users\tj\Projects\SpawnDev.ILGPU\SpawnDev.ILGPU\SpawnDev.ILGPU.Demo.Shared\UnitTests\BackendTestBase.cs:line 18
   at SpawnDev.ILGPU.Demo.Shared.UnitTests.BackendTestBase.GetOrCreateEmulatedAcceleratorAsync() in d:\users\tj\Projects\SpawnDev.ILGPU\SpawnDev.ILGPU\SpawnDev.ILGPU.Demo.Shared\UnitTests\BackendTestBase.cs:line 49
   at SpawnDev.ILGPU.Demo.Shared.UnitTests.BackendTestBase.RunEmulatedTest(Func`2 testBody) in d:\users\tj\Projects\SpawnDev.ILGPU\SpawnDev.ILGPU\SpawnDev.ILGPU.Demo.Shared\UnitTests\BackendTestBase.cs:line 66
   at SpawnDev.ILGPU.Demo.Shared.UnitTests.BackendTestBase.LongIntegerTest() in d:\users\tj\Projects\SpawnDev.ILGPU\SpawnDev.ILGPU\SpawnDev.ILGPU.Demo.Shared\UnitTests\BackendTestBase.Tests3.cs:line 13
   at SpawnDev.UnitTesting.UnitTestRunner.RunTest(UnitTest test) in d:\users\tj\Projects\SpawnDev.UnitTesting\SpawnDev.UnitTesting\SpawnDev.UnitTesting\UnitTestRunner.cs:line 183
  [Γ£ù] CudaTests.LongIntegerTest (2ms) - ILGPU.Runtime.Cuda.CudaException: an illegal memory access was encountered at CurrentAPI.CreateContext(
                    out var contextPtr,
                    acceleratorFlags,
                    DeviceId)
   at ILGPU.Runtime.Cuda.CudaAccelerator..ctor(Context context, CudaDevice description, CudaAcceleratorFlags acceleratorFlags) in d:\users\tj\Projects\SpawnDev.ILGPU\SpawnDev.ILGPU\ILGPU\Runtime\Cuda\CudaAccelerator.cs:line 170
   at ILGPU.Runtime.Cuda.CudaDevice.CreateCudaAccelerator(Context context, CudaAcceleratorFlags acceleratorFlags) in d:\users\tj\Projects\SpawnDev.ILGPU\SpawnDev.ILGPU\ILGPU\Runtime\Cuda\CudaDevice.cs:line 516
   at ILGPU.Runtime.Cuda.CudaDevice.CreateCudaAccelerator(Context context) in d:\users\tj\Projects\SpawnDev.ILGPU\SpawnDev.ILGPU\ILGPU\Runtime\Cuda\CudaDevice.cs:line 505
   at ILGPU.Runtime.Cuda.CudaDevice.CreateAccelerator(Context context) in d:\users\tj\Projects\SpawnDev.ILGPU\SpawnDev.ILGPU\ILGPU\Runtime\Cuda\CudaDevice.cs:line 496
   at CudaTests.CreateAcceleratorAsync() in d:\users\tj\Projects\SpawnDev.ILGPU\SpawnDev.ILGPU\SpawnDev.ILGPU.ConsoleDemo\Program.cs:line 116
   at SpawnDev.ILGPU.Demo.Shared.UnitTests.BackendTestBase.CreateEmulatedAcceleratorAsync() in d:\users\tj\Projects\SpawnDev.ILGPU\SpawnDev.ILGPU\SpawnDev.ILGPU.Demo.Shared\UnitTests\BackendTestBase.cs:line 18
   at SpawnDev.ILGPU.Demo.Shared.UnitTests.BackendTestBase.GetOrCreateEmulatedAcceleratorAsync() in d:\users\tj\Projects\SpawnDev.ILGPU\SpawnDev.ILGPU\SpawnDev.ILGPU.Demo.Shared\UnitTests\BackendTestBase.cs:line 49
   at SpawnDev.ILGPU.Demo.Shared.UnitTests.BackendTestBase.RunEmulatedTest(Func`2 testBody) in d:\users\tj\Projects\SpawnDev.ILGPU\SpawnDev.ILGPU\SpawnDev.ILGPU.Demo.Shared\UnitTests\BackendTestBase.cs:line 66
   at SpawnDev.ILGPU.Demo.Shared.UnitTests.BackendTestBase.LongIntegerTest() in d:\users\tj\Projects\SpawnDev.ILGPU\SpawnDev.ILGPU\SpawnDev.ILGPU.Demo.Shared\UnitTests\BackendTestBase.Tests3.cs:line 13
   at SpawnDev.UnitTesting.UnitTestRunner.RunTest(UnitTest test) in d:\users\tj\Projects\SpawnDev.UnitTesting\SpawnDev.UnitTesting\SpawnDev.UnitTesting\UnitTestRunner.cs:line 183
  [Γ£ù] CudaTests.LongArithmeticTest (2ms) - ILGPU.Runtime.Cuda.CudaException: an illegal memory access was encountered at CurrentAPI.CreateContext(
                    out var contextPtr,
                    acceleratorFlags,
                    DeviceId)
   at ILGPU.Runtime.Cuda.CudaAccelerator..ctor(Context context, CudaDevice description, CudaAcceleratorFlags acceleratorFlags) in d:\users\tj\Projects\SpawnDev.ILGPU\SpawnDev.ILGPU\ILGPU\Runtime\Cuda\CudaAccelerator.cs:line 170
   at ILGPU.Runtime.Cuda.CudaDevice.CreateCudaAccelerator(Context context, CudaAcceleratorFlags acceleratorFlags) in d:\users\tj\Projects\SpawnDev.ILGPU\SpawnDev.ILGPU\ILGPU\Runtime\Cuda\CudaDevice.cs:line 516
   at ILGPU.Runtime.Cuda.CudaDevice.CreateCudaAccelerator(Context context) in d:\users\tj\Projects\SpawnDev.ILGPU\SpawnDev.ILGPU\ILGPU\Runtime\Cuda\CudaDevice.cs:line 505
   at ILGPU.Runtime.Cuda.CudaDevice.CreateAccelerator(Context context) in d:\users\tj\Projects\SpawnDev.ILGPU\SpawnDev.ILGPU\ILGPU\Runtime\Cuda\CudaDevice.cs:line 496
   at CudaTests.CreateAcceleratorAsync() in d:\users\tj\Projects\SpawnDev.ILGPU\SpawnDev.ILGPU\SpawnDev.ILGPU.ConsoleDemo\Program.cs:line 116
   at SpawnDev.ILGPU.Demo.Shared.UnitTests.BackendTestBase.CreateEmulatedAcceleratorAsync() in d:\users\tj\Projects\SpawnDev.ILGPU\SpawnDev.ILGPU\SpawnDev.ILGPU.Demo.Shared\UnitTests\BackendTestBase.cs:line 18
   at SpawnDev.ILGPU.Demo.Shared.UnitTests.BackendTestBase.GetOrCreateEmulatedAcceleratorAsync() in d:\users\tj\Projects\SpawnDev.ILGPU\SpawnDev.ILGPU\SpawnDev.ILGPU.Demo.Shared\UnitTests\BackendTestBase.cs:line 49
   at SpawnDev.ILGPU.Demo.Shared.UnitTests.BackendTestBase.RunEmulatedTest(Func`2 testBody) in d:\users\tj\Projects\SpawnDev.ILGPU\SpawnDev.ILGPU\SpawnDev.ILGPU.Demo.Shared\UnitTests\BackendTestBase.cs:line 66
   at SpawnDev.ILGPU.Demo.Shared.UnitTests.BackendTestBase.LongArithmeticTest() in d:\users\tj\Projects\SpawnDev.ILGPU\SpawnDev.ILGPU\SpawnDev.ILGPU.Demo.Shared\UnitTests\BackendTestBase.Tests3.cs:line 26
   at SpawnDev.UnitTesting.UnitTestRunner.RunTest(UnitTest test) in d:\users\tj\Projects\SpawnDev.UnitTesting\SpawnDev.UnitTesting\SpawnDev.UnitTesting\UnitTestRunner.cs:line 183
  [Γ£ù] CudaTests.LongArithmeticTest (2ms) - ILGPU.Runtime.Cuda.CudaException: an illegal memory access was encountered at CurrentAPI.CreateContext(
                    out var contextPtr,
                    acceleratorFlags,
                    DeviceId)
   at ILGPU.Runtime.Cuda.CudaAccelerator..ctor(Context context, CudaDevice description, CudaAcceleratorFlags acceleratorFlags) in d:\users\tj\Projects\SpawnDev.ILGPU\SpawnDev.ILGPU\ILGPU\Runtime\Cuda\CudaAccelerator.cs:line 170
   at ILGPU.Runtime.Cuda.CudaDevice.CreateCudaAccelerator(Context context, CudaAcceleratorFlags acceleratorFlags) in d:\users\tj\Projects\SpawnDev.ILGPU\SpawnDev.ILGPU\ILGPU\Runtime\Cuda\CudaDevice.cs:line 516
   at ILGPU.Runtime.Cuda.CudaDevice.CreateCudaAccelerator(Context context) in d:\users\tj\Projects\SpawnDev.ILGPU\SpawnDev.ILGPU\ILGPU\Runtime\Cuda\CudaDevice.cs:line 505
   at ILGPU.Runtime.Cuda.CudaDevice.CreateAccelerator(Context context) in d:\users\tj\Projects\SpawnDev.ILGPU\SpawnDev.ILGPU\ILGPU\Runtime\Cuda\CudaDevice.cs:line 496
   at CudaTests.CreateAcceleratorAsync() in d:\users\tj\Projects\SpawnDev.ILGPU\SpawnDev.ILGPU\SpawnDev.ILGPU.ConsoleDemo\Program.cs:line 116
   at SpawnDev.ILGPU.Demo.Shared.UnitTests.BackendTestBase.CreateEmulatedAcceleratorAsync() in d:\users\tj\Projects\SpawnDev.ILGPU\SpawnDev.ILGPU\SpawnDev.ILGPU.Demo.Shared\UnitTests\BackendTestBase.cs:line 18
   at SpawnDev.ILGPU.Demo.Shared.UnitTests.BackendTestBase.GetOrCreateEmulatedAcceleratorAsync() in d:\users\tj\Projects\SpawnDev.ILGPU\SpawnDev.ILGPU\SpawnDev.ILGPU.Demo.Shared\UnitTests\BackendTestBase.cs:line 49
   at SpawnDev.ILGPU.Demo.Shared.UnitTests.BackendTestBase.RunEmulatedTest(Func`2 testBody) in d:\users\tj\Projects\SpawnDev.ILGPU\SpawnDev.ILGPU\SpawnDev.ILGPU.Demo.Shared\UnitTests\BackendTestBase.cs:line 66
   at SpawnDev.ILGPU.Demo.Shared.UnitTests.BackendTestBase.LongArithmeticTest() in d:\users\tj\Projects\SpawnDev.ILGPU\SpawnDev.ILGPU\SpawnDev.ILGPU.Demo.Shared\UnitTests\BackendTestBase.Tests3.cs:line 26
   at SpawnDev.UnitTesting.UnitTestRunner.RunTest(UnitTest test) in d:\users\tj\Projects\SpawnDev.UnitTesting\SpawnDev.UnitTesting\SpawnDev.UnitTesting\UnitTestRunner.cs:line 183
  [Γ£ù] CudaTests.LongBitwiseTest (1ms) - ILGPU.Runtime.Cuda.CudaException: an illegal memory access was encountered at CurrentAPI.CreateContext(
                    out var contextPtr,
                    acceleratorFlags,
                    DeviceId)
   at ILGPU.Runtime.Cuda.CudaAccelerator..ctor(Context context, CudaDevice description, CudaAcceleratorFlags acceleratorFlags) in d:\users\tj\Projects\SpawnDev.ILGPU\SpawnDev.ILGPU\ILGPU\Runtime\Cuda\CudaAccelerator.cs:line 170
   at ILGPU.Runtime.Cuda.CudaDevice.CreateCudaAccelerator(Context context, CudaAcceleratorFlags acceleratorFlags) in d:\users\tj\Projects\SpawnDev.ILGPU\SpawnDev.ILGPU\ILGPU\Runtime\Cuda\CudaDevice.cs:line 516
   at ILGPU.Runtime.Cuda.CudaDevice.CreateCudaAccelerator(Context context) in d:\users\tj\Projects\SpawnDev.ILGPU\SpawnDev.ILGPU\ILGPU\Runtime\Cuda\CudaDevice.cs:line 505
   at ILGPU.Runtime.Cuda.CudaDevice.CreateAccelerator(Context context) in d:\users\tj\Projects\SpawnDev.ILGPU\SpawnDev.ILGPU\ILGPU\Runtime\Cuda\CudaDevice.cs:line 496
   at CudaTests.CreateAcceleratorAsync() in d:\users\tj\Projects\SpawnDev.ILGPU\SpawnDev.ILGPU\SpawnDev.ILGPU.ConsoleDemo\Program.cs:line 116
   at SpawnDev.ILGPU.Demo.Shared.UnitTests.BackendTestBase.CreateEmulatedAcceleratorAsync() in d:\users\tj\Projects\SpawnDev.ILGPU\SpawnDev.ILGPU\SpawnDev.ILGPU.Demo.Shared\UnitTests\BackendTestBase.cs:line 18
   at SpawnDev.ILGPU.Demo.Shared.UnitTests.BackendTestBase.GetOrCreateEmulatedAcceleratorAsync() in d:\users\tj\Projects\SpawnDev.ILGPU\SpawnDev.ILGPU\SpawnDev.ILGPU.Demo.Shared\UnitTests\BackendTestBase.cs:line 49
   at SpawnDev.ILGPU.Demo.Shared.UnitTests.BackendTestBase.RunEmulatedTest(Func`2 testBody) in d:\users\tj\Projects\SpawnDev.ILGPU\SpawnDev.ILGPU\SpawnDev.ILGPU.Demo.Shared\UnitTests\BackendTestBase.cs:line 66
   at SpawnDev.ILGPU.Demo.Shared.UnitTests.BackendTestBase.LongBitwiseTest() in d:\users\tj\Projects\SpawnDev.ILGPU\SpawnDev.ILGPU\SpawnDev.ILGPU.Demo.Shared\UnitTests\BackendTestBase.Tests3.cs:line 39
   at SpawnDev.UnitTesting.UnitTestRunner.RunTest(UnitTest test) in d:\users\tj\Projects\SpawnDev.UnitTesting\SpawnDev.UnitTesting\SpawnDev.UnitTesting\UnitTestRunner.cs:line 183
  [Γ£ù] CudaTests.LongBitwiseTest (1ms) - ILGPU.Runtime.Cuda.CudaException: an illegal memory access was encountered at CurrentAPI.CreateContext(
                    out var contextPtr,
                    acceleratorFlags,
                    DeviceId)
   at ILGPU.Runtime.Cuda.CudaAccelerator..ctor(Context context, CudaDevice description, CudaAcceleratorFlags acceleratorFlags) in d:\users\tj\Projects\SpawnDev.ILGPU\SpawnDev.ILGPU\ILGPU\Runtime\Cuda\CudaAccelerator.cs:line 170
   at ILGPU.Runtime.Cuda.CudaDevice.CreateCudaAccelerator(Context context, CudaAcceleratorFlags acceleratorFlags) in d:\users\tj\Projects\SpawnDev.ILGPU\SpawnDev.ILGPU\ILGPU\Runtime\Cuda\CudaDevice.cs:line 516
   at ILGPU.Runtime.Cuda.CudaDevice.CreateCudaAccelerator(Context context) in d:\users\tj\Projects\SpawnDev.ILGPU\SpawnDev.ILGPU\ILGPU\Runtime\Cuda\CudaDevice.cs:line 505
   at ILGPU.Runtime.Cuda.CudaDevice.CreateAccelerator(Context context) in d:\users\tj\Projects\SpawnDev.ILGPU\SpawnDev.ILGPU\ILGPU\Runtime\Cuda\CudaDevice.cs:line 496
   at CudaTests.CreateAcceleratorAsync() in d:\users\tj\Projects\SpawnDev.ILGPU\SpawnDev.ILGPU\SpawnDev.ILGPU.ConsoleDemo\Program.cs:line 116
   at SpawnDev.ILGPU.Demo.Shared.UnitTests.BackendTestBase.CreateEmulatedAcceleratorAsync() in d:\users\tj\Projects\SpawnDev.ILGPU\SpawnDev.ILGPU\SpawnDev.ILGPU.Demo.Shared\UnitTests\BackendTestBase.cs:line 18
   at SpawnDev.ILGPU.Demo.Shared.UnitTests.BackendTestBase.GetOrCreateEmulatedAcceleratorAsync() in d:\users\tj\Projects\SpawnDev.ILGPU\SpawnDev.ILGPU\SpawnDev.ILGPU.Demo.Shared\UnitTests\BackendTestBase.cs:line 49
   at SpawnDev.ILGPU.Demo.Shared.UnitTests.BackendTestBase.RunEmulatedTest(Func`2 testBody) in d:\users\tj\Projects\SpawnDev.ILGPU\SpawnDev.ILGPU\SpawnDev.ILGPU.Demo.Shared\UnitTests\BackendTestBase.cs:line 66
   at SpawnDev.ILGPU.Demo.Shared.UnitTests.BackendTestBase.LongBitwiseTest() in d:\users\tj\Projects\SpawnDev.ILGPU\SpawnDev.ILGPU\SpawnDev.ILGPU.Demo.Shared\UnitTests\BackendTestBase.Tests3.cs:line 39
   at SpawnDev.UnitTesting.UnitTestRunner.RunTest(UnitTest test) in d:\users\tj\Projects\SpawnDev.UnitTesting\SpawnDev.UnitTesting\SpawnDev.UnitTesting\UnitTestRunner.cs:line 183
  [Γ£ù] CudaTests.LongComparisonTest (2ms) - ILGPU.Runtime.Cuda.CudaException: an illegal memory access was encountered at CurrentAPI.CreateContext(
                    out var contextPtr,
                    acceleratorFlags,
                    DeviceId)
   at ILGPU.Runtime.Cuda.CudaAccelerator..ctor(Context context, CudaDevice description, CudaAcceleratorFlags acceleratorFlags) in d:\users\tj\Projects\SpawnDev.ILGPU\SpawnDev.ILGPU\ILGPU\Runtime\Cuda\CudaAccelerator.cs:line 170
   at ILGPU.Runtime.Cuda.CudaDevice.CreateCudaAccelerator(Context context, CudaAcceleratorFlags acceleratorFlags) in d:\users\tj\Projects\SpawnDev.ILGPU\SpawnDev.ILGPU\ILGPU\Runtime\Cuda\CudaDevice.cs:line 516
   at ILGPU.Runtime.Cuda.CudaDevice.CreateCudaAccelerator(Context context) in d:\users\tj\Projects\SpawnDev.ILGPU\SpawnDev.ILGPU\ILGPU\Runtime\Cuda\CudaDevice.cs:line 505
   at ILGPU.Runtime.Cuda.CudaDevice.CreateAccelerator(Context context) in d:\users\tj\Projects\SpawnDev.ILGPU\SpawnDev.ILGPU\ILGPU\Runtime\Cuda\CudaDevice.cs:line 496
   at CudaTests.CreateAcceleratorAsync() in d:\users\tj\Projects\SpawnDev.ILGPU\SpawnDev.ILGPU\SpawnDev.ILGPU.ConsoleDemo\Program.cs:line 116
   at SpawnDev.ILGPU.Demo.Shared.UnitTests.BackendTestBase.CreateEmulatedAcceleratorAsync() in d:\users\tj\Projects\SpawnDev.ILGPU\SpawnDev.ILGPU\SpawnDev.ILGPU.Demo.Shared\UnitTests\BackendTestBase.cs:line 18
   at SpawnDev.ILGPU.Demo.Shared.UnitTests.BackendTestBase.GetOrCreateEmulatedAcceleratorAsync() in d:\users\tj\Projects\SpawnDev.ILGPU\SpawnDev.ILGPU\SpawnDev.ILGPU.Demo.Shared\UnitTests\BackendTestBase.cs:line 49
   at SpawnDev.ILGPU.Demo.Shared.UnitTests.BackendTestBase.RunEmulatedTest(Func`2 testBody) in d:\users\tj\Projects\SpawnDev.ILGPU\SpawnDev.ILGPU\SpawnDev.ILGPU.Demo.Shared\UnitTests\BackendTestBase.cs:line 66
   at SpawnDev.ILGPU.Demo.Shared.UnitTests.BackendTestBase.LongComparisonTest() in d:\users\tj\Projects\SpawnDev.ILGPU\SpawnDev.ILGPU\SpawnDev.ILGPU.Demo.Shared\UnitTests\BackendTestBase.Tests3.cs:line 52
   at SpawnDev.UnitTesting.UnitTestRunner.RunTest(UnitTest test) in d:\users\tj\Projects\SpawnDev.UnitTesting\SpawnDev.UnitTesting\SpawnDev.UnitTesting\UnitTestRunner.cs:line 183
  [Γ£ù] CudaTests.LongComparisonTest (2ms) - ILGPU.Runtime.Cuda.CudaException: an illegal memory access was encountered at CurrentAPI.CreateContext(
                    out var contextPtr,
                    acceleratorFlags,
                    DeviceId)
   at ILGPU.Runtime.Cuda.CudaAccelerator..ctor(Context context, CudaDevice description, CudaAcceleratorFlags acceleratorFlags) in d:\users\tj\Projects\SpawnDev.ILGPU\SpawnDev.ILGPU\ILGPU\Runtime\Cuda\CudaAccelerator.cs:line 170
   at ILGPU.Runtime.Cuda.CudaDevice.CreateCudaAccelerator(Context context, CudaAcceleratorFlags acceleratorFlags) in d:\users\tj\Projects\SpawnDev.ILGPU\SpawnDev.ILGPU\ILGPU\Runtime\Cuda\CudaDevice.cs:line 516
   at ILGPU.Runtime.Cuda.CudaDevice.CreateCudaAccelerator(Context context) in d:\users\tj\Projects\SpawnDev.ILGPU\SpawnDev.ILGPU\ILGPU\Runtime\Cuda\CudaDevice.cs:line 505
   at ILGPU.Runtime.Cuda.CudaDevice.CreateAccelerator(Context context) in d:\users\tj\Projects\SpawnDev.ILGPU\SpawnDev.ILGPU\ILGPU\Runtime\Cuda\CudaDevice.cs:line 496
   at CudaTests.CreateAcceleratorAsync() in d:\users\tj\Projects\SpawnDev.ILGPU\SpawnDev.ILGPU\SpawnDev.ILGPU.ConsoleDemo\Program.cs:line 116
   at SpawnDev.ILGPU.Demo.Shared.UnitTests.BackendTestBase.CreateEmulatedAcceleratorAsync() in d:\users\tj\Projects\SpawnDev.ILGPU\SpawnDev.ILGPU\SpawnDev.ILGPU.Demo.Shared\UnitTests\BackendTestBase.cs:line 18
   at SpawnDev.ILGPU.Demo.Shared.UnitTests.BackendTestBase.GetOrCreateEmulatedAcceleratorAsync() in d:\users\tj\Projects\SpawnDev.ILGPU\SpawnDev.ILGPU\SpawnDev.ILGPU.Demo.Shared\UnitTests\BackendTestBase.cs:line 49
   at SpawnDev.ILGPU.Demo.Shared.UnitTests.BackendTestBase.RunEmulatedTest(Func`2 testBody) in d:\users\tj\Projects\SpawnDev.ILGPU\SpawnDev.ILGPU\SpawnDev.ILGPU.Demo.Shared\UnitTests\BackendTestBase.cs:line 66
   at SpawnDev.ILGPU.Demo.Shared.UnitTests.BackendTestBase.LongComparisonTest() in d:\users\tj\Projects\SpawnDev.ILGPU\SpawnDev.ILGPU\SpawnDev.ILGPU.Demo.Shared\UnitTests\BackendTestBase.Tests3.cs:line 52
   at SpawnDev.UnitTesting.UnitTestRunner.RunTest(UnitTest test) in d:\users\tj\Projects\SpawnDev.UnitTesting\SpawnDev.UnitTesting\SpawnDev.UnitTesting\UnitTestRunner.cs:line 183
  [Γ£ù] CudaTests.LongEdgeCasesTest (1ms) - ILGPU.Runtime.Cuda.CudaException: an illegal memory access was encountered at CurrentAPI.CreateContext(
                    out var contextPtr,
                    acceleratorFlags,
                    DeviceId)
   at ILGPU.Runtime.Cuda.CudaAccelerator..ctor(Context context, CudaDevice description, CudaAcceleratorFlags acceleratorFlags) in d:\users\tj\Projects\SpawnDev.ILGPU\SpawnDev.ILGPU\ILGPU\Runtime\Cuda\CudaAccelerator.cs:line 170
   at ILGPU.Runtime.Cuda.CudaDevice.CreateCudaAccelerator(Context context, CudaAcceleratorFlags acceleratorFlags) in d:\users\tj\Projects\SpawnDev.ILGPU\SpawnDev.ILGPU\ILGPU\Runtime\Cuda\CudaDevice.cs:line 516
   at ILGPU.Runtime.Cuda.CudaDevice.CreateCudaAccelerator(Context context) in d:\users\tj\Projects\SpawnDev.ILGPU\SpawnDev.ILGPU\ILGPU\Runtime\Cuda\CudaDevice.cs:line 505
   at ILGPU.Runtime.Cuda.CudaDevice.CreateAccelerator(Context context) in d:\users\tj\Projects\SpawnDev.ILGPU\SpawnDev.ILGPU\ILGPU\Runtime\Cuda\CudaDevice.cs:line 496
   at CudaTests.CreateAcceleratorAsync() in d:\users\tj\Projects\SpawnDev.ILGPU\SpawnDev.ILGPU\SpawnDev.ILGPU.ConsoleDemo\Program.cs:line 116
   at SpawnDev.ILGPU.Demo.Shared.UnitTests.BackendTestBase.CreateEmulatedAcceleratorAsync() in d:\users\tj\Projects\SpawnDev.ILGPU\SpawnDev.ILGPU\SpawnDev.ILGPU.Demo.Shared\UnitTests\BackendTestBase.cs:line 18
   at SpawnDev.ILGPU.Demo.Shared.UnitTests.BackendTestBase.GetOrCreateEmulatedAcceleratorAsync() in d:\users\tj\Projects\SpawnDev.ILGPU\SpawnDev.ILGPU\SpawnDev.ILGPU.Demo.Shared\UnitTests\BackendTestBase.cs:line 49
   at SpawnDev.ILGPU.Demo.Shared.UnitTests.BackendTestBase.RunEmulatedTest(Func`2 testBody) in d:\users\tj\Projects\SpawnDev.ILGPU\SpawnDev.ILGPU\SpawnDev.ILGPU.Demo.Shared\UnitTests\BackendTestBase.cs:line 66
   at SpawnDev.ILGPU.Demo.Shared.UnitTests.BackendTestBase.LongEdgeCasesTest() in d:\users\tj\Projects\SpawnDev.ILGPU\SpawnDev.ILGPU\SpawnDev.ILGPU.Demo.Shared\UnitTests\BackendTestBase.Tests3.cs:line 66
   at SpawnDev.UnitTesting.UnitTestRunner.RunTest(UnitTest test) in d:\users\tj\Projects\SpawnDev.UnitTesting\SpawnDev.UnitTesting\SpawnDev.UnitTesting\UnitTestRunner.cs:line 183
  [Γ£ù] CudaTests.LongEdgeCasesTest (1ms) - ILGPU.Runtime.Cuda.CudaException: an illegal memory access was encountered at CurrentAPI.CreateContext(
                    out var contextPtr,
                    acceleratorFlags,
                    DeviceId)
   at ILGPU.Runtime.Cuda.CudaAccelerator..ctor(Context context, CudaDevice description, CudaAcceleratorFlags acceleratorFlags) in d:\users\tj\Projects\SpawnDev.ILGPU\SpawnDev.ILGPU\ILGPU\Runtime\Cuda\CudaAccelerator.cs:line 170
   at ILGPU.Runtime.Cuda.CudaDevice.CreateCudaAccelerator(Context context, CudaAcceleratorFlags acceleratorFlags) in d:\users\tj\Projects\SpawnDev.ILGPU\SpawnDev.ILGPU\ILGPU\Runtime\Cuda\CudaDevice.cs:line 516
   at ILGPU.Runtime.Cuda.CudaDevice.CreateCudaAccelerator(Context context) in d:\users\tj\Projects\SpawnDev.ILGPU\SpawnDev.ILGPU\ILGPU\Runtime\Cuda\CudaDevice.cs:line 505
   at ILGPU.Runtime.Cuda.CudaDevice.CreateAccelerator(Context context) in d:\users\tj\Projects\SpawnDev.ILGPU\SpawnDev.ILGPU\ILGPU\Runtime\Cuda\CudaDevice.cs:line 496
   at CudaTests.CreateAcceleratorAsync() in d:\users\tj\Projects\SpawnDev.ILGPU\SpawnDev.ILGPU\SpawnDev.ILGPU.ConsoleDemo\Program.cs:line 116
   at SpawnDev.ILGPU.Demo.Shared.UnitTests.BackendTestBase.CreateEmulatedAcceleratorAsync() in d:\users\tj\Projects\SpawnDev.ILGPU\SpawnDev.ILGPU\SpawnDev.ILGPU.Demo.Shared\UnitTests\BackendTestBase.cs:line 18
   at SpawnDev.ILGPU.Demo.Shared.UnitTests.BackendTestBase.GetOrCreateEmulatedAcceleratorAsync() in d:\users\tj\Projects\SpawnDev.ILGPU\SpawnDev.ILGPU\SpawnDev.ILGPU.Demo.Shared\UnitTests\BackendTestBase.cs:line 49
   at SpawnDev.ILGPU.Demo.Shared.UnitTests.BackendTestBase.RunEmulatedTest(Func`2 testBody) in d:\users\tj\Projects\SpawnDev.ILGPU\SpawnDev.ILGPU\SpawnDev.ILGPU.Demo.Shared\UnitTests\BackendTestBase.cs:line 66
   at SpawnDev.ILGPU.Demo.Shared.UnitTests.BackendTestBase.LongEdgeCasesTest() in d:\users\tj\Projects\SpawnDev.ILGPU\SpawnDev.ILGPU\SpawnDev.ILGPU.Demo.Shared\UnitTests\BackendTestBase.Tests3.cs:line 66
   at SpawnDev.UnitTesting.UnitTestRunner.RunTest(UnitTest test) in d:\users\tj\Projects\SpawnDev.UnitTesting\SpawnDev.UnitTesting\SpawnDev.UnitTesting\UnitTestRunner.cs:line 183
  [Γ£ù] CudaTests.LongMultiBufferTest (1ms) - ILGPU.Runtime.Cuda.CudaException: an illegal memory access was encountered at CurrentAPI.CreateContext(
                    out var contextPtr,
                    acceleratorFlags,
                    DeviceId)
   at ILGPU.Runtime.Cuda.CudaAccelerator..ctor(Context context, CudaDevice description, CudaAcceleratorFlags acceleratorFlags) in d:\users\tj\Projects\SpawnDev.ILGPU\SpawnDev.ILGPU\ILGPU\Runtime\Cuda\CudaAccelerator.cs:line 170
   at ILGPU.Runtime.Cuda.CudaDevice.CreateCudaAccelerator(Context context, CudaAcceleratorFlags acceleratorFlags) in d:\users\tj\Projects\SpawnDev.ILGPU\SpawnDev.ILGPU\ILGPU\Runtime\Cuda\CudaDevice.cs:line 516
   at ILGPU.Runtime.Cuda.CudaDevice.CreateCudaAccelerator(Context context) in d:\users\tj\Projects\SpawnDev.ILGPU\SpawnDev.ILGPU\ILGPU\Runtime\Cuda\CudaDevice.cs:line 505
   at ILGPU.Runtime.Cuda.CudaDevice.CreateAccelerator(Context context) in d:\users\tj\Projects\SpawnDev.ILGPU\SpawnDev.ILGPU\ILGPU\Runtime\Cuda\CudaDevice.cs:line 496
   at CudaTests.CreateAcceleratorAsync() in d:\users\tj\Projects\SpawnDev.ILGPU\SpawnDev.ILGPU\SpawnDev.ILGPU.ConsoleDemo\Program.cs:line 116
   at SpawnDev.ILGPU.Demo.Shared.UnitTests.BackendTestBase.CreateEmulatedAcceleratorAsync() in d:\users\tj\Projects\SpawnDev.ILGPU\SpawnDev.ILGPU\SpawnDev.ILGPU.Demo.Shared\UnitTests\BackendTestBase.cs:line 18
   at SpawnDev.ILGPU.Demo.Shared.UnitTests.BackendTestBase.GetOrCreateEmulatedAcceleratorAsync() in d:\users\tj\Projects\SpawnDev.ILGPU\SpawnDev.ILGPU\SpawnDev.ILGPU.Demo.Shared\UnitTests\BackendTestBase.cs:line 49
   at SpawnDev.ILGPU.Demo.Shared.UnitTests.BackendTestBase.RunEmulatedTest(Func`2 testBody) in d:\users\tj\Projects\SpawnDev.ILGPU\SpawnDev.ILGPU\SpawnDev.ILGPU.Demo.Shared\UnitTests\BackendTestBase.cs:line 66
   at SpawnDev.ILGPU.Demo.Shared.UnitTests.BackendTestBase.LongMultiBufferTest() in d:\users\tj\Projects\SpawnDev.ILGPU\SpawnDev.ILGPU\SpawnDev.ILGPU.Demo.Shared\UnitTests\BackendTestBase.Tests3.cs:line 79
   at SpawnDev.UnitTesting.UnitTestRunner.RunTest(UnitTest test) in d:\users\tj\Projects\SpawnDev.UnitTesting\SpawnDev.UnitTesting\SpawnDev.UnitTesting\UnitTestRunner.cs:line 183
  [Γ£ù] CudaTests.LongMultiBufferTest (1ms) - ILGPU.Runtime.Cuda.CudaException: an illegal memory access was encountered at CurrentAPI.CreateContext(
                    out var contextPtr,
                    acceleratorFlags,
                    DeviceId)
   at ILGPU.Runtime.Cuda.CudaAccelerator..ctor(Context context, CudaDevice description, CudaAcceleratorFlags acceleratorFlags) in d:\users\tj\Projects\SpawnDev.ILGPU\SpawnDev.ILGPU\ILGPU\Runtime\Cuda\CudaAccelerator.cs:line 170
   at ILGPU.Runtime.Cuda.CudaDevice.CreateCudaAccelerator(Context context, CudaAcceleratorFlags acceleratorFlags) in d:\users\tj\Projects\SpawnDev.ILGPU\SpawnDev.ILGPU\ILGPU\Runtime\Cuda\CudaDevice.cs:line 516
   at ILGPU.Runtime.Cuda.CudaDevice.CreateCudaAccelerator(Context context) in d:\users\tj\Projects\SpawnDev.ILGPU\SpawnDev.ILGPU\ILGPU\Runtime\Cuda\CudaDevice.cs:line 505
   at ILGPU.Runtime.Cuda.CudaDevice.CreateAccelerator(Context context) in d:\users\tj\Projects\SpawnDev.ILGPU\SpawnDev.ILGPU\ILGPU\Runtime\Cuda\CudaDevice.cs:line 496
   at CudaTests.CreateAcceleratorAsync() in d:\users\tj\Projects\SpawnDev.ILGPU\SpawnDev.ILGPU\SpawnDev.ILGPU.ConsoleDemo\Program.cs:line 116
   at SpawnDev.ILGPU.Demo.Shared.UnitTests.BackendTestBase.CreateEmulatedAcceleratorAsync() in d:\users\tj\Projects\SpawnDev.ILGPU\SpawnDev.ILGPU\SpawnDev.ILGPU.Demo.Shared\UnitTests\BackendTestBase.cs:line 18
   at SpawnDev.ILGPU.Demo.Shared.UnitTests.BackendTestBase.GetOrCreateEmulatedAcceleratorAsync() in d:\users\tj\Projects\SpawnDev.ILGPU\SpawnDev.ILGPU\SpawnDev.ILGPU.Demo.Shared\UnitTests\BackendTestBase.cs:line 49
   at SpawnDev.ILGPU.Demo.Shared.UnitTests.BackendTestBase.RunEmulatedTest(Func`2 testBody) in d:\users\tj\Projects\SpawnDev.ILGPU\SpawnDev.ILGPU\SpawnDev.ILGPU.Demo.Shared\UnitTests\BackendTestBase.cs:line 66
   at SpawnDev.ILGPU.Demo.Shared.UnitTests.BackendTestBase.LongMultiBufferTest() in d:\users\tj\Projects\SpawnDev.ILGPU\SpawnDev.ILGPU\SpawnDev.ILGPU.Demo.Shared\UnitTests\BackendTestBase.Tests3.cs:line 79
   at SpawnDev.UnitTesting.UnitTestRunner.RunTest(UnitTest test) in d:\users\tj\Projects\SpawnDev.UnitTesting\SpawnDev.UnitTesting\SpawnDev.UnitTesting\UnitTestRunner.cs:line 183
  [Γ£ù] CudaTests.LongNegationTest (2ms) - ILGPU.Runtime.Cuda.CudaException: an illegal memory access was encountered at CurrentAPI.CreateContext(
                    out var contextPtr,
                    acceleratorFlags,
                    DeviceId)
   at ILGPU.Runtime.Cuda.CudaAccelerator..ctor(Context context, CudaDevice description, CudaAcceleratorFlags acceleratorFlags) in d:\users\tj\Projects\SpawnDev.ILGPU\SpawnDev.ILGPU\ILGPU\Runtime\Cuda\CudaAccelerator.cs:line 170
   at ILGPU.Runtime.Cuda.CudaDevice.CreateCudaAccelerator(Context context, CudaAcceleratorFlags acceleratorFlags) in d:\users\tj\Projects\SpawnDev.ILGPU\SpawnDev.ILGPU\ILGPU\Runtime\Cuda\CudaDevice.cs:line 516
   at ILGPU.Runtime.Cuda.CudaDevice.CreateCudaAccelerator(Context context) in d:\users\tj\Projects\SpawnDev.ILGPU\SpawnDev.ILGPU\ILGPU\Runtime\Cuda\CudaDevice.cs:line 505
   at ILGPU.Runtime.Cuda.CudaDevice.CreateAccelerator(Context context) in d:\users\tj\Projects\SpawnDev.ILGPU\SpawnDev.ILGPU\ILGPU\Runtime\Cuda\CudaDevice.cs:line 496
   at CudaTests.CreateAcceleratorAsync() in d:\users\tj\Projects\SpawnDev.ILGPU\SpawnDev.ILGPU\SpawnDev.ILGPU.ConsoleDemo\Program.cs:line 116
   at SpawnDev.ILGPU.Demo.Shared.UnitTests.BackendTestBase.CreateEmulatedAcceleratorAsync() in d:\users\tj\Projects\SpawnDev.ILGPU\SpawnDev.ILGPU\SpawnDev.ILGPU.Demo.Shared\UnitTests\BackendTestBase.cs:line 18
   at SpawnDev.ILGPU.Demo.Shared.UnitTests.BackendTestBase.GetOrCreateEmulatedAcceleratorAsync() in d:\users\tj\Projects\SpawnDev.ILGPU\SpawnDev.ILGPU\SpawnDev.ILGPU.Demo.Shared\UnitTests\BackendTestBase.cs:line 49
   at SpawnDev.ILGPU.Demo.Shared.UnitTests.BackendTestBase.RunEmulatedTest(Func`2 testBody) in d:\users\tj\Projects\SpawnDev.ILGPU\SpawnDev.ILGPU\SpawnDev.ILGPU.Demo.Shared\UnitTests\BackendTestBase.cs:line 66
   at SpawnDev.ILGPU.Demo.Shared.UnitTests.BackendTestBase.LongNegationTest() in d:\users\tj\Projects\SpawnDev.ILGPU\SpawnDev.ILGPU\SpawnDev.ILGPU.Demo.Shared\UnitTests\BackendTestBase.Tests3.cs:line 92
   at SpawnDev.UnitTesting.UnitTestRunner.RunTest(UnitTest test) in d:\users\tj\Projects\SpawnDev.UnitTesting\SpawnDev.UnitTesting\SpawnDev.UnitTesting\UnitTestRunner.cs:line 183
  [Γ£ù] CudaTests.LongNegationTest (2ms) - ILGPU.Runtime.Cuda.CudaException: an illegal memory access was encountered at CurrentAPI.CreateContext(
                    out var contextPtr,
                    acceleratorFlags,
                    DeviceId)
   at ILGPU.Runtime.Cuda.CudaAccelerator..ctor(Context context, CudaDevice description, CudaAcceleratorFlags acceleratorFlags) in d:\users\tj\Projects\SpawnDev.ILGPU\SpawnDev.ILGPU\ILGPU\Runtime\Cuda\CudaAccelerator.cs:line 170
   at ILGPU.Runtime.Cuda.CudaDevice.CreateCudaAccelerator(Context context, CudaAcceleratorFlags acceleratorFlags) in d:\users\tj\Projects\SpawnDev.ILGPU\SpawnDev.ILGPU\ILGPU\Runtime\Cuda\CudaDevice.cs:line 516
   at ILGPU.Runtime.Cuda.CudaDevice.CreateCudaAccelerator(Context context) in d:\users\tj\Projects\SpawnDev.ILGPU\SpawnDev.ILGPU\ILGPU\Runtime\Cuda\CudaDevice.cs:line 505
   at ILGPU.Runtime.Cuda.CudaDevice.CreateAccelerator(Context context) in d:\users\tj\Projects\SpawnDev.ILGPU\SpawnDev.ILGPU\ILGPU\Runtime\Cuda\CudaDevice.cs:line 496
   at CudaTests.CreateAcceleratorAsync() in d:\users\tj\Projects\SpawnDev.ILGPU\SpawnDev.ILGPU\SpawnDev.ILGPU.ConsoleDemo\Program.cs:line 116
   at SpawnDev.ILGPU.Demo.Shared.UnitTests.BackendTestBase.CreateEmulatedAcceleratorAsync() in d:\users\tj\Projects\SpawnDev.ILGPU\SpawnDev.ILGPU\SpawnDev.ILGPU.Demo.Shared\UnitTests\BackendTestBase.cs:line 18
   at SpawnDev.ILGPU.Demo.Shared.UnitTests.BackendTestBase.GetOrCreateEmulatedAcceleratorAsync() in d:\users\tj\Projects\SpawnDev.ILGPU\SpawnDev.ILGPU\SpawnDev.ILGPU.Demo.Shared\UnitTests\BackendTestBase.cs:line 49
   at SpawnDev.ILGPU.Demo.Shared.UnitTests.BackendTestBase.RunEmulatedTest(Func`2 testBody) in d:\users\tj\Projects\SpawnDev.ILGPU\SpawnDev.ILGPU\SpawnDev.ILGPU.Demo.Shared\UnitTests\BackendTestBase.cs:line 66
   at SpawnDev.ILGPU.Demo.Shared.UnitTests.BackendTestBase.LongNegationTest() in d:\users\tj\Projects\SpawnDev.ILGPU\SpawnDev.ILGPU\SpawnDev.ILGPU.Demo.Shared\UnitTests\BackendTestBase.Tests3.cs:line 92
   at SpawnDev.UnitTesting.UnitTestRunner.RunTest(UnitTest test) in d:\users\tj\Projects\SpawnDev.UnitTesting\SpawnDev.UnitTesting\SpawnDev.UnitTesting\UnitTestRunner.cs:line 183
  [Γ£ù] CudaTests.LongShiftTest (2ms) - ILGPU.Runtime.Cuda.CudaException: an illegal memory access was encountered at CurrentAPI.CreateContext(
                    out var contextPtr,
                    acceleratorFlags,
                    DeviceId)
   at ILGPU.Runtime.Cuda.CudaAccelerator..ctor(Context context, CudaDevice description, CudaAcceleratorFlags acceleratorFlags) in d:\users\tj\Projects\SpawnDev.ILGPU\SpawnDev.ILGPU\ILGPU\Runtime\Cuda\CudaAccelerator.cs:line 170
   at ILGPU.Runtime.Cuda.CudaDevice.CreateCudaAccelerator(Context context, CudaAcceleratorFlags acceleratorFlags) in d:\users\tj\Projects\SpawnDev.ILGPU\SpawnDev.ILGPU\ILGPU\Runtime\Cuda\CudaDevice.cs:line 516
   at ILGPU.Runtime.Cuda.CudaDevice.CreateCudaAccelerator(Context context) in d:\users\tj\Projects\SpawnDev.ILGPU\SpawnDev.ILGPU\ILGPU\Runtime\Cuda\CudaDevice.cs:line 505
   at ILGPU.Runtime.Cuda.CudaDevice.CreateAccelerator(Context context) in d:\users\tj\Projects\SpawnDev.ILGPU\SpawnDev.ILGPU\ILGPU\Runtime\Cuda\CudaDevice.cs:line 496
   at CudaTests.CreateAcceleratorAsync() in d:\users\tj\Projects\SpawnDev.ILGPU\SpawnDev.ILGPU\SpawnDev.ILGPU.ConsoleDemo\Program.cs:line 116
   at SpawnDev.ILGPU.Demo.Shared.UnitTests.BackendTestBase.CreateEmulatedAcceleratorAsync() in d:\users\tj\Projects\SpawnDev.ILGPU\SpawnDev.ILGPU\SpawnDev.ILGPU.Demo.Shared\UnitTests\BackendTestBase.cs:line 18
   at SpawnDev.ILGPU.Demo.Shared.UnitTests.BackendTestBase.GetOrCreateEmulatedAcceleratorAsync() in d:\users\tj\Projects\SpawnDev.ILGPU\SpawnDev.ILGPU\SpawnDev.ILGPU.Demo.Shared\UnitTests\BackendTestBase.cs:line 49
   at SpawnDev.ILGPU.Demo.Shared.UnitTests.BackendTestBase.RunEmulatedTest(Func`2 testBody) in d:\users\tj\Projects\SpawnDev.ILGPU\SpawnDev.ILGPU\SpawnDev.ILGPU.Demo.Shared\UnitTests\BackendTestBase.cs:line 66
   at SpawnDev.ILGPU.Demo.Shared.UnitTests.BackendTestBase.LongShiftTest() in d:\users\tj\Projects\SpawnDev.ILGPU\SpawnDev.ILGPU\SpawnDev.ILGPU.Demo.Shared\UnitTests\BackendTestBase.Tests3.cs:line 105
   at SpawnDev.UnitTesting.UnitTestRunner.RunTest(UnitTest test) in d:\users\tj\Projects\SpawnDev.UnitTesting\SpawnDev.UnitTesting\SpawnDev.UnitTesting\UnitTestRunner.cs:line 183
  [Γ£ù] CudaTests.LongShiftTest (2ms) - ILGPU.Runtime.Cuda.CudaException: an illegal memory access was encountered at CurrentAPI.CreateContext(
                    out var contextPtr,
                    acceleratorFlags,
                    DeviceId)
   at ILGPU.Runtime.Cuda.CudaAccelerator..ctor(Context context, CudaDevice description, CudaAcceleratorFlags acceleratorFlags) in d:\users\tj\Projects\SpawnDev.ILGPU\SpawnDev.ILGPU\ILGPU\Runtime\Cuda\CudaAccelerator.cs:line 170
   at ILGPU.Runtime.Cuda.CudaDevice.CreateCudaAccelerator(Context context, CudaAcceleratorFlags acceleratorFlags) in d:\users\tj\Projects\SpawnDev.ILGPU\SpawnDev.ILGPU\ILGPU\Runtime\Cuda\CudaDevice.cs:line 516
   at ILGPU.Runtime.Cuda.CudaDevice.CreateCudaAccelerator(Context context) in d:\users\tj\Projects\SpawnDev.ILGPU\SpawnDev.ILGPU\ILGPU\Runtime\Cuda\CudaDevice.cs:line 505
   at ILGPU.Runtime.Cuda.CudaDevice.CreateAccelerator(Context context) in d:\users\tj\Projects\SpawnDev.ILGPU\SpawnDev.ILGPU\ILGPU\Runtime\Cuda\CudaDevice.cs:line 496
   at CudaTests.CreateAcceleratorAsync() in d:\users\tj\Projects\SpawnDev.ILGPU\SpawnDev.ILGPU\SpawnDev.ILGPU.ConsoleDemo\Program.cs:line 116
   at SpawnDev.ILGPU.Demo.Shared.UnitTests.BackendTestBase.CreateEmulatedAcceleratorAsync() in d:\users\tj\Projects\SpawnDev.ILGPU\SpawnDev.ILGPU\SpawnDev.ILGPU.Demo.Shared\UnitTests\BackendTestBase.cs:line 18
   at SpawnDev.ILGPU.Demo.Shared.UnitTests.BackendTestBase.GetOrCreateEmulatedAcceleratorAsync() in d:\users\tj\Projects\SpawnDev.ILGPU\SpawnDev.ILGPU\SpawnDev.ILGPU.Demo.Shared\UnitTests\BackendTestBase.cs:line 49
   at SpawnDev.ILGPU.Demo.Shared.UnitTests.BackendTestBase.RunEmulatedTest(Func`2 testBody) in d:\users\tj\Projects\SpawnDev.ILGPU\SpawnDev.ILGPU\SpawnDev.ILGPU.Demo.Shared\UnitTests\BackendTestBase.cs:line 66
   at SpawnDev.ILGPU.Demo.Shared.UnitTests.BackendTestBase.LongShiftTest() in d:\users\tj\Projects\SpawnDev.ILGPU\SpawnDev.ILGPU\SpawnDev.ILGPU.Demo.Shared\UnitTests\BackendTestBase.Tests3.cs:line 105
   at SpawnDev.UnitTesting.UnitTestRunner.RunTest(UnitTest test) in d:\users\tj\Projects\SpawnDev.UnitTesting\SpawnDev.UnitTesting\SpawnDev.UnitTesting\UnitTestRunner.cs:line 183
  [Γ£ù] CudaTests.LongSignedCompareTest (1ms) - ILGPU.Runtime.Cuda.CudaException: an illegal memory access was encountered at CurrentAPI.CreateContext(
                    out var contextPtr,
                    acceleratorFlags,
                    DeviceId)
   at ILGPU.Runtime.Cuda.CudaAccelerator..ctor(Context context, CudaDevice description, CudaAcceleratorFlags acceleratorFlags) in d:\users\tj\Projects\SpawnDev.ILGPU\SpawnDev.ILGPU\ILGPU\Runtime\Cuda\CudaAccelerator.cs:line 170
   at ILGPU.Runtime.Cuda.CudaDevice.CreateCudaAccelerator(Context context, CudaAcceleratorFlags acceleratorFlags) in d:\users\tj\Projects\SpawnDev.ILGPU\SpawnDev.ILGPU\ILGPU\Runtime\Cuda\CudaDevice.cs:line 516
   at ILGPU.Runtime.Cuda.CudaDevice.CreateCudaAccelerator(Context context) in d:\users\tj\Projects\SpawnDev.ILGPU\SpawnDev.ILGPU\ILGPU\Runtime\Cuda\CudaDevice.cs:line 505
   at ILGPU.Runtime.Cuda.CudaDevice.CreateAccelerator(Context context) in d:\users\tj\Projects\SpawnDev.ILGPU\SpawnDev.ILGPU\ILGPU\Runtime\Cuda\CudaDevice.cs:line 496
   at CudaTests.CreateAcceleratorAsync() in d:\users\tj\Projects\SpawnDev.ILGPU\SpawnDev.ILGPU\SpawnDev.ILGPU.ConsoleDemo\Program.cs:line 116
   at SpawnDev.ILGPU.Demo.Shared.UnitTests.BackendTestBase.CreateEmulatedAcceleratorAsync() in d:\users\tj\Projects\SpawnDev.ILGPU\SpawnDev.ILGPU\SpawnDev.ILGPU.Demo.Shared\UnitTests\BackendTestBase.cs:line 18
   at SpawnDev.ILGPU.Demo.Shared.UnitTests.BackendTestBase.GetOrCreateEmulatedAcceleratorAsync() in d:\users\tj\Projects\SpawnDev.ILGPU\SpawnDev.ILGPU\SpawnDev.ILGPU.Demo.Shared\UnitTests\BackendTestBase.cs:line 49
   at SpawnDev.ILGPU.Demo.Shared.UnitTests.BackendTestBase.RunEmulatedTest(Func`2 testBody) in d:\users\tj\Projects\SpawnDev.ILGPU\SpawnDev.ILGPU\SpawnDev.ILGPU.Demo.Shared\UnitTests\BackendTestBase.cs:line 66
   at SpawnDev.ILGPU.Demo.Shared.UnitTests.BackendTestBase.LongSignedCompareTest() in d:\users\tj\Projects\SpawnDev.ILGPU\SpawnDev.ILGPU\SpawnDev.ILGPU.Demo.Shared\UnitTests\BackendTestBase.Tests3.cs:line 118
   at SpawnDev.UnitTesting.UnitTestRunner.RunTest(UnitTest test) in d:\users\tj\Projects\SpawnDev.UnitTesting\SpawnDev.UnitTesting\SpawnDev.UnitTesting\UnitTestRunner.cs:line 183
  [Γ£ù] CudaTests.LongSignedCompareTest (1ms) - ILGPU.Runtime.Cuda.CudaException: an illegal memory access was encountered at CurrentAPI.CreateContext(
                    out var contextPtr,
                    acceleratorFlags,
                    DeviceId)
   at ILGPU.Runtime.Cuda.CudaAccelerator..ctor(Context context, CudaDevice description, CudaAcceleratorFlags acceleratorFlags) in d:\users\tj\Projects\SpawnDev.ILGPU\SpawnDev.ILGPU\ILGPU\Runtime\Cuda\CudaAccelerator.cs:line 170
   at ILGPU.Runtime.Cuda.CudaDevice.CreateCudaAccelerator(Context context, CudaAcceleratorFlags acceleratorFlags) in d:\users\tj\Projects\SpawnDev.ILGPU\SpawnDev.ILGPU\ILGPU\Runtime\Cuda\CudaDevice.cs:line 516
   at ILGPU.Runtime.Cuda.CudaDevice.CreateCudaAccelerator(Context context) in d:\users\tj\Projects\SpawnDev.ILGPU\SpawnDev.ILGPU\ILGPU\Runtime\Cuda\CudaDevice.cs:line 505
   at ILGPU.Runtime.Cuda.CudaDevice.CreateAccelerator(Context context) in d:\users\tj\Projects\SpawnDev.ILGPU\SpawnDev.ILGPU\ILGPU\Runtime\Cuda\CudaDevice.cs:line 496
   at CudaTests.CreateAcceleratorAsync() in d:\users\tj\Projects\SpawnDev.ILGPU\SpawnDev.ILGPU\SpawnDev.ILGPU.ConsoleDemo\Program.cs:line 116
   at SpawnDev.ILGPU.Demo.Shared.UnitTests.BackendTestBase.CreateEmulatedAcceleratorAsync() in d:\users\tj\Projects\SpawnDev.ILGPU\SpawnDev.ILGPU\SpawnDev.ILGPU.Demo.Shared\UnitTests\BackendTestBase.cs:line 18
   at SpawnDev.ILGPU.Demo.Shared.UnitTests.BackendTestBase.GetOrCreateEmulatedAcceleratorAsync() in d:\users\tj\Projects\SpawnDev.ILGPU\SpawnDev.ILGPU\SpawnDev.ILGPU.Demo.Shared\UnitTests\BackendTestBase.cs:line 49
   at SpawnDev.ILGPU.Demo.Shared.UnitTests.BackendTestBase.RunEmulatedTest(Func`2 testBody) in d:\users\tj\Projects\SpawnDev.ILGPU\SpawnDev.ILGPU\SpawnDev.ILGPU.Demo.Shared\UnitTests\BackendTestBase.cs:line 66
   at SpawnDev.ILGPU.Demo.Shared.UnitTests.BackendTestBase.LongSignedCompareTest() in d:\users\tj\Projects\SpawnDev.ILGPU\SpawnDev.ILGPU\SpawnDev.ILGPU.Demo.Shared\UnitTests\BackendTestBase.Tests3.cs:line 118
   at SpawnDev.UnitTesting.UnitTestRunner.RunTest(UnitTest test) in d:\users\tj\Projects\SpawnDev.UnitTesting\SpawnDev.UnitTesting\SpawnDev.UnitTesting\UnitTestRunner.cs:line 183
  [Γ£ù] CudaTests.LongChainedOpsTest (1ms) - ILGPU.Runtime.Cuda.CudaException: an illegal memory access was encountered at CurrentAPI.CreateContext(
                    out var contextPtr,
                    acceleratorFlags,
                    DeviceId)
   at ILGPU.Runtime.Cuda.CudaAccelerator..ctor(Context context, CudaDevice description, CudaAcceleratorFlags acceleratorFlags) in d:\users\tj\Projects\SpawnDev.ILGPU\SpawnDev.ILGPU\ILGPU\Runtime\Cuda\CudaAccelerator.cs:line 170
   at ILGPU.Runtime.Cuda.CudaDevice.CreateCudaAccelerator(Context context, CudaAcceleratorFlags acceleratorFlags) in d:\users\tj\Projects\SpawnDev.ILGPU\SpawnDev.ILGPU\ILGPU\Runtime\Cuda\CudaDevice.cs:line 516
   at ILGPU.Runtime.Cuda.CudaDevice.CreateCudaAccelerator(Context context) in d:\users\tj\Projects\SpawnDev.ILGPU\SpawnDev.ILGPU\ILGPU\Runtime\Cuda\CudaDevice.cs:line 505
   at ILGPU.Runtime.Cuda.CudaDevice.CreateAccelerator(Context context) in d:\users\tj\Projects\SpawnDev.ILGPU\SpawnDev.ILGPU\ILGPU\Runtime\Cuda\CudaDevice.cs:line 496
   at CudaTests.CreateAcceleratorAsync() in d:\users\tj\Projects\SpawnDev.ILGPU\SpawnDev.ILGPU\SpawnDev.ILGPU.ConsoleDemo\Program.cs:line 116
   at SpawnDev.ILGPU.Demo.Shared.UnitTests.BackendTestBase.CreateEmulatedAcceleratorAsync() in d:\users\tj\Projects\SpawnDev.ILGPU\SpawnDev.ILGPU\SpawnDev.ILGPU.Demo.Shared\UnitTests\BackendTestBase.cs:line 18
   at SpawnDev.ILGPU.Demo.Shared.UnitTests.BackendTestBase.GetOrCreateEmulatedAcceleratorAsync() in d:\users\tj\Projects\SpawnDev.ILGPU\SpawnDev.ILGPU\SpawnDev.ILGPU.Demo.Shared\UnitTests\BackendTestBase.cs:line 49
   at SpawnDev.ILGPU.Demo.Shared.UnitTests.BackendTestBase.RunEmulatedTest(Func`2 testBody) in d:\users\tj\Projects\SpawnDev.ILGPU\SpawnDev.ILGPU\SpawnDev.ILGPU.Demo.Shared\UnitTests\BackendTestBase.cs:line 66
   at SpawnDev.ILGPU.Demo.Shared.UnitTests.BackendTestBase.LongChainedOpsTest() in d:\users\tj\Projects\SpawnDev.ILGPU\SpawnDev.ILGPU\SpawnDev.ILGPU.Demo.Shared\UnitTests\BackendTestBase.Tests3.cs:line 132
   at SpawnDev.UnitTesting.UnitTestRunner.RunTest(UnitTest test) in d:\users\tj\Projects\SpawnDev.UnitTesting\SpawnDev.UnitTesting\SpawnDev.UnitTesting\UnitTestRunner.cs:line 183
  [Γ£ù] CudaTests.LongChainedOpsTest (1ms) - ILGPU.Runtime.Cuda.CudaException: an illegal memory access was encountered at CurrentAPI.CreateContext(
                    out var contextPtr,
                    acceleratorFlags,
                    DeviceId)
   at ILGPU.Runtime.Cuda.CudaAccelerator..ctor(Context context, CudaDevice description, CudaAcceleratorFlags acceleratorFlags) in d:\users\tj\Projects\SpawnDev.ILGPU\SpawnDev.ILGPU\ILGPU\Runtime\Cuda\CudaAccelerator.cs:line 170
   at ILGPU.Runtime.Cuda.CudaDevice.CreateCudaAccelerator(Context context, CudaAcceleratorFlags acceleratorFlags) in d:\users\tj\Projects\SpawnDev.ILGPU\SpawnDev.ILGPU\ILGPU\Runtime\Cuda\CudaDevice.cs:line 516
   at ILGPU.Runtime.Cuda.CudaDevice.CreateCudaAccelerator(Context context) in d:\users\tj\Projects\SpawnDev.ILGPU\SpawnDev.ILGPU\ILGPU\Runtime\Cuda\CudaDevice.cs:line 505
   at ILGPU.Runtime.Cuda.CudaDevice.CreateAccelerator(Context context) in d:\users\tj\Projects\SpawnDev.ILGPU\SpawnDev.ILGPU\ILGPU\Runtime\Cuda\CudaDevice.cs:line 496
   at CudaTests.CreateAcceleratorAsync() in d:\users\tj\Projects\SpawnDev.ILGPU\SpawnDev.ILGPU\SpawnDev.ILGPU.ConsoleDemo\Program.cs:line 116
   at SpawnDev.ILGPU.Demo.Shared.UnitTests.BackendTestBase.CreateEmulatedAcceleratorAsync() in d:\users\tj\Projects\SpawnDev.ILGPU\SpawnDev.ILGPU\SpawnDev.ILGPU.Demo.Shared\UnitTests\BackendTestBase.cs:line 18
   at SpawnDev.ILGPU.Demo.Shared.UnitTests.BackendTestBase.GetOrCreateEmulatedAcceleratorAsync() in d:\users\tj\Projects\SpawnDev.ILGPU\SpawnDev.ILGPU\SpawnDev.ILGPU.Demo.Shared\UnitTests\BackendTestBase.cs:line 49
   at SpawnDev.ILGPU.Demo.Shared.UnitTests.BackendTestBase.RunEmulatedTest(Func`2 testBody) in d:\users\tj\Projects\SpawnDev.ILGPU\SpawnDev.ILGPU\SpawnDev.ILGPU.Demo.Shared\UnitTests\BackendTestBase.cs:line 66
   at SpawnDev.ILGPU.Demo.Shared.UnitTests.BackendTestBase.LongChainedOpsTest() in d:\users\tj\Projects\SpawnDev.ILGPU\SpawnDev.ILGPU\SpawnDev.ILGPU.Demo.Shared\UnitTests\BackendTestBase.Tests3.cs:line 132
   at SpawnDev.UnitTesting.UnitTestRunner.RunTest(UnitTest test) in d:\users\tj\Projects\SpawnDev.UnitTesting\SpawnDev.UnitTesting\SpawnDev.UnitTesting\UnitTestRunner.cs:line 183
  [Γ£ù] CudaTests.LongNegativeValuesTest (1ms) - ILGPU.Runtime.Cuda.CudaException: an illegal memory access was encountered at CurrentAPI.CreateContext(
                    out var contextPtr,
                    acceleratorFlags,
                    DeviceId)
   at ILGPU.Runtime.Cuda.CudaAccelerator..ctor(Context context, CudaDevice description, CudaAcceleratorFlags acceleratorFlags) in d:\users\tj\Projects\SpawnDev.ILGPU\SpawnDev.ILGPU\ILGPU\Runtime\Cuda\CudaAccelerator.cs:line 170
   at ILGPU.Runtime.Cuda.CudaDevice.CreateCudaAccelerator(Context context, CudaAcceleratorFlags acceleratorFlags) in d:\users\tj\Projects\SpawnDev.ILGPU\SpawnDev.ILGPU\ILGPU\Runtime\Cuda\CudaDevice.cs:line 516
   at ILGPU.Runtime.Cuda.CudaDevice.CreateCudaAccelerator(Context context) in d:\users\tj\Projects\SpawnDev.ILGPU\SpawnDev.ILGPU\ILGPU\Runtime\Cuda\CudaDevice.cs:line 505
   at ILGPU.Runtime.Cuda.CudaDevice.CreateAccelerator(Context context) in d:\users\tj\Projects\SpawnDev.ILGPU\SpawnDev.ILGPU\ILGPU\Runtime\Cuda\CudaDevice.cs:line 496
   at CudaTests.CreateAcceleratorAsync() in d:\users\tj\Projects\SpawnDev.ILGPU\SpawnDev.ILGPU\SpawnDev.ILGPU.ConsoleDemo\Program.cs:line 116
   at SpawnDev.ILGPU.Demo.Shared.UnitTests.BackendTestBase.CreateEmulatedAcceleratorAsync() in d:\users\tj\Projects\SpawnDev.ILGPU\SpawnDev.ILGPU\SpawnDev.ILGPU.Demo.Shared\UnitTests\BackendTestBase.cs:line 18
   at SpawnDev.ILGPU.Demo.Shared.UnitTests.BackendTestBase.GetOrCreateEmulatedAcceleratorAsync() in d:\users\tj\Projects\SpawnDev.ILGPU\SpawnDev.ILGPU\SpawnDev.ILGPU.Demo.Shared\UnitTests\BackendTestBase.cs:line 49
   at SpawnDev.ILGPU.Demo.Shared.UnitTests.BackendTestBase.RunEmulatedTest(Func`2 testBody) in d:\users\tj\Projects\SpawnDev.ILGPU\SpawnDev.ILGPU\SpawnDev.ILGPU.Demo.Shared\UnitTests\BackendTestBase.cs:line 66
   at SpawnDev.ILGPU.Demo.Shared.UnitTests.BackendTestBase.LongNegativeValuesTest() in d:\users\tj\Projects\SpawnDev.ILGPU\SpawnDev.ILGPU\SpawnDev.ILGPU.Demo.Shared\UnitTests\BackendTestBase.Tests3.cs:line 145
   at SpawnDev.UnitTesting.UnitTestRunner.RunTest(UnitTest test) in d:\users\tj\Projects\SpawnDev.UnitTesting\SpawnDev.UnitTesting\SpawnDev.UnitTesting\UnitTestRunner.cs:line 183
  [Γ£ù] CudaTests.LongNegativeValuesTest (1ms) - ILGPU.Runtime.Cuda.CudaException: an illegal memory access was encountered at CurrentAPI.CreateContext(
                    out var contextPtr,
                    acceleratorFlags,
                    DeviceId)
   at ILGPU.Runtime.Cuda.CudaAccelerator..ctor(Context context, CudaDevice description, CudaAcceleratorFlags acceleratorFlags) in d:\users\tj\Projects\SpawnDev.ILGPU\SpawnDev.ILGPU\ILGPU\Runtime\Cuda\CudaAccelerator.cs:line 170
   at ILGPU.Runtime.Cuda.CudaDevice.CreateCudaAccelerator(Context context, CudaAcceleratorFlags acceleratorFlags) in d:\users\tj\Projects\SpawnDev.ILGPU\SpawnDev.ILGPU\ILGPU\Runtime\Cuda\CudaDevice.cs:line 516
   at ILGPU.Runtime.Cuda.CudaDevice.CreateCudaAccelerator(Context context) in d:\users\tj\Projects\SpawnDev.ILGPU\SpawnDev.ILGPU\ILGPU\Runtime\Cuda\CudaDevice.cs:line 505
   at ILGPU.Runtime.Cuda.CudaDevice.CreateAccelerator(Context context) in d:\users\tj\Projects\SpawnDev.ILGPU\SpawnDev.ILGPU\ILGPU\Runtime\Cuda\CudaDevice.cs:line 496
   at CudaTests.CreateAcceleratorAsync() in d:\users\tj\Projects\SpawnDev.ILGPU\SpawnDev.ILGPU\SpawnDev.ILGPU.ConsoleDemo\Program.cs:line 116
   at SpawnDev.ILGPU.Demo.Shared.UnitTests.BackendTestBase.CreateEmulatedAcceleratorAsync() in d:\users\tj\Projects\SpawnDev.ILGPU\SpawnDev.ILGPU\SpawnDev.ILGPU.Demo.Shared\UnitTests\BackendTestBase.cs:line 18
   at SpawnDev.ILGPU.Demo.Shared.UnitTests.BackendTestBase.GetOrCreateEmulatedAcceleratorAsync() in d:\users\tj\Projects\SpawnDev.ILGPU\SpawnDev.ILGPU\SpawnDev.ILGPU.Demo.Shared\UnitTests\BackendTestBase.cs:line 49
   at SpawnDev.ILGPU.Demo.Shared.UnitTests.BackendTestBase.RunEmulatedTest(Func`2 testBody) in d:\users\tj\Projects\SpawnDev.ILGPU\SpawnDev.ILGPU\SpawnDev.ILGPU.Demo.Shared\UnitTests\BackendTestBase.cs:line 66
   at SpawnDev.ILGPU.Demo.Shared.UnitTests.BackendTestBase.LongNegativeValuesTest() in d:\users\tj\Projects\SpawnDev.ILGPU\SpawnDev.ILGPU\SpawnDev.ILGPU.Demo.Shared\UnitTests\BackendTestBase.Tests3.cs:line 145
   at SpawnDev.UnitTesting.UnitTestRunner.RunTest(UnitTest test) in d:\users\tj\Projects\SpawnDev.UnitTesting\SpawnDev.UnitTesting\SpawnDev.UnitTesting\UnitTestRunner.cs:line 183
  [Γ£ù] CudaTests.DoublePrecisionTest (1ms) - ILGPU.Runtime.Cuda.CudaException: an illegal memory access was encountered at CurrentAPI.CreateContext(
                    out var contextPtr,
                    acceleratorFlags,
                    DeviceId)
   at ILGPU.Runtime.Cuda.CudaAccelerator..ctor(Context context, CudaDevice description, CudaAcceleratorFlags acceleratorFlags) in d:\users\tj\Projects\SpawnDev.ILGPU\SpawnDev.ILGPU\ILGPU\Runtime\Cuda\CudaAccelerator.cs:line 170
   at ILGPU.Runtime.Cuda.CudaDevice.CreateCudaAccelerator(Context context, CudaAcceleratorFlags acceleratorFlags) in d:\users\tj\Projects\SpawnDev.ILGPU\SpawnDev.ILGPU\ILGPU\Runtime\Cuda\CudaDevice.cs:line 516
   at ILGPU.Runtime.Cuda.CudaDevice.CreateCudaAccelerator(Context context) in d:\users\tj\Projects\SpawnDev.ILGPU\SpawnDev.ILGPU\ILGPU\Runtime\Cuda\CudaDevice.cs:line 505
   at ILGPU.Runtime.Cuda.CudaDevice.CreateAccelerator(Context context) in d:\users\tj\Projects\SpawnDev.ILGPU\SpawnDev.ILGPU\ILGPU\Runtime\Cuda\CudaDevice.cs:line 496
   at CudaTests.CreateAcceleratorAsync() in d:\users\tj\Projects\SpawnDev.ILGPU\SpawnDev.ILGPU\SpawnDev.ILGPU.ConsoleDemo\Program.cs:line 116
   at SpawnDev.ILGPU.Demo.Shared.UnitTests.BackendTestBase.CreateEmulatedAcceleratorAsync() in d:\users\tj\Projects\SpawnDev.ILGPU\SpawnDev.ILGPU\SpawnDev.ILGPU.Demo.Shared\UnitTests\BackendTestBase.cs:line 18
   at SpawnDev.ILGPU.Demo.Shared.UnitTests.BackendTestBase.GetOrCreateEmulatedAcceleratorAsync() in d:\users\tj\Projects\SpawnDev.ILGPU\SpawnDev.ILGPU\SpawnDev.ILGPU.Demo.Shared\UnitTests\BackendTestBase.cs:line 49
   at SpawnDev.ILGPU.Demo.Shared.UnitTests.BackendTestBase.RunEmulatedTest(Func`2 testBody) in d:\users\tj\Projects\SpawnDev.ILGPU\SpawnDev.ILGPU\SpawnDev.ILGPU.Demo.Shared\UnitTests\BackendTestBase.cs:line 66
   at SpawnDev.ILGPU.Demo.Shared.UnitTests.BackendTestBase.DoublePrecisionTest() in d:\users\tj\Projects\SpawnDev.ILGPU\SpawnDev.ILGPU\SpawnDev.ILGPU.Demo.Shared\UnitTests\BackendTestBase.Tests3.cs:line 162
   at SpawnDev.UnitTesting.UnitTestRunner.RunTest(UnitTest test) in d:\users\tj\Projects\SpawnDev.UnitTesting\SpawnDev.UnitTesting\SpawnDev.UnitTesting\UnitTestRunner.cs:line 183
  [Γ£ù] CudaTests.DoublePrecisionTest (1ms) - ILGPU.Runtime.Cuda.CudaException: an illegal memory access was encountered at CurrentAPI.CreateContext(
                    out var contextPtr,
                    acceleratorFlags,
                    DeviceId)
   at ILGPU.Runtime.Cuda.CudaAccelerator..ctor(Context context, CudaDevice description, CudaAcceleratorFlags acceleratorFlags) in d:\users\tj\Projects\SpawnDev.ILGPU\SpawnDev.ILGPU\ILGPU\Runtime\Cuda\CudaAccelerator.cs:line 170
   at ILGPU.Runtime.Cuda.CudaDevice.CreateCudaAccelerator(Context context, CudaAcceleratorFlags acceleratorFlags) in d:\users\tj\Projects\SpawnDev.ILGPU\SpawnDev.ILGPU\ILGPU\Runtime\Cuda\CudaDevice.cs:line 516
   at ILGPU.Runtime.Cuda.CudaDevice.CreateCudaAccelerator(Context context) in d:\users\tj\Projects\SpawnDev.ILGPU\SpawnDev.ILGPU\ILGPU\Runtime\Cuda\CudaDevice.cs:line 505
   at ILGPU.Runtime.Cuda.CudaDevice.CreateAccelerator(Context context) in d:\users\tj\Projects\SpawnDev.ILGPU\SpawnDev.ILGPU\ILGPU\Runtime\Cuda\CudaDevice.cs:line 496
   at CudaTests.CreateAcceleratorAsync() in d:\users\tj\Projects\SpawnDev.ILGPU\SpawnDev.ILGPU\SpawnDev.ILGPU.ConsoleDemo\Program.cs:line 116
   at SpawnDev.ILGPU.Demo.Shared.UnitTests.BackendTestBase.CreateEmulatedAcceleratorAsync() in d:\users\tj\Projects\SpawnDev.ILGPU\SpawnDev.ILGPU\SpawnDev.ILGPU.Demo.Shared\UnitTests\BackendTestBase.cs:line 18
   at SpawnDev.ILGPU.Demo.Shared.UnitTests.BackendTestBase.GetOrCreateEmulatedAcceleratorAsync() in d:\users\tj\Projects\SpawnDev.ILGPU\SpawnDev.ILGPU\SpawnDev.ILGPU.Demo.Shared\UnitTests\BackendTestBase.cs:line 49
   at SpawnDev.ILGPU.Demo.Shared.UnitTests.BackendTestBase.RunEmulatedTest(Func`2 testBody) in d:\users\tj\Projects\SpawnDev.ILGPU\SpawnDev.ILGPU\SpawnDev.ILGPU.Demo.Shared\UnitTests\BackendTestBase.cs:line 66
   at SpawnDev.ILGPU.Demo.Shared.UnitTests.BackendTestBase.DoublePrecisionTest() in d:\users\tj\Projects\SpawnDev.ILGPU\SpawnDev.ILGPU\SpawnDev.ILGPU.Demo.Shared\UnitTests\BackendTestBase.Tests3.cs:line 162
   at SpawnDev.UnitTesting.UnitTestRunner.RunTest(UnitTest test) in d:\users\tj\Projects\SpawnDev.UnitTesting\SpawnDev.UnitTesting\SpawnDev.UnitTesting\UnitTestRunner.cs:line 183
  [Γ£ù] CudaTests.DoubleMathTest (2ms) - ILGPU.Runtime.Cuda.CudaException: an illegal memory access was encountered at CurrentAPI.CreateContext(
                    out var contextPtr,
                    acceleratorFlags,
                    DeviceId)
   at ILGPU.Runtime.Cuda.CudaAccelerator..ctor(Context context, CudaDevice description, CudaAcceleratorFlags acceleratorFlags) in d:\users\tj\Projects\SpawnDev.ILGPU\SpawnDev.ILGPU\ILGPU\Runtime\Cuda\CudaAccelerator.cs:line 170
   at ILGPU.Runtime.Cuda.CudaDevice.CreateCudaAccelerator(Context context, CudaAcceleratorFlags acceleratorFlags) in d:\users\tj\Projects\SpawnDev.ILGPU\SpawnDev.ILGPU\ILGPU\Runtime\Cuda\CudaDevice.cs:line 516
   at ILGPU.Runtime.Cuda.CudaDevice.CreateCudaAccelerator(Context context) in d:\users\tj\Projects\SpawnDev.ILGPU\SpawnDev.ILGPU\ILGPU\Runtime\Cuda\CudaDevice.cs:line 505
   at ILGPU.Runtime.Cuda.CudaDevice.CreateAccelerator(Context context) in d:\users\tj\Projects\SpawnDev.ILGPU\SpawnDev.ILGPU\ILGPU\Runtime\Cuda\CudaDevice.cs:line 496
   at CudaTests.CreateAcceleratorAsync() in d:\users\tj\Projects\SpawnDev.ILGPU\SpawnDev.ILGPU\SpawnDev.ILGPU.ConsoleDemo\Program.cs:line 116
   at SpawnDev.ILGPU.Demo.Shared.UnitTests.BackendTestBase.CreateEmulatedAcceleratorAsync() in d:\users\tj\Projects\SpawnDev.ILGPU\SpawnDev.ILGPU\SpawnDev.ILGPU.Demo.Shared\UnitTests\BackendTestBase.cs:line 18
   at SpawnDev.ILGPU.Demo.Shared.UnitTests.BackendTestBase.GetOrCreateEmulatedAcceleratorAsync() in d:\users\tj\Projects\SpawnDev.ILGPU\SpawnDev.ILGPU\SpawnDev.ILGPU.Demo.Shared\UnitTests\BackendTestBase.cs:line 49
   at SpawnDev.ILGPU.Demo.Shared.UnitTests.BackendTestBase.RunEmulatedTest(Func`2 testBody) in d:\users\tj\Projects\SpawnDev.ILGPU\SpawnDev.ILGPU\SpawnDev.ILGPU.Demo.Shared\UnitTests\BackendTestBase.cs:line 66
   at SpawnDev.ILGPU.Demo.Shared.UnitTests.BackendTestBase.DoubleMathTest() in d:\users\tj\Projects\SpawnDev.ILGPU\SpawnDev.ILGPU\SpawnDev.ILGPU.Demo.Shared\UnitTests\BackendTestBase.Tests3.cs:line 175
   at SpawnDev.UnitTesting.UnitTestRunner.RunTest(UnitTest test) in d:\users\tj\Projects\SpawnDev.UnitTesting\SpawnDev.UnitTesting\SpawnDev.UnitTesting\UnitTestRunner.cs:line 183
  [Γ£ù] CudaTests.DoubleMathTest (2ms) - ILGPU.Runtime.Cuda.CudaException: an illegal memory access was encountered at CurrentAPI.CreateContext(
                    out var contextPtr,
                    acceleratorFlags,
                    DeviceId)
   at ILGPU.Runtime.Cuda.CudaAccelerator..ctor(Context context, CudaDevice description, CudaAcceleratorFlags acceleratorFlags) in d:\users\tj\Projects\SpawnDev.ILGPU\SpawnDev.ILGPU\ILGPU\Runtime\Cuda\CudaAccelerator.cs:line 170
   at ILGPU.Runtime.Cuda.CudaDevice.CreateCudaAccelerator(Context context, CudaAcceleratorFlags acceleratorFlags) in d:\users\tj\Projects\SpawnDev.ILGPU\SpawnDev.ILGPU\ILGPU\Runtime\Cuda\CudaDevice.cs:line 516
   at ILGPU.Runtime.Cuda.CudaDevice.CreateCudaAccelerator(Context context) in d:\users\tj\Projects\SpawnDev.ILGPU\SpawnDev.ILGPU\ILGPU\Runtime\Cuda\CudaDevice.cs:line 505
   at ILGPU.Runtime.Cuda.CudaDevice.CreateAccelerator(Context context) in d:\users\tj\Projects\SpawnDev.ILGPU\SpawnDev.ILGPU\ILGPU\Runtime\Cuda\CudaDevice.cs:line 496
   at CudaTests.CreateAcceleratorAsync() in d:\users\tj\Projects\SpawnDev.ILGPU\SpawnDev.ILGPU\SpawnDev.ILGPU.ConsoleDemo\Program.cs:line 116
   at SpawnDev.ILGPU.Demo.Shared.UnitTests.BackendTestBase.CreateEmulatedAcceleratorAsync() in d:\users\tj\Projects\SpawnDev.ILGPU\SpawnDev.ILGPU\SpawnDev.ILGPU.Demo.Shared\UnitTests\BackendTestBase.cs:line 18
   at SpawnDev.ILGPU.Demo.Shared.UnitTests.BackendTestBase.GetOrCreateEmulatedAcceleratorAsync() in d:\users\tj\Projects\SpawnDev.ILGPU\SpawnDev.ILGPU\SpawnDev.ILGPU.Demo.Shared\UnitTests\BackendTestBase.cs:line 49
   at SpawnDev.ILGPU.Demo.Shared.UnitTests.BackendTestBase.RunEmulatedTest(Func`2 testBody) in d:\users\tj\Projects\SpawnDev.ILGPU\SpawnDev.ILGPU\SpawnDev.ILGPU.Demo.Shared\UnitTests\BackendTestBase.cs:line 66
   at SpawnDev.ILGPU.Demo.Shared.UnitTests.BackendTestBase.DoubleMathTest() in d:\users\tj\Projects\SpawnDev.ILGPU\SpawnDev.ILGPU\SpawnDev.ILGPU.Demo.Shared\UnitTests\BackendTestBase.Tests3.cs:line 175
   at SpawnDev.UnitTesting.UnitTestRunner.RunTest(UnitTest test) in d:\users\tj\Projects\SpawnDev.UnitTesting\SpawnDev.UnitTesting\SpawnDev.UnitTesting\UnitTestRunner.cs:line 183
  [Γ£ù] CudaTests.DoubleEdgeCasesTest (2ms) - ILGPU.Runtime.Cuda.CudaException: an illegal memory access was encountered at CurrentAPI.CreateContext(
                    out var contextPtr,
                    acceleratorFlags,
                    DeviceId)
   at ILGPU.Runtime.Cuda.CudaAccelerator..ctor(Context context, CudaDevice description, CudaAcceleratorFlags acceleratorFlags) in d:\users\tj\Projects\SpawnDev.ILGPU\SpawnDev.ILGPU\ILGPU\Runtime\Cuda\CudaAccelerator.cs:line 170
   at ILGPU.Runtime.Cuda.CudaDevice.CreateCudaAccelerator(Context context, CudaAcceleratorFlags acceleratorFlags) in d:\users\tj\Projects\SpawnDev.ILGPU\SpawnDev.ILGPU\ILGPU\Runtime\Cuda\CudaDevice.cs:line 516
   at ILGPU.Runtime.Cuda.CudaDevice.CreateCudaAccelerator(Context context) in d:\users\tj\Projects\SpawnDev.ILGPU\SpawnDev.ILGPU\ILGPU\Runtime\Cuda\CudaDevice.cs:line 505
   at ILGPU.Runtime.Cuda.CudaDevice.CreateAccelerator(Context context) in d:\users\tj\Projects\SpawnDev.ILGPU\SpawnDev.ILGPU\ILGPU\Runtime\Cuda\CudaDevice.cs:line 496
   at CudaTests.CreateAcceleratorAsync() in d:\users\tj\Projects\SpawnDev.ILGPU\SpawnDev.ILGPU\SpawnDev.ILGPU.ConsoleDemo\Program.cs:line 116
   at SpawnDev.ILGPU.Demo.Shared.UnitTests.BackendTestBase.CreateEmulatedAcceleratorAsync() in d:\users\tj\Projects\SpawnDev.ILGPU\SpawnDev.ILGPU\SpawnDev.ILGPU.Demo.Shared\UnitTests\BackendTestBase.cs:line 18
   at SpawnDev.ILGPU.Demo.Shared.UnitTests.BackendTestBase.GetOrCreateEmulatedAcceleratorAsync() in d:\users\tj\Projects\SpawnDev.ILGPU\SpawnDev.ILGPU\SpawnDev.ILGPU.Demo.Shared\UnitTests\BackendTestBase.cs:line 49
   at SpawnDev.ILGPU.Demo.Shared.UnitTests.BackendTestBase.RunEmulatedTest(Func`2 testBody) in d:\users\tj\Projects\SpawnDev.ILGPU\SpawnDev.ILGPU\SpawnDev.ILGPU.Demo.Shared\UnitTests\BackendTestBase.cs:line 66
   at SpawnDev.ILGPU.Demo.Shared.UnitTests.BackendTestBase.DoubleEdgeCasesTest() in d:\users\tj\Projects\SpawnDev.ILGPU\SpawnDev.ILGPU\SpawnDev.ILGPU.Demo.Shared\UnitTests\BackendTestBase.Tests3.cs:line 188
   at SpawnDev.UnitTesting.UnitTestRunner.RunTest(UnitTest test) in d:\users\tj\Projects\SpawnDev.UnitTesting\SpawnDev.UnitTesting\SpawnDev.UnitTesting\UnitTestRunner.cs:line 183
  [Γ£ù] CudaTests.DoubleEdgeCasesTest (2ms) - ILGPU.Runtime.Cuda.CudaException: an illegal memory access was encountered at CurrentAPI.CreateContext(
                    out var contextPtr,
                    acceleratorFlags,
                    DeviceId)
   at ILGPU.Runtime.Cuda.CudaAccelerator..ctor(Context context, CudaDevice description, CudaAcceleratorFlags acceleratorFlags) in d:\users\tj\Projects\SpawnDev.ILGPU\SpawnDev.ILGPU\ILGPU\Runtime\Cuda\CudaAccelerator.cs:line 170
   at ILGPU.Runtime.Cuda.CudaDevice.CreateCudaAccelerator(Context context, CudaAcceleratorFlags acceleratorFlags) in d:\users\tj\Projects\SpawnDev.ILGPU\SpawnDev.ILGPU\ILGPU\Runtime\Cuda\CudaDevice.cs:line 516
   at ILGPU.Runtime.Cuda.CudaDevice.CreateCudaAccelerator(Context context) in d:\users\tj\Projects\SpawnDev.ILGPU\SpawnDev.ILGPU\ILGPU\Runtime\Cuda\CudaDevice.cs:line 505
   at ILGPU.Runtime.Cuda.CudaDevice.CreateAccelerator(Context context) in d:\users\tj\Projects\SpawnDev.ILGPU\SpawnDev.ILGPU\ILGPU\Runtime\Cuda\CudaDevice.cs:line 496
   at CudaTests.CreateAcceleratorAsync() in d:\users\tj\Projects\SpawnDev.ILGPU\SpawnDev.ILGPU\SpawnDev.ILGPU.ConsoleDemo\Program.cs:line 116
   at SpawnDev.ILGPU.Demo.Shared.UnitTests.BackendTestBase.CreateEmulatedAcceleratorAsync() in d:\users\tj\Projects\SpawnDev.ILGPU\SpawnDev.ILGPU\SpawnDev.ILGPU.Demo.Shared\UnitTests\BackendTestBase.cs:line 18
   at SpawnDev.ILGPU.Demo.Shared.UnitTests.BackendTestBase.GetOrCreateEmulatedAcceleratorAsync() in d:\users\tj\Projects\SpawnDev.ILGPU\SpawnDev.ILGPU\SpawnDev.ILGPU.Demo.Shared\UnitTests\BackendTestBase.cs:line 49
   at SpawnDev.ILGPU.Demo.Shared.UnitTests.BackendTestBase.RunEmulatedTest(Func`2 testBody) in d:\users\tj\Projects\SpawnDev.ILGPU\SpawnDev.ILGPU\SpawnDev.ILGPU.Demo.Shared\UnitTests\BackendTestBase.cs:line 66
   at SpawnDev.ILGPU.Demo.Shared.UnitTests.BackendTestBase.DoubleEdgeCasesTest() in d:\users\tj\Projects\SpawnDev.ILGPU\SpawnDev.ILGPU\SpawnDev.ILGPU.Demo.Shared\UnitTests\BackendTestBase.Tests3.cs:line 188
   at SpawnDev.UnitTesting.UnitTestRunner.RunTest(UnitTest test) in d:\users\tj\Projects\SpawnDev.UnitTesting\SpawnDev.UnitTesting\SpawnDev.UnitTesting\UnitTestRunner.cs:line 183
  [Γ£ù] CudaTests.DoubleMultiBufferTest (2ms) - ILGPU.Runtime.Cuda.CudaException: an illegal memory access was encountered at CurrentAPI.CreateContext(
                    out var contextPtr,
                    acceleratorFlags,
                    DeviceId)
   at ILGPU.Runtime.Cuda.CudaAccelerator..ctor(Context context, CudaDevice description, CudaAcceleratorFlags acceleratorFlags) in d:\users\tj\Projects\SpawnDev.ILGPU\SpawnDev.ILGPU\ILGPU\Runtime\Cuda\CudaAccelerator.cs:line 170
   at ILGPU.Runtime.Cuda.CudaDevice.CreateCudaAccelerator(Context context, CudaAcceleratorFlags acceleratorFlags) in d:\users\tj\Projects\SpawnDev.ILGPU\SpawnDev.ILGPU\ILGPU\Runtime\Cuda\CudaDevice.cs:line 516
   at ILGPU.Runtime.Cuda.CudaDevice.CreateCudaAccelerator(Context context) in d:\users\tj\Projects\SpawnDev.ILGPU\SpawnDev.ILGPU\ILGPU\Runtime\Cuda\CudaDevice.cs:line 505
   at ILGPU.Runtime.Cuda.CudaDevice.CreateAccelerator(Context context) in d:\users\tj\Projects\SpawnDev.ILGPU\SpawnDev.ILGPU\ILGPU\Runtime\Cuda\CudaDevice.cs:line 496
   at CudaTests.CreateAcceleratorAsync() in d:\users\tj\Projects\SpawnDev.ILGPU\SpawnDev.ILGPU\SpawnDev.ILGPU.ConsoleDemo\Program.cs:line 116
   at SpawnDev.ILGPU.Demo.Shared.UnitTests.BackendTestBase.CreateEmulatedAcceleratorAsync() in d:\users\tj\Projects\SpawnDev.ILGPU\SpawnDev.ILGPU\SpawnDev.ILGPU.Demo.Shared\UnitTests\BackendTestBase.cs:line 18
   at SpawnDev.ILGPU.Demo.Shared.UnitTests.BackendTestBase.GetOrCreateEmulatedAcceleratorAsync() in d:\users\tj\Projects\SpawnDev.ILGPU\SpawnDev.ILGPU\SpawnDev.ILGPU.Demo.Shared\UnitTests\BackendTestBase.cs:line 49
   at SpawnDev.ILGPU.Demo.Shared.UnitTests.BackendTestBase.RunEmulatedTest(Func`2 testBody) in d:\users\tj\Projects\SpawnDev.ILGPU\SpawnDev.ILGPU\SpawnDev.ILGPU.Demo.Shared\UnitTests\BackendTestBase.cs:line 66
   at SpawnDev.ILGPU.Demo.Shared.UnitTests.BackendTestBase.DoubleMultiBufferTest() in d:\users\tj\Projects\SpawnDev.ILGPU\SpawnDev.ILGPU\SpawnDev.ILGPU.Demo.Shared\UnitTests\BackendTestBase.Tests3.cs:line 201
   at SpawnDev.UnitTesting.UnitTestRunner.RunTest(UnitTest test) in d:\users\tj\Projects\SpawnDev.UnitTesting\SpawnDev.UnitTesting\SpawnDev.UnitTesting\UnitTestRunner.cs:line 183
  [Γ£ù] CudaTests.DoubleMultiBufferTest (2ms) - ILGPU.Runtime.Cuda.CudaException: an illegal memory access was encountered at CurrentAPI.CreateContext(
                    out var contextPtr,
                    acceleratorFlags,
                    DeviceId)
   at ILGPU.Runtime.Cuda.CudaAccelerator..ctor(Context context, CudaDevice description, CudaAcceleratorFlags acceleratorFlags) in d:\users\tj\Projects\SpawnDev.ILGPU\SpawnDev.ILGPU\ILGPU\Runtime\Cuda\CudaAccelerator.cs:line 170
   at ILGPU.Runtime.Cuda.CudaDevice.CreateCudaAccelerator(Context context, CudaAcceleratorFlags acceleratorFlags) in d:\users\tj\Projects\SpawnDev.ILGPU\SpawnDev.ILGPU\ILGPU\Runtime\Cuda\CudaDevice.cs:line 516
   at ILGPU.Runtime.Cuda.CudaDevice.CreateCudaAccelerator(Context context) in d:\users\tj\Projects\SpawnDev.ILGPU\SpawnDev.ILGPU\ILGPU\Runtime\Cuda\CudaDevice.cs:line 505
   at ILGPU.Runtime.Cuda.CudaDevice.CreateAccelerator(Context context) in d:\users\tj\Projects\SpawnDev.ILGPU\SpawnDev.ILGPU\ILGPU\Runtime\Cuda\CudaDevice.cs:line 496
   at CudaTests.CreateAcceleratorAsync() in d:\users\tj\Projects\SpawnDev.ILGPU\SpawnDev.ILGPU\SpawnDev.ILGPU.ConsoleDemo\Program.cs:line 116
   at SpawnDev.ILGPU.Demo.Shared.UnitTests.BackendTestBase.CreateEmulatedAcceleratorAsync() in d:\users\tj\Projects\SpawnDev.ILGPU\SpawnDev.ILGPU\SpawnDev.ILGPU.Demo.Shared\UnitTests\BackendTestBase.cs:line 18
   at SpawnDev.ILGPU.Demo.Shared.UnitTests.BackendTestBase.GetOrCreateEmulatedAcceleratorAsync() in d:\users\tj\Projects\SpawnDev.ILGPU\SpawnDev.ILGPU\SpawnDev.ILGPU.Demo.Shared\UnitTests\BackendTestBase.cs:line 49
   at SpawnDev.ILGPU.Demo.Shared.UnitTests.BackendTestBase.RunEmulatedTest(Func`2 testBody) in d:\users\tj\Projects\SpawnDev.ILGPU\SpawnDev.ILGPU\SpawnDev.ILGPU.Demo.Shared\UnitTests\BackendTestBase.cs:line 66
   at SpawnDev.ILGPU.Demo.Shared.UnitTests.BackendTestBase.DoubleMultiBufferTest() in d:\users\tj\Projects\SpawnDev.ILGPU\SpawnDev.ILGPU\SpawnDev.ILGPU.Demo.Shared\UnitTests\BackendTestBase.Tests3.cs:line 201
   at SpawnDev.UnitTesting.UnitTestRunner.RunTest(UnitTest test) in d:\users\tj\Projects\SpawnDev.UnitTesting\SpawnDev.UnitTesting\SpawnDev.UnitTesting\UnitTestRunner.cs:line 183
  [Γ£ù] CudaTests.DoubleNegationTest (2ms) - ILGPU.Runtime.Cuda.CudaException: an illegal memory access was encountered at CurrentAPI.CreateContext(
                    out var contextPtr,
                    acceleratorFlags,
                    DeviceId)
   at ILGPU.Runtime.Cuda.CudaAccelerator..ctor(Context context, CudaDevice description, CudaAcceleratorFlags acceleratorFlags) in d:\users\tj\Projects\SpawnDev.ILGPU\SpawnDev.ILGPU\ILGPU\Runtime\Cuda\CudaAccelerator.cs:line 170
   at ILGPU.Runtime.Cuda.CudaDevice.CreateCudaAccelerator(Context context, CudaAcceleratorFlags acceleratorFlags) in d:\users\tj\Projects\SpawnDev.ILGPU\SpawnDev.ILGPU\ILGPU\Runtime\Cuda\CudaDevice.cs:line 516
   at ILGPU.Runtime.Cuda.CudaDevice.CreateCudaAccelerator(Context context) in d:\users\tj\Projects\SpawnDev.ILGPU\SpawnDev.ILGPU\ILGPU\Runtime\Cuda\CudaDevice.cs:line 505
   at ILGPU.Runtime.Cuda.CudaDevice.CreateAccelerator(Context context) in d:\users\tj\Projects\SpawnDev.ILGPU\SpawnDev.ILGPU\ILGPU\Runtime\Cuda\CudaDevice.cs:line 496
   at CudaTests.CreateAcceleratorAsync() in d:\users\tj\Projects\SpawnDev.ILGPU\SpawnDev.ILGPU\SpawnDev.ILGPU.ConsoleDemo\Program.cs:line 116
   at SpawnDev.ILGPU.Demo.Shared.UnitTests.BackendTestBase.CreateEmulatedAcceleratorAsync() in d:\users\tj\Projects\SpawnDev.ILGPU\SpawnDev.ILGPU\SpawnDev.ILGPU.Demo.Shared\UnitTests\BackendTestBase.cs:line 18
   at SpawnDev.ILGPU.Demo.Shared.UnitTests.BackendTestBase.GetOrCreateEmulatedAcceleratorAsync() in d:\users\tj\Projects\SpawnDev.ILGPU\SpawnDev.ILGPU\SpawnDev.ILGPU.Demo.Shared\UnitTests\BackendTestBase.cs:line 49
   at SpawnDev.ILGPU.Demo.Shared.UnitTests.BackendTestBase.RunEmulatedTest(Func`2 testBody) in d:\users\tj\Projects\SpawnDev.ILGPU\SpawnDev.ILGPU\SpawnDev.ILGPU.Demo.Shared\UnitTests\BackendTestBase.cs:line 66
   at SpawnDev.ILGPU.Demo.Shared.UnitTests.BackendTestBase.DoubleNegationTest() in d:\users\tj\Projects\SpawnDev.ILGPU\SpawnDev.ILGPU\SpawnDev.ILGPU.Demo.Shared\UnitTests\BackendTestBase.Tests3.cs:line 214
   at SpawnDev.UnitTesting.UnitTestRunner.RunTest(UnitTest test) in d:\users\tj\Projects\SpawnDev.UnitTesting\SpawnDev.UnitTesting\SpawnDev.UnitTesting\UnitTestRunner.cs:line 183
  [Γ£ù] CudaTests.DoubleNegationTest (2ms) - ILGPU.Runtime.Cuda.CudaException: an illegal memory access was encountered at CurrentAPI.CreateContext(
                    out var contextPtr,
                    acceleratorFlags,
                    DeviceId)
   at ILGPU.Runtime.Cuda.CudaAccelerator..ctor(Context context, CudaDevice description, CudaAcceleratorFlags acceleratorFlags) in d:\users\tj\Projects\SpawnDev.ILGPU\SpawnDev.ILGPU\ILGPU\Runtime\Cuda\CudaAccelerator.cs:line 170
   at ILGPU.Runtime.Cuda.CudaDevice.CreateCudaAccelerator(Context context, CudaAcceleratorFlags acceleratorFlags) in d:\users\tj\Projects\SpawnDev.ILGPU\SpawnDev.ILGPU\ILGPU\Runtime\Cuda\CudaDevice.cs:line 516
   at ILGPU.Runtime.Cuda.CudaDevice.CreateCudaAccelerator(Context context) in d:\users\tj\Projects\SpawnDev.ILGPU\SpawnDev.ILGPU\ILGPU\Runtime\Cuda\CudaDevice.cs:line 505
   at ILGPU.Runtime.Cuda.CudaDevice.CreateAccelerator(Context context) in d:\users\tj\Projects\SpawnDev.ILGPU\SpawnDev.ILGPU\ILGPU\Runtime\Cuda\CudaDevice.cs:line 496
   at CudaTests.CreateAcceleratorAsync() in d:\users\tj\Projects\SpawnDev.ILGPU\SpawnDev.ILGPU\SpawnDev.ILGPU.ConsoleDemo\Program.cs:line 116
   at SpawnDev.ILGPU.Demo.Shared.UnitTests.BackendTestBase.CreateEmulatedAcceleratorAsync() in d:\users\tj\Projects\SpawnDev.ILGPU\SpawnDev.ILGPU\SpawnDev.ILGPU.Demo.Shared\UnitTests\BackendTestBase.cs:line 18
   at SpawnDev.ILGPU.Demo.Shared.UnitTests.BackendTestBase.GetOrCreateEmulatedAcceleratorAsync() in d:\users\tj\Projects\SpawnDev.ILGPU\SpawnDev.ILGPU\SpawnDev.ILGPU.Demo.Shared\UnitTests\BackendTestBase.cs:line 49
   at SpawnDev.ILGPU.Demo.Shared.UnitTests.BackendTestBase.RunEmulatedTest(Func`2 testBody) in d:\users\tj\Projects\SpawnDev.ILGPU\SpawnDev.ILGPU\SpawnDev.ILGPU.Demo.Shared\UnitTests\BackendTestBase.cs:line 66
   at SpawnDev.ILGPU.Demo.Shared.UnitTests.BackendTestBase.DoubleNegationTest() in d:\users\tj\Projects\SpawnDev.ILGPU\SpawnDev.ILGPU\SpawnDev.ILGPU.Demo.Shared\UnitTests\BackendTestBase.Tests3.cs:line 214
   at SpawnDev.UnitTesting.UnitTestRunner.RunTest(UnitTest test) in d:\users\tj\Projects\SpawnDev.UnitTesting\SpawnDev.UnitTesting\SpawnDev.UnitTesting\UnitTestRunner.cs:line 183
  [Γ£ù] CudaTests.DoubleDivisionTest (2ms) - ILGPU.Runtime.Cuda.CudaException: an illegal memory access was encountered at CurrentAPI.CreateContext(
                    out var contextPtr,
                    acceleratorFlags,
                    DeviceId)
   at ILGPU.Runtime.Cuda.CudaAccelerator..ctor(Context context, CudaDevice description, CudaAcceleratorFlags acceleratorFlags) in d:\users\tj\Projects\SpawnDev.ILGPU\SpawnDev.ILGPU\ILGPU\Runtime\Cuda\CudaAccelerator.cs:line 170
   at ILGPU.Runtime.Cuda.CudaDevice.CreateCudaAccelerator(Context context, CudaAcceleratorFlags acceleratorFlags) in d:\users\tj\Projects\SpawnDev.ILGPU\SpawnDev.ILGPU\ILGPU\Runtime\Cuda\CudaDevice.cs:line 516
   at ILGPU.Runtime.Cuda.CudaDevice.CreateCudaAccelerator(Context context) in d:\users\tj\Projects\SpawnDev.ILGPU\SpawnDev.ILGPU\ILGPU\Runtime\Cuda\CudaDevice.cs:line 505
   at ILGPU.Runtime.Cuda.CudaDevice.CreateAccelerator(Context context) in d:\users\tj\Projects\SpawnDev.ILGPU\SpawnDev.ILGPU\ILGPU\Runtime\Cuda\CudaDevice.cs:line 496
   at CudaTests.CreateAcceleratorAsync() in d:\users\tj\Projects\SpawnDev.ILGPU\SpawnDev.ILGPU\SpawnDev.ILGPU.ConsoleDemo\Program.cs:line 116
   at SpawnDev.ILGPU.Demo.Shared.UnitTests.BackendTestBase.CreateEmulatedAcceleratorAsync() in d:\users\tj\Projects\SpawnDev.ILGPU\SpawnDev.ILGPU\SpawnDev.ILGPU.Demo.Shared\UnitTests\BackendTestBase.cs:line 18
   at SpawnDev.ILGPU.Demo.Shared.UnitTests.BackendTestBase.GetOrCreateEmulatedAcceleratorAsync() in d:\users\tj\Projects\SpawnDev.ILGPU\SpawnDev.ILGPU\SpawnDev.ILGPU.Demo.Shared\UnitTests\BackendTestBase.cs:line 49
   at SpawnDev.ILGPU.Demo.Shared.UnitTests.BackendTestBase.RunEmulatedTest(Func`2 testBody) in d:\users\tj\Projects\SpawnDev.ILGPU\SpawnDev.ILGPU\SpawnDev.ILGPU.Demo.Shared\UnitTests\BackendTestBase.cs:line 66
   at SpawnDev.ILGPU.Demo.Shared.UnitTests.BackendTestBase.DoubleDivisionTest() in d:\users\tj\Projects\SpawnDev.ILGPU\SpawnDev.ILGPU\SpawnDev.ILGPU.Demo.Shared\UnitTests\BackendTestBase.Tests3.cs:line 227
   at SpawnDev.UnitTesting.UnitTestRunner.RunTest(UnitTest test) in d:\users\tj\Projects\SpawnDev.UnitTesting\SpawnDev.UnitTesting\SpawnDev.UnitTesting\UnitTestRunner.cs:line 183
  [Γ£ù] CudaTests.DoubleDivisionTest (2ms) - ILGPU.Runtime.Cuda.CudaException: an illegal memory access was encountered at CurrentAPI.CreateContext(
                    out var contextPtr,
                    acceleratorFlags,
                    DeviceId)
   at ILGPU.Runtime.Cuda.CudaAccelerator..ctor(Context context, CudaDevice description, CudaAcceleratorFlags acceleratorFlags) in d:\users\tj\Projects\SpawnDev.ILGPU\SpawnDev.ILGPU\ILGPU\Runtime\Cuda\CudaAccelerator.cs:line 170
   at ILGPU.Runtime.Cuda.CudaDevice.CreateCudaAccelerator(Context context, CudaAcceleratorFlags acceleratorFlags) in d:\users\tj\Projects\SpawnDev.ILGPU\SpawnDev.ILGPU\ILGPU\Runtime\Cuda\CudaDevice.cs:line 516
   at ILGPU.Runtime.Cuda.CudaDevice.CreateCudaAccelerator(Context context) in d:\users\tj\Projects\SpawnDev.ILGPU\SpawnDev.ILGPU\ILGPU\Runtime\Cuda\CudaDevice.cs:line 505
   at ILGPU.Runtime.Cuda.CudaDevice.CreateAccelerator(Context context) in d:\users\tj\Projects\SpawnDev.ILGPU\SpawnDev.ILGPU\ILGPU\Runtime\Cuda\CudaDevice.cs:line 496
   at CudaTests.CreateAcceleratorAsync() in d:\users\tj\Projects\SpawnDev.ILGPU\SpawnDev.ILGPU\SpawnDev.ILGPU.ConsoleDemo\Program.cs:line 116
   at SpawnDev.ILGPU.Demo.Shared.UnitTests.BackendTestBase.CreateEmulatedAcceleratorAsync() in d:\users\tj\Projects\SpawnDev.ILGPU\SpawnDev.ILGPU\SpawnDev.ILGPU.Demo.Shared\UnitTests\BackendTestBase.cs:line 18
   at SpawnDev.ILGPU.Demo.Shared.UnitTests.BackendTestBase.GetOrCreateEmulatedAcceleratorAsync() in d:\users\tj\Projects\SpawnDev.ILGPU\SpawnDev.ILGPU\SpawnDev.ILGPU.Demo.Shared\UnitTests\BackendTestBase.cs:line 49
   at SpawnDev.ILGPU.Demo.Shared.UnitTests.BackendTestBase.RunEmulatedTest(Func`2 testBody) in d:\users\tj\Projects\SpawnDev.ILGPU\SpawnDev.ILGPU\SpawnDev.ILGPU.Demo.Shared\UnitTests\BackendTestBase.cs:line 66
   at SpawnDev.ILGPU.Demo.Shared.UnitTests.BackendTestBase.DoubleDivisionTest() in d:\users\tj\Projects\SpawnDev.ILGPU\SpawnDev.ILGPU\SpawnDev.ILGPU.Demo.Shared\UnitTests\BackendTestBase.Tests3.cs:line 227
   at SpawnDev.UnitTesting.UnitTestRunner.RunTest(UnitTest test) in d:\users\tj\Projects\SpawnDev.UnitTesting\SpawnDev.UnitTesting\SpawnDev.UnitTesting\UnitTestRunner.cs:line 183
  [Γ£ù] CudaTests.DoubleMinMaxTest (2ms) - ILGPU.Runtime.Cuda.CudaException: an illegal memory access was encountered at CurrentAPI.CreateContext(
                    out var contextPtr,
                    acceleratorFlags,
                    DeviceId)
   at ILGPU.Runtime.Cuda.CudaAccelerator..ctor(Context context, CudaDevice description, CudaAcceleratorFlags acceleratorFlags) in d:\users\tj\Projects\SpawnDev.ILGPU\SpawnDev.ILGPU\ILGPU\Runtime\Cuda\CudaAccelerator.cs:line 170
   at ILGPU.Runtime.Cuda.CudaDevice.CreateCudaAccelerator(Context context, CudaAcceleratorFlags acceleratorFlags) in d:\users\tj\Projects\SpawnDev.ILGPU\SpawnDev.ILGPU\ILGPU\Runtime\Cuda\CudaDevice.cs:line 516
   at ILGPU.Runtime.Cuda.CudaDevice.CreateCudaAccelerator(Context context) in d:\users\tj\Projects\SpawnDev.ILGPU\SpawnDev.ILGPU\ILGPU\Runtime\Cuda\CudaDevice.cs:line 505
   at ILGPU.Runtime.Cuda.CudaDevice.CreateAccelerator(Context context) in d:\users\tj\Projects\SpawnDev.ILGPU\SpawnDev.ILGPU\ILGPU\Runtime\Cuda\CudaDevice.cs:line 496
   at CudaTests.CreateAcceleratorAsync() in d:\users\tj\Projects\SpawnDev.ILGPU\SpawnDev.ILGPU\SpawnDev.ILGPU.ConsoleDemo\Program.cs:line 116
   at SpawnDev.ILGPU.Demo.Shared.UnitTests.BackendTestBase.CreateEmulatedAcceleratorAsync() in d:\users\tj\Projects\SpawnDev.ILGPU\SpawnDev.ILGPU\SpawnDev.ILGPU.Demo.Shared\UnitTests\BackendTestBase.cs:line 18
   at SpawnDev.ILGPU.Demo.Shared.UnitTests.BackendTestBase.GetOrCreateEmulatedAcceleratorAsync() in d:\users\tj\Projects\SpawnDev.ILGPU\SpawnDev.ILGPU\SpawnDev.ILGPU.Demo.Shared\UnitTests\BackendTestBase.cs:line 49
   at SpawnDev.ILGPU.Demo.Shared.UnitTests.BackendTestBase.RunEmulatedTest(Func`2 testBody) in d:\users\tj\Projects\SpawnDev.ILGPU\SpawnDev.ILGPU\SpawnDev.ILGPU.Demo.Shared\UnitTests\BackendTestBase.cs:line 66
   at SpawnDev.ILGPU.Demo.Shared.UnitTests.BackendTestBase.DoubleMinMaxTest() in d:\users\tj\Projects\SpawnDev.ILGPU\SpawnDev.ILGPU\SpawnDev.ILGPU.Demo.Shared\UnitTests\BackendTestBase.Tests3.cs:line 240
   at SpawnDev.UnitTesting.UnitTestRunner.RunTest(UnitTest test) in d:\users\tj\Projects\SpawnDev.UnitTesting\SpawnDev.UnitTesting\SpawnDev.UnitTesting\UnitTestRunner.cs:line 183
  [Γ£ù] CudaTests.DoubleMinMaxTest (2ms) - ILGPU.Runtime.Cuda.CudaException: an illegal memory access was encountered at CurrentAPI.CreateContext(
                    out var contextPtr,
                    acceleratorFlags,
                    DeviceId)
   at ILGPU.Runtime.Cuda.CudaAccelerator..ctor(Context context, CudaDevice description, CudaAcceleratorFlags acceleratorFlags) in d:\users\tj\Projects\SpawnDev.ILGPU\SpawnDev.ILGPU\ILGPU\Runtime\Cuda\CudaAccelerator.cs:line 170
   at ILGPU.Runtime.Cuda.CudaDevice.CreateCudaAccelerator(Context context, CudaAcceleratorFlags acceleratorFlags) in d:\users\tj\Projects\SpawnDev.ILGPU\SpawnDev.ILGPU\ILGPU\Runtime\Cuda\CudaDevice.cs:line 516
   at ILGPU.Runtime.Cuda.CudaDevice.CreateCudaAccelerator(Context context) in d:\users\tj\Projects\SpawnDev.ILGPU\SpawnDev.ILGPU\ILGPU\Runtime\Cuda\CudaDevice.cs:line 505
   at ILGPU.Runtime.Cuda.CudaDevice.CreateAccelerator(Context context) in d:\users\tj\Projects\SpawnDev.ILGPU\SpawnDev.ILGPU\ILGPU\Runtime\Cuda\CudaDevice.cs:line 496
   at CudaTests.CreateAcceleratorAsync() in d:\users\tj\Projects\SpawnDev.ILGPU\SpawnDev.ILGPU\SpawnDev.ILGPU.ConsoleDemo\Program.cs:line 116
   at SpawnDev.ILGPU.Demo.Shared.UnitTests.BackendTestBase.CreateEmulatedAcceleratorAsync() in d:\users\tj\Projects\SpawnDev.ILGPU\SpawnDev.ILGPU\SpawnDev.ILGPU.Demo.Shared\UnitTests\BackendTestBase.cs:line 18
   at SpawnDev.ILGPU.Demo.Shared.UnitTests.BackendTestBase.GetOrCreateEmulatedAcceleratorAsync() in d:\users\tj\Projects\SpawnDev.ILGPU\SpawnDev.ILGPU\SpawnDev.ILGPU.Demo.Shared\UnitTests\BackendTestBase.cs:line 49
   at SpawnDev.ILGPU.Demo.Shared.UnitTests.BackendTestBase.RunEmulatedTest(Func`2 testBody) in d:\users\tj\Projects\SpawnDev.ILGPU\SpawnDev.ILGPU\SpawnDev.ILGPU.Demo.Shared\UnitTests\BackendTestBase.cs:line 66
   at SpawnDev.ILGPU.Demo.Shared.UnitTests.BackendTestBase.DoubleMinMaxTest() in d:\users\tj\Projects\SpawnDev.ILGPU\SpawnDev.ILGPU\SpawnDev.ILGPU.Demo.Shared\UnitTests\BackendTestBase.Tests3.cs:line 240
   at SpawnDev.UnitTesting.UnitTestRunner.RunTest(UnitTest test) in d:\users\tj\Projects\SpawnDev.UnitTesting\SpawnDev.UnitTesting\SpawnDev.UnitTesting\UnitTestRunner.cs:line 183
  [Γ£ù] CudaTests.MixedTypeBuffersTest (2ms) - ILGPU.Runtime.Cuda.CudaException: an illegal memory access was encountered at CurrentAPI.AllocateMemory(
                        out IntPtr resultPtr,
                        new IntPtr(LengthInBytes))
   at ILGPU.Runtime.Cuda.CudaMemoryBuffer..ctor(CudaAccelerator accelerator, Int64 length, Int32 elementSize) in d:\users\tj\Projects\SpawnDev.ILGPU\SpawnDev.ILGPU\ILGPU\Runtime\Cuda\CudaMemoryBuffer.cs:line 118
   at ILGPU.Runtime.Cuda.CudaAccelerator.AllocateRawInternal(Int64 length, Int32 elementSize) in d:\users\tj\Projects\SpawnDev.ILGPU\SpawnDev.ILGPU\ILGPU\Runtime\Cuda\CudaAccelerator.cs:line 451
   at ILGPU.Runtime.Accelerator.AllocateRaw(Int64 length, Int32 elementSize) in d:\users\tj\Projects\SpawnDev.ILGPU\SpawnDev.ILGPU\ILGPU\Runtime\Accelerator.cs:line 296
   at ILGPU.Runtime.Accelerator.AllocateRaw[T,TExtent,TStrideIndex,TStride](TExtent extent, TStride stride) in d:\users\tj\Projects\SpawnDev.ILGPU\SpawnDev.ILGPU\ILGPU\Runtime\Accelerator.cs:line 335
   at ILGPU.Runtime.Accelerator.Allocate1D[T,TStride](Int64 length, TStride stride) in d:\users\tj\Projects\SpawnDev.ILGPU\SpawnDev.ILGPU\ILGPU\Runtime\Accelerator.Allocations.cs:line 47
   at ILGPU.Runtime.Accelerator.Allocate1D[T](Int64 length) in d:\users\tj\Projects\SpawnDev.ILGPU\SpawnDev.ILGPU\ILGPU\Runtime\Accelerator.Allocations.cs:line 29
   at ILGPU.Runtime.ArrayViewExtensions.Allocate1D[T](Accelerator accelerator, AcceleratorStream stream, T[] data) in d:\users\tj\Projects\SpawnDev.ILGPU\SpawnDev.ILGPU\ILGPU\Runtime\ArrayViewExtensions.cs:line 1830
   at ILGPU.Runtime.ArrayViewExtensions.Allocate1D[T](Accelerator accelerator, T[] data) in d:\users\tj\Projects\SpawnDev.ILGPU\SpawnDev.ILGPU\ILGPU\Runtime\ArrayViewExtensions.cs:line 1801
   at SpawnDev.ILGPU.Demo.Shared.UnitTests.BackendTestBase.<>c.<<MixedTypeBuffersTest>b__192_0>d.MoveNext() in d:\users\tj\Projects\SpawnDev.ILGPU\SpawnDev.ILGPU\SpawnDev.ILGPU.Demo.Shared\UnitTests\BackendTestBase.Tests3.cs:line 261
--- End of stack trace from previous location ---
   at SpawnDev.ILGPU.Demo.Shared.UnitTests.BackendTestBase.RunTest(Func`2 testBody) in d:\users\tj\Projects\SpawnDev.ILGPU\SpawnDev.ILGPU\SpawnDev.ILGPU.Demo.Shared\UnitTests\BackendTestBase.cs:line 60
   at SpawnDev.ILGPU.Demo.Shared.UnitTests.BackendTestBase.MixedTypeBuffersTest() in d:\users\tj\Projects\SpawnDev.ILGPU\SpawnDev.ILGPU\SpawnDev.ILGPU.Demo.Shared\UnitTests\BackendTestBase.Tests3.cs:line 257
   at SpawnDev.UnitTesting.UnitTestRunner.RunTest(UnitTest test) in d:\users\tj\Projects\SpawnDev.UnitTesting\SpawnDev.UnitTesting\SpawnDev.UnitTesting\UnitTestRunner.cs:line 183
  [Γ£ù] CudaTests.MixedTypeBuffersTest (2ms) - ILGPU.Runtime.Cuda.CudaException: an illegal memory access was encountered at CurrentAPI.AllocateMemory(
                        out IntPtr resultPtr,
                        new IntPtr(LengthInBytes))
   at ILGPU.Runtime.Cuda.CudaMemoryBuffer..ctor(CudaAccelerator accelerator, Int64 length, Int32 elementSize) in d:\users\tj\Projects\SpawnDev.ILGPU\SpawnDev.ILGPU\ILGPU\Runtime\Cuda\CudaMemoryBuffer.cs:line 118
   at ILGPU.Runtime.Cuda.CudaAccelerator.AllocateRawInternal(Int64 length, Int32 elementSize) in d:\users\tj\Projects\SpawnDev.ILGPU\SpawnDev.ILGPU\ILGPU\Runtime\Cuda\CudaAccelerator.cs:line 451
   at ILGPU.Runtime.Accelerator.AllocateRaw(Int64 length, Int32 elementSize) in d:\users\tj\Projects\SpawnDev.ILGPU\SpawnDev.ILGPU\ILGPU\Runtime\Accelerator.cs:line 296
   at ILGPU.Runtime.Accelerator.AllocateRaw[T,TExtent,TStrideIndex,TStride](TExtent extent, TStride stride) in d:\users\tj\Projects\SpawnDev.ILGPU\SpawnDev.ILGPU\ILGPU\Runtime\Accelerator.cs:line 335
   at ILGPU.Runtime.Accelerator.Allocate1D[T,TStride](Int64 length, TStride stride) in d:\users\tj\Projects\SpawnDev.ILGPU\SpawnDev.ILGPU\ILGPU\Runtime\Accelerator.Allocations.cs:line 47
   at ILGPU.Runtime.Accelerator.Allocate1D[T](Int64 length) in d:\users\tj\Projects\SpawnDev.ILGPU\SpawnDev.ILGPU\ILGPU\Runtime\Accelerator.Allocations.cs:line 29
   at ILGPU.Runtime.ArrayViewExtensions.Allocate1D[T](Accelerator accelerator, AcceleratorStream stream, T[] data) in d:\users\tj\Projects\SpawnDev.ILGPU\SpawnDev.ILGPU\ILGPU\Runtime\ArrayViewExtensions.cs:line 1830
   at ILGPU.Runtime.ArrayViewExtensions.Allocate1D[T](Accelerator accelerator, T[] data) in d:\users\tj\Projects\SpawnDev.ILGPU\SpawnDev.ILGPU\ILGPU\Runtime\ArrayViewExtensions.cs:line 1801
   at SpawnDev.ILGPU.Demo.Shared.UnitTests.BackendTestBase.<>c.<<MixedTypeBuffersTest>b__192_0>d.MoveNext() in d:\users\tj\Projects\SpawnDev.ILGPU\SpawnDev.ILGPU\SpawnDev.ILGPU.Demo.Shared\UnitTests\BackendTestBase.Tests3.cs:line 261
--- End of stack trace from previous location ---
   at SpawnDev.ILGPU.Demo.Shared.UnitTests.BackendTestBase.RunTest(Func`2 testBody) in d:\users\tj\Projects\SpawnDev.ILGPU\SpawnDev.ILGPU\SpawnDev.ILGPU.Demo.Shared\UnitTests\BackendTestBase.cs:line 60
   at SpawnDev.ILGPU.Demo.Shared.UnitTests.BackendTestBase.MixedTypeBuffersTest() in d:\users\tj\Projects\SpawnDev.ILGPU\SpawnDev.ILGPU\SpawnDev.ILGPU.Demo.Shared\UnitTests\BackendTestBase.Tests3.cs:line 257
   at SpawnDev.UnitTesting.UnitTestRunner.RunTest(UnitTest test) in d:\users\tj\Projects\SpawnDev.UnitTesting\SpawnDev.UnitTesting\SpawnDev.UnitTesting\UnitTestRunner.cs:line 183
  [Γ£ù] CudaTests.EmptyBufferTest (1ms) - ILGPU.Runtime.Cuda.CudaException: an illegal memory access was encountered at CurrentAPI.AllocateMemory(
                        out IntPtr resultPtr,
                        new IntPtr(LengthInBytes))
   at ILGPU.Runtime.Cuda.CudaMemoryBuffer..ctor(CudaAccelerator accelerator, Int64 length, Int32 elementSize) in d:\users\tj\Projects\SpawnDev.ILGPU\SpawnDev.ILGPU\ILGPU\Runtime\Cuda\CudaMemoryBuffer.cs:line 118
   at ILGPU.Runtime.Cuda.CudaAccelerator.AllocateRawInternal(Int64 length, Int32 elementSize) in d:\users\tj\Projects\SpawnDev.ILGPU\SpawnDev.ILGPU\ILGPU\Runtime\Cuda\CudaAccelerator.cs:line 451
   at ILGPU.Runtime.Accelerator.AllocateRaw(Int64 length, Int32 elementSize) in d:\users\tj\Projects\SpawnDev.ILGPU\SpawnDev.ILGPU\ILGPU\Runtime\Accelerator.cs:line 296
   at ILGPU.Runtime.Accelerator.AllocateRaw[T,TExtent,TStrideIndex,TStride](TExtent extent, TStride stride) in d:\users\tj\Projects\SpawnDev.ILGPU\SpawnDev.ILGPU\ILGPU\Runtime\Accelerator.cs:line 335
   at ILGPU.Runtime.Accelerator.Allocate1D[T,TStride](Int64 length, TStride stride) in d:\users\tj\Projects\SpawnDev.ILGPU\SpawnDev.ILGPU\ILGPU\Runtime\Accelerator.Allocations.cs:line 47
   at ILGPU.Runtime.Accelerator.Allocate1D[T](Int64 length) in d:\users\tj\Projects\SpawnDev.ILGPU\SpawnDev.ILGPU\ILGPU\Runtime\Accelerator.Allocations.cs:line 29
   at ILGPU.Runtime.ArrayViewExtensions.Allocate1D[T](Accelerator accelerator, AcceleratorStream stream, T[] data) in d:\users\tj\Projects\SpawnDev.ILGPU\SpawnDev.ILGPU\ILGPU\Runtime\ArrayViewExtensions.cs:line 1830
   at ILGPU.Runtime.ArrayViewExtensions.Allocate1D[T](Accelerator accelerator, T[] data) in d:\users\tj\Projects\SpawnDev.ILGPU\SpawnDev.ILGPU\ILGPU\Runtime\ArrayViewExtensions.cs:line 1801
   at SpawnDev.ILGPU.Demo.Shared.UnitTests.BackendTestBase.<>c.<<EmptyBufferTest>b__193_0>d.MoveNext() in d:\users\tj\Projects\SpawnDev.ILGPU\SpawnDev.ILGPU\SpawnDev.ILGPU.Demo.Shared\UnitTests\BackendTestBase.Tests3.cs:line 273
--- End of stack trace from previous location ---
   at SpawnDev.ILGPU.Demo.Shared.UnitTests.BackendTestBase.RunTest(Func`2 testBody) in d:\users\tj\Projects\SpawnDev.ILGPU\SpawnDev.ILGPU\SpawnDev.ILGPU.Demo.Shared\UnitTests\BackendTestBase.cs:line 60
   at SpawnDev.ILGPU.Demo.Shared.UnitTests.BackendTestBase.EmptyBufferTest() in d:\users\tj\Projects\SpawnDev.ILGPU\SpawnDev.ILGPU\SpawnDev.ILGPU.Demo.Shared\UnitTests\BackendTestBase.Tests3.cs:line 270
   at SpawnDev.UnitTesting.UnitTestRunner.RunTest(UnitTest test) in d:\users\tj\Projects\SpawnDev.UnitTesting\SpawnDev.UnitTesting\SpawnDev.UnitTesting\UnitTestRunner.cs:line 183
  [Γ£ù] CudaTests.EmptyBufferTest (1ms) - ILGPU.Runtime.Cuda.CudaException: an illegal memory access was encountered at CurrentAPI.AllocateMemory(
                        out IntPtr resultPtr,
                        new IntPtr(LengthInBytes))
   at ILGPU.Runtime.Cuda.CudaMemoryBuffer..ctor(CudaAccelerator accelerator, Int64 length, Int32 elementSize) in d:\users\tj\Projects\SpawnDev.ILGPU\SpawnDev.ILGPU\ILGPU\Runtime\Cuda\CudaMemoryBuffer.cs:line 118
   at ILGPU.Runtime.Cuda.CudaAccelerator.AllocateRawInternal(Int64 length, Int32 elementSize) in d:\users\tj\Projects\SpawnDev.ILGPU\SpawnDev.ILGPU\ILGPU\Runtime\Cuda\CudaAccelerator.cs:line 451
   at ILGPU.Runtime.Accelerator.AllocateRaw(Int64 length, Int32 elementSize) in d:\users\tj\Projects\SpawnDev.ILGPU\SpawnDev.ILGPU\ILGPU\Runtime\Accelerator.cs:line 296
   at ILGPU.Runtime.Accelerator.AllocateRaw[T,TExtent,TStrideIndex,TStride](TExtent extent, TStride stride) in d:\users\tj\Projects\SpawnDev.ILGPU\SpawnDev.ILGPU\ILGPU\Runtime\Accelerator.cs:line 335
   at ILGPU.Runtime.Accelerator.Allocate1D[T,TStride](Int64 length, TStride stride) in d:\users\tj\Projects\SpawnDev.ILGPU\SpawnDev.ILGPU\ILGPU\Runtime\Accelerator.Allocations.cs:line 47
   at ILGPU.Runtime.Accelerator.Allocate1D[T](Int64 length) in d:\users\tj\Projects\SpawnDev.ILGPU\SpawnDev.ILGPU\ILGPU\Runtime\Accelerator.Allocations.cs:line 29
   at ILGPU.Runtime.ArrayViewExtensions.Allocate1D[T](Accelerator accelerator, AcceleratorStream stream, T[] data) in d:\users\tj\Projects\SpawnDev.ILGPU\SpawnDev.ILGPU\ILGPU\Runtime\ArrayViewExtensions.cs:line 1830
   at ILGPU.Runtime.ArrayViewExtensions.Allocate1D[T](Accelerator accelerator, T[] data) in d:\users\tj\Projects\SpawnDev.ILGPU\SpawnDev.ILGPU\ILGPU\Runtime\ArrayViewExtensions.cs:line 1801
   at SpawnDev.ILGPU.Demo.Shared.UnitTests.BackendTestBase.<>c.<<EmptyBufferTest>b__193_0>d.MoveNext() in d:\users\tj\Projects\SpawnDev.ILGPU\SpawnDev.ILGPU\SpawnDev.ILGPU.Demo.Shared\UnitTests\BackendTestBase.Tests3.cs:line 273
--- End of stack trace from previous location ---
   at SpawnDev.ILGPU.Demo.Shared.UnitTests.BackendTestBase.RunTest(Func`2 testBody) in d:\users\tj\Projects\SpawnDev.ILGPU\SpawnDev.ILGPU\SpawnDev.ILGPU.Demo.Shared\UnitTests\BackendTestBase.cs:line 60
   at SpawnDev.ILGPU.Demo.Shared.UnitTests.BackendTestBase.EmptyBufferTest() in d:\users\tj\Projects\SpawnDev.ILGPU\SpawnDev.ILGPU\SpawnDev.ILGPU.Demo.Shared\UnitTests\BackendTestBase.Tests3.cs:line 270
   at SpawnDev.UnitTesting.UnitTestRunner.RunTest(UnitTest test) in d:\users\tj\Projects\SpawnDev.UnitTesting\SpawnDev.UnitTesting\SpawnDev.UnitTesting\UnitTestRunner.cs:line 183
  [Γ£ù] CudaTests.LargeDispatchTest (6ms) - ILGPU.Runtime.Cuda.CudaException: an illegal memory access was encountered at CurrentAPI.AllocateMemory(
                        out IntPtr resultPtr,
                        new IntPtr(LengthInBytes))
   at ILGPU.Runtime.Cuda.CudaMemoryBuffer..ctor(CudaAccelerator accelerator, Int64 length, Int32 elementSize) in d:\users\tj\Projects\SpawnDev.ILGPU\SpawnDev.ILGPU\ILGPU\Runtime\Cuda\CudaMemoryBuffer.cs:line 118
   at ILGPU.Runtime.Cuda.CudaAccelerator.AllocateRawInternal(Int64 length, Int32 elementSize) in d:\users\tj\Projects\SpawnDev.ILGPU\SpawnDev.ILGPU\ILGPU\Runtime\Cuda\CudaAccelerator.cs:line 451
   at ILGPU.Runtime.Accelerator.AllocateRaw(Int64 length, Int32 elementSize) in d:\users\tj\Projects\SpawnDev.ILGPU\SpawnDev.ILGPU\ILGPU\Runtime\Accelerator.cs:line 296
   at SpawnDev.ILGPU.Demo.Shared.UnitTests.BackendTestBase.<>c.<<LargeDispatchTest>b__194_0>d.MoveNext() in d:\users\tj\Projects\SpawnDev.ILGPU\SpawnDev.ILGPU\SpawnDev.ILGPU.Demo.Shared\UnitTests\BackendTestBase.Tests3.cs:line 285
--- End of stack trace from previous location ---
   at SpawnDev.ILGPU.Demo.Shared.UnitTests.BackendTestBase.RunTest(Func`2 testBody) in d:\users\tj\Projects\SpawnDev.ILGPU\SpawnDev.ILGPU\SpawnDev.ILGPU.Demo.Shared\UnitTests\BackendTestBase.cs:line 60
   at SpawnDev.ILGPU.Demo.Shared.UnitTests.BackendTestBase.LargeDispatchTest() in d:\users\tj\Projects\SpawnDev.ILGPU\SpawnDev.ILGPU\SpawnDev.ILGPU.Demo.Shared\UnitTests\BackendTestBase.Tests3.cs:line 282
   at SpawnDev.UnitTesting.UnitTestRunner.RunTest(UnitTest test) in d:\users\tj\Projects\SpawnDev.UnitTesting\SpawnDev.UnitTesting\SpawnDev.UnitTesting\UnitTestRunner.cs:line 183
  [Γ£ù] CudaTests.LargeDispatchTest (6ms) - ILGPU.Runtime.Cuda.CudaException: an illegal memory access was encountered at CurrentAPI.AllocateMemory(
                        out IntPtr resultPtr,
                        new IntPtr(LengthInBytes))
   at ILGPU.Runtime.Cuda.CudaMemoryBuffer..ctor(CudaAccelerator accelerator, Int64 length, Int32 elementSize) in d:\users\tj\Projects\SpawnDev.ILGPU\SpawnDev.ILGPU\ILGPU\Runtime\Cuda\CudaMemoryBuffer.cs:line 118
   at ILGPU.Runtime.Cuda.CudaAccelerator.AllocateRawInternal(Int64 length, Int32 elementSize) in d:\users\tj\Projects\SpawnDev.ILGPU\SpawnDev.ILGPU\ILGPU\Runtime\Cuda\CudaAccelerator.cs:line 451
   at ILGPU.Runtime.Accelerator.AllocateRaw(Int64 length, Int32 elementSize) in d:\users\tj\Projects\SpawnDev.ILGPU\SpawnDev.ILGPU\ILGPU\Runtime\Accelerator.cs:line 296
   at SpawnDev.ILGPU.Demo.Shared.UnitTests.BackendTestBase.<>c.<<LargeDispatchTest>b__194_0>d.MoveNext() in d:\users\tj\Projects\SpawnDev.ILGPU\SpawnDev.ILGPU\SpawnDev.ILGPU.Demo.Shared\UnitTests\BackendTestBase.Tests3.cs:line 285
--- End of stack trace from previous location ---
   at SpawnDev.ILGPU.Demo.Shared.UnitTests.BackendTestBase.RunTest(Func`2 testBody) in d:\users\tj\Projects\SpawnDev.ILGPU\SpawnDev.ILGPU\SpawnDev.ILGPU.Demo.Shared\UnitTests\BackendTestBase.cs:line 60
   at SpawnDev.ILGPU.Demo.Shared.UnitTests.BackendTestBase.LargeDispatchTest() in d:\users\tj\Projects\SpawnDev.ILGPU\SpawnDev.ILGPU\SpawnDev.ILGPU.Demo.Shared\UnitTests\BackendTestBase.Tests3.cs:line 282
   at SpawnDev.UnitTesting.UnitTestRunner.RunTest(UnitTest test) in d:\users\tj\Projects\SpawnDev.UnitTesting\SpawnDev.UnitTesting\SpawnDev.UnitTesting\UnitTestRunner.cs:line 183
  [Γ£ù] CudaTests.ComparisonOperatorsTest (1ms) - ILGPU.Runtime.Cuda.CudaException: an illegal memory access was encountered at CurrentAPI.AllocateMemory(
                        out IntPtr resultPtr,
                        new IntPtr(LengthInBytes))
   at ILGPU.Runtime.Cuda.CudaMemoryBuffer..ctor(CudaAccelerator accelerator, Int64 length, Int32 elementSize) in d:\users\tj\Projects\SpawnDev.ILGPU\SpawnDev.ILGPU\ILGPU\Runtime\Cuda\CudaMemoryBuffer.cs:line 118
   at ILGPU.Runtime.Cuda.CudaAccelerator.AllocateRawInternal(Int64 length, Int32 elementSize) in d:\users\tj\Projects\SpawnDev.ILGPU\SpawnDev.ILGPU\ILGPU\Runtime\Cuda\CudaAccelerator.cs:line 451
   at ILGPU.Runtime.Accelerator.AllocateRaw(Int64 length, Int32 elementSize) in d:\users\tj\Projects\SpawnDev.ILGPU\SpawnDev.ILGPU\ILGPU\Runtime\Accelerator.cs:line 296
   at ILGPU.Runtime.Accelerator.AllocateRaw[T,TExtent,TStrideIndex,TStride](TExtent extent, TStride stride) in d:\users\tj\Projects\SpawnDev.ILGPU\SpawnDev.ILGPU\ILGPU\Runtime\Accelerator.cs:line 335
   at ILGPU.Runtime.Accelerator.Allocate1D[T,TStride](Int64 length, TStride stride) in d:\users\tj\Projects\SpawnDev.ILGPU\SpawnDev.ILGPU\ILGPU\Runtime\Accelerator.Allocations.cs:line 47
   at ILGPU.Runtime.Accelerator.Allocate1D[T](Int64 length) in d:\users\tj\Projects\SpawnDev.ILGPU\SpawnDev.ILGPU\ILGPU\Runtime\Accelerator.Allocations.cs:line 29
   at ILGPU.Runtime.ArrayViewExtensions.Allocate1D[T](Accelerator accelerator, AcceleratorStream stream, T[] data) in d:\users\tj\Projects\SpawnDev.ILGPU\SpawnDev.ILGPU\ILGPU\Runtime\ArrayViewExtensions.cs:line 1830
   at ILGPU.Runtime.ArrayViewExtensions.Allocate1D[T](Accelerator accelerator, T[] data) in d:\users\tj\Projects\SpawnDev.ILGPU\SpawnDev.ILGPU\ILGPU\Runtime\ArrayViewExtensions.cs:line 1801
   at SpawnDev.ILGPU.Demo.Shared.UnitTests.BackendTestBase.<>c.<<ComparisonOperatorsTest>b__195_0>d.MoveNext() in d:\users\tj\Projects\SpawnDev.ILGPU\SpawnDev.ILGPU\SpawnDev.ILGPU.Demo.Shared\UnitTests\BackendTestBase.Tests3.cs:line 299
--- End of stack trace from previous location ---
   at SpawnDev.ILGPU.Demo.Shared.UnitTests.BackendTestBase.RunTest(Func`2 testBody) in d:\users\tj\Projects\SpawnDev.ILGPU\SpawnDev.ILGPU\SpawnDev.ILGPU.Demo.Shared\UnitTests\BackendTestBase.cs:line 60
   at SpawnDev.ILGPU.Demo.Shared.UnitTests.BackendTestBase.ComparisonOperatorsTest() in d:\users\tj\Projects\SpawnDev.ILGPU\SpawnDev.ILGPU\SpawnDev.ILGPU.Demo.Shared\UnitTests\BackendTestBase.Tests3.cs:line 295
   at SpawnDev.UnitTesting.UnitTestRunner.RunTest(UnitTest test) in d:\users\tj\Projects\SpawnDev.UnitTesting\SpawnDev.UnitTesting\SpawnDev.UnitTesting\UnitTestRunner.cs:line 183
  [Γ£ù] CudaTests.ComparisonOperatorsTest (1ms) - ILGPU.Runtime.Cuda.CudaException: an illegal memory access was encountered at CurrentAPI.AllocateMemory(
                        out IntPtr resultPtr,
                        new IntPtr(LengthInBytes))
   at ILGPU.Runtime.Cuda.CudaMemoryBuffer..ctor(CudaAccelerator accelerator, Int64 length, Int32 elementSize) in d:\users\tj\Projects\SpawnDev.ILGPU\SpawnDev.ILGPU\ILGPU\Runtime\Cuda\CudaMemoryBuffer.cs:line 118
   at ILGPU.Runtime.Cuda.CudaAccelerator.AllocateRawInternal(Int64 length, Int32 elementSize) in d:\users\tj\Projects\SpawnDev.ILGPU\SpawnDev.ILGPU\ILGPU\Runtime\Cuda\CudaAccelerator.cs:line 451
   at ILGPU.Runtime.Accelerator.AllocateRaw(Int64 length, Int32 elementSize) in d:\users\tj\Projects\SpawnDev.ILGPU\SpawnDev.ILGPU\ILGPU\Runtime\Accelerator.cs:line 296
   at ILGPU.Runtime.Accelerator.AllocateRaw[T,TExtent,TStrideIndex,TStride](TExtent extent, TStride stride) in d:\users\tj\Projects\SpawnDev.ILGPU\SpawnDev.ILGPU\ILGPU\Runtime\Accelerator.cs:line 335
   at ILGPU.Runtime.Accelerator.Allocate1D[T,TStride](Int64 length, TStride stride) in d:\users\tj\Projects\SpawnDev.ILGPU\SpawnDev.ILGPU\ILGPU\Runtime\Accelerator.Allocations.cs:line 47
   at ILGPU.Runtime.Accelerator.Allocate1D[T](Int64 length) in d:\users\tj\Projects\SpawnDev.ILGPU\SpawnDev.ILGPU\ILGPU\Runtime\Accelerator.Allocations.cs:line 29
   at ILGPU.Runtime.ArrayViewExtensions.Allocate1D[T](Accelerator accelerator, AcceleratorStream stream, T[] data) in d:\users\tj\Projects\SpawnDev.ILGPU\SpawnDev.ILGPU\ILGPU\Runtime\ArrayViewExtensions.cs:line 1830
   at ILGPU.Runtime.ArrayViewExtensions.Allocate1D[T](Accelerator accelerator, T[] data) in d:\users\tj\Projects\SpawnDev.ILGPU\SpawnDev.ILGPU\ILGPU\Runtime\ArrayViewExtensions.cs:line 1801
   at SpawnDev.ILGPU.Demo.Shared.UnitTests.BackendTestBase.<>c.<<ComparisonOperatorsTest>b__195_0>d.MoveNext() in d:\users\tj\Projects\SpawnDev.ILGPU\SpawnDev.ILGPU\SpawnDev.ILGPU.Demo.Shared\UnitTests\BackendTestBase.Tests3.cs:line 299
--- End of stack trace from previous location ---
   at SpawnDev.ILGPU.Demo.Shared.UnitTests.BackendTestBase.RunTest(Func`2 testBody) in d:\users\tj\Projects\SpawnDev.ILGPU\SpawnDev.ILGPU\SpawnDev.ILGPU.Demo.Shared\UnitTests\BackendTestBase.cs:line 60
   at SpawnDev.ILGPU.Demo.Shared.UnitTests.BackendTestBase.ComparisonOperatorsTest() in d:\users\tj\Projects\SpawnDev.ILGPU\SpawnDev.ILGPU\SpawnDev.ILGPU.Demo.Shared\UnitTests\BackendTestBase.Tests3.cs:line 295
   at SpawnDev.UnitTesting.UnitTestRunner.RunTest(UnitTest test) in d:\users\tj\Projects\SpawnDev.UnitTesting\SpawnDev.UnitTesting\SpawnDev.UnitTesting\UnitTestRunner.cs:line 183
  [Γ£ù] CudaTests.ShortCircuitTest (2ms) - ILGPU.Runtime.Cuda.CudaException: an illegal memory access was encountered at CurrentAPI.AllocateMemory(
                        out IntPtr resultPtr,
                        new IntPtr(LengthInBytes))
   at ILGPU.Runtime.Cuda.CudaMemoryBuffer..ctor(CudaAccelerator accelerator, Int64 length, Int32 elementSize) in d:\users\tj\Projects\SpawnDev.ILGPU\SpawnDev.ILGPU\ILGPU\Runtime\Cuda\CudaMemoryBuffer.cs:line 118
   at ILGPU.Runtime.Cuda.CudaAccelerator.AllocateRawInternal(Int64 length, Int32 elementSize) in d:\users\tj\Projects\SpawnDev.ILGPU\SpawnDev.ILGPU\ILGPU\Runtime\Cuda\CudaAccelerator.cs:line 451
   at ILGPU.Runtime.Accelerator.AllocateRaw(Int64 length, Int32 elementSize) in d:\users\tj\Projects\SpawnDev.ILGPU\SpawnDev.ILGPU\ILGPU\Runtime\Accelerator.cs:line 296
   at ILGPU.Runtime.Accelerator.AllocateRaw[T,TExtent,TStrideIndex,TStride](TExtent extent, TStride stride) in d:\users\tj\Projects\SpawnDev.ILGPU\SpawnDev.ILGPU\ILGPU\Runtime\Accelerator.cs:line 335
   at ILGPU.Runtime.Accelerator.Allocate1D[T,TStride](Int64 length, TStride stride) in d:\users\tj\Projects\SpawnDev.ILGPU\SpawnDev.ILGPU\ILGPU\Runtime\Accelerator.Allocations.cs:line 47
   at ILGPU.Runtime.Accelerator.Allocate1D[T](Int64 length) in d:\users\tj\Projects\SpawnDev.ILGPU\SpawnDev.ILGPU\ILGPU\Runtime\Accelerator.Allocations.cs:line 29
   at ILGPU.Runtime.ArrayViewExtensions.Allocate1D[T](Accelerator accelerator, AcceleratorStream stream, T[] data) in d:\users\tj\Projects\SpawnDev.ILGPU\SpawnDev.ILGPU\ILGPU\Runtime\ArrayViewExtensions.cs:line 1830
   at ILGPU.Runtime.ArrayViewExtensions.Allocate1D[T](Accelerator accelerator, T[] data) in d:\users\tj\Projects\SpawnDev.ILGPU\SpawnDev.ILGPU\ILGPU\Runtime\ArrayViewExtensions.cs:line 1801
   at SpawnDev.ILGPU.Demo.Shared.UnitTests.BackendTestBase.<>c.<<ShortCircuitTest>b__196_0>d.MoveNext() in d:\users\tj\Projects\SpawnDev.ILGPU\SpawnDev.ILGPU\SpawnDev.ILGPU.Demo.Shared\UnitTests\BackendTestBase.Tests3.cs:line 313
--- End of stack trace from previous location ---
   at SpawnDev.ILGPU.Demo.Shared.UnitTests.BackendTestBase.RunTest(Func`2 testBody) in d:\users\tj\Projects\SpawnDev.ILGPU\SpawnDev.ILGPU\SpawnDev.ILGPU.Demo.Shared\UnitTests\BackendTestBase.cs:line 60
   at SpawnDev.ILGPU.Demo.Shared.UnitTests.BackendTestBase.ShortCircuitTest() in d:\users\tj\Projects\SpawnDev.ILGPU\SpawnDev.ILGPU\SpawnDev.ILGPU.Demo.Shared\UnitTests\BackendTestBase.Tests3.cs:line 309
   at SpawnDev.UnitTesting.UnitTestRunner.RunTest(UnitTest test) in d:\users\tj\Projects\SpawnDev.UnitTesting\SpawnDev.UnitTesting\SpawnDev.UnitTesting\UnitTestRunner.cs:line 183
  [Γ£ù] CudaTests.ShortCircuitTest (2ms) - ILGPU.Runtime.Cuda.CudaException: an illegal memory access was encountered at CurrentAPI.AllocateMemory(
                        out IntPtr resultPtr,
                        new IntPtr(LengthInBytes))
   at ILGPU.Runtime.Cuda.CudaMemoryBuffer..ctor(CudaAccelerator accelerator, Int64 length, Int32 elementSize) in d:\users\tj\Projects\SpawnDev.ILGPU\SpawnDev.ILGPU\ILGPU\Runtime\Cuda\CudaMemoryBuffer.cs:line 118
   at ILGPU.Runtime.Cuda.CudaAccelerator.AllocateRawInternal(Int64 length, Int32 elementSize) in d:\users\tj\Projects\SpawnDev.ILGPU\SpawnDev.ILGPU\ILGPU\Runtime\Cuda\CudaAccelerator.cs:line 451
   at ILGPU.Runtime.Accelerator.AllocateRaw(Int64 length, Int32 elementSize) in d:\users\tj\Projects\SpawnDev.ILGPU\SpawnDev.ILGPU\ILGPU\Runtime\Accelerator.cs:line 296
   at ILGPU.Runtime.Accelerator.AllocateRaw[T,TExtent,TStrideIndex,TStride](TExtent extent, TStride stride) in d:\users\tj\Projects\SpawnDev.ILGPU\SpawnDev.ILGPU\ILGPU\Runtime\Accelerator.cs:line 335
   at ILGPU.Runtime.Accelerator.Allocate1D[T,TStride](Int64 length, TStride stride) in d:\users\tj\Projects\SpawnDev.ILGPU\SpawnDev.ILGPU\ILGPU\Runtime\Accelerator.Allocations.cs:line 47
   at ILGPU.Runtime.Accelerator.Allocate1D[T](Int64 length) in d:\users\tj\Projects\SpawnDev.ILGPU\SpawnDev.ILGPU\ILGPU\Runtime\Accelerator.Allocations.cs:line 29
   at ILGPU.Runtime.ArrayViewExtensions.Allocate1D[T](Accelerator accelerator, AcceleratorStream stream, T[] data) in d:\users\tj\Projects\SpawnDev.ILGPU\SpawnDev.ILGPU\ILGPU\Runtime\ArrayViewExtensions.cs:line 1830
   at ILGPU.Runtime.ArrayViewExtensions.Allocate1D[T](Accelerator accelerator, T[] data) in d:\users\tj\Projects\SpawnDev.ILGPU\SpawnDev.ILGPU\ILGPU\Runtime\ArrayViewExtensions.cs:line 1801
   at SpawnDev.ILGPU.Demo.Shared.UnitTests.BackendTestBase.<>c.<<ShortCircuitTest>b__196_0>d.MoveNext() in d:\users\tj\Projects\SpawnDev.ILGPU\SpawnDev.ILGPU\SpawnDev.ILGPU.Demo.Shared\UnitTests\BackendTestBase.Tests3.cs:line 313
--- End of stack trace from previous location ---
   at SpawnDev.ILGPU.Demo.Shared.UnitTests.BackendTestBase.RunTest(Func`2 testBody) in d:\users\tj\Projects\SpawnDev.ILGPU\SpawnDev.ILGPU\SpawnDev.ILGPU.Demo.Shared\UnitTests\BackendTestBase.cs:line 60
   at SpawnDev.ILGPU.Demo.Shared.UnitTests.BackendTestBase.ShortCircuitTest() in d:\users\tj\Projects\SpawnDev.ILGPU\SpawnDev.ILGPU\SpawnDev.ILGPU.Demo.Shared\UnitTests\BackendTestBase.Tests3.cs:line 309
   at SpawnDev.UnitTesting.UnitTestRunner.RunTest(UnitTest test) in d:\users\tj\Projects\SpawnDev.UnitTesting\SpawnDev.UnitTesting\SpawnDev.UnitTesting\UnitTestRunner.cs:line 183
  [Γ£ù] CudaTests.NaNInfinityTest (1ms) - ILGPU.Runtime.Cuda.CudaException: an illegal memory access was encountered at CurrentAPI.AllocateMemory(
                        out IntPtr resultPtr,
                        new IntPtr(LengthInBytes))
   at ILGPU.Runtime.Cuda.CudaMemoryBuffer..ctor(CudaAccelerator accelerator, Int64 length, Int32 elementSize) in d:\users\tj\Projects\SpawnDev.ILGPU\SpawnDev.ILGPU\ILGPU\Runtime\Cuda\CudaMemoryBuffer.cs:line 118
   at ILGPU.Runtime.Cuda.CudaAccelerator.AllocateRawInternal(Int64 length, Int32 elementSize) in d:\users\tj\Projects\SpawnDev.ILGPU\SpawnDev.ILGPU\ILGPU\Runtime\Cuda\CudaAccelerator.cs:line 451
   at ILGPU.Runtime.Accelerator.AllocateRaw(Int64 length, Int32 elementSize) in d:\users\tj\Projects\SpawnDev.ILGPU\SpawnDev.ILGPU\ILGPU\Runtime\Accelerator.cs:line 296
   at ILGPU.Runtime.Accelerator.AllocateRaw[T,TExtent,TStrideIndex,TStride](TExtent extent, TStride stride) in d:\users\tj\Projects\SpawnDev.ILGPU\SpawnDev.ILGPU\ILGPU\Runtime\Accelerator.cs:line 335
   at ILGPU.Runtime.Accelerator.Allocate1D[T,TStride](Int64 length, TStride stride) in d:\users\tj\Projects\SpawnDev.ILGPU\SpawnDev.ILGPU\ILGPU\Runtime\Accelerator.Allocations.cs:line 47
   at ILGPU.Runtime.Accelerator.Allocate1D[T](Int64 length) in d:\users\tj\Projects\SpawnDev.ILGPU\SpawnDev.ILGPU\ILGPU\Runtime\Accelerator.Allocations.cs:line 29
   at ILGPU.Runtime.ArrayViewExtensions.Allocate1D[T](Accelerator accelerator, AcceleratorStream stream, T[] data) in d:\users\tj\Projects\SpawnDev.ILGPU\SpawnDev.ILGPU\ILGPU\Runtime\ArrayViewExtensions.cs:line 1830
   at ILGPU.Runtime.ArrayViewExtensions.Allocate1D[T](Accelerator accelerator, T[] data) in d:\users\tj\Projects\SpawnDev.ILGPU\SpawnDev.ILGPU\ILGPU\Runtime\ArrayViewExtensions.cs:line 1801
   at SpawnDev.ILGPU.Demo.Shared.UnitTests.BackendTestBase.<>c.<<NaNInfinityTest>b__197_0>d.MoveNext() in d:\users\tj\Projects\SpawnDev.ILGPU\SpawnDev.ILGPU\SpawnDev.ILGPU.Demo.Shared\UnitTests\BackendTestBase.Tests3.cs:line 327
--- End of stack trace from previous location ---
   at SpawnDev.ILGPU.Demo.Shared.UnitTests.BackendTestBase.RunTest(Func`2 testBody) in d:\users\tj\Projects\SpawnDev.ILGPU\SpawnDev.ILGPU\SpawnDev.ILGPU.Demo.Shared\UnitTests\BackendTestBase.cs:line 60
   at SpawnDev.ILGPU.Demo.Shared.UnitTests.BackendTestBase.NaNInfinityTest() in d:\users\tj\Projects\SpawnDev.ILGPU\SpawnDev.ILGPU\SpawnDev.ILGPU.Demo.Shared\UnitTests\BackendTestBase.Tests3.cs:line 323
   at SpawnDev.UnitTesting.UnitTestRunner.RunTest(UnitTest test) in d:\users\tj\Projects\SpawnDev.UnitTesting\SpawnDev.UnitTesting\SpawnDev.UnitTesting\UnitTestRunner.cs:line 183
  [Γ£ù] CudaTests.NaNInfinityTest (1ms) - ILGPU.Runtime.Cuda.CudaException: an illegal memory access was encountered at CurrentAPI.AllocateMemory(
                        out IntPtr resultPtr,
                        new IntPtr(LengthInBytes))
   at ILGPU.Runtime.Cuda.CudaMemoryBuffer..ctor(CudaAccelerator accelerator, Int64 length, Int32 elementSize) in d:\users\tj\Projects\SpawnDev.ILGPU\SpawnDev.ILGPU\ILGPU\Runtime\Cuda\CudaMemoryBuffer.cs:line 118
   at ILGPU.Runtime.Cuda.CudaAccelerator.AllocateRawInternal(Int64 length, Int32 elementSize) in d:\users\tj\Projects\SpawnDev.ILGPU\SpawnDev.ILGPU\ILGPU\Runtime\Cuda\CudaAccelerator.cs:line 451
   at ILGPU.Runtime.Accelerator.AllocateRaw(Int64 length, Int32 elementSize) in d:\users\tj\Projects\SpawnDev.ILGPU\SpawnDev.ILGPU\ILGPU\Runtime\Accelerator.cs:line 296
   at ILGPU.Runtime.Accelerator.AllocateRaw[T,TExtent,TStrideIndex,TStride](TExtent extent, TStride stride) in d:\users\tj\Projects\SpawnDev.ILGPU\SpawnDev.ILGPU\ILGPU\Runtime\Accelerator.cs:line 335
   at ILGPU.Runtime.Accelerator.Allocate1D[T,TStride](Int64 length, TStride stride) in d:\users\tj\Projects\SpawnDev.ILGPU\SpawnDev.ILGPU\ILGPU\Runtime\Accelerator.Allocations.cs:line 47
   at ILGPU.Runtime.Accelerator.Allocate1D[T](Int64 length) in d:\users\tj\Projects\SpawnDev.ILGPU\SpawnDev.ILGPU\ILGPU\Runtime\Accelerator.Allocations.cs:line 29
   at ILGPU.Runtime.ArrayViewExtensions.Allocate1D[T](Accelerator accelerator, AcceleratorStream stream, T[] data) in d:\users\tj\Projects\SpawnDev.ILGPU\SpawnDev.ILGPU\ILGPU\Runtime\ArrayViewExtensions.cs:line 1830
   at ILGPU.Runtime.ArrayViewExtensions.Allocate1D[T](Accelerator accelerator, T[] data) in d:\users\tj\Projects\SpawnDev.ILGPU\SpawnDev.ILGPU\ILGPU\Runtime\ArrayViewExtensions.cs:line 1801
   at SpawnDev.ILGPU.Demo.Shared.UnitTests.BackendTestBase.<>c.<<NaNInfinityTest>b__197_0>d.MoveNext() in d:\users\tj\Projects\SpawnDev.ILGPU\SpawnDev.ILGPU\SpawnDev.ILGPU.Demo.Shared\UnitTests\BackendTestBase.Tests3.cs:line 327
--- End of stack trace from previous location ---
   at SpawnDev.ILGPU.Demo.Shared.UnitTests.BackendTestBase.RunTest(Func`2 testBody) in d:\users\tj\Projects\SpawnDev.ILGPU\SpawnDev.ILGPU\SpawnDev.ILGPU.Demo.Shared\UnitTests\BackendTestBase.cs:line 60
   at SpawnDev.ILGPU.Demo.Shared.UnitTests.BackendTestBase.NaNInfinityTest() in d:\users\tj\Projects\SpawnDev.ILGPU\SpawnDev.ILGPU\SpawnDev.ILGPU.Demo.Shared\UnitTests\BackendTestBase.Tests3.cs:line 323
   at SpawnDev.UnitTesting.UnitTestRunner.RunTest(UnitTest test) in d:\users\tj\Projects\SpawnDev.UnitTesting\SpawnDev.UnitTesting\SpawnDev.UnitTesting\UnitTestRunner.cs:line 183
  [Γ£ù] CudaTests.ReductionTest (1ms) - ILGPU.Runtime.Cuda.CudaException: an illegal memory access was encountered at CurrentAPI.AllocateMemory(
                        out IntPtr resultPtr,
                        new IntPtr(LengthInBytes))
   at ILGPU.Runtime.Cuda.CudaMemoryBuffer..ctor(CudaAccelerator accelerator, Int64 length, Int32 elementSize) in d:\users\tj\Projects\SpawnDev.ILGPU\SpawnDev.ILGPU\ILGPU\Runtime\Cuda\CudaMemoryBuffer.cs:line 118
   at ILGPU.Runtime.Cuda.CudaAccelerator.AllocateRawInternal(Int64 length, Int32 elementSize) in d:\users\tj\Projects\SpawnDev.ILGPU\SpawnDev.ILGPU\ILGPU\Runtime\Cuda\CudaAccelerator.cs:line 451
   at ILGPU.Runtime.Accelerator.AllocateRaw(Int64 length, Int32 elementSize) in d:\users\tj\Projects\SpawnDev.ILGPU\SpawnDev.ILGPU\ILGPU\Runtime\Accelerator.cs:line 296
   at ILGPU.Runtime.Accelerator.AllocateRaw[T,TExtent,TStrideIndex,TStride](TExtent extent, TStride stride) in d:\users\tj\Projects\SpawnDev.ILGPU\SpawnDev.ILGPU\ILGPU\Runtime\Accelerator.cs:line 335
   at ILGPU.Runtime.Accelerator.Allocate1D[T,TStride](Int64 length, TStride stride) in d:\users\tj\Projects\SpawnDev.ILGPU\SpawnDev.ILGPU\ILGPU\Runtime\Accelerator.Allocations.cs:line 47
   at ILGPU.Runtime.Accelerator.Allocate1D[T](Int64 length) in d:\users\tj\Projects\SpawnDev.ILGPU\SpawnDev.ILGPU\ILGPU\Runtime\Accelerator.Allocations.cs:line 29
   at ILGPU.Runtime.ArrayViewExtensions.Allocate1D[T](Accelerator accelerator, AcceleratorStream stream, T[] data) in d:\users\tj\Projects\SpawnDev.ILGPU\SpawnDev.ILGPU\ILGPU\Runtime\ArrayViewExtensions.cs:line 1830
   at ILGPU.Runtime.ArrayViewExtensions.Allocate1D[T](Accelerator accelerator, T[] data) in d:\users\tj\Projects\SpawnDev.ILGPU\SpawnDev.ILGPU\ILGPU\Runtime\ArrayViewExtensions.cs:line 1801
   at SpawnDev.ILGPU.Demo.Shared.UnitTests.BackendTestBase.<>c.<<ReductionTest>b__198_0>d.MoveNext() in d:\users\tj\Projects\SpawnDev.ILGPU\SpawnDev.ILGPU\SpawnDev.ILGPU.Demo.Shared\UnitTests\BackendTestBase.Tests3.cs:line 342
--- End of stack trace from previous location ---
   at SpawnDev.ILGPU.Demo.Shared.UnitTests.BackendTestBase.RunTest(Func`2 testBody) in d:\users\tj\Projects\SpawnDev.ILGPU\SpawnDev.ILGPU\SpawnDev.ILGPU.Demo.Shared\UnitTests\BackendTestBase.cs:line 60
   at SpawnDev.ILGPU.Demo.Shared.UnitTests.BackendTestBase.ReductionTest() in d:\users\tj\Projects\SpawnDev.ILGPU\SpawnDev.ILGPU\SpawnDev.ILGPU.Demo.Shared\UnitTests\BackendTestBase.Tests3.cs:line 339
   at SpawnDev.UnitTesting.UnitTestRunner.RunTest(UnitTest test) in d:\users\tj\Projects\SpawnDev.UnitTesting\SpawnDev.UnitTesting\SpawnDev.UnitTesting\UnitTestRunner.cs:line 183
  [Γ£ù] CudaTests.ReductionTest (1ms) - ILGPU.Runtime.Cuda.CudaException: an illegal memory access was encountered at CurrentAPI.AllocateMemory(
                        out IntPtr resultPtr,
                        new IntPtr(LengthInBytes))
   at ILGPU.Runtime.Cuda.CudaMemoryBuffer..ctor(CudaAccelerator accelerator, Int64 length, Int32 elementSize) in d:\users\tj\Projects\SpawnDev.ILGPU\SpawnDev.ILGPU\ILGPU\Runtime\Cuda\CudaMemoryBuffer.cs:line 118
   at ILGPU.Runtime.Cuda.CudaAccelerator.AllocateRawInternal(Int64 length, Int32 elementSize) in d:\users\tj\Projects\SpawnDev.ILGPU\SpawnDev.ILGPU\ILGPU\Runtime\Cuda\CudaAccelerator.cs:line 451
   at ILGPU.Runtime.Accelerator.AllocateRaw(Int64 length, Int32 elementSize) in d:\users\tj\Projects\SpawnDev.ILGPU\SpawnDev.ILGPU\ILGPU\Runtime\Accelerator.cs:line 296
   at ILGPU.Runtime.Accelerator.AllocateRaw[T,TExtent,TStrideIndex,TStride](TExtent extent, TStride stride) in d:\users\tj\Projects\SpawnDev.ILGPU\SpawnDev.ILGPU\ILGPU\Runtime\Accelerator.cs:line 335
   at ILGPU.Runtime.Accelerator.Allocate1D[T,TStride](Int64 length, TStride stride) in d:\users\tj\Projects\SpawnDev.ILGPU\SpawnDev.ILGPU\ILGPU\Runtime\Accelerator.Allocations.cs:line 47
   at ILGPU.Runtime.Accelerator.Allocate1D[T](Int64 length) in d:\users\tj\Projects\SpawnDev.ILGPU\SpawnDev.ILGPU\ILGPU\Runtime\Accelerator.Allocations.cs:line 29
   at ILGPU.Runtime.ArrayViewExtensions.Allocate1D[T](Accelerator accelerator, AcceleratorStream stream, T[] data) in d:\users\tj\Projects\SpawnDev.ILGPU\SpawnDev.ILGPU\ILGPU\Runtime\ArrayViewExtensions.cs:line 1830
   at ILGPU.Runtime.ArrayViewExtensions.Allocate1D[T](Accelerator accelerator, T[] data) in d:\users\tj\Projects\SpawnDev.ILGPU\SpawnDev.ILGPU\ILGPU\Runtime\ArrayViewExtensions.cs:line 1801
   at SpawnDev.ILGPU.Demo.Shared.UnitTests.BackendTestBase.<>c.<<ReductionTest>b__198_0>d.MoveNext() in d:\users\tj\Projects\SpawnDev.ILGPU\SpawnDev.ILGPU\SpawnDev.ILGPU.Demo.Shared\UnitTests\BackendTestBase.Tests3.cs:line 342
--- End of stack trace from previous location ---
   at SpawnDev.ILGPU.Demo.Shared.UnitTests.BackendTestBase.RunTest(Func`2 testBody) in d:\users\tj\Projects\SpawnDev.ILGPU\SpawnDev.ILGPU\SpawnDev.ILGPU.Demo.Shared\UnitTests\BackendTestBase.cs:line 60
   at SpawnDev.ILGPU.Demo.Shared.UnitTests.BackendTestBase.ReductionTest() in d:\users\tj\Projects\SpawnDev.ILGPU\SpawnDev.ILGPU\SpawnDev.ILGPU.Demo.Shared\UnitTests\BackendTestBase.Tests3.cs:line 339
   at SpawnDev.UnitTesting.UnitTestRunner.RunTest(UnitTest test) in d:\users\tj\Projects\SpawnDev.UnitTesting\SpawnDev.UnitTesting\SpawnDev.UnitTesting\UnitTestRunner.cs:line 183
  [Γ£ù] CudaTests.ScatterGatherTest (1ms) - ILGPU.Runtime.Cuda.CudaException: an illegal memory access was encountered at CurrentAPI.AllocateMemory(
                        out IntPtr resultPtr,
                        new IntPtr(LengthInBytes))
   at ILGPU.Runtime.Cuda.CudaMemoryBuffer..ctor(CudaAccelerator accelerator, Int64 length, Int32 elementSize) in d:\users\tj\Projects\SpawnDev.ILGPU\SpawnDev.ILGPU\ILGPU\Runtime\Cuda\CudaMemoryBuffer.cs:line 118
   at ILGPU.Runtime.Cuda.CudaAccelerator.AllocateRawInternal(Int64 length, Int32 elementSize) in d:\users\tj\Projects\SpawnDev.ILGPU\SpawnDev.ILGPU\ILGPU\Runtime\Cuda\CudaAccelerator.cs:line 451
   at ILGPU.Runtime.Accelerator.AllocateRaw(Int64 length, Int32 elementSize) in d:\users\tj\Projects\SpawnDev.ILGPU\SpawnDev.ILGPU\ILGPU\Runtime\Accelerator.cs:line 296
   at ILGPU.Runtime.Accelerator.AllocateRaw[T,TExtent,TStrideIndex,TStride](TExtent extent, TStride stride) in d:\users\tj\Projects\SpawnDev.ILGPU\SpawnDev.ILGPU\ILGPU\Runtime\Accelerator.cs:line 335
   at ILGPU.Runtime.Accelerator.Allocate1D[T,TStride](Int64 length, TStride stride) in d:\users\tj\Projects\SpawnDev.ILGPU\SpawnDev.ILGPU\ILGPU\Runtime\Accelerator.Allocations.cs:line 47
   at ILGPU.Runtime.Accelerator.Allocate1D[T](Int64 length) in d:\users\tj\Projects\SpawnDev.ILGPU\SpawnDev.ILGPU\ILGPU\Runtime\Accelerator.Allocations.cs:line 29
   at ILGPU.Runtime.ArrayViewExtensions.Allocate1D[T](Accelerator accelerator, AcceleratorStream stream, T[] data) in d:\users\tj\Projects\SpawnDev.ILGPU\SpawnDev.ILGPU\ILGPU\Runtime\ArrayViewExtensions.cs:line 1830
   at ILGPU.Runtime.ArrayViewExtensions.Allocate1D[T](Accelerator accelerator, T[] data) in d:\users\tj\Projects\SpawnDev.ILGPU\SpawnDev.ILGPU\ILGPU\Runtime\ArrayViewExtensions.cs:line 1801
   at SpawnDev.ILGPU.Demo.Shared.UnitTests.BackendTestBase.<>c.<<ScatterGatherTest>b__199_0>d.MoveNext() in d:\users\tj\Projects\SpawnDev.ILGPU\SpawnDev.ILGPU\SpawnDev.ILGPU.Demo.Shared\UnitTests\BackendTestBase.Tests3.cs:line 355
--- End of stack trace from previous location ---
   at SpawnDev.ILGPU.Demo.Shared.UnitTests.BackendTestBase.RunTest(Func`2 testBody) in d:\users\tj\Projects\SpawnDev.ILGPU\SpawnDev.ILGPU\SpawnDev.ILGPU.Demo.Shared\UnitTests\BackendTestBase.cs:line 60
   at SpawnDev.ILGPU.Demo.Shared.UnitTests.BackendTestBase.ScatterGatherTest() in d:\users\tj\Projects\SpawnDev.ILGPU\SpawnDev.ILGPU\SpawnDev.ILGPU.Demo.Shared\UnitTests\BackendTestBase.Tests3.cs:line 351
   at SpawnDev.UnitTesting.UnitTestRunner.RunTest(UnitTest test) in d:\users\tj\Projects\SpawnDev.UnitTesting\SpawnDev.UnitTesting\SpawnDev.UnitTesting\UnitTestRunner.cs:line 183
  [Γ£ù] CudaTests.ScatterGatherTest (1ms) - ILGPU.Runtime.Cuda.CudaException: an illegal memory access was encountered at CurrentAPI.AllocateMemory(
                        out IntPtr resultPtr,
                        new IntPtr(LengthInBytes))
   at ILGPU.Runtime.Cuda.CudaMemoryBuffer..ctor(CudaAccelerator accelerator, Int64 length, Int32 elementSize) in d:\users\tj\Projects\SpawnDev.ILGPU\SpawnDev.ILGPU\ILGPU\Runtime\Cuda\CudaMemoryBuffer.cs:line 118
   at ILGPU.Runtime.Cuda.CudaAccelerator.AllocateRawInternal(Int64 length, Int32 elementSize) in d:\users\tj\Projects\SpawnDev.ILGPU\SpawnDev.ILGPU\ILGPU\Runtime\Cuda\CudaAccelerator.cs:line 451
   at ILGPU.Runtime.Accelerator.AllocateRaw(Int64 length, Int32 elementSize) in d:\users\tj\Projects\SpawnDev.ILGPU\SpawnDev.ILGPU\ILGPU\Runtime\Accelerator.cs:line 296
   at ILGPU.Runtime.Accelerator.AllocateRaw[T,TExtent,TStrideIndex,TStride](TExtent extent, TStride stride) in d:\users\tj\Projects\SpawnDev.ILGPU\SpawnDev.ILGPU\ILGPU\Runtime\Accelerator.cs:line 335
   at ILGPU.Runtime.Accelerator.Allocate1D[T,TStride](Int64 length, TStride stride) in d:\users\tj\Projects\SpawnDev.ILGPU\SpawnDev.ILGPU\ILGPU\Runtime\Accelerator.Allocations.cs:line 47
   at ILGPU.Runtime.Accelerator.Allocate1D[T](Int64 length) in d:\users\tj\Projects\SpawnDev.ILGPU\SpawnDev.ILGPU\ILGPU\Runtime\Accelerator.Allocations.cs:line 29
   at ILGPU.Runtime.ArrayViewExtensions.Allocate1D[T](Accelerator accelerator, AcceleratorStream stream, T[] data) in d:\users\tj\Projects\SpawnDev.ILGPU\SpawnDev.ILGPU\ILGPU\Runtime\ArrayViewExtensions.cs:line 1830
   at ILGPU.Runtime.ArrayViewExtensions.Allocate1D[T](Accelerator accelerator, T[] data) in d:\users\tj\Projects\SpawnDev.ILGPU\SpawnDev.ILGPU\ILGPU\Runtime\ArrayViewExtensions.cs:line 1801
   at SpawnDev.ILGPU.Demo.Shared.UnitTests.BackendTestBase.<>c.<<ScatterGatherTest>b__199_0>d.MoveNext() in d:\users\tj\Projects\SpawnDev.ILGPU\SpawnDev.ILGPU\SpawnDev.ILGPU.Demo.Shared\UnitTests\BackendTestBase.Tests3.cs:line 355
--- End of stack trace from previous location ---
   at SpawnDev.ILGPU.Demo.Shared.UnitTests.BackendTestBase.RunTest(Func`2 testBody) in d:\users\tj\Projects\SpawnDev.ILGPU\SpawnDev.ILGPU\SpawnDev.ILGPU.Demo.Shared\UnitTests\BackendTestBase.cs:line 60
   at SpawnDev.ILGPU.Demo.Shared.UnitTests.BackendTestBase.ScatterGatherTest() in d:\users\tj\Projects\SpawnDev.ILGPU\SpawnDev.ILGPU\SpawnDev.ILGPU.Demo.Shared\UnitTests\BackendTestBase.Tests3.cs:line 351
   at SpawnDev.UnitTesting.UnitTestRunner.RunTest(UnitTest test) in d:\users\tj\Projects\SpawnDev.UnitTesting\SpawnDev.UnitTesting\SpawnDev.UnitTesting\UnitTestRunner.cs:line 183
  [Γ£ù] CudaTests.DeepNestingTest (1ms) - ILGPU.Runtime.Cuda.CudaException: an illegal memory access was encountered at CurrentAPI.AllocateMemory(
                        out IntPtr resultPtr,
                        new IntPtr(LengthInBytes))
   at ILGPU.Runtime.Cuda.CudaMemoryBuffer..ctor(CudaAccelerator accelerator, Int64 length, Int32 elementSize) in d:\users\tj\Projects\SpawnDev.ILGPU\SpawnDev.ILGPU\ILGPU\Runtime\Cuda\CudaMemoryBuffer.cs:line 118
   at ILGPU.Runtime.Cuda.CudaAccelerator.AllocateRawInternal(Int64 length, Int32 elementSize) in d:\users\tj\Projects\SpawnDev.ILGPU\SpawnDev.ILGPU\ILGPU\Runtime\Cuda\CudaAccelerator.cs:line 451
   at ILGPU.Runtime.Accelerator.AllocateRaw(Int64 length, Int32 elementSize) in d:\users\tj\Projects\SpawnDev.ILGPU\SpawnDev.ILGPU\ILGPU\Runtime\Accelerator.cs:line 296
   at ILGPU.Runtime.Accelerator.AllocateRaw[T,TExtent,TStrideIndex,TStride](TExtent extent, TStride stride) in d:\users\tj\Projects\SpawnDev.ILGPU\SpawnDev.ILGPU\ILGPU\Runtime\Accelerator.cs:line 335
   at ILGPU.Runtime.Accelerator.Allocate1D[T,TStride](Int64 length, TStride stride) in d:\users\tj\Projects\SpawnDev.ILGPU\SpawnDev.ILGPU\ILGPU\Runtime\Accelerator.Allocations.cs:line 47
   at ILGPU.Runtime.Accelerator.Allocate1D[T](Int64 length) in d:\users\tj\Projects\SpawnDev.ILGPU\SpawnDev.ILGPU\ILGPU\Runtime\Accelerator.Allocations.cs:line 29
   at SpawnDev.ILGPU.Demo.Shared.UnitTests.BackendTestBase.<>c.<<DeepNestingTest>b__200_0>d.MoveNext() in d:\users\tj\Projects\SpawnDev.ILGPU\SpawnDev.ILGPU\SpawnDev.ILGPU.Demo.Shared\UnitTests\BackendTestBase.Tests3.cs:line 368
--- End of stack trace from previous location ---
   at SpawnDev.ILGPU.Demo.Shared.UnitTests.BackendTestBase.RunTest(Func`2 testBody) in d:\users\tj\Projects\SpawnDev.ILGPU\SpawnDev.ILGPU\SpawnDev.ILGPU.Demo.Shared\UnitTests\BackendTestBase.cs:line 60
   at SpawnDev.ILGPU.Demo.Shared.UnitTests.BackendTestBase.DeepNestingTest() in d:\users\tj\Projects\SpawnDev.ILGPU\SpawnDev.ILGPU\SpawnDev.ILGPU.Demo.Shared\UnitTests\BackendTestBase.Tests3.cs:line 365
   at SpawnDev.UnitTesting.UnitTestRunner.RunTest(UnitTest test) in d:\users\tj\Projects\SpawnDev.UnitTesting\SpawnDev.UnitTesting\SpawnDev.UnitTesting\UnitTestRunner.cs:line 183
  [Γ£ù] CudaTests.DeepNestingTest (1ms) - ILGPU.Runtime.Cuda.CudaException: an illegal memory access was encountered at CurrentAPI.AllocateMemory(
                        out IntPtr resultPtr,
                        new IntPtr(LengthInBytes))
   at ILGPU.Runtime.Cuda.CudaMemoryBuffer..ctor(CudaAccelerator accelerator, Int64 length, Int32 elementSize) in d:\users\tj\Projects\SpawnDev.ILGPU\SpawnDev.ILGPU\ILGPU\Runtime\Cuda\CudaMemoryBuffer.cs:line 118
   at ILGPU.Runtime.Cuda.CudaAccelerator.AllocateRawInternal(Int64 length, Int32 elementSize) in d:\users\tj\Projects\SpawnDev.ILGPU\SpawnDev.ILGPU\ILGPU\Runtime\Cuda\CudaAccelerator.cs:line 451
   at ILGPU.Runtime.Accelerator.AllocateRaw(Int64 length, Int32 elementSize) in d:\users\tj\Projects\SpawnDev.ILGPU\SpawnDev.ILGPU\ILGPU\Runtime\Accelerator.cs:line 296
   at ILGPU.Runtime.Accelerator.AllocateRaw[T,TExtent,TStrideIndex,TStride](TExtent extent, TStride stride) in d:\users\tj\Projects\SpawnDev.ILGPU\SpawnDev.ILGPU\ILGPU\Runtime\Accelerator.cs:line 335
   at ILGPU.Runtime.Accelerator.Allocate1D[T,TStride](Int64 length, TStride stride) in d:\users\tj\Projects\SpawnDev.ILGPU\SpawnDev.ILGPU\ILGPU\Runtime\Accelerator.Allocations.cs:line 47
   at ILGPU.Runtime.Accelerator.Allocate1D[T](Int64 length) in d:\users\tj\Projects\SpawnDev.ILGPU\SpawnDev.ILGPU\ILGPU\Runtime\Accelerator.Allocations.cs:line 29
   at SpawnDev.ILGPU.Demo.Shared.UnitTests.BackendTestBase.<>c.<<DeepNestingTest>b__200_0>d.MoveNext() in d:\users\tj\Projects\SpawnDev.ILGPU\SpawnDev.ILGPU\SpawnDev.ILGPU.Demo.Shared\UnitTests\BackendTestBase.Tests3.cs:line 368
--- End of stack trace from previous location ---
   at SpawnDev.ILGPU.Demo.Shared.UnitTests.BackendTestBase.RunTest(Func`2 testBody) in d:\users\tj\Projects\SpawnDev.ILGPU\SpawnDev.ILGPU\SpawnDev.ILGPU.Demo.Shared\UnitTests\BackendTestBase.cs:line 60
   at SpawnDev.ILGPU.Demo.Shared.UnitTests.BackendTestBase.DeepNestingTest() in d:\users\tj\Projects\SpawnDev.ILGPU\SpawnDev.ILGPU\SpawnDev.ILGPU.Demo.Shared\UnitTests\BackendTestBase.Tests3.cs:line 365
   at SpawnDev.UnitTesting.UnitTestRunner.RunTest(UnitTest test) in d:\users\tj\Projects\SpawnDev.UnitTesting\SpawnDev.UnitTesting\SpawnDev.UnitTesting\UnitTestRunner.cs:line 183
  [Γ£ù] CudaTests.ZeroIterationLoopTest (1ms) - ILGPU.Runtime.Cuda.CudaException: an illegal memory access was encountered at CurrentAPI.AllocateMemory(
                        out IntPtr resultPtr,
                        new IntPtr(LengthInBytes))
   at ILGPU.Runtime.Cuda.CudaMemoryBuffer..ctor(CudaAccelerator accelerator, Int64 length, Int32 elementSize) in d:\users\tj\Projects\SpawnDev.ILGPU\SpawnDev.ILGPU\ILGPU\Runtime\Cuda\CudaMemoryBuffer.cs:line 118
   at ILGPU.Runtime.Cuda.CudaAccelerator.AllocateRawInternal(Int64 length, Int32 elementSize) in d:\users\tj\Projects\SpawnDev.ILGPU\SpawnDev.ILGPU\ILGPU\Runtime\Cuda\CudaAccelerator.cs:line 451
   at ILGPU.Runtime.Accelerator.AllocateRaw(Int64 length, Int32 elementSize) in d:\users\tj\Projects\SpawnDev.ILGPU\SpawnDev.ILGPU\ILGPU\Runtime\Accelerator.cs:line 296
   at ILGPU.Runtime.Accelerator.AllocateRaw[T,TExtent,TStrideIndex,TStride](TExtent extent, TStride stride) in d:\users\tj\Projects\SpawnDev.ILGPU\SpawnDev.ILGPU\ILGPU\Runtime\Accelerator.cs:line 335
   at ILGPU.Runtime.Accelerator.Allocate1D[T,TStride](Int64 length, TStride stride) in d:\users\tj\Projects\SpawnDev.ILGPU\SpawnDev.ILGPU\ILGPU\Runtime\Accelerator.Allocations.cs:line 47
   at ILGPU.Runtime.Accelerator.Allocate1D[T](Int64 length) in d:\users\tj\Projects\SpawnDev.ILGPU\SpawnDev.ILGPU\ILGPU\Runtime\Accelerator.Allocations.cs:line 29
   at ILGPU.Runtime.ArrayViewExtensions.Allocate1D[T](Accelerator accelerator, AcceleratorStream stream, T[] data) in d:\users\tj\Projects\SpawnDev.ILGPU\SpawnDev.ILGPU\ILGPU\Runtime\ArrayViewExtensions.cs:line 1830
   at ILGPU.Runtime.ArrayViewExtensions.Allocate1D[T](Accelerator accelerator, T[] data) in d:\users\tj\Projects\SpawnDev.ILGPU\SpawnDev.ILGPU\ILGPU\Runtime\ArrayViewExtensions.cs:line 1801
   at SpawnDev.ILGPU.Demo.Shared.UnitTests.BackendTestBase.<>c.<<ZeroIterationLoopTest>b__201_0>d.MoveNext() in d:\users\tj\Projects\SpawnDev.ILGPU\SpawnDev.ILGPU\SpawnDev.ILGPU.Demo.Shared\UnitTests\BackendTestBase.Tests3.cs:line 380
--- End of stack trace from previous location ---
   at SpawnDev.ILGPU.Demo.Shared.UnitTests.BackendTestBase.RunTest(Func`2 testBody) in d:\users\tj\Projects\SpawnDev.ILGPU\SpawnDev.ILGPU\SpawnDev.ILGPU.Demo.Shared\UnitTests\BackendTestBase.cs:line 60
   at SpawnDev.ILGPU.Demo.Shared.UnitTests.BackendTestBase.ZeroIterationLoopTest() in d:\users\tj\Projects\SpawnDev.ILGPU\SpawnDev.ILGPU\SpawnDev.ILGPU.Demo.Shared\UnitTests\BackendTestBase.Tests3.cs:line 377
   at SpawnDev.UnitTesting.UnitTestRunner.RunTest(UnitTest test) in d:\users\tj\Projects\SpawnDev.UnitTesting\SpawnDev.UnitTesting\SpawnDev.UnitTesting\UnitTestRunner.cs:line 183
  [Γ£ù] CudaTests.ZeroIterationLoopTest (1ms) - ILGPU.Runtime.Cuda.CudaException: an illegal memory access was encountered at CurrentAPI.AllocateMemory(
                        out IntPtr resultPtr,
                        new IntPtr(LengthInBytes))
   at ILGPU.Runtime.Cuda.CudaMemoryBuffer..ctor(CudaAccelerator accelerator, Int64 length, Int32 elementSize) in d:\users\tj\Projects\SpawnDev.ILGPU\SpawnDev.ILGPU\ILGPU\Runtime\Cuda\CudaMemoryBuffer.cs:line 118
   at ILGPU.Runtime.Cuda.CudaAccelerator.AllocateRawInternal(Int64 length, Int32 elementSize) in d:\users\tj\Projects\SpawnDev.ILGPU\SpawnDev.ILGPU\ILGPU\Runtime\Cuda\CudaAccelerator.cs:line 451
   at ILGPU.Runtime.Accelerator.AllocateRaw(Int64 length, Int32 elementSize) in d:\users\tj\Projects\SpawnDev.ILGPU\SpawnDev.ILGPU\ILGPU\Runtime\Accelerator.cs:line 296
   at ILGPU.Runtime.Accelerator.AllocateRaw[T,TExtent,TStrideIndex,TStride](TExtent extent, TStride stride) in d:\users\tj\Projects\SpawnDev.ILGPU\SpawnDev.ILGPU\ILGPU\Runtime\Accelerator.cs:line 335
   at ILGPU.Runtime.Accelerator.Allocate1D[T,TStride](Int64 length, TStride stride) in d:\users\tj\Projects\SpawnDev.ILGPU\SpawnDev.ILGPU\ILGPU\Runtime\Accelerator.Allocations.cs:line 47
   at ILGPU.Runtime.Accelerator.Allocate1D[T](Int64 length) in d:\users\tj\Projects\SpawnDev.ILGPU\SpawnDev.ILGPU\ILGPU\Runtime\Accelerator.Allocations.cs:line 29
   at ILGPU.Runtime.ArrayViewExtensions.Allocate1D[T](Accelerator accelerator, AcceleratorStream stream, T[] data) in d:\users\tj\Projects\SpawnDev.ILGPU\SpawnDev.ILGPU\ILGPU\Runtime\ArrayViewExtensions.cs:line 1830
   at ILGPU.Runtime.ArrayViewExtensions.Allocate1D[T](Accelerator accelerator, T[] data) in d:\users\tj\Projects\SpawnDev.ILGPU\SpawnDev.ILGPU\ILGPU\Runtime\ArrayViewExtensions.cs:line 1801
   at SpawnDev.ILGPU.Demo.Shared.UnitTests.BackendTestBase.<>c.<<ZeroIterationLoopTest>b__201_0>d.MoveNext() in d:\users\tj\Projects\SpawnDev.ILGPU\SpawnDev.ILGPU\SpawnDev.ILGPU.Demo.Shared\UnitTests\BackendTestBase.Tests3.cs:line 380
--- End of stack trace from previous location ---
   at SpawnDev.ILGPU.Demo.Shared.UnitTests.BackendTestBase.RunTest(Func`2 testBody) in d:\users\tj\Projects\SpawnDev.ILGPU\SpawnDev.ILGPU\SpawnDev.ILGPU.Demo.Shared\UnitTests\BackendTestBase.cs:line 60
   at SpawnDev.ILGPU.Demo.Shared.UnitTests.BackendTestBase.ZeroIterationLoopTest() in d:\users\tj\Projects\SpawnDev.ILGPU\SpawnDev.ILGPU\SpawnDev.ILGPU.Demo.Shared\UnitTests\BackendTestBase.Tests3.cs:line 377
   at SpawnDev.UnitTesting.UnitTestRunner.RunTest(UnitTest test) in d:\users\tj\Projects\SpawnDev.UnitTesting\SpawnDev.UnitTesting\SpawnDev.UnitTesting\UnitTestRunner.cs:line 183
  [Γ£ù] CudaTests.MultipleOutputsTest (2ms) - ILGPU.Runtime.Cuda.CudaException: an illegal memory access was encountered at CurrentAPI.AllocateMemory(
                        out IntPtr resultPtr,
                        new IntPtr(LengthInBytes))
   at ILGPU.Runtime.Cuda.CudaMemoryBuffer..ctor(CudaAccelerator accelerator, Int64 length, Int32 elementSize) in d:\users\tj\Projects\SpawnDev.ILGPU\SpawnDev.ILGPU\ILGPU\Runtime\Cuda\CudaMemoryBuffer.cs:line 118
   at ILGPU.Runtime.Cuda.CudaAccelerator.AllocateRawInternal(Int64 length, Int32 elementSize) in d:\users\tj\Projects\SpawnDev.ILGPU\SpawnDev.ILGPU\ILGPU\Runtime\Cuda\CudaAccelerator.cs:line 451
   at ILGPU.Runtime.Accelerator.AllocateRaw(Int64 length, Int32 elementSize) in d:\users\tj\Projects\SpawnDev.ILGPU\SpawnDev.ILGPU\ILGPU\Runtime\Accelerator.cs:line 296
   at ILGPU.Runtime.Accelerator.AllocateRaw[T,TExtent,TStrideIndex,TStride](TExtent extent, TStride stride) in d:\users\tj\Projects\SpawnDev.ILGPU\SpawnDev.ILGPU\ILGPU\Runtime\Accelerator.cs:line 335
   at ILGPU.Runtime.Accelerator.Allocate1D[T,TStride](Int64 length, TStride stride) in d:\users\tj\Projects\SpawnDev.ILGPU\SpawnDev.ILGPU\ILGPU\Runtime\Accelerator.Allocations.cs:line 47
   at ILGPU.Runtime.Accelerator.Allocate1D[T](Int64 length) in d:\users\tj\Projects\SpawnDev.ILGPU\SpawnDev.ILGPU\ILGPU\Runtime\Accelerator.Allocations.cs:line 29
   at ILGPU.Runtime.ArrayViewExtensions.Allocate1D[T](Accelerator accelerator, AcceleratorStream stream, T[] data) in d:\users\tj\Projects\SpawnDev.ILGPU\SpawnDev.ILGPU\ILGPU\Runtime\ArrayViewExtensions.cs:line 1830
   at ILGPU.Runtime.ArrayViewExtensions.Allocate1D[T](Accelerator accelerator, T[] data) in d:\users\tj\Projects\SpawnDev.ILGPU\SpawnDev.ILGPU\ILGPU\Runtime\ArrayViewExtensions.cs:line 1801
   at SpawnDev.ILGPU.Demo.Shared.UnitTests.BackendTestBase.<>c.<<MultipleOutputsTest>b__202_0>d.MoveNext() in d:\users\tj\Projects\SpawnDev.ILGPU\SpawnDev.ILGPU\SpawnDev.ILGPU.Demo.Shared\UnitTests\BackendTestBase.Tests3.cs:line 392
--- End of stack trace from previous location ---
   at SpawnDev.ILGPU.Demo.Shared.UnitTests.BackendTestBase.RunTest(Func`2 testBody) in d:\users\tj\Projects\SpawnDev.ILGPU\SpawnDev.ILGPU\SpawnDev.ILGPU.Demo.Shared\UnitTests\BackendTestBase.cs:line 60
   at SpawnDev.ILGPU.Demo.Shared.UnitTests.BackendTestBase.MultipleOutputsTest() in d:\users\tj\Projects\SpawnDev.ILGPU\SpawnDev.ILGPU\SpawnDev.ILGPU.Demo.Shared\UnitTests\BackendTestBase.Tests3.cs:line 389
   at SpawnDev.UnitTesting.UnitTestRunner.RunTest(UnitTest test) in d:\users\tj\Projects\SpawnDev.UnitTesting\SpawnDev.UnitTesting\SpawnDev.UnitTesting\UnitTestRunner.cs:line 183
  [Γ£ù] CudaTests.MultipleOutputsTest (2ms) - ILGPU.Runtime.Cuda.CudaException: an illegal memory access was encountered at CurrentAPI.AllocateMemory(
                        out IntPtr resultPtr,
                        new IntPtr(LengthInBytes))
   at ILGPU.Runtime.Cuda.CudaMemoryBuffer..ctor(CudaAccelerator accelerator, Int64 length, Int32 elementSize) in d:\users\tj\Projects\SpawnDev.ILGPU\SpawnDev.ILGPU\ILGPU\Runtime\Cuda\CudaMemoryBuffer.cs:line 118
   at ILGPU.Runtime.Cuda.CudaAccelerator.AllocateRawInternal(Int64 length, Int32 elementSize) in d:\users\tj\Projects\SpawnDev.ILGPU\SpawnDev.ILGPU\ILGPU\Runtime\Cuda\CudaAccelerator.cs:line 451
   at ILGPU.Runtime.Accelerator.AllocateRaw(Int64 length, Int32 elementSize) in d:\users\tj\Projects\SpawnDev.ILGPU\SpawnDev.ILGPU\ILGPU\Runtime\Accelerator.cs:line 296
   at ILGPU.Runtime.Accelerator.AllocateRaw[T,TExtent,TStrideIndex,TStride](TExtent extent, TStride stride) in d:\users\tj\Projects\SpawnDev.ILGPU\SpawnDev.ILGPU\ILGPU\Runtime\Accelerator.cs:line 335
   at ILGPU.Runtime.Accelerator.Allocate1D[T,TStride](Int64 length, TStride stride) in d:\users\tj\Projects\SpawnDev.ILGPU\SpawnDev.ILGPU\ILGPU\Runtime\Accelerator.Allocations.cs:line 47
   at ILGPU.Runtime.Accelerator.Allocate1D[T](Int64 length) in d:\users\tj\Projects\SpawnDev.ILGPU\SpawnDev.ILGPU\ILGPU\Runtime\Accelerator.Allocations.cs:line 29
   at ILGPU.Runtime.ArrayViewExtensions.Allocate1D[T](Accelerator accelerator, AcceleratorStream stream, T[] data) in d:\users\tj\Projects\SpawnDev.ILGPU\SpawnDev.ILGPU\ILGPU\Runtime\ArrayViewExtensions.cs:line 1830
   at ILGPU.Runtime.ArrayViewExtensions.Allocate1D[T](Accelerator accelerator, T[] data) in d:\users\tj\Projects\SpawnDev.ILGPU\SpawnDev.ILGPU\ILGPU\Runtime\ArrayViewExtensions.cs:line 1801
   at SpawnDev.ILGPU.Demo.Shared.UnitTests.BackendTestBase.<>c.<<MultipleOutputsTest>b__202_0>d.MoveNext() in d:\users\tj\Projects\SpawnDev.ILGPU\SpawnDev.ILGPU\SpawnDev.ILGPU.Demo.Shared\UnitTests\BackendTestBase.Tests3.cs:line 392
--- End of stack trace from previous location ---
   at SpawnDev.ILGPU.Demo.Shared.UnitTests.BackendTestBase.RunTest(Func`2 testBody) in d:\users\tj\Projects\SpawnDev.ILGPU\SpawnDev.ILGPU\SpawnDev.ILGPU.Demo.Shared\UnitTests\BackendTestBase.cs:line 60
   at SpawnDev.ILGPU.Demo.Shared.UnitTests.BackendTestBase.MultipleOutputsTest() in d:\users\tj\Projects\SpawnDev.ILGPU\SpawnDev.ILGPU\SpawnDev.ILGPU.Demo.Shared\UnitTests\BackendTestBase.Tests3.cs:line 389
   at SpawnDev.UnitTesting.UnitTestRunner.RunTest(UnitTest test) in d:\users\tj\Projects\SpawnDev.UnitTesting\SpawnDev.UnitTesting\SpawnDev.UnitTesting\UnitTestRunner.cs:line 183
  [Γ£ù] CudaTests.MatrixMultiplyTest (1ms) - ILGPU.Runtime.Cuda.CudaException: an illegal memory access was encountered at CurrentAPI.AllocateMemory(
                        out IntPtr resultPtr,
                        new IntPtr(LengthInBytes))
   at ILGPU.Runtime.Cuda.CudaMemoryBuffer..ctor(CudaAccelerator accelerator, Int64 length, Int32 elementSize) in d:\users\tj\Projects\SpawnDev.ILGPU\SpawnDev.ILGPU\ILGPU\Runtime\Cuda\CudaMemoryBuffer.cs:line 118
   at ILGPU.Runtime.Cuda.CudaAccelerator.AllocateRawInternal(Int64 length, Int32 elementSize) in d:\users\tj\Projects\SpawnDev.ILGPU\SpawnDev.ILGPU\ILGPU\Runtime\Cuda\CudaAccelerator.cs:line 451
   at ILGPU.Runtime.Accelerator.AllocateRaw(Int64 length, Int32 elementSize) in d:\users\tj\Projects\SpawnDev.ILGPU\SpawnDev.ILGPU\ILGPU\Runtime\Accelerator.cs:line 296
   at ILGPU.Runtime.Accelerator.AllocateRaw[T,TExtent,TStrideIndex,TStride](TExtent extent, TStride stride) in d:\users\tj\Projects\SpawnDev.ILGPU\SpawnDev.ILGPU\ILGPU\Runtime\Accelerator.cs:line 335
   at ILGPU.Runtime.Accelerator.Allocate1D[T,TStride](Int64 length, TStride stride) in d:\users\tj\Projects\SpawnDev.ILGPU\SpawnDev.ILGPU\ILGPU\Runtime\Accelerator.Allocations.cs:line 47
   at ILGPU.Runtime.Accelerator.Allocate1D[T](Int64 length) in d:\users\tj\Projects\SpawnDev.ILGPU\SpawnDev.ILGPU\ILGPU\Runtime\Accelerator.Allocations.cs:line 29
   at ILGPU.Runtime.ArrayViewExtensions.Allocate1D[T](Accelerator accelerator, AcceleratorStream stream, T[] data) in d:\users\tj\Projects\SpawnDev.ILGPU\SpawnDev.ILGPU\ILGPU\Runtime\ArrayViewExtensions.cs:line 1830
   at ILGPU.Runtime.ArrayViewExtensions.Allocate1D[T](Accelerator accelerator, T[] data) in d:\users\tj\Projects\SpawnDev.ILGPU\SpawnDev.ILGPU\ILGPU\Runtime\ArrayViewExtensions.cs:line 1801
   at SpawnDev.ILGPU.Demo.Shared.UnitTests.BackendTestBase.<>c.<<MatrixMultiplyTest>b__203_0>d.MoveNext() in d:\users\tj\Projects\SpawnDev.ILGPU\SpawnDev.ILGPU\SpawnDev.ILGPU.Demo.Shared\UnitTests\BackendTestBase.Tests3.cs:line 405
--- End of stack trace from previous location ---
   at SpawnDev.ILGPU.Demo.Shared.UnitTests.BackendTestBase.RunTest(Func`2 testBody) in d:\users\tj\Projects\SpawnDev.ILGPU\SpawnDev.ILGPU\SpawnDev.ILGPU.Demo.Shared\UnitTests\BackendTestBase.cs:line 60
   at SpawnDev.ILGPU.Demo.Shared.UnitTests.BackendTestBase.MatrixMultiplyTest() in d:\users\tj\Projects\SpawnDev.ILGPU\SpawnDev.ILGPU\SpawnDev.ILGPU.Demo.Shared\UnitTests\BackendTestBase.Tests3.cs:line 401
   at SpawnDev.UnitTesting.UnitTestRunner.RunTest(UnitTest test) in d:\users\tj\Projects\SpawnDev.UnitTesting\SpawnDev.UnitTesting\SpawnDev.UnitTesting\UnitTestRunner.cs:line 183
  [Γ£ù] CudaTests.MatrixMultiplyTest (1ms) - ILGPU.Runtime.Cuda.CudaException: an illegal memory access was encountered at CurrentAPI.AllocateMemory(
                        out IntPtr resultPtr,
                        new IntPtr(LengthInBytes))
   at ILGPU.Runtime.Cuda.CudaMemoryBuffer..ctor(CudaAccelerator accelerator, Int64 length, Int32 elementSize) in d:\users\tj\Projects\SpawnDev.ILGPU\SpawnDev.ILGPU\ILGPU\Runtime\Cuda\CudaMemoryBuffer.cs:line 118
   at ILGPU.Runtime.Cuda.CudaAccelerator.AllocateRawInternal(Int64 length, Int32 elementSize) in d:\users\tj\Projects\SpawnDev.ILGPU\SpawnDev.ILGPU\ILGPU\Runtime\Cuda\CudaAccelerator.cs:line 451
   at ILGPU.Runtime.Accelerator.AllocateRaw(Int64 length, Int32 elementSize) in d:\users\tj\Projects\SpawnDev.ILGPU\SpawnDev.ILGPU\ILGPU\Runtime\Accelerator.cs:line 296
   at ILGPU.Runtime.Accelerator.AllocateRaw[T,TExtent,TStrideIndex,TStride](TExtent extent, TStride stride) in d:\users\tj\Projects\SpawnDev.ILGPU\SpawnDev.ILGPU\ILGPU\Runtime\Accelerator.cs:line 335
   at ILGPU.Runtime.Accelerator.Allocate1D[T,TStride](Int64 length, TStride stride) in d:\users\tj\Projects\SpawnDev.ILGPU\SpawnDev.ILGPU\ILGPU\Runtime\Accelerator.Allocations.cs:line 47
   at ILGPU.Runtime.Accelerator.Allocate1D[T](Int64 length) in d:\users\tj\Projects\SpawnDev.ILGPU\SpawnDev.ILGPU\ILGPU\Runtime\Accelerator.Allocations.cs:line 29
   at ILGPU.Runtime.ArrayViewExtensions.Allocate1D[T](Accelerator accelerator, AcceleratorStream stream, T[] data) in d:\users\tj\Projects\SpawnDev.ILGPU\SpawnDev.ILGPU\ILGPU\Runtime\ArrayViewExtensions.cs:line 1830
   at ILGPU.Runtime.ArrayViewExtensions.Allocate1D[T](Accelerator accelerator, T[] data) in d:\users\tj\Projects\SpawnDev.ILGPU\SpawnDev.ILGPU\ILGPU\Runtime\ArrayViewExtensions.cs:line 1801
   at SpawnDev.ILGPU.Demo.Shared.UnitTests.BackendTestBase.<>c.<<MatrixMultiplyTest>b__203_0>d.MoveNext() in d:\users\tj\Projects\SpawnDev.ILGPU\SpawnDev.ILGPU\SpawnDev.ILGPU.Demo.Shared\UnitTests\BackendTestBase.Tests3.cs:line 405
--- End of stack trace from previous location ---
   at SpawnDev.ILGPU.Demo.Shared.UnitTests.BackendTestBase.RunTest(Func`2 testBody) in d:\users\tj\Projects\SpawnDev.ILGPU\SpawnDev.ILGPU\SpawnDev.ILGPU.Demo.Shared\UnitTests\BackendTestBase.cs:line 60
   at SpawnDev.ILGPU.Demo.Shared.UnitTests.BackendTestBase.MatrixMultiplyTest() in d:\users\tj\Projects\SpawnDev.ILGPU\SpawnDev.ILGPU\SpawnDev.ILGPU.Demo.Shared\UnitTests\BackendTestBase.Tests3.cs:line 401
   at SpawnDev.UnitTesting.UnitTestRunner.RunTest(UnitTest test) in d:\users\tj\Projects\SpawnDev.UnitTesting\SpawnDev.UnitTesting\SpawnDev.UnitTesting\UnitTestRunner.cs:line 183
  [Γ£ù] CudaTests.KernelReuseTest (2ms) - ILGPU.Runtime.Cuda.CudaException: an illegal memory access was encountered at kernelLoaded
   at ILGPU.Runtime.Cuda.CudaKernel..ctor(CudaAccelerator accelerator, PTXCompiledKernel kernel, MethodInfo launcher) in d:\users\tj\Projects\SpawnDev.ILGPU\SpawnDev.ILGPU\ILGPU\Runtime\Cuda\CudaKernel.cs:line 59
   at ILGPU.Runtime.Cuda.CudaAccelerator.CreateKernel(PTXCompiledKernel compiledKernel) in d:\users\tj\Projects\SpawnDev.ILGPU\SpawnDev.ILGPU\ILGPU\Runtime\Cuda\CudaAccelerator.cs:line 382
   at ILGPU.Runtime.KernelAccelerator`2.LoadAutoGroupedKernelInternal(CompiledKernel kernel, KernelInfo& kernelInfo) in d:\users\tj\Projects\SpawnDev.ILGPU\SpawnDev.ILGPU\ILGPU\Runtime\KernelAccelerator.cs:line 110
   at ILGPU.Runtime.Accelerator.LoadAutoGroupedKernel(CompiledKernel kernel, KernelInfo& kernelInfo) in d:\users\tj\Projects\SpawnDev.ILGPU\SpawnDev.ILGPU\ILGPU\Runtime\KernelLoading.cs:line 193
   at ILGPU.Runtime.Accelerator.AutoKernelLoader.LoadKernel(Accelerator accelerator, CompiledKernel compiledKernel, KernelInfo& kernelInfo) in d:\users\tj\Projects\SpawnDev.ILGPU\SpawnDev.ILGPU\ILGPU\Runtime\KernelLoading.cs:line 291
   at ILGPU.Runtime.Accelerator.<>c__DisplayClass157_0`1.<LoadGenericKernel>b__0(TKernelLoader& loader, KernelInfo& info) in d:\users\tj\Projects\SpawnDev.ILGPU\SpawnDev.ILGPU\ILGPU\Runtime\KernelCache.cs:line 474
   at ILGPU.Runtime.Accelerator.LoadAutoGroupedKernel[TDelegate](MethodInfo method, KernelInfo& kernelInfo) in d:\users\tj\Projects\SpawnDev.ILGPU\SpawnDev.ILGPU\ILGPU\Runtime\KernelLoading.cs:line 559
   at ILGPU.Runtime.Accelerator.LoadAutoGroupedKernel[TDelegate](MethodInfo method) in d:\users\tj\Projects\SpawnDev.ILGPU\SpawnDev.ILGPU\ILGPU\Runtime\KernelLoading.cs:line 546
   at ILGPU.Runtime.KernelLoaders.LoadAutoGroupedKernel[TIndex,T1,T2](Accelerator accelerator, Action`3 action) in d:\users\tj\Projects\SpawnDev.ILGPU\SpawnDev.ILGPU\ILGPU\Runtime\KernelLoaders.cs:line 741
   at ILGPU.Runtime.KernelLoaders.LoadAutoGroupedStreamKernel[TIndex,T1,T2](Accelerator accelerator, Action`3 action)
   at SpawnDev.ILGPU.Demo.Shared.UnitTests.BackendTestBase.<>c.<<KernelReuseTest>b__204_0>d.MoveNext() in d:\users\tj\Projects\SpawnDev.ILGPU\SpawnDev.ILGPU\SpawnDev.ILGPU.Demo.Shared\UnitTests\BackendTestBase.Tests3.cs:line 417
--- End of stack trace from previous location ---
   at SpawnDev.ILGPU.Demo.Shared.UnitTests.BackendTestBase.RunTest(Func`2 testBody) in d:\users\tj\Projects\SpawnDev.ILGPU\SpawnDev.ILGPU\SpawnDev.ILGPU.Demo.Shared\UnitTests\BackendTestBase.cs:line 60
   at SpawnDev.ILGPU.Demo.Shared.UnitTests.BackendTestBase.KernelReuseTest() in d:\users\tj\Projects\SpawnDev.ILGPU\SpawnDev.ILGPU\SpawnDev.ILGPU.Demo.Shared\UnitTests\BackendTestBase.Tests3.cs:line 414
   at SpawnDev.UnitTesting.UnitTestRunner.RunTest(UnitTest test) in d:\users\tj\Projects\SpawnDev.UnitTesting\SpawnDev.UnitTesting\SpawnDev.UnitTesting\UnitTestRunner.cs:line 183
  [Γ£ù] CudaTests.KernelReuseTest (2ms) - ILGPU.Runtime.Cuda.CudaException: an illegal memory access was encountered at kernelLoaded
   at ILGPU.Runtime.Cuda.CudaKernel..ctor(CudaAccelerator accelerator, PTXCompiledKernel kernel, MethodInfo launcher) in d:\users\tj\Projects\SpawnDev.ILGPU\SpawnDev.ILGPU\ILGPU\Runtime\Cuda\CudaKernel.cs:line 59
   at ILGPU.Runtime.Cuda.CudaAccelerator.CreateKernel(PTXCompiledKernel compiledKernel) in d:\users\tj\Projects\SpawnDev.ILGPU\SpawnDev.ILGPU\ILGPU\Runtime\Cuda\CudaAccelerator.cs:line 382
   at ILGPU.Runtime.KernelAccelerator`2.LoadAutoGroupedKernelInternal(CompiledKernel kernel, KernelInfo& kernelInfo) in d:\users\tj\Projects\SpawnDev.ILGPU\SpawnDev.ILGPU\ILGPU\Runtime\KernelAccelerator.cs:line 110
   at ILGPU.Runtime.Accelerator.LoadAutoGroupedKernel(CompiledKernel kernel, KernelInfo& kernelInfo) in d:\users\tj\Projects\SpawnDev.ILGPU\SpawnDev.ILGPU\ILGPU\Runtime\KernelLoading.cs:line 193
   at ILGPU.Runtime.Accelerator.AutoKernelLoader.LoadKernel(Accelerator accelerator, CompiledKernel compiledKernel, KernelInfo& kernelInfo) in d:\users\tj\Projects\SpawnDev.ILGPU\SpawnDev.ILGPU\ILGPU\Runtime\KernelLoading.cs:line 291
   at ILGPU.Runtime.Accelerator.<>c__DisplayClass157_0`1.<LoadGenericKernel>b__0(TKernelLoader& loader, KernelInfo& info) in d:\users\tj\Projects\SpawnDev.ILGPU\SpawnDev.ILGPU\ILGPU\Runtime\KernelCache.cs:line 474
   at ILGPU.Runtime.Accelerator.LoadAutoGroupedKernel[TDelegate](MethodInfo method, KernelInfo& kernelInfo) in d:\users\tj\Projects\SpawnDev.ILGPU\SpawnDev.ILGPU\ILGPU\Runtime\KernelLoading.cs:line 559
   at ILGPU.Runtime.Accelerator.LoadAutoGroupedKernel[TDelegate](MethodInfo method) in d:\users\tj\Projects\SpawnDev.ILGPU\SpawnDev.ILGPU\ILGPU\Runtime\KernelLoading.cs:line 546
   at ILGPU.Runtime.KernelLoaders.LoadAutoGroupedKernel[TIndex,T1,T2](Accelerator accelerator, Action`3 action) in d:\users\tj\Projects\SpawnDev.ILGPU\SpawnDev.ILGPU\ILGPU\Runtime\KernelLoaders.cs:line 741
   at ILGPU.Runtime.KernelLoaders.LoadAutoGroupedStreamKernel[TIndex,T1,T2](Accelerator accelerator, Action`3 action)
   at SpawnDev.ILGPU.Demo.Shared.UnitTests.BackendTestBase.<>c.<<KernelReuseTest>b__204_0>d.MoveNext() in d:\users\tj\Projects\SpawnDev.ILGPU\SpawnDev.ILGPU\SpawnDev.ILGPU.Demo.Shared\UnitTests\BackendTestBase.Tests3.cs:line 417
--- End of stack trace from previous location ---
   at SpawnDev.ILGPU.Demo.Shared.UnitTests.BackendTestBase.RunTest(Func`2 testBody) in d:\users\tj\Projects\SpawnDev.ILGPU\SpawnDev.ILGPU\SpawnDev.ILGPU.Demo.Shared\UnitTests\BackendTestBase.cs:line 60
   at SpawnDev.ILGPU.Demo.Shared.UnitTests.BackendTestBase.KernelReuseTest() in d:\users\tj\Projects\SpawnDev.ILGPU\SpawnDev.ILGPU\SpawnDev.ILGPU.Demo.Shared\UnitTests\BackendTestBase.Tests3.cs:line 414
   at SpawnDev.UnitTesting.UnitTestRunner.RunTest(UnitTest test) in d:\users\tj\Projects\SpawnDev.UnitTesting\SpawnDev.UnitTesting\SpawnDev.UnitTesting\UnitTestRunner.cs:line 183
  [Γ£ù] CudaTests.ChainedKernelsTest (2ms) - ILGPU.Runtime.Cuda.CudaException: an illegal memory access was encountered at CurrentAPI.AllocateMemory(
                        out IntPtr resultPtr,
                        new IntPtr(LengthInBytes))
   at ILGPU.Runtime.Cuda.CudaMemoryBuffer..ctor(CudaAccelerator accelerator, Int64 length, Int32 elementSize) in d:\users\tj\Projects\SpawnDev.ILGPU\SpawnDev.ILGPU\ILGPU\Runtime\Cuda\CudaMemoryBuffer.cs:line 118
   at ILGPU.Runtime.Cuda.CudaAccelerator.AllocateRawInternal(Int64 length, Int32 elementSize) in d:\users\tj\Projects\SpawnDev.ILGPU\SpawnDev.ILGPU\ILGPU\Runtime\Cuda\CudaAccelerator.cs:line 451
   at ILGPU.Runtime.Accelerator.AllocateRaw(Int64 length, Int32 elementSize) in d:\users\tj\Projects\SpawnDev.ILGPU\SpawnDev.ILGPU\ILGPU\Runtime\Accelerator.cs:line 296
   at ILGPU.Runtime.Accelerator.AllocateRaw[T,TExtent,TStrideIndex,TStride](TExtent extent, TStride stride) in d:\users\tj\Projects\SpawnDev.ILGPU\SpawnDev.ILGPU\ILGPU\Runtime\Accelerator.cs:line 335
   at ILGPU.Runtime.Accelerator.Allocate1D[T,TStride](Int64 length, TStride stride) in d:\users\tj\Projects\SpawnDev.ILGPU\SpawnDev.ILGPU\ILGPU\Runtime\Accelerator.Allocations.cs:line 47
   at ILGPU.Runtime.Accelerator.Allocate1D[T](Int64 length) in d:\users\tj\Projects\SpawnDev.ILGPU\SpawnDev.ILGPU\ILGPU\Runtime\Accelerator.Allocations.cs:line 29
   at ILGPU.Runtime.ArrayViewExtensions.Allocate1D[T](Accelerator accelerator, AcceleratorStream stream, T[] data) in d:\users\tj\Projects\SpawnDev.ILGPU\SpawnDev.ILGPU\ILGPU\Runtime\ArrayViewExtensions.cs:line 1830
   at ILGPU.Runtime.ArrayViewExtensions.Allocate1D[T](Accelerator accelerator, T[] data) in d:\users\tj\Projects\SpawnDev.ILGPU\SpawnDev.ILGPU\ILGPU\Runtime\ArrayViewExtensions.cs:line 1801
   at SpawnDev.ILGPU.Demo.Shared.UnitTests.BackendTestBase.<>c.<<ChainedKernelsTest>b__205_0>d.MoveNext() in d:\users\tj\Projects\SpawnDev.ILGPU\SpawnDev.ILGPU\SpawnDev.ILGPU.Demo.Shared\UnitTests\BackendTestBase.Tests3.cs:line 433
--- End of stack trace from previous location ---
   at SpawnDev.ILGPU.Demo.Shared.UnitTests.BackendTestBase.RunTest(Func`2 testBody) in d:\users\tj\Projects\SpawnDev.ILGPU\SpawnDev.ILGPU\SpawnDev.ILGPU.Demo.Shared\UnitTests\BackendTestBase.cs:line 60
   at SpawnDev.ILGPU.Demo.Shared.UnitTests.BackendTestBase.ChainedKernelsTest() in d:\users\tj\Projects\SpawnDev.ILGPU\SpawnDev.ILGPU\SpawnDev.ILGPU.Demo.Shared\UnitTests\BackendTestBase.Tests3.cs:line 430
   at SpawnDev.UnitTesting.UnitTestRunner.RunTest(UnitTest test) in d:\users\tj\Projects\SpawnDev.UnitTesting\SpawnDev.UnitTesting\SpawnDev.UnitTesting\UnitTestRunner.cs:line 183
  [Γ£ù] CudaTests.ChainedKernelsTest (2ms) - ILGPU.Runtime.Cuda.CudaException: an illegal memory access was encountered at CurrentAPI.AllocateMemory(
                        out IntPtr resultPtr,
                        new IntPtr(LengthInBytes))
   at ILGPU.Runtime.Cuda.CudaMemoryBuffer..ctor(CudaAccelerator accelerator, Int64 length, Int32 elementSize) in d:\users\tj\Projects\SpawnDev.ILGPU\SpawnDev.ILGPU\ILGPU\Runtime\Cuda\CudaMemoryBuffer.cs:line 118
   at ILGPU.Runtime.Cuda.CudaAccelerator.AllocateRawInternal(Int64 length, Int32 elementSize) in d:\users\tj\Projects\SpawnDev.ILGPU\SpawnDev.ILGPU\ILGPU\Runtime\Cuda\CudaAccelerator.cs:line 451
   at ILGPU.Runtime.Accelerator.AllocateRaw(Int64 length, Int32 elementSize) in d:\users\tj\Projects\SpawnDev.ILGPU\SpawnDev.ILGPU\ILGPU\Runtime\Accelerator.cs:line 296
   at ILGPU.Runtime.Accelerator.AllocateRaw[T,TExtent,TStrideIndex,TStride](TExtent extent, TStride stride) in d:\users\tj\Projects\SpawnDev.ILGPU\SpawnDev.ILGPU\ILGPU\Runtime\Accelerator.cs:line 335
   at ILGPU.Runtime.Accelerator.Allocate1D[T,TStride](Int64 length, TStride stride) in d:\users\tj\Projects\SpawnDev.ILGPU\SpawnDev.ILGPU\ILGPU\Runtime\Accelerator.Allocations.cs:line 47
   at ILGPU.Runtime.Accelerator.Allocate1D[T](Int64 length) in d:\users\tj\Projects\SpawnDev.ILGPU\SpawnDev.ILGPU\ILGPU\Runtime\Accelerator.Allocations.cs:line 29
   at ILGPU.Runtime.ArrayViewExtensions.Allocate1D[T](Accelerator accelerator, AcceleratorStream stream, T[] data) in d:\users\tj\Projects\SpawnDev.ILGPU\SpawnDev.ILGPU\ILGPU\Runtime\ArrayViewExtensions.cs:line 1830
   at ILGPU.Runtime.ArrayViewExtensions.Allocate1D[T](Accelerator accelerator, T[] data) in d:\users\tj\Projects\SpawnDev.ILGPU\SpawnDev.ILGPU\ILGPU\Runtime\ArrayViewExtensions.cs:line 1801
   at SpawnDev.ILGPU.Demo.Shared.UnitTests.BackendTestBase.<>c.<<ChainedKernelsTest>b__205_0>d.MoveNext() in d:\users\tj\Projects\SpawnDev.ILGPU\SpawnDev.ILGPU\SpawnDev.ILGPU.Demo.Shared\UnitTests\BackendTestBase.Tests3.cs:line 433
--- End of stack trace from previous location ---
   at SpawnDev.ILGPU.Demo.Shared.UnitTests.BackendTestBase.RunTest(Func`2 testBody) in d:\users\tj\Projects\SpawnDev.ILGPU\SpawnDev.ILGPU\SpawnDev.ILGPU.Demo.Shared\UnitTests\BackendTestBase.cs:line 60
   at SpawnDev.ILGPU.Demo.Shared.UnitTests.BackendTestBase.ChainedKernelsTest() in d:\users\tj\Projects\SpawnDev.ILGPU\SpawnDev.ILGPU\SpawnDev.ILGPU.Demo.Shared\UnitTests\BackendTestBase.Tests3.cs:line 430
   at SpawnDev.UnitTesting.UnitTestRunner.RunTest(UnitTest test) in d:\users\tj\Projects\SpawnDev.UnitTesting\SpawnDev.UnitTesting\SpawnDev.UnitTesting\UnitTestRunner.cs:line 183
  [Γ£ù] CudaTests.BoundaryConditionsTest (1ms) - ILGPU.Runtime.Cuda.CudaException: an illegal memory access was encountered at CurrentAPI.AllocateMemory(
                        out IntPtr resultPtr,
                        new IntPtr(LengthInBytes))
   at ILGPU.Runtime.Cuda.CudaMemoryBuffer..ctor(CudaAccelerator accelerator, Int64 length, Int32 elementSize) in d:\users\tj\Projects\SpawnDev.ILGPU\SpawnDev.ILGPU\ILGPU\Runtime\Cuda\CudaMemoryBuffer.cs:line 118
   at ILGPU.Runtime.Cuda.CudaAccelerator.AllocateRawInternal(Int64 length, Int32 elementSize) in d:\users\tj\Projects\SpawnDev.ILGPU\SpawnDev.ILGPU\ILGPU\Runtime\Cuda\CudaAccelerator.cs:line 451
   at ILGPU.Runtime.Accelerator.AllocateRaw(Int64 length, Int32 elementSize) in d:\users\tj\Projects\SpawnDev.ILGPU\SpawnDev.ILGPU\ILGPU\Runtime\Accelerator.cs:line 296
   at ILGPU.Runtime.Accelerator.AllocateRaw[T,TExtent,TStrideIndex,TStride](TExtent extent, TStride stride) in d:\users\tj\Projects\SpawnDev.ILGPU\SpawnDev.ILGPU\ILGPU\Runtime\Accelerator.cs:line 335
   at ILGPU.Runtime.Accelerator.Allocate1D[T,TStride](Int64 length, TStride stride) in d:\users\tj\Projects\SpawnDev.ILGPU\SpawnDev.ILGPU\ILGPU\Runtime\Accelerator.Allocations.cs:line 47
   at ILGPU.Runtime.Accelerator.Allocate1D[T](Int64 length) in d:\users\tj\Projects\SpawnDev.ILGPU\SpawnDev.ILGPU\ILGPU\Runtime\Accelerator.Allocations.cs:line 29
   at SpawnDev.ILGPU.Demo.Shared.UnitTests.BackendTestBase.<>c.<<BoundaryConditionsTest>b__206_0>d.MoveNext() in d:\users\tj\Projects\SpawnDev.ILGPU\SpawnDev.ILGPU\SpawnDev.ILGPU.Demo.Shared\UnitTests\BackendTestBase.Tests3.cs:line 447
--- End of stack trace from previous location ---
   at SpawnDev.ILGPU.Demo.Shared.UnitTests.BackendTestBase.RunTest(Func`2 testBody) in d:\users\tj\Projects\SpawnDev.ILGPU\SpawnDev.ILGPU\SpawnDev.ILGPU.Demo.Shared\UnitTests\BackendTestBase.cs:line 60
   at SpawnDev.ILGPU.Demo.Shared.UnitTests.BackendTestBase.BoundaryConditionsTest() in d:\users\tj\Projects\SpawnDev.ILGPU\SpawnDev.ILGPU\SpawnDev.ILGPU.Demo.Shared\UnitTests\BackendTestBase.Tests3.cs:line 444
   at SpawnDev.UnitTesting.UnitTestRunner.RunTest(UnitTest test) in d:\users\tj\Projects\SpawnDev.UnitTesting\SpawnDev.UnitTesting\SpawnDev.UnitTesting\UnitTestRunner.cs:line 183
  [Γ£ù] CudaTests.BoundaryConditionsTest (1ms) - ILGPU.Runtime.Cuda.CudaException: an illegal memory access was encountered at CurrentAPI.AllocateMemory(
                        out IntPtr resultPtr,
                        new IntPtr(LengthInBytes))
   at ILGPU.Runtime.Cuda.CudaMemoryBuffer..ctor(CudaAccelerator accelerator, Int64 length, Int32 elementSize) in d:\users\tj\Projects\SpawnDev.ILGPU\SpawnDev.ILGPU\ILGPU\Runtime\Cuda\CudaMemoryBuffer.cs:line 118
   at ILGPU.Runtime.Cuda.CudaAccelerator.AllocateRawInternal(Int64 length, Int32 elementSize) in d:\users\tj\Projects\SpawnDev.ILGPU\SpawnDev.ILGPU\ILGPU\Runtime\Cuda\CudaAccelerator.cs:line 451
   at ILGPU.Runtime.Accelerator.AllocateRaw(Int64 length, Int32 elementSize) in d:\users\tj\Projects\SpawnDev.ILGPU\SpawnDev.ILGPU\ILGPU\Runtime\Accelerator.cs:line 296
   at ILGPU.Runtime.Accelerator.AllocateRaw[T,TExtent,TStrideIndex,TStride](TExtent extent, TStride stride) in d:\users\tj\Projects\SpawnDev.ILGPU\SpawnDev.ILGPU\ILGPU\Runtime\Accelerator.cs:line 335
   at ILGPU.Runtime.Accelerator.Allocate1D[T,TStride](Int64 length, TStride stride) in d:\users\tj\Projects\SpawnDev.ILGPU\SpawnDev.ILGPU\ILGPU\Runtime\Accelerator.Allocations.cs:line 47
   at ILGPU.Runtime.Accelerator.Allocate1D[T](Int64 length) in d:\users\tj\Projects\SpawnDev.ILGPU\SpawnDev.ILGPU\ILGPU\Runtime\Accelerator.Allocations.cs:line 29
   at SpawnDev.ILGPU.Demo.Shared.UnitTests.BackendTestBase.<>c.<<BoundaryConditionsTest>b__206_0>d.MoveNext() in d:\users\tj\Projects\SpawnDev.ILGPU\SpawnDev.ILGPU\SpawnDev.ILGPU.Demo.Shared\UnitTests\BackendTestBase.Tests3.cs:line 447
--- End of stack trace from previous location ---
   at SpawnDev.ILGPU.Demo.Shared.UnitTests.BackendTestBase.RunTest(Func`2 testBody) in d:\users\tj\Projects\SpawnDev.ILGPU\SpawnDev.ILGPU\SpawnDev.ILGPU.Demo.Shared\UnitTests\BackendTestBase.cs:line 60
   at SpawnDev.ILGPU.Demo.Shared.UnitTests.BackendTestBase.BoundaryConditionsTest() in d:\users\tj\Projects\SpawnDev.ILGPU\SpawnDev.ILGPU\SpawnDev.ILGPU.Demo.Shared\UnitTests\BackendTestBase.Tests3.cs:line 444
   at SpawnDev.UnitTesting.UnitTestRunner.RunTest(UnitTest test) in d:\users\tj\Projects\SpawnDev.UnitTesting\SpawnDev.UnitTesting\SpawnDev.UnitTesting\UnitTestRunner.cs:line 183
  [Γ£ù] CudaTests.FloatSpecialOpsTest (1ms) - ILGPU.Runtime.Cuda.CudaException: an illegal memory access was encountered at CurrentAPI.AllocateMemory(
                        out IntPtr resultPtr,
                        new IntPtr(LengthInBytes))
   at ILGPU.Runtime.Cuda.CudaMemoryBuffer..ctor(CudaAccelerator accelerator, Int64 length, Int32 elementSize) in d:\users\tj\Projects\SpawnDev.ILGPU\SpawnDev.ILGPU\ILGPU\Runtime\Cuda\CudaMemoryBuffer.cs:line 118
   at ILGPU.Runtime.Cuda.CudaAccelerator.AllocateRawInternal(Int64 length, Int32 elementSize) in d:\users\tj\Projects\SpawnDev.ILGPU\SpawnDev.ILGPU\ILGPU\Runtime\Cuda\CudaAccelerator.cs:line 451
   at ILGPU.Runtime.Accelerator.AllocateRaw(Int64 length, Int32 elementSize) in d:\users\tj\Projects\SpawnDev.ILGPU\SpawnDev.ILGPU\ILGPU\Runtime\Accelerator.cs:line 296
   at ILGPU.Runtime.Accelerator.AllocateRaw[T,TExtent,TStrideIndex,TStride](TExtent extent, TStride stride) in d:\users\tj\Projects\SpawnDev.ILGPU\SpawnDev.ILGPU\ILGPU\Runtime\Accelerator.cs:line 335
   at ILGPU.Runtime.Accelerator.Allocate1D[T,TStride](Int64 length, TStride stride) in d:\users\tj\Projects\SpawnDev.ILGPU\SpawnDev.ILGPU\ILGPU\Runtime\Accelerator.Allocations.cs:line 47
   at ILGPU.Runtime.Accelerator.Allocate1D[T](Int64 length) in d:\users\tj\Projects\SpawnDev.ILGPU\SpawnDev.ILGPU\ILGPU\Runtime\Accelerator.Allocations.cs:line 29
   at ILGPU.Runtime.ArrayViewExtensions.Allocate1D[T](Accelerator accelerator, AcceleratorStream stream, T[] data) in d:\users\tj\Projects\SpawnDev.ILGPU\SpawnDev.ILGPU\ILGPU\Runtime\ArrayViewExtensions.cs:line 1830
   at ILGPU.Runtime.ArrayViewExtensions.Allocate1D[T](Accelerator accelerator, T[] data) in d:\users\tj\Projects\SpawnDev.ILGPU\SpawnDev.ILGPU\ILGPU\Runtime\ArrayViewExtensions.cs:line 1801
   at SpawnDev.ILGPU.Demo.Shared.UnitTests.BackendTestBase.<>c.<<FloatSpecialOpsTest>b__207_0>d.MoveNext() in d:\users\tj\Projects\SpawnDev.ILGPU\SpawnDev.ILGPU\SpawnDev.ILGPU.Demo.Shared\UnitTests\BackendTestBase.Tests3.cs:line 460
--- End of stack trace from previous location ---
   at SpawnDev.ILGPU.Demo.Shared.UnitTests.BackendTestBase.RunTest(Func`2 testBody) in d:\users\tj\Projects\SpawnDev.ILGPU\SpawnDev.ILGPU\SpawnDev.ILGPU.Demo.Shared\UnitTests\BackendTestBase.cs:line 60
   at SpawnDev.ILGPU.Demo.Shared.UnitTests.BackendTestBase.FloatSpecialOpsTest() in d:\users\tj\Projects\SpawnDev.ILGPU\SpawnDev.ILGPU\SpawnDev.ILGPU.Demo.Shared\UnitTests\BackendTestBase.Tests3.cs:line 456
   at SpawnDev.UnitTesting.UnitTestRunner.RunTest(UnitTest test) in d:\users\tj\Projects\SpawnDev.UnitTesting\SpawnDev.UnitTesting\SpawnDev.UnitTesting\UnitTestRunner.cs:line 183
  [Γ£ù] CudaTests.FloatSpecialOpsTest (1ms) - ILGPU.Runtime.Cuda.CudaException: an illegal memory access was encountered at CurrentAPI.AllocateMemory(
                        out IntPtr resultPtr,
                        new IntPtr(LengthInBytes))
   at ILGPU.Runtime.Cuda.CudaMemoryBuffer..ctor(CudaAccelerator accelerator, Int64 length, Int32 elementSize) in d:\users\tj\Projects\SpawnDev.ILGPU\SpawnDev.ILGPU\ILGPU\Runtime\Cuda\CudaMemoryBuffer.cs:line 118
   at ILGPU.Runtime.Cuda.CudaAccelerator.AllocateRawInternal(Int64 length, Int32 elementSize) in d:\users\tj\Projects\SpawnDev.ILGPU\SpawnDev.ILGPU\ILGPU\Runtime\Cuda\CudaAccelerator.cs:line 451
   at ILGPU.Runtime.Accelerator.AllocateRaw(Int64 length, Int32 elementSize) in d:\users\tj\Projects\SpawnDev.ILGPU\SpawnDev.ILGPU\ILGPU\Runtime\Accelerator.cs:line 296
   at ILGPU.Runtime.Accelerator.AllocateRaw[T,TExtent,TStrideIndex,TStride](TExtent extent, TStride stride) in d:\users\tj\Projects\SpawnDev.ILGPU\SpawnDev.ILGPU\ILGPU\Runtime\Accelerator.cs:line 335
   at ILGPU.Runtime.Accelerator.Allocate1D[T,TStride](Int64 length, TStride stride) in d:\users\tj\Projects\SpawnDev.ILGPU\SpawnDev.ILGPU\ILGPU\Runtime\Accelerator.Allocations.cs:line 47
   at ILGPU.Runtime.Accelerator.Allocate1D[T](Int64 length) in d:\users\tj\Projects\SpawnDev.ILGPU\SpawnDev.ILGPU\ILGPU\Runtime\Accelerator.Allocations.cs:line 29
   at ILGPU.Runtime.ArrayViewExtensions.Allocate1D[T](Accelerator accelerator, AcceleratorStream stream, T[] data) in d:\users\tj\Projects\SpawnDev.ILGPU\SpawnDev.ILGPU\ILGPU\Runtime\ArrayViewExtensions.cs:line 1830
   at ILGPU.Runtime.ArrayViewExtensions.Allocate1D[T](Accelerator accelerator, T[] data) in d:\users\tj\Projects\SpawnDev.ILGPU\SpawnDev.ILGPU\ILGPU\Runtime\ArrayViewExtensions.cs:line 1801
   at SpawnDev.ILGPU.Demo.Shared.UnitTests.BackendTestBase.<>c.<<FloatSpecialOpsTest>b__207_0>d.MoveNext() in d:\users\tj\Projects\SpawnDev.ILGPU\SpawnDev.ILGPU\SpawnDev.ILGPU.Demo.Shared\UnitTests\BackendTestBase.Tests3.cs:line 460
--- End of stack trace from previous location ---
   at SpawnDev.ILGPU.Demo.Shared.UnitTests.BackendTestBase.RunTest(Func`2 testBody) in d:\users\tj\Projects\SpawnDev.ILGPU\SpawnDev.ILGPU\SpawnDev.ILGPU.Demo.Shared\UnitTests\BackendTestBase.cs:line 60
   at SpawnDev.ILGPU.Demo.Shared.UnitTests.BackendTestBase.FloatSpecialOpsTest() in d:\users\tj\Projects\SpawnDev.ILGPU\SpawnDev.ILGPU\SpawnDev.ILGPU.Demo.Shared\UnitTests\BackendTestBase.Tests3.cs:line 456
   at SpawnDev.UnitTesting.UnitTestRunner.RunTest(UnitTest test) in d:\users\tj\Projects\SpawnDev.UnitTesting\SpawnDev.UnitTesting\SpawnDev.UnitTesting\UnitTestRunner.cs:line 183
  [Γ£ù] CudaTests.ModuloOperationsTest (1ms) - ILGPU.Runtime.Cuda.CudaException: an illegal memory access was encountered at CurrentAPI.AllocateMemory(
                        out IntPtr resultPtr,
                        new IntPtr(LengthInBytes))
   at ILGPU.Runtime.Cuda.CudaMemoryBuffer..ctor(CudaAccelerator accelerator, Int64 length, Int32 elementSize) in d:\users\tj\Projects\SpawnDev.ILGPU\SpawnDev.ILGPU\ILGPU\Runtime\Cuda\CudaMemoryBuffer.cs:line 118
   at ILGPU.Runtime.Cuda.CudaAccelerator.AllocateRawInternal(Int64 length, Int32 elementSize) in d:\users\tj\Projects\SpawnDev.ILGPU\SpawnDev.ILGPU\ILGPU\Runtime\Cuda\CudaAccelerator.cs:line 451
   at ILGPU.Runtime.Accelerator.AllocateRaw(Int64 length, Int32 elementSize) in d:\users\tj\Projects\SpawnDev.ILGPU\SpawnDev.ILGPU\ILGPU\Runtime\Accelerator.cs:line 296
   at ILGPU.Runtime.Accelerator.AllocateRaw[T,TExtent,TStrideIndex,TStride](TExtent extent, TStride stride) in d:\users\tj\Projects\SpawnDev.ILGPU\SpawnDev.ILGPU\ILGPU\Runtime\Accelerator.cs:line 335
   at ILGPU.Runtime.Accelerator.Allocate1D[T,TStride](Int64 length, TStride stride) in d:\users\tj\Projects\SpawnDev.ILGPU\SpawnDev.ILGPU\ILGPU\Runtime\Accelerator.Allocations.cs:line 47
   at ILGPU.Runtime.Accelerator.Allocate1D[T](Int64 length) in d:\users\tj\Projects\SpawnDev.ILGPU\SpawnDev.ILGPU\ILGPU\Runtime\Accelerator.Allocations.cs:line 29
   at ILGPU.Runtime.ArrayViewExtensions.Allocate1D[T](Accelerator accelerator, AcceleratorStream stream, T[] data) in d:\users\tj\Projects\SpawnDev.ILGPU\SpawnDev.ILGPU\ILGPU\Runtime\ArrayViewExtensions.cs:line 1830
   at ILGPU.Runtime.ArrayViewExtensions.Allocate1D[T](Accelerator accelerator, T[] data) in d:\users\tj\Projects\SpawnDev.ILGPU\SpawnDev.ILGPU\ILGPU\Runtime\ArrayViewExtensions.cs:line 1801
   at SpawnDev.ILGPU.Demo.Shared.UnitTests.BackendTestBase.<>c.<<ModuloOperationsTest>b__208_0>d.MoveNext() in d:\users\tj\Projects\SpawnDev.ILGPU\SpawnDev.ILGPU\SpawnDev.ILGPU.Demo.Shared\UnitTests\BackendTestBase.Tests3.cs:line 474
--- End of stack trace from previous location ---
   at SpawnDev.ILGPU.Demo.Shared.UnitTests.BackendTestBase.RunTest(Func`2 testBody) in d:\users\tj\Projects\SpawnDev.ILGPU\SpawnDev.ILGPU\SpawnDev.ILGPU.Demo.Shared\UnitTests\BackendTestBase.cs:line 60
   at SpawnDev.ILGPU.Demo.Shared.UnitTests.BackendTestBase.ModuloOperationsTest() in d:\users\tj\Projects\SpawnDev.ILGPU\SpawnDev.ILGPU\SpawnDev.ILGPU.Demo.Shared\UnitTests\BackendTestBase.Tests3.cs:line 470
   at SpawnDev.UnitTesting.UnitTestRunner.RunTest(UnitTest test) in d:\users\tj\Projects\SpawnDev.UnitTesting\SpawnDev.UnitTesting\SpawnDev.UnitTesting\UnitTestRunner.cs:line 183
  [Γ£ù] CudaTests.ModuloOperationsTest (1ms) - ILGPU.Runtime.Cuda.CudaException: an illegal memory access was encountered at CurrentAPI.AllocateMemory(
                        out IntPtr resultPtr,
                        new IntPtr(LengthInBytes))
   at ILGPU.Runtime.Cuda.CudaMemoryBuffer..ctor(CudaAccelerator accelerator, Int64 length, Int32 elementSize) in d:\users\tj\Projects\SpawnDev.ILGPU\SpawnDev.ILGPU\ILGPU\Runtime\Cuda\CudaMemoryBuffer.cs:line 118
   at ILGPU.Runtime.Cuda.CudaAccelerator.AllocateRawInternal(Int64 length, Int32 elementSize) in d:\users\tj\Projects\SpawnDev.ILGPU\SpawnDev.ILGPU\ILGPU\Runtime\Cuda\CudaAccelerator.cs:line 451
   at ILGPU.Runtime.Accelerator.AllocateRaw(Int64 length, Int32 elementSize) in d:\users\tj\Projects\SpawnDev.ILGPU\SpawnDev.ILGPU\ILGPU\Runtime\Accelerator.cs:line 296
   at ILGPU.Runtime.Accelerator.AllocateRaw[T,TExtent,TStrideIndex,TStride](TExtent extent, TStride stride) in d:\users\tj\Projects\SpawnDev.ILGPU\SpawnDev.ILGPU\ILGPU\Runtime\Accelerator.cs:line 335
   at ILGPU.Runtime.Accelerator.Allocate1D[T,TStride](Int64 length, TStride stride) in d:\users\tj\Projects\SpawnDev.ILGPU\SpawnDev.ILGPU\ILGPU\Runtime\Accelerator.Allocations.cs:line 47
   at ILGPU.Runtime.Accelerator.Allocate1D[T](Int64 length) in d:\users\tj\Projects\SpawnDev.ILGPU\SpawnDev.ILGPU\ILGPU\Runtime\Accelerator.Allocations.cs:line 29
   at ILGPU.Runtime.ArrayViewExtensions.Allocate1D[T](Accelerator accelerator, AcceleratorStream stream, T[] data) in d:\users\tj\Projects\SpawnDev.ILGPU\SpawnDev.ILGPU\ILGPU\Runtime\ArrayViewExtensions.cs:line 1830
   at ILGPU.Runtime.ArrayViewExtensions.Allocate1D[T](Accelerator accelerator, T[] data) in d:\users\tj\Projects\SpawnDev.ILGPU\SpawnDev.ILGPU\ILGPU\Runtime\ArrayViewExtensions.cs:line 1801
   at SpawnDev.ILGPU.Demo.Shared.UnitTests.BackendTestBase.<>c.<<ModuloOperationsTest>b__208_0>d.MoveNext() in d:\users\tj\Projects\SpawnDev.ILGPU\SpawnDev.ILGPU\SpawnDev.ILGPU.Demo.Shared\UnitTests\BackendTestBase.Tests3.cs:line 474
--- End of stack trace from previous location ---
   at SpawnDev.ILGPU.Demo.Shared.UnitTests.BackendTestBase.RunTest(Func`2 testBody) in d:\users\tj\Projects\SpawnDev.ILGPU\SpawnDev.ILGPU\SpawnDev.ILGPU.Demo.Shared\UnitTests\BackendTestBase.cs:line 60
   at SpawnDev.ILGPU.Demo.Shared.UnitTests.BackendTestBase.ModuloOperationsTest() in d:\users\tj\Projects\SpawnDev.ILGPU\SpawnDev.ILGPU\SpawnDev.ILGPU.Demo.Shared\UnitTests\BackendTestBase.Tests3.cs:line 470
   at SpawnDev.UnitTesting.UnitTestRunner.RunTest(UnitTest test) in d:\users\tj\Projects\SpawnDev.UnitTesting\SpawnDev.UnitTesting\SpawnDev.UnitTesting\UnitTestRunner.cs:line 183
  [Γ£ù] CudaTests.MillionElementsTest (1ms) - ILGPU.Runtime.Cuda.CudaException: an illegal memory access was encountered at CurrentAPI.AllocateMemory(
                        out IntPtr resultPtr,
                        new IntPtr(LengthInBytes))
   at ILGPU.Runtime.Cuda.CudaMemoryBuffer..ctor(CudaAccelerator accelerator, Int64 length, Int32 elementSize) in d:\users\tj\Projects\SpawnDev.ILGPU\SpawnDev.ILGPU\ILGPU\Runtime\Cuda\CudaMemoryBuffer.cs:line 118
   at ILGPU.Runtime.Cuda.CudaAccelerator.AllocateRawInternal(Int64 length, Int32 elementSize) in d:\users\tj\Projects\SpawnDev.ILGPU\SpawnDev.ILGPU\ILGPU\Runtime\Cuda\CudaAccelerator.cs:line 451
   at ILGPU.Runtime.Accelerator.AllocateRaw(Int64 length, Int32 elementSize) in d:\users\tj\Projects\SpawnDev.ILGPU\SpawnDev.ILGPU\ILGPU\Runtime\Accelerator.cs:line 296
   at ILGPU.Runtime.Accelerator.AllocateRaw[T,TExtent,TStrideIndex,TStride](TExtent extent, TStride stride) in d:\users\tj\Projects\SpawnDev.ILGPU\SpawnDev.ILGPU\ILGPU\Runtime\Accelerator.cs:line 335
   at ILGPU.Runtime.Accelerator.Allocate1D[T,TStride](Int64 length, TStride stride) in d:\users\tj\Projects\SpawnDev.ILGPU\SpawnDev.ILGPU\ILGPU\Runtime\Accelerator.Allocations.cs:line 47
   at ILGPU.Runtime.Accelerator.Allocate1D[T](Int64 length) in d:\users\tj\Projects\SpawnDev.ILGPU\SpawnDev.ILGPU\ILGPU\Runtime\Accelerator.Allocations.cs:line 29
   at SpawnDev.ILGPU.Demo.Shared.UnitTests.BackendTestBase.<>c.<<MillionElementsTest>b__209_0>d.MoveNext() in d:\users\tj\Projects\SpawnDev.ILGPU\SpawnDev.ILGPU\SpawnDev.ILGPU.Demo.Shared\UnitTests\BackendTestBase.Tests3.cs:line 487
--- End of stack trace from previous location ---
   at SpawnDev.ILGPU.Demo.Shared.UnitTests.BackendTestBase.RunTest(Func`2 testBody) in d:\users\tj\Projects\SpawnDev.ILGPU\SpawnDev.ILGPU\SpawnDev.ILGPU.Demo.Shared\UnitTests\BackendTestBase.cs:line 60
   at SpawnDev.ILGPU.Demo.Shared.UnitTests.BackendTestBase.MillionElementsTest() in d:\users\tj\Projects\SpawnDev.ILGPU\SpawnDev.ILGPU\SpawnDev.ILGPU.Demo.Shared\UnitTests\BackendTestBase.Tests3.cs:line 484
   at SpawnDev.UnitTesting.UnitTestRunner.RunTest(UnitTest test) in d:\users\tj\Projects\SpawnDev.UnitTesting\SpawnDev.UnitTesting\SpawnDev.UnitTesting\UnitTestRunner.cs:line 183
  [Γ£ù] CudaTests.MillionElementsTest (1ms) - ILGPU.Runtime.Cuda.CudaException: an illegal memory access was encountered at CurrentAPI.AllocateMemory(
                        out IntPtr resultPtr,
                        new IntPtr(LengthInBytes))
   at ILGPU.Runtime.Cuda.CudaMemoryBuffer..ctor(CudaAccelerator accelerator, Int64 length, Int32 elementSize) in d:\users\tj\Projects\SpawnDev.ILGPU\SpawnDev.ILGPU\ILGPU\Runtime\Cuda\CudaMemoryBuffer.cs:line 118
   at ILGPU.Runtime.Cuda.CudaAccelerator.AllocateRawInternal(Int64 length, Int32 elementSize) in d:\users\tj\Projects\SpawnDev.ILGPU\SpawnDev.ILGPU\ILGPU\Runtime\Cuda\CudaAccelerator.cs:line 451
   at ILGPU.Runtime.Accelerator.AllocateRaw(Int64 length, Int32 elementSize) in d:\users\tj\Projects\SpawnDev.ILGPU\SpawnDev.ILGPU\ILGPU\Runtime\Accelerator.cs:line 296
   at ILGPU.Runtime.Accelerator.AllocateRaw[T,TExtent,TStrideIndex,TStride](TExtent extent, TStride stride) in d:\users\tj\Projects\SpawnDev.ILGPU\SpawnDev.ILGPU\ILGPU\Runtime\Accelerator.cs:line 335
   at ILGPU.Runtime.Accelerator.Allocate1D[T,TStride](Int64 length, TStride stride) in d:\users\tj\Projects\SpawnDev.ILGPU\SpawnDev.ILGPU\ILGPU\Runtime\Accelerator.Allocations.cs:line 47
   at ILGPU.Runtime.Accelerator.Allocate1D[T](Int64 length) in d:\users\tj\Projects\SpawnDev.ILGPU\SpawnDev.ILGPU\ILGPU\Runtime\Accelerator.Allocations.cs:line 29
   at SpawnDev.ILGPU.Demo.Shared.UnitTests.BackendTestBase.<>c.<<MillionElementsTest>b__209_0>d.MoveNext() in d:\users\tj\Projects\SpawnDev.ILGPU\SpawnDev.ILGPU\SpawnDev.ILGPU.Demo.Shared\UnitTests\BackendTestBase.Tests3.cs:line 487
--- End of stack trace from previous location ---
   at SpawnDev.ILGPU.Demo.Shared.UnitTests.BackendTestBase.RunTest(Func`2 testBody) in d:\users\tj\Projects\SpawnDev.ILGPU\SpawnDev.ILGPU\SpawnDev.ILGPU.Demo.Shared\UnitTests\BackendTestBase.cs:line 60
   at SpawnDev.ILGPU.Demo.Shared.UnitTests.BackendTestBase.MillionElementsTest() in d:\users\tj\Projects\SpawnDev.ILGPU\SpawnDev.ILGPU\SpawnDev.ILGPU.Demo.Shared\UnitTests\BackendTestBase.Tests3.cs:line 484
   at SpawnDev.UnitTesting.UnitTestRunner.RunTest(UnitTest test) in d:\users\tj\Projects\SpawnDev.UnitTesting\SpawnDev.UnitTesting\SpawnDev.UnitTesting\UnitTestRunner.cs:line 183
  [Γ£ù] CudaTests.StencilOperationTest (1ms) - ILGPU.Runtime.Cuda.CudaException: an illegal memory access was encountered at CurrentAPI.AllocateMemory(
                        out IntPtr resultPtr,
                        new IntPtr(LengthInBytes))
   at ILGPU.Runtime.Cuda.CudaMemoryBuffer..ctor(CudaAccelerator accelerator, Int64 length, Int32 elementSize) in d:\users\tj\Projects\SpawnDev.ILGPU\SpawnDev.ILGPU\ILGPU\Runtime\Cuda\CudaMemoryBuffer.cs:line 118
   at ILGPU.Runtime.Cuda.CudaAccelerator.AllocateRawInternal(Int64 length, Int32 elementSize) in d:\users\tj\Projects\SpawnDev.ILGPU\SpawnDev.ILGPU\ILGPU\Runtime\Cuda\CudaAccelerator.cs:line 451
   at ILGPU.Runtime.Accelerator.AllocateRaw(Int64 length, Int32 elementSize) in d:\users\tj\Projects\SpawnDev.ILGPU\SpawnDev.ILGPU\ILGPU\Runtime\Accelerator.cs:line 296
   at ILGPU.Runtime.Accelerator.AllocateRaw[T,TExtent,TStrideIndex,TStride](TExtent extent, TStride stride) in d:\users\tj\Projects\SpawnDev.ILGPU\SpawnDev.ILGPU\ILGPU\Runtime\Accelerator.cs:line 335
   at ILGPU.Runtime.Accelerator.Allocate1D[T,TStride](Int64 length, TStride stride) in d:\users\tj\Projects\SpawnDev.ILGPU\SpawnDev.ILGPU\ILGPU\Runtime\Accelerator.Allocations.cs:line 47
   at ILGPU.Runtime.Accelerator.Allocate1D[T](Int64 length) in d:\users\tj\Projects\SpawnDev.ILGPU\SpawnDev.ILGPU\ILGPU\Runtime\Accelerator.Allocations.cs:line 29
   at ILGPU.Runtime.ArrayViewExtensions.Allocate1D[T](Accelerator accelerator, AcceleratorStream stream, T[] data) in d:\users\tj\Projects\SpawnDev.ILGPU\SpawnDev.ILGPU\ILGPU\Runtime\ArrayViewExtensions.cs:line 1830
   at ILGPU.Runtime.ArrayViewExtensions.Allocate1D[T](Accelerator accelerator, T[] data) in d:\users\tj\Projects\SpawnDev.ILGPU\SpawnDev.ILGPU\ILGPU\Runtime\ArrayViewExtensions.cs:line 1801
   at SpawnDev.ILGPU.Demo.Shared.UnitTests.BackendTestBase.<>c.<<StencilOperationTest>b__210_0>d.MoveNext() in d:\users\tj\Projects\SpawnDev.ILGPU\SpawnDev.ILGPU\SpawnDev.ILGPU.Demo.Shared\UnitTests\BackendTestBase.Tests3.cs:line 500
--- End of stack trace from previous location ---
   at SpawnDev.ILGPU.Demo.Shared.UnitTests.BackendTestBase.RunTest(Func`2 testBody) in d:\users\tj\Projects\SpawnDev.ILGPU\SpawnDev.ILGPU\SpawnDev.ILGPU.Demo.Shared\UnitTests\BackendTestBase.cs:line 60
   at SpawnDev.ILGPU.Demo.Shared.UnitTests.BackendTestBase.StencilOperationTest() in d:\users\tj\Projects\SpawnDev.ILGPU\SpawnDev.ILGPU\SpawnDev.ILGPU.Demo.Shared\UnitTests\BackendTestBase.Tests3.cs:line 497
   at SpawnDev.UnitTesting.UnitTestRunner.RunTest(UnitTest test) in d:\users\tj\Projects\SpawnDev.UnitTesting\SpawnDev.UnitTesting\SpawnDev.UnitTesting\UnitTestRunner.cs:line 183
  [Γ£ù] CudaTests.StencilOperationTest (1ms) - ILGPU.Runtime.Cuda.CudaException: an illegal memory access was encountered at CurrentAPI.AllocateMemory(
                        out IntPtr resultPtr,
                        new IntPtr(LengthInBytes))
   at ILGPU.Runtime.Cuda.CudaMemoryBuffer..ctor(CudaAccelerator accelerator, Int64 length, Int32 elementSize) in d:\users\tj\Projects\SpawnDev.ILGPU\SpawnDev.ILGPU\ILGPU\Runtime\Cuda\CudaMemoryBuffer.cs:line 118
   at ILGPU.Runtime.Cuda.CudaAccelerator.AllocateRawInternal(Int64 length, Int32 elementSize) in d:\users\tj\Projects\SpawnDev.ILGPU\SpawnDev.ILGPU\ILGPU\Runtime\Cuda\CudaAccelerator.cs:line 451
   at ILGPU.Runtime.Accelerator.AllocateRaw(Int64 length, Int32 elementSize) in d:\users\tj\Projects\SpawnDev.ILGPU\SpawnDev.ILGPU\ILGPU\Runtime\Accelerator.cs:line 296
   at ILGPU.Runtime.Accelerator.AllocateRaw[T,TExtent,TStrideIndex,TStride](TExtent extent, TStride stride) in d:\users\tj\Projects\SpawnDev.ILGPU\SpawnDev.ILGPU\ILGPU\Runtime\Accelerator.cs:line 335
   at ILGPU.Runtime.Accelerator.Allocate1D[T,TStride](Int64 length, TStride stride) in d:\users\tj\Projects\SpawnDev.ILGPU\SpawnDev.ILGPU\ILGPU\Runtime\Accelerator.Allocations.cs:line 47
   at ILGPU.Runtime.Accelerator.Allocate1D[T](Int64 length) in d:\users\tj\Projects\SpawnDev.ILGPU\SpawnDev.ILGPU\ILGPU\Runtime\Accelerator.Allocations.cs:line 29
   at ILGPU.Runtime.ArrayViewExtensions.Allocate1D[T](Accelerator accelerator, AcceleratorStream stream, T[] data) in d:\users\tj\Projects\SpawnDev.ILGPU\SpawnDev.ILGPU\ILGPU\Runtime\ArrayViewExtensions.cs:line 1830
   at ILGPU.Runtime.ArrayViewExtensions.Allocate1D[T](Accelerator accelerator, T[] data) in d:\users\tj\Projects\SpawnDev.ILGPU\SpawnDev.ILGPU\ILGPU\Runtime\ArrayViewExtensions.cs:line 1801
   at SpawnDev.ILGPU.Demo.Shared.UnitTests.BackendTestBase.<>c.<<StencilOperationTest>b__210_0>d.MoveNext() in d:\users\tj\Projects\SpawnDev.ILGPU\SpawnDev.ILGPU\SpawnDev.ILGPU.Demo.Shared\UnitTests\BackendTestBase.Tests3.cs:line 500
--- End of stack trace from previous location ---
   at SpawnDev.ILGPU.Demo.Shared.UnitTests.BackendTestBase.RunTest(Func`2 testBody) in d:\users\tj\Projects\SpawnDev.ILGPU\SpawnDev.ILGPU\SpawnDev.ILGPU.Demo.Shared\UnitTests\BackendTestBase.cs:line 60
   at SpawnDev.ILGPU.Demo.Shared.UnitTests.BackendTestBase.StencilOperationTest() in d:\users\tj\Projects\SpawnDev.ILGPU\SpawnDev.ILGPU\SpawnDev.ILGPU.Demo.Shared\UnitTests\BackendTestBase.Tests3.cs:line 497
   at SpawnDev.UnitTesting.UnitTestRunner.RunTest(UnitTest test) in d:\users\tj\Projects\SpawnDev.UnitTesting\SpawnDev.UnitTesting\SpawnDev.UnitTesting\UnitTestRunner.cs:line 183
  [Γ£ù] CudaTests.ParallelSumTest (1ms) - ILGPU.Runtime.Cuda.CudaException: an illegal memory access was encountered at CurrentAPI.AllocateMemory(
                        out IntPtr resultPtr,
                        new IntPtr(LengthInBytes))
   at ILGPU.Runtime.Cuda.CudaMemoryBuffer..ctor(CudaAccelerator accelerator, Int64 length, Int32 elementSize) in d:\users\tj\Projects\SpawnDev.ILGPU\SpawnDev.ILGPU\ILGPU\Runtime\Cuda\CudaMemoryBuffer.cs:line 118
   at ILGPU.Runtime.Cuda.CudaAccelerator.AllocateRawInternal(Int64 length, Int32 elementSize) in d:\users\tj\Projects\SpawnDev.ILGPU\SpawnDev.ILGPU\ILGPU\Runtime\Cuda\CudaAccelerator.cs:line 451
   at ILGPU.Runtime.Accelerator.AllocateRaw(Int64 length, Int32 elementSize) in d:\users\tj\Projects\SpawnDev.ILGPU\SpawnDev.ILGPU\ILGPU\Runtime\Accelerator.cs:line 296
   at ILGPU.Runtime.Accelerator.AllocateRaw[T,TExtent,TStrideIndex,TStride](TExtent extent, TStride stride) in d:\users\tj\Projects\SpawnDev.ILGPU\SpawnDev.ILGPU\ILGPU\Runtime\Accelerator.cs:line 335
   at ILGPU.Runtime.Accelerator.Allocate1D[T,TStride](Int64 length, TStride stride) in d:\users\tj\Projects\SpawnDev.ILGPU\SpawnDev.ILGPU\ILGPU\Runtime\Accelerator.Allocations.cs:line 47
   at ILGPU.Runtime.Accelerator.Allocate1D[T](Int64 length) in d:\users\tj\Projects\SpawnDev.ILGPU\SpawnDev.ILGPU\ILGPU\Runtime\Accelerator.Allocations.cs:line 29
   at ILGPU.Runtime.ArrayViewExtensions.Allocate1D[T](Accelerator accelerator, AcceleratorStream stream, T[] data) in d:\users\tj\Projects\SpawnDev.ILGPU\SpawnDev.ILGPU\ILGPU\Runtime\ArrayViewExtensions.cs:line 1830
   at ILGPU.Runtime.ArrayViewExtensions.Allocate1D[T](Accelerator accelerator, T[] data) in d:\users\tj\Projects\SpawnDev.ILGPU\SpawnDev.ILGPU\ILGPU\Runtime\ArrayViewExtensions.cs:line 1801
   at SpawnDev.ILGPU.Demo.Shared.UnitTests.BackendTestBase.<>c.<<ParallelSumTest>b__211_0>d.MoveNext() in d:\users\tj\Projects\SpawnDev.ILGPU\SpawnDev.ILGPU\SpawnDev.ILGPU.Demo.Shared\UnitTests\BackendTestBase.Tests3.cs:line 513
--- End of stack trace from previous location ---
   at SpawnDev.ILGPU.Demo.Shared.UnitTests.BackendTestBase.RunTest(Func`2 testBody) in d:\users\tj\Projects\SpawnDev.ILGPU\SpawnDev.ILGPU\SpawnDev.ILGPU.Demo.Shared\UnitTests\BackendTestBase.cs:line 60
   at SpawnDev.ILGPU.Demo.Shared.UnitTests.BackendTestBase.ParallelSumTest() in d:\users\tj\Projects\SpawnDev.ILGPU\SpawnDev.ILGPU\SpawnDev.ILGPU.Demo.Shared\UnitTests\BackendTestBase.Tests3.cs:line 509
   at SpawnDev.UnitTesting.UnitTestRunner.RunTest(UnitTest test) in d:\users\tj\Projects\SpawnDev.UnitTesting\SpawnDev.UnitTesting\SpawnDev.UnitTesting\UnitTestRunner.cs:line 183
  [Γ£ù] CudaTests.ParallelSumTest (1ms) - ILGPU.Runtime.Cuda.CudaException: an illegal memory access was encountered at CurrentAPI.AllocateMemory(
                        out IntPtr resultPtr,
                        new IntPtr(LengthInBytes))
   at ILGPU.Runtime.Cuda.CudaMemoryBuffer..ctor(CudaAccelerator accelerator, Int64 length, Int32 elementSize) in d:\users\tj\Projects\SpawnDev.ILGPU\SpawnDev.ILGPU\ILGPU\Runtime\Cuda\CudaMemoryBuffer.cs:line 118
   at ILGPU.Runtime.Cuda.CudaAccelerator.AllocateRawInternal(Int64 length, Int32 elementSize) in d:\users\tj\Projects\SpawnDev.ILGPU\SpawnDev.ILGPU\ILGPU\Runtime\Cuda\CudaAccelerator.cs:line 451
   at ILGPU.Runtime.Accelerator.AllocateRaw(Int64 length, Int32 elementSize) in d:\users\tj\Projects\SpawnDev.ILGPU\SpawnDev.ILGPU\ILGPU\Runtime\Accelerator.cs:line 296
   at ILGPU.Runtime.Accelerator.AllocateRaw[T,TExtent,TStrideIndex,TStride](TExtent extent, TStride stride) in d:\users\tj\Projects\SpawnDev.ILGPU\SpawnDev.ILGPU\ILGPU\Runtime\Accelerator.cs:line 335
   at ILGPU.Runtime.Accelerator.Allocate1D[T,TStride](Int64 length, TStride stride) in d:\users\tj\Projects\SpawnDev.ILGPU\SpawnDev.ILGPU\ILGPU\Runtime\Accelerator.Allocations.cs:line 47
   at ILGPU.Runtime.Accelerator.Allocate1D[T](Int64 length) in d:\users\tj\Projects\SpawnDev.ILGPU\SpawnDev.ILGPU\ILGPU\Runtime\Accelerator.Allocations.cs:line 29
   at ILGPU.Runtime.ArrayViewExtensions.Allocate1D[T](Accelerator accelerator, AcceleratorStream stream, T[] data) in d:\users\tj\Projects\SpawnDev.ILGPU\SpawnDev.ILGPU\ILGPU\Runtime\ArrayViewExtensions.cs:line 1830
   at ILGPU.Runtime.ArrayViewExtensions.Allocate1D[T](Accelerator accelerator, T[] data) in d:\users\tj\Projects\SpawnDev.ILGPU\SpawnDev.ILGPU\ILGPU\Runtime\ArrayViewExtensions.cs:line 1801
   at SpawnDev.ILGPU.Demo.Shared.UnitTests.BackendTestBase.<>c.<<ParallelSumTest>b__211_0>d.MoveNext() in d:\users\tj\Projects\SpawnDev.ILGPU\SpawnDev.ILGPU\SpawnDev.ILGPU.Demo.Shared\UnitTests\BackendTestBase.Tests3.cs:line 513
--- End of stack trace from previous location ---
   at SpawnDev.ILGPU.Demo.Shared.UnitTests.BackendTestBase.RunTest(Func`2 testBody) in d:\users\tj\Projects\SpawnDev.ILGPU\SpawnDev.ILGPU\SpawnDev.ILGPU.Demo.Shared\UnitTests\BackendTestBase.cs:line 60
   at SpawnDev.ILGPU.Demo.Shared.UnitTests.BackendTestBase.ParallelSumTest() in d:\users\tj\Projects\SpawnDev.ILGPU\SpawnDev.ILGPU\SpawnDev.ILGPU.Demo.Shared\UnitTests\BackendTestBase.Tests3.cs:line 509
   at SpawnDev.UnitTesting.UnitTestRunner.RunTest(UnitTest test) in d:\users\tj\Projects\SpawnDev.UnitTesting\SpawnDev.UnitTesting\SpawnDev.UnitTesting\UnitTestRunner.cs:line 183
  [Γ£ù] CudaTests.TypeConversionTest (2ms) - ILGPU.Runtime.Cuda.CudaException: an illegal memory access was encountered at CurrentAPI.AllocateMemory(
                        out IntPtr resultPtr,
                        new IntPtr(LengthInBytes))
   at ILGPU.Runtime.Cuda.CudaMemoryBuffer..ctor(CudaAccelerator accelerator, Int64 length, Int32 elementSize) in d:\users\tj\Projects\SpawnDev.ILGPU\SpawnDev.ILGPU\ILGPU\Runtime\Cuda\CudaMemoryBuffer.cs:line 118
   at ILGPU.Runtime.Cuda.CudaAccelerator.AllocateRawInternal(Int64 length, Int32 elementSize) in d:\users\tj\Projects\SpawnDev.ILGPU\SpawnDev.ILGPU\ILGPU\Runtime\Cuda\CudaAccelerator.cs:line 451
   at ILGPU.Runtime.Accelerator.AllocateRaw(Int64 length, Int32 elementSize) in d:\users\tj\Projects\SpawnDev.ILGPU\SpawnDev.ILGPU\ILGPU\Runtime\Accelerator.cs:line 296
   at ILGPU.Runtime.Accelerator.AllocateRaw[T,TExtent,TStrideIndex,TStride](TExtent extent, TStride stride) in d:\users\tj\Projects\SpawnDev.ILGPU\SpawnDev.ILGPU\ILGPU\Runtime\Accelerator.cs:line 335
   at ILGPU.Runtime.Accelerator.Allocate1D[T,TStride](Int64 length, TStride stride) in d:\users\tj\Projects\SpawnDev.ILGPU\SpawnDev.ILGPU\ILGPU\Runtime\Accelerator.Allocations.cs:line 47
   at ILGPU.Runtime.Accelerator.Allocate1D[T](Int64 length) in d:\users\tj\Projects\SpawnDev.ILGPU\SpawnDev.ILGPU\ILGPU\Runtime\Accelerator.Allocations.cs:line 29
   at ILGPU.Runtime.ArrayViewExtensions.Allocate1D[T](Accelerator accelerator, AcceleratorStream stream, T[] data) in d:\users\tj\Projects\SpawnDev.ILGPU\SpawnDev.ILGPU\ILGPU\Runtime\ArrayViewExtensions.cs:line 1830
   at ILGPU.Runtime.ArrayViewExtensions.Allocate1D[T](Accelerator accelerator, T[] data) in d:\users\tj\Projects\SpawnDev.ILGPU\SpawnDev.ILGPU\ILGPU\Runtime\ArrayViewExtensions.cs:line 1801
   at SpawnDev.ILGPU.Demo.Shared.UnitTests.BackendTestBase.<>c.<<TypeConversionTest>b__212_0>d.MoveNext() in d:\users\tj\Projects\SpawnDev.ILGPU\SpawnDev.ILGPU\SpawnDev.ILGPU.Demo.Shared\UnitTests\BackendTestBase.Tests3.cs:line 526
--- End of stack trace from previous location ---
   at SpawnDev.ILGPU.Demo.Shared.UnitTests.BackendTestBase.RunTest(Func`2 testBody) in d:\users\tj\Projects\SpawnDev.ILGPU\SpawnDev.ILGPU\SpawnDev.ILGPU.Demo.Shared\UnitTests\BackendTestBase.cs:line 60
   at SpawnDev.ILGPU.Demo.Shared.UnitTests.BackendTestBase.TypeConversionTest() in d:\users\tj\Projects\SpawnDev.ILGPU\SpawnDev.ILGPU\SpawnDev.ILGPU.Demo.Shared\UnitTests\BackendTestBase.Tests3.cs:line 522
   at SpawnDev.UnitTesting.UnitTestRunner.RunTest(UnitTest test) in d:\users\tj\Projects\SpawnDev.UnitTesting\SpawnDev.UnitTesting\SpawnDev.UnitTesting\UnitTestRunner.cs:line 183
  [Γ£ù] CudaTests.TypeConversionTest (2ms) - ILGPU.Runtime.Cuda.CudaException: an illegal memory access was encountered at CurrentAPI.AllocateMemory(
                        out IntPtr resultPtr,
                        new IntPtr(LengthInBytes))
   at ILGPU.Runtime.Cuda.CudaMemoryBuffer..ctor(CudaAccelerator accelerator, Int64 length, Int32 elementSize) in d:\users\tj\Projects\SpawnDev.ILGPU\SpawnDev.ILGPU\ILGPU\Runtime\Cuda\CudaMemoryBuffer.cs:line 118
   at ILGPU.Runtime.Cuda.CudaAccelerator.AllocateRawInternal(Int64 length, Int32 elementSize) in d:\users\tj\Projects\SpawnDev.ILGPU\SpawnDev.ILGPU\ILGPU\Runtime\Cuda\CudaAccelerator.cs:line 451
   at ILGPU.Runtime.Accelerator.AllocateRaw(Int64 length, Int32 elementSize) in d:\users\tj\Projects\SpawnDev.ILGPU\SpawnDev.ILGPU\ILGPU\Runtime\Accelerator.cs:line 296
   at ILGPU.Runtime.Accelerator.AllocateRaw[T,TExtent,TStrideIndex,TStride](TExtent extent, TStride stride) in d:\users\tj\Projects\SpawnDev.ILGPU\SpawnDev.ILGPU\ILGPU\Runtime\Accelerator.cs:line 335
   at ILGPU.Runtime.Accelerator.Allocate1D[T,TStride](Int64 length, TStride stride) in d:\users\tj\Projects\SpawnDev.ILGPU\SpawnDev.ILGPU\ILGPU\Runtime\Accelerator.Allocations.cs:line 47
   at ILGPU.Runtime.Accelerator.Allocate1D[T](Int64 length) in d:\users\tj\Projects\SpawnDev.ILGPU\SpawnDev.ILGPU\ILGPU\Runtime\Accelerator.Allocations.cs:line 29
   at ILGPU.Runtime.ArrayViewExtensions.Allocate1D[T](Accelerator accelerator, AcceleratorStream stream, T[] data) in d:\users\tj\Projects\SpawnDev.ILGPU\SpawnDev.ILGPU\ILGPU\Runtime\ArrayViewExtensions.cs:line 1830
   at ILGPU.Runtime.ArrayViewExtensions.Allocate1D[T](Accelerator accelerator, T[] data) in d:\users\tj\Projects\SpawnDev.ILGPU\SpawnDev.ILGPU\ILGPU\Runtime\ArrayViewExtensions.cs:line 1801
   at SpawnDev.ILGPU.Demo.Shared.UnitTests.BackendTestBase.<>c.<<TypeConversionTest>b__212_0>d.MoveNext() in d:\users\tj\Projects\SpawnDev.ILGPU\SpawnDev.ILGPU\SpawnDev.ILGPU.Demo.Shared\UnitTests\BackendTestBase.Tests3.cs:line 526
--- End of stack trace from previous location ---
   at SpawnDev.ILGPU.Demo.Shared.UnitTests.BackendTestBase.RunTest(Func`2 testBody) in d:\users\tj\Projects\SpawnDev.ILGPU\SpawnDev.ILGPU\SpawnDev.ILGPU.Demo.Shared\UnitTests\BackendTestBase.cs:line 60
   at SpawnDev.ILGPU.Demo.Shared.UnitTests.BackendTestBase.TypeConversionTest() in d:\users\tj\Projects\SpawnDev.ILGPU\SpawnDev.ILGPU\SpawnDev.ILGPU.Demo.Shared\UnitTests\BackendTestBase.Tests3.cs:line 522
   at SpawnDev.UnitTesting.UnitTestRunner.RunTest(UnitTest test) in d:\users\tj\Projects\SpawnDev.UnitTesting\SpawnDev.UnitTesting\SpawnDev.UnitTesting\UnitTestRunner.cs:line 183
  [Γ£ù] CudaTests.ShiftOperationsTest (2ms) - ILGPU.Runtime.Cuda.CudaException: an illegal memory access was encountered at CurrentAPI.AllocateMemory(
                        out IntPtr resultPtr,
                        new IntPtr(LengthInBytes))
   at ILGPU.Runtime.Cuda.CudaMemoryBuffer..ctor(CudaAccelerator accelerator, Int64 length, Int32 elementSize) in d:\users\tj\Projects\SpawnDev.ILGPU\SpawnDev.ILGPU\ILGPU\Runtime\Cuda\CudaMemoryBuffer.cs:line 118
   at ILGPU.Runtime.Cuda.CudaAccelerator.AllocateRawInternal(Int64 length, Int32 elementSize) in d:\users\tj\Projects\SpawnDev.ILGPU\SpawnDev.ILGPU\ILGPU\Runtime\Cuda\CudaAccelerator.cs:line 451
   at ILGPU.Runtime.Accelerator.AllocateRaw(Int64 length, Int32 elementSize) in d:\users\tj\Projects\SpawnDev.ILGPU\SpawnDev.ILGPU\ILGPU\Runtime\Accelerator.cs:line 296
   at ILGPU.Runtime.Accelerator.AllocateRaw[T,TExtent,TStrideIndex,TStride](TExtent extent, TStride stride) in d:\users\tj\Projects\SpawnDev.ILGPU\SpawnDev.ILGPU\ILGPU\Runtime\Accelerator.cs:line 335
   at ILGPU.Runtime.Accelerator.Allocate1D[T,TStride](Int64 length, TStride stride) in d:\users\tj\Projects\SpawnDev.ILGPU\SpawnDev.ILGPU\ILGPU\Runtime\Accelerator.Allocations.cs:line 47
   at ILGPU.Runtime.Accelerator.Allocate1D[T](Int64 length) in d:\users\tj\Projects\SpawnDev.ILGPU\SpawnDev.ILGPU\ILGPU\Runtime\Accelerator.Allocations.cs:line 29
   at ILGPU.Runtime.ArrayViewExtensions.Allocate1D[T](Accelerator accelerator, AcceleratorStream stream, T[] data) in d:\users\tj\Projects\SpawnDev.ILGPU\SpawnDev.ILGPU\ILGPU\Runtime\ArrayViewExtensions.cs:line 1830
   at ILGPU.Runtime.ArrayViewExtensions.Allocate1D[T](Accelerator accelerator, T[] data) in d:\users\tj\Projects\SpawnDev.ILGPU\SpawnDev.ILGPU\ILGPU\Runtime\ArrayViewExtensions.cs:line 1801
   at SpawnDev.ILGPU.Demo.Shared.UnitTests.BackendTestBase.<>c.<<ShiftOperationsTest>b__213_0>d.MoveNext() in d:\users\tj\Projects\SpawnDev.ILGPU\SpawnDev.ILGPU\SpawnDev.ILGPU.Demo.Shared\UnitTests\BackendTestBase.Tests3.cs:line 540
--- End of stack trace from previous location ---
   at SpawnDev.ILGPU.Demo.Shared.UnitTests.BackendTestBase.RunTest(Func`2 testBody) in d:\users\tj\Projects\SpawnDev.ILGPU\SpawnDev.ILGPU\SpawnDev.ILGPU.Demo.Shared\UnitTests\BackendTestBase.cs:line 60
   at SpawnDev.ILGPU.Demo.Shared.UnitTests.BackendTestBase.ShiftOperationsTest() in d:\users\tj\Projects\SpawnDev.ILGPU\SpawnDev.ILGPU\SpawnDev.ILGPU.Demo.Shared\UnitTests\BackendTestBase.Tests3.cs:line 536
   at SpawnDev.UnitTesting.UnitTestRunner.RunTest(UnitTest test) in d:\users\tj\Projects\SpawnDev.UnitTesting\SpawnDev.UnitTesting\SpawnDev.UnitTesting\UnitTestRunner.cs:line 183
  [Γ£ù] CudaTests.ShiftOperationsTest (2ms) - ILGPU.Runtime.Cuda.CudaException: an illegal memory access was encountered at CurrentAPI.AllocateMemory(
                        out IntPtr resultPtr,
                        new IntPtr(LengthInBytes))
   at ILGPU.Runtime.Cuda.CudaMemoryBuffer..ctor(CudaAccelerator accelerator, Int64 length, Int32 elementSize) in d:\users\tj\Projects\SpawnDev.ILGPU\SpawnDev.ILGPU\ILGPU\Runtime\Cuda\CudaMemoryBuffer.cs:line 118
   at ILGPU.Runtime.Cuda.CudaAccelerator.AllocateRawInternal(Int64 length, Int32 elementSize) in d:\users\tj\Projects\SpawnDev.ILGPU\SpawnDev.ILGPU\ILGPU\Runtime\Cuda\CudaAccelerator.cs:line 451
   at ILGPU.Runtime.Accelerator.AllocateRaw(Int64 length, Int32 elementSize) in d:\users\tj\Projects\SpawnDev.ILGPU\SpawnDev.ILGPU\ILGPU\Runtime\Accelerator.cs:line 296
   at ILGPU.Runtime.Accelerator.AllocateRaw[T,TExtent,TStrideIndex,TStride](TExtent extent, TStride stride) in d:\users\tj\Projects\SpawnDev.ILGPU\SpawnDev.ILGPU\ILGPU\Runtime\Accelerator.cs:line 335
   at ILGPU.Runtime.Accelerator.Allocate1D[T,TStride](Int64 length, TStride stride) in d:\users\tj\Projects\SpawnDev.ILGPU\SpawnDev.ILGPU\ILGPU\Runtime\Accelerator.Allocations.cs:line 47
   at ILGPU.Runtime.Accelerator.Allocate1D[T](Int64 length) in d:\users\tj\Projects\SpawnDev.ILGPU\SpawnDev.ILGPU\ILGPU\Runtime\Accelerator.Allocations.cs:line 29
   at ILGPU.Runtime.ArrayViewExtensions.Allocate1D[T](Accelerator accelerator, AcceleratorStream stream, T[] data) in d:\users\tj\Projects\SpawnDev.ILGPU\SpawnDev.ILGPU\ILGPU\Runtime\ArrayViewExtensions.cs:line 1830
   at ILGPU.Runtime.ArrayViewExtensions.Allocate1D[T](Accelerator accelerator, T[] data) in d:\users\tj\Projects\SpawnDev.ILGPU\SpawnDev.ILGPU\ILGPU\Runtime\ArrayViewExtensions.cs:line 1801
   at SpawnDev.ILGPU.Demo.Shared.UnitTests.BackendTestBase.<>c.<<ShiftOperationsTest>b__213_0>d.MoveNext() in d:\users\tj\Projects\SpawnDev.ILGPU\SpawnDev.ILGPU\SpawnDev.ILGPU.Demo.Shared\UnitTests\BackendTestBase.Tests3.cs:line 540
--- End of stack trace from previous location ---
   at SpawnDev.ILGPU.Demo.Shared.UnitTests.BackendTestBase.RunTest(Func`2 testBody) in d:\users\tj\Projects\SpawnDev.ILGPU\SpawnDev.ILGPU\SpawnDev.ILGPU.Demo.Shared\UnitTests\BackendTestBase.cs:line 60
   at SpawnDev.ILGPU.Demo.Shared.UnitTests.BackendTestBase.ShiftOperationsTest() in d:\users\tj\Projects\SpawnDev.ILGPU\SpawnDev.ILGPU\SpawnDev.ILGPU.Demo.Shared\UnitTests\BackendTestBase.Tests3.cs:line 536
   at SpawnDev.UnitTesting.UnitTestRunner.RunTest(UnitTest test) in d:\users\tj\Projects\SpawnDev.UnitTesting\SpawnDev.UnitTesting\SpawnDev.UnitTesting\UnitTestRunner.cs:line 183
  [Γ£ù] CudaTests.NestedStructTest (2ms) - ILGPU.Runtime.Cuda.CudaException: an illegal memory access was encountered at CurrentAPI.AllocateMemory(
                        out IntPtr resultPtr,
                        new IntPtr(LengthInBytes))
   at ILGPU.Runtime.Cuda.CudaMemoryBuffer..ctor(CudaAccelerator accelerator, Int64 length, Int32 elementSize) in d:\users\tj\Projects\SpawnDev.ILGPU\SpawnDev.ILGPU\ILGPU\Runtime\Cuda\CudaMemoryBuffer.cs:line 118
   at ILGPU.Runtime.Cuda.CudaAccelerator.AllocateRawInternal(Int64 length, Int32 elementSize) in d:\users\tj\Projects\SpawnDev.ILGPU\SpawnDev.ILGPU\ILGPU\Runtime\Cuda\CudaAccelerator.cs:line 451
   at ILGPU.Runtime.Accelerator.AllocateRaw(Int64 length, Int32 elementSize) in d:\users\tj\Projects\SpawnDev.ILGPU\SpawnDev.ILGPU\ILGPU\Runtime\Accelerator.cs:line 296
   at ILGPU.Runtime.Accelerator.AllocateRaw[T,TExtent,TStrideIndex,TStride](TExtent extent, TStride stride) in d:\users\tj\Projects\SpawnDev.ILGPU\SpawnDev.ILGPU\ILGPU\Runtime\Accelerator.cs:line 335
   at ILGPU.Runtime.Accelerator.Allocate1D[T,TStride](Int64 length, TStride stride) in d:\users\tj\Projects\SpawnDev.ILGPU\SpawnDev.ILGPU\ILGPU\Runtime\Accelerator.Allocations.cs:line 47
   at ILGPU.Runtime.Accelerator.Allocate1D[T](Int64 length) in d:\users\tj\Projects\SpawnDev.ILGPU\SpawnDev.ILGPU\ILGPU\Runtime\Accelerator.Allocations.cs:line 29
   at ILGPU.Runtime.ArrayViewExtensions.Allocate1D[T](Accelerator accelerator, AcceleratorStream stream, T[] data) in d:\users\tj\Projects\SpawnDev.ILGPU\SpawnDev.ILGPU\ILGPU\Runtime\ArrayViewExtensions.cs:line 1830
   at ILGPU.Runtime.ArrayViewExtensions.Allocate1D[T](Accelerator accelerator, T[] data) in d:\users\tj\Projects\SpawnDev.ILGPU\SpawnDev.ILGPU\ILGPU\Runtime\ArrayViewExtensions.cs:line 1801
   at SpawnDev.ILGPU.Demo.Shared.UnitTests.BackendTestBase.<>c.<<NestedStructTest>b__214_0>d.MoveNext() in d:\users\tj\Projects\SpawnDev.ILGPU\SpawnDev.ILGPU\SpawnDev.ILGPU.Demo.Shared\UnitTests\BackendTestBase.Tests3.cs:line 555
--- End of stack trace from previous location ---
   at SpawnDev.ILGPU.Demo.Shared.UnitTests.BackendTestBase.RunTest(Func`2 testBody) in d:\users\tj\Projects\SpawnDev.ILGPU\SpawnDev.ILGPU\SpawnDev.ILGPU.Demo.Shared\UnitTests\BackendTestBase.cs:line 60
   at SpawnDev.ILGPU.Demo.Shared.UnitTests.BackendTestBase.NestedStructTest() in d:\users\tj\Projects\SpawnDev.ILGPU\SpawnDev.ILGPU\SpawnDev.ILGPU.Demo.Shared\UnitTests\BackendTestBase.Tests3.cs:line 551
   at SpawnDev.UnitTesting.UnitTestRunner.RunTest(UnitTest test) in d:\users\tj\Projects\SpawnDev.UnitTesting\SpawnDev.UnitTesting\SpawnDev.UnitTesting\UnitTestRunner.cs:line 183
  [Γ£ù] CudaTests.NestedStructTest (2ms) - ILGPU.Runtime.Cuda.CudaException: an illegal memory access was encountered at CurrentAPI.AllocateMemory(
                        out IntPtr resultPtr,
                        new IntPtr(LengthInBytes))
   at ILGPU.Runtime.Cuda.CudaMemoryBuffer..ctor(CudaAccelerator accelerator, Int64 length, Int32 elementSize) in d:\users\tj\Projects\SpawnDev.ILGPU\SpawnDev.ILGPU\ILGPU\Runtime\Cuda\CudaMemoryBuffer.cs:line 118
   at ILGPU.Runtime.Cuda.CudaAccelerator.AllocateRawInternal(Int64 length, Int32 elementSize) in d:\users\tj\Projects\SpawnDev.ILGPU\SpawnDev.ILGPU\ILGPU\Runtime\Cuda\CudaAccelerator.cs:line 451
   at ILGPU.Runtime.Accelerator.AllocateRaw(Int64 length, Int32 elementSize) in d:\users\tj\Projects\SpawnDev.ILGPU\SpawnDev.ILGPU\ILGPU\Runtime\Accelerator.cs:line 296
   at ILGPU.Runtime.Accelerator.AllocateRaw[T,TExtent,TStrideIndex,TStride](TExtent extent, TStride stride) in d:\users\tj\Projects\SpawnDev.ILGPU\SpawnDev.ILGPU\ILGPU\Runtime\Accelerator.cs:line 335
   at ILGPU.Runtime.Accelerator.Allocate1D[T,TStride](Int64 length, TStride stride) in d:\users\tj\Projects\SpawnDev.ILGPU\SpawnDev.ILGPU\ILGPU\Runtime\Accelerator.Allocations.cs:line 47
   at ILGPU.Runtime.Accelerator.Allocate1D[T](Int64 length) in d:\users\tj\Projects\SpawnDev.ILGPU\SpawnDev.ILGPU\ILGPU\Runtime\Accelerator.Allocations.cs:line 29
   at ILGPU.Runtime.ArrayViewExtensions.Allocate1D[T](Accelerator accelerator, AcceleratorStream stream, T[] data) in d:\users\tj\Projects\SpawnDev.ILGPU\SpawnDev.ILGPU\ILGPU\Runtime\ArrayViewExtensions.cs:line 1830
   at ILGPU.Runtime.ArrayViewExtensions.Allocate1D[T](Accelerator accelerator, T[] data) in d:\users\tj\Projects\SpawnDev.ILGPU\SpawnDev.ILGPU\ILGPU\Runtime\ArrayViewExtensions.cs:line 1801
   at SpawnDev.ILGPU.Demo.Shared.UnitTests.BackendTestBase.<>c.<<NestedStructTest>b__214_0>d.MoveNext() in d:\users\tj\Projects\SpawnDev.ILGPU\SpawnDev.ILGPU\SpawnDev.ILGPU.Demo.Shared\UnitTests\BackendTestBase.Tests3.cs:line 555
--- End of stack trace from previous location ---
   at SpawnDev.ILGPU.Demo.Shared.UnitTests.BackendTestBase.RunTest(Func`2 testBody) in d:\users\tj\Projects\SpawnDev.ILGPU\SpawnDev.ILGPU\SpawnDev.ILGPU.Demo.Shared\UnitTests\BackendTestBase.cs:line 60
   at SpawnDev.ILGPU.Demo.Shared.UnitTests.BackendTestBase.NestedStructTest() in d:\users\tj\Projects\SpawnDev.ILGPU\SpawnDev.ILGPU\SpawnDev.ILGPU.Demo.Shared\UnitTests\BackendTestBase.Tests3.cs:line 551
   at SpawnDev.UnitTesting.UnitTestRunner.RunTest(UnitTest test) in d:\users\tj\Projects\SpawnDev.UnitTesting\SpawnDev.UnitTesting\SpawnDev.UnitTesting\UnitTestRunner.cs:line 183
  [Γ£ù] CudaTests.BufferCopyTest (2ms) - ILGPU.Runtime.Cuda.CudaException: an illegal memory access was encountered at CurrentAPI.AllocateMemory(
                        out IntPtr resultPtr,
                        new IntPtr(LengthInBytes))
   at ILGPU.Runtime.Cuda.CudaMemoryBuffer..ctor(CudaAccelerator accelerator, Int64 length, Int32 elementSize) in d:\users\tj\Projects\SpawnDev.ILGPU\SpawnDev.ILGPU\ILGPU\Runtime\Cuda\CudaMemoryBuffer.cs:line 118
   at ILGPU.Runtime.Cuda.CudaAccelerator.AllocateRawInternal(Int64 length, Int32 elementSize) in d:\users\tj\Projects\SpawnDev.ILGPU\SpawnDev.ILGPU\ILGPU\Runtime\Cuda\CudaAccelerator.cs:line 451
   at ILGPU.Runtime.Accelerator.AllocateRaw(Int64 length, Int32 elementSize) in d:\users\tj\Projects\SpawnDev.ILGPU\SpawnDev.ILGPU\ILGPU\Runtime\Accelerator.cs:line 296
   at ILGPU.Runtime.Accelerator.AllocateRaw[T,TExtent,TStrideIndex,TStride](TExtent extent, TStride stride) in d:\users\tj\Projects\SpawnDev.ILGPU\SpawnDev.ILGPU\ILGPU\Runtime\Accelerator.cs:line 335
   at ILGPU.Runtime.Accelerator.Allocate1D[T,TStride](Int64 length, TStride stride) in d:\users\tj\Projects\SpawnDev.ILGPU\SpawnDev.ILGPU\ILGPU\Runtime\Accelerator.Allocations.cs:line 47
   at ILGPU.Runtime.Accelerator.Allocate1D[T](Int64 length) in d:\users\tj\Projects\SpawnDev.ILGPU\SpawnDev.ILGPU\ILGPU\Runtime\Accelerator.Allocations.cs:line 29
   at ILGPU.Runtime.ArrayViewExtensions.Allocate1D[T](Accelerator accelerator, AcceleratorStream stream, T[] data) in d:\users\tj\Projects\SpawnDev.ILGPU\SpawnDev.ILGPU\ILGPU\Runtime\ArrayViewExtensions.cs:line 1830
   at ILGPU.Runtime.ArrayViewExtensions.Allocate1D[T](Accelerator accelerator, T[] data) in d:\users\tj\Projects\SpawnDev.ILGPU\SpawnDev.ILGPU\ILGPU\Runtime\ArrayViewExtensions.cs:line 1801
   at SpawnDev.ILGPU.Demo.Shared.UnitTests.BackendTestBase.<>c.<<BufferCopyTest>b__215_0>d.MoveNext() in d:\users\tj\Projects\SpawnDev.ILGPU\SpawnDev.ILGPU\SpawnDev.ILGPU.Demo.Shared\UnitTests\BackendTestBase.Tests3.cs:line 567
--- End of stack trace from previous location ---
   at SpawnDev.ILGPU.Demo.Shared.UnitTests.BackendTestBase.RunTest(Func`2 testBody) in d:\users\tj\Projects\SpawnDev.ILGPU\SpawnDev.ILGPU\SpawnDev.ILGPU.Demo.Shared\UnitTests\BackendTestBase.cs:line 60
   at SpawnDev.ILGPU.Demo.Shared.UnitTests.BackendTestBase.BufferCopyTest() in d:\users\tj\Projects\SpawnDev.ILGPU\SpawnDev.ILGPU\SpawnDev.ILGPU.Demo.Shared\UnitTests\BackendTestBase.Tests3.cs:line 564
   at SpawnDev.UnitTesting.UnitTestRunner.RunTest(UnitTest test) in d:\users\tj\Projects\SpawnDev.UnitTesting\SpawnDev.UnitTesting\SpawnDev.UnitTesting\UnitTestRunner.cs:line 183
  [Γ£ù] CudaTests.BufferCopyTest (2ms) - ILGPU.Runtime.Cuda.CudaException: an illegal memory access was encountered at CurrentAPI.AllocateMemory(
                        out IntPtr resultPtr,
                        new IntPtr(LengthInBytes))
   at ILGPU.Runtime.Cuda.CudaMemoryBuffer..ctor(CudaAccelerator accelerator, Int64 length, Int32 elementSize) in d:\users\tj\Projects\SpawnDev.ILGPU\SpawnDev.ILGPU\ILGPU\Runtime\Cuda\CudaMemoryBuffer.cs:line 118
   at ILGPU.Runtime.Cuda.CudaAccelerator.AllocateRawInternal(Int64 length, Int32 elementSize) in d:\users\tj\Projects\SpawnDev.ILGPU\SpawnDev.ILGPU\ILGPU\Runtime\Cuda\CudaAccelerator.cs:line 451
   at ILGPU.Runtime.Accelerator.AllocateRaw(Int64 length, Int32 elementSize) in d:\users\tj\Projects\SpawnDev.ILGPU\SpawnDev.ILGPU\ILGPU\Runtime\Accelerator.cs:line 296
   at ILGPU.Runtime.Accelerator.AllocateRaw[T,TExtent,TStrideIndex,TStride](TExtent extent, TStride stride) in d:\users\tj\Projects\SpawnDev.ILGPU\SpawnDev.ILGPU\ILGPU\Runtime\Accelerator.cs:line 335
   at ILGPU.Runtime.Accelerator.Allocate1D[T,TStride](Int64 length, TStride stride) in d:\users\tj\Projects\SpawnDev.ILGPU\SpawnDev.ILGPU\ILGPU\Runtime\Accelerator.Allocations.cs:line 47
   at ILGPU.Runtime.Accelerator.Allocate1D[T](Int64 length) in d:\users\tj\Projects\SpawnDev.ILGPU\SpawnDev.ILGPU\ILGPU\Runtime\Accelerator.Allocations.cs:line 29
   at ILGPU.Runtime.ArrayViewExtensions.Allocate1D[T](Accelerator accelerator, AcceleratorStream stream, T[] data) in d:\users\tj\Projects\SpawnDev.ILGPU\SpawnDev.ILGPU\ILGPU\Runtime\ArrayViewExtensions.cs:line 1830
   at ILGPU.Runtime.ArrayViewExtensions.Allocate1D[T](Accelerator accelerator, T[] data) in d:\users\tj\Projects\SpawnDev.ILGPU\SpawnDev.ILGPU\ILGPU\Runtime\ArrayViewExtensions.cs:line 1801
   at SpawnDev.ILGPU.Demo.Shared.UnitTests.BackendTestBase.<>c.<<BufferCopyTest>b__215_0>d.MoveNext() in d:\users\tj\Projects\SpawnDev.ILGPU\SpawnDev.ILGPU\SpawnDev.ILGPU.Demo.Shared\UnitTests\BackendTestBase.Tests3.cs:line 567
--- End of stack trace from previous location ---
   at SpawnDev.ILGPU.Demo.Shared.UnitTests.BackendTestBase.RunTest(Func`2 testBody) in d:\users\tj\Projects\SpawnDev.ILGPU\SpawnDev.ILGPU\SpawnDev.ILGPU.Demo.Shared\UnitTests\BackendTestBase.cs:line 60
   at SpawnDev.ILGPU.Demo.Shared.UnitTests.BackendTestBase.BufferCopyTest() in d:\users\tj\Projects\SpawnDev.ILGPU\SpawnDev.ILGPU\SpawnDev.ILGPU.Demo.Shared\UnitTests\BackendTestBase.Tests3.cs:line 564
   at SpawnDev.UnitTesting.UnitTestRunner.RunTest(UnitTest test) in d:\users\tj\Projects\SpawnDev.UnitTesting\SpawnDev.UnitTesting\SpawnDev.UnitTesting\UnitTestRunner.cs:line 183
  [Γ£ù] CudaTests.UnaryOperationsTest (6ms) - ILGPU.Runtime.Cuda.CudaException: an illegal memory access was encountered at CurrentAPI.AllocateMemory(
                        out IntPtr resultPtr,
                        new IntPtr(LengthInBytes))
   at ILGPU.Runtime.Cuda.CudaMemoryBuffer..ctor(CudaAccelerator accelerator, Int64 length, Int32 elementSize) in d:\users\tj\Projects\SpawnDev.ILGPU\SpawnDev.ILGPU\ILGPU\Runtime\Cuda\CudaMemoryBuffer.cs:line 118
   at ILGPU.Runtime.Cuda.CudaAccelerator.AllocateRawInternal(Int64 length, Int32 elementSize) in d:\users\tj\Projects\SpawnDev.ILGPU\SpawnDev.ILGPU\ILGPU\Runtime\Cuda\CudaAccelerator.cs:line 451
   at ILGPU.Runtime.Accelerator.AllocateRaw(Int64 length, Int32 elementSize) in d:\users\tj\Projects\SpawnDev.ILGPU\SpawnDev.ILGPU\ILGPU\Runtime\Accelerator.cs:line 296
   at ILGPU.Runtime.Accelerator.AllocateRaw[T,TExtent,TStrideIndex,TStride](TExtent extent, TStride stride) in d:\users\tj\Projects\SpawnDev.ILGPU\SpawnDev.ILGPU\ILGPU\Runtime\Accelerator.cs:line 335
   at ILGPU.Runtime.Accelerator.Allocate1D[T,TStride](Int64 length, TStride stride) in d:\users\tj\Projects\SpawnDev.ILGPU\SpawnDev.ILGPU\ILGPU\Runtime\Accelerator.Allocations.cs:line 47
   at ILGPU.Runtime.Accelerator.Allocate1D[T](Int64 length) in d:\users\tj\Projects\SpawnDev.ILGPU\SpawnDev.ILGPU\ILGPU\Runtime\Accelerator.Allocations.cs:line 29
   at ILGPU.Runtime.ArrayViewExtensions.Allocate1D[T](Accelerator accelerator, AcceleratorStream stream, T[] data) in d:\users\tj\Projects\SpawnDev.ILGPU\SpawnDev.ILGPU\ILGPU\Runtime\ArrayViewExtensions.cs:line 1830
   at ILGPU.Runtime.ArrayViewExtensions.Allocate1D[T](Accelerator accelerator, T[] data) in d:\users\tj\Projects\SpawnDev.ILGPU\SpawnDev.ILGPU\ILGPU\Runtime\ArrayViewExtensions.cs:line 1801
   at SpawnDev.ILGPU.Demo.Shared.UnitTests.BackendTestBase.<>c.<<UnaryOperationsTest>b__216_0>d.MoveNext() in d:\users\tj\Projects\SpawnDev.ILGPU\SpawnDev.ILGPU\SpawnDev.ILGPU.Demo.Shared\UnitTests\BackendTestBase.Tests3.cs:line 580
--- End of stack trace from previous location ---
   at SpawnDev.ILGPU.Demo.Shared.UnitTests.BackendTestBase.RunTest(Func`2 testBody) in d:\users\tj\Projects\SpawnDev.ILGPU\SpawnDev.ILGPU\SpawnDev.ILGPU.Demo.Shared\UnitTests\BackendTestBase.cs:line 60
   at SpawnDev.ILGPU.Demo.Shared.UnitTests.BackendTestBase.UnaryOperationsTest() in d:\users\tj\Projects\SpawnDev.ILGPU\SpawnDev.ILGPU\SpawnDev.ILGPU.Demo.Shared\UnitTests\BackendTestBase.Tests3.cs:line 576
   at SpawnDev.UnitTesting.UnitTestRunner.RunTest(UnitTest test) in d:\users\tj\Projects\SpawnDev.UnitTesting\SpawnDev.UnitTesting\SpawnDev.UnitTesting\UnitTestRunner.cs:line 183
  [Γ£ù] CudaTests.UnaryOperationsTest (6ms) - ILGPU.Runtime.Cuda.CudaException: an illegal memory access was encountered at CurrentAPI.AllocateMemory(
                        out IntPtr resultPtr,
                        new IntPtr(LengthInBytes))
   at ILGPU.Runtime.Cuda.CudaMemoryBuffer..ctor(CudaAccelerator accelerator, Int64 length, Int32 elementSize) in d:\users\tj\Projects\SpawnDev.ILGPU\SpawnDev.ILGPU\ILGPU\Runtime\Cuda\CudaMemoryBuffer.cs:line 118
   at ILGPU.Runtime.Cuda.CudaAccelerator.AllocateRawInternal(Int64 length, Int32 elementSize) in d:\users\tj\Projects\SpawnDev.ILGPU\SpawnDev.ILGPU\ILGPU\Runtime\Cuda\CudaAccelerator.cs:line 451
   at ILGPU.Runtime.Accelerator.AllocateRaw(Int64 length, Int32 elementSize) in d:\users\tj\Projects\SpawnDev.ILGPU\SpawnDev.ILGPU\ILGPU\Runtime\Accelerator.cs:line 296
   at ILGPU.Runtime.Accelerator.AllocateRaw[T,TExtent,TStrideIndex,TStride](TExtent extent, TStride stride) in d:\users\tj\Projects\SpawnDev.ILGPU\SpawnDev.ILGPU\ILGPU\Runtime\Accelerator.cs:line 335
   at ILGPU.Runtime.Accelerator.Allocate1D[T,TStride](Int64 length, TStride stride) in d:\users\tj\Projects\SpawnDev.ILGPU\SpawnDev.ILGPU\ILGPU\Runtime\Accelerator.Allocations.cs:line 47
   at ILGPU.Runtime.Accelerator.Allocate1D[T](Int64 length) in d:\users\tj\Projects\SpawnDev.ILGPU\SpawnDev.ILGPU\ILGPU\Runtime\Accelerator.Allocations.cs:line 29
   at ILGPU.Runtime.ArrayViewExtensions.Allocate1D[T](Accelerator accelerator, AcceleratorStream stream, T[] data) in d:\users\tj\Projects\SpawnDev.ILGPU\SpawnDev.ILGPU\ILGPU\Runtime\ArrayViewExtensions.cs:line 1830
   at ILGPU.Runtime.ArrayViewExtensions.Allocate1D[T](Accelerator accelerator, T[] data) in d:\users\tj\Projects\SpawnDev.ILGPU\SpawnDev.ILGPU\ILGPU\Runtime\ArrayViewExtensions.cs:line 1801
   at SpawnDev.ILGPU.Demo.Shared.UnitTests.BackendTestBase.<>c.<<UnaryOperationsTest>b__216_0>d.MoveNext() in d:\users\tj\Projects\SpawnDev.ILGPU\SpawnDev.ILGPU\SpawnDev.ILGPU.Demo.Shared\UnitTests\BackendTestBase.Tests3.cs:line 580
--- End of stack trace from previous location ---
   at SpawnDev.ILGPU.Demo.Shared.UnitTests.BackendTestBase.RunTest(Func`2 testBody) in d:\users\tj\Projects\SpawnDev.ILGPU\SpawnDev.ILGPU\SpawnDev.ILGPU.Demo.Shared\UnitTests\BackendTestBase.cs:line 60
   at SpawnDev.ILGPU.Demo.Shared.UnitTests.BackendTestBase.UnaryOperationsTest() in d:\users\tj\Projects\SpawnDev.ILGPU\SpawnDev.ILGPU\SpawnDev.ILGPU.Demo.Shared\UnitTests\BackendTestBase.Tests3.cs:line 576
   at SpawnDev.UnitTesting.UnitTestRunner.RunTest(UnitTest test) in d:\users\tj\Projects\SpawnDev.UnitTesting\SpawnDev.UnitTesting\SpawnDev.UnitTesting\UnitTestRunner.cs:line 183
  [Γ£ù] CudaTests.SmoothstepTest (2ms) - ILGPU.Runtime.Cuda.CudaException: an illegal memory access was encountered at CurrentAPI.AllocateMemory(
                        out IntPtr resultPtr,
                        new IntPtr(LengthInBytes))
   at ILGPU.Runtime.Cuda.CudaMemoryBuffer..ctor(CudaAccelerator accelerator, Int64 length, Int32 elementSize) in d:\users\tj\Projects\SpawnDev.ILGPU\SpawnDev.ILGPU\ILGPU\Runtime\Cuda\CudaMemoryBuffer.cs:line 118
   at ILGPU.Runtime.Cuda.CudaAccelerator.AllocateRawInternal(Int64 length, Int32 elementSize) in d:\users\tj\Projects\SpawnDev.ILGPU\SpawnDev.ILGPU\ILGPU\Runtime\Cuda\CudaAccelerator.cs:line 451
   at ILGPU.Runtime.Accelerator.AllocateRaw(Int64 length, Int32 elementSize) in d:\users\tj\Projects\SpawnDev.ILGPU\SpawnDev.ILGPU\ILGPU\Runtime\Accelerator.cs:line 296
   at ILGPU.Runtime.Accelerator.AllocateRaw[T,TExtent,TStrideIndex,TStride](TExtent extent, TStride stride) in d:\users\tj\Projects\SpawnDev.ILGPU\SpawnDev.ILGPU\ILGPU\Runtime\Accelerator.cs:line 335
   at ILGPU.Runtime.Accelerator.Allocate1D[T,TStride](Int64 length, TStride stride) in d:\users\tj\Projects\SpawnDev.ILGPU\SpawnDev.ILGPU\ILGPU\Runtime\Accelerator.Allocations.cs:line 47
   at ILGPU.Runtime.Accelerator.Allocate1D[T](Int64 length) in d:\users\tj\Projects\SpawnDev.ILGPU\SpawnDev.ILGPU\ILGPU\Runtime\Accelerator.Allocations.cs:line 29
   at ILGPU.Runtime.ArrayViewExtensions.Allocate1D[T](Accelerator accelerator, AcceleratorStream stream, T[] data) in d:\users\tj\Projects\SpawnDev.ILGPU\SpawnDev.ILGPU\ILGPU\Runtime\ArrayViewExtensions.cs:line 1830
   at ILGPU.Runtime.ArrayViewExtensions.Allocate1D[T](Accelerator accelerator, T[] data) in d:\users\tj\Projects\SpawnDev.ILGPU\SpawnDev.ILGPU\ILGPU\Runtime\ArrayViewExtensions.cs:line 1801
   at SpawnDev.ILGPU.Demo.Shared.UnitTests.BackendTestBase.<>c.<<SmoothstepTest>b__217_0>d.MoveNext() in d:\users\tj\Projects\SpawnDev.ILGPU\SpawnDev.ILGPU\SpawnDev.ILGPU.Demo.Shared\UnitTests\BackendTestBase.Tests3.cs:line 593
--- End of stack trace from previous location ---
   at SpawnDev.ILGPU.Demo.Shared.UnitTests.BackendTestBase.RunTest(Func`2 testBody) in d:\users\tj\Projects\SpawnDev.ILGPU\SpawnDev.ILGPU\SpawnDev.ILGPU.Demo.Shared\UnitTests\BackendTestBase.cs:line 60
   at SpawnDev.ILGPU.Demo.Shared.UnitTests.BackendTestBase.SmoothstepTest() in d:\users\tj\Projects\SpawnDev.ILGPU\SpawnDev.ILGPU\SpawnDev.ILGPU.Demo.Shared\UnitTests\BackendTestBase.Tests3.cs:line 590
   at SpawnDev.UnitTesting.UnitTestRunner.RunTest(UnitTest test) in d:\users\tj\Projects\SpawnDev.UnitTesting\SpawnDev.UnitTesting\SpawnDev.UnitTesting\UnitTestRunner.cs:line 183
  [Γ£ù] CudaTests.SmoothstepTest (2ms) - ILGPU.Runtime.Cuda.CudaException: an illegal memory access was encountered at CurrentAPI.AllocateMemory(
                        out IntPtr resultPtr,
                        new IntPtr(LengthInBytes))
   at ILGPU.Runtime.Cuda.CudaMemoryBuffer..ctor(CudaAccelerator accelerator, Int64 length, Int32 elementSize) in d:\users\tj\Projects\SpawnDev.ILGPU\SpawnDev.ILGPU\ILGPU\Runtime\Cuda\CudaMemoryBuffer.cs:line 118
   at ILGPU.Runtime.Cuda.CudaAccelerator.AllocateRawInternal(Int64 length, Int32 elementSize) in d:\users\tj\Projects\SpawnDev.ILGPU\SpawnDev.ILGPU\ILGPU\Runtime\Cuda\CudaAccelerator.cs:line 451
   at ILGPU.Runtime.Accelerator.AllocateRaw(Int64 length, Int32 elementSize) in d:\users\tj\Projects\SpawnDev.ILGPU\SpawnDev.ILGPU\ILGPU\Runtime\Accelerator.cs:line 296
   at ILGPU.Runtime.Accelerator.AllocateRaw[T,TExtent,TStrideIndex,TStride](TExtent extent, TStride stride) in d:\users\tj\Projects\SpawnDev.ILGPU\SpawnDev.ILGPU\ILGPU\Runtime\Accelerator.cs:line 335
   at ILGPU.Runtime.Accelerator.Allocate1D[T,TStride](Int64 length, TStride stride) in d:\users\tj\Projects\SpawnDev.ILGPU\SpawnDev.ILGPU\ILGPU\Runtime\Accelerator.Allocations.cs:line 47
   at ILGPU.Runtime.Accelerator.Allocate1D[T](Int64 length) in d:\users\tj\Projects\SpawnDev.ILGPU\SpawnDev.ILGPU\ILGPU\Runtime\Accelerator.Allocations.cs:line 29
   at ILGPU.Runtime.ArrayViewExtensions.Allocate1D[T](Accelerator accelerator, AcceleratorStream stream, T[] data) in d:\users\tj\Projects\SpawnDev.ILGPU\SpawnDev.ILGPU\ILGPU\Runtime\ArrayViewExtensions.cs:line 1830
   at ILGPU.Runtime.ArrayViewExtensions.Allocate1D[T](Accelerator accelerator, T[] data) in d:\users\tj\Projects\SpawnDev.ILGPU\SpawnDev.ILGPU\ILGPU\Runtime\ArrayViewExtensions.cs:line 1801
   at SpawnDev.ILGPU.Demo.Shared.UnitTests.BackendTestBase.<>c.<<SmoothstepTest>b__217_0>d.MoveNext() in d:\users\tj\Projects\SpawnDev.ILGPU\SpawnDev.ILGPU\SpawnDev.ILGPU.Demo.Shared\UnitTests\BackendTestBase.Tests3.cs:line 593
--- End of stack trace from previous location ---
   at SpawnDev.ILGPU.Demo.Shared.UnitTests.BackendTestBase.RunTest(Func`2 testBody) in d:\users\tj\Projects\SpawnDev.ILGPU\SpawnDev.ILGPU\SpawnDev.ILGPU.Demo.Shared\UnitTests\BackendTestBase.cs:line 60
   at SpawnDev.ILGPU.Demo.Shared.UnitTests.BackendTestBase.SmoothstepTest() in d:\users\tj\Projects\SpawnDev.ILGPU\SpawnDev.ILGPU\SpawnDev.ILGPU.Demo.Shared\UnitTests\BackendTestBase.Tests3.cs:line 590
   at SpawnDev.UnitTesting.UnitTestRunner.RunTest(UnitTest test) in d:\users\tj\Projects\SpawnDev.UnitTesting\SpawnDev.UnitTesting\SpawnDev.UnitTesting\UnitTestRunner.cs:line 183
  [Γ£ù] CudaTests.LerpTest (2ms) - ILGPU.Runtime.Cuda.CudaException: an illegal memory access was encountered at CurrentAPI.AllocateMemory(
                        out IntPtr resultPtr,
                        new IntPtr(LengthInBytes))
   at ILGPU.Runtime.Cuda.CudaMemoryBuffer..ctor(CudaAccelerator accelerator, Int64 length, Int32 elementSize) in d:\users\tj\Projects\SpawnDev.ILGPU\SpawnDev.ILGPU\ILGPU\Runtime\Cuda\CudaMemoryBuffer.cs:line 118
   at ILGPU.Runtime.Cuda.CudaAccelerator.AllocateRawInternal(Int64 length, Int32 elementSize) in d:\users\tj\Projects\SpawnDev.ILGPU\SpawnDev.ILGPU\ILGPU\Runtime\Cuda\CudaAccelerator.cs:line 451
   at ILGPU.Runtime.Accelerator.AllocateRaw(Int64 length, Int32 elementSize) in d:\users\tj\Projects\SpawnDev.ILGPU\SpawnDev.ILGPU\ILGPU\Runtime\Accelerator.cs:line 296
   at ILGPU.Runtime.Accelerator.AllocateRaw[T,TExtent,TStrideIndex,TStride](TExtent extent, TStride stride) in d:\users\tj\Projects\SpawnDev.ILGPU\SpawnDev.ILGPU\ILGPU\Runtime\Accelerator.cs:line 335
   at ILGPU.Runtime.Accelerator.Allocate1D[T,TStride](Int64 length, TStride stride) in d:\users\tj\Projects\SpawnDev.ILGPU\SpawnDev.ILGPU\ILGPU\Runtime\Accelerator.Allocations.cs:line 47
   at ILGPU.Runtime.Accelerator.Allocate1D[T](Int64 length) in d:\users\tj\Projects\SpawnDev.ILGPU\SpawnDev.ILGPU\ILGPU\Runtime\Accelerator.Allocations.cs:line 29
   at ILGPU.Runtime.ArrayViewExtensions.Allocate1D[T](Accelerator accelerator, AcceleratorStream stream, T[] data) in d:\users\tj\Projects\SpawnDev.ILGPU\SpawnDev.ILGPU\ILGPU\Runtime\ArrayViewExtensions.cs:line 1830
   at ILGPU.Runtime.ArrayViewExtensions.Allocate1D[T](Accelerator accelerator, T[] data) in d:\users\tj\Projects\SpawnDev.ILGPU\SpawnDev.ILGPU\ILGPU\Runtime\ArrayViewExtensions.cs:line 1801
   at SpawnDev.ILGPU.Demo.Shared.UnitTests.BackendTestBase.<>c.<<LerpTest>b__218_0>d.MoveNext() in d:\users\tj\Projects\SpawnDev.ILGPU\SpawnDev.ILGPU\SpawnDev.ILGPU.Demo.Shared\UnitTests\BackendTestBase.Tests3.cs:line 605
--- End of stack trace from previous location ---
   at SpawnDev.ILGPU.Demo.Shared.UnitTests.BackendTestBase.RunTest(Func`2 testBody) in d:\users\tj\Projects\SpawnDev.ILGPU\SpawnDev.ILGPU\SpawnDev.ILGPU.Demo.Shared\UnitTests\BackendTestBase.cs:line 60
   at SpawnDev.ILGPU.Demo.Shared.UnitTests.BackendTestBase.LerpTest() in d:\users\tj\Projects\SpawnDev.ILGPU\SpawnDev.ILGPU\SpawnDev.ILGPU.Demo.Shared\UnitTests\BackendTestBase.Tests3.cs:line 602
   at SpawnDev.UnitTesting.UnitTestRunner.RunTest(UnitTest test) in d:\users\tj\Projects\SpawnDev.UnitTesting\SpawnDev.UnitTesting\SpawnDev.UnitTesting\UnitTestRunner.cs:line 183
  [Γ£ù] CudaTests.LerpTest (2ms) - ILGPU.Runtime.Cuda.CudaException: an illegal memory access was encountered at CurrentAPI.AllocateMemory(
                        out IntPtr resultPtr,
                        new IntPtr(LengthInBytes))
   at ILGPU.Runtime.Cuda.CudaMemoryBuffer..ctor(CudaAccelerator accelerator, Int64 length, Int32 elementSize) in d:\users\tj\Projects\SpawnDev.ILGPU\SpawnDev.ILGPU\ILGPU\Runtime\Cuda\CudaMemoryBuffer.cs:line 118
   at ILGPU.Runtime.Cuda.CudaAccelerator.AllocateRawInternal(Int64 length, Int32 elementSize) in d:\users\tj\Projects\SpawnDev.ILGPU\SpawnDev.ILGPU\ILGPU\Runtime\Cuda\CudaAccelerator.cs:line 451
   at ILGPU.Runtime.Accelerator.AllocateRaw(Int64 length, Int32 elementSize) in d:\users\tj\Projects\SpawnDev.ILGPU\SpawnDev.ILGPU\ILGPU\Runtime\Accelerator.cs:line 296
   at ILGPU.Runtime.Accelerator.AllocateRaw[T,TExtent,TStrideIndex,TStride](TExtent extent, TStride stride) in d:\users\tj\Projects\SpawnDev.ILGPU\SpawnDev.ILGPU\ILGPU\Runtime\Accelerator.cs:line 335
   at ILGPU.Runtime.Accelerator.Allocate1D[T,TStride](Int64 length, TStride stride) in d:\users\tj\Projects\SpawnDev.ILGPU\SpawnDev.ILGPU\ILGPU\Runtime\Accelerator.Allocations.cs:line 47
   at ILGPU.Runtime.Accelerator.Allocate1D[T](Int64 length) in d:\users\tj\Projects\SpawnDev.ILGPU\SpawnDev.ILGPU\ILGPU\Runtime\Accelerator.Allocations.cs:line 29
   at ILGPU.Runtime.ArrayViewExtensions.Allocate1D[T](Accelerator accelerator, AcceleratorStream stream, T[] data) in d:\users\tj\Projects\SpawnDev.ILGPU\SpawnDev.ILGPU\ILGPU\Runtime\ArrayViewExtensions.cs:line 1830
   at ILGPU.Runtime.ArrayViewExtensions.Allocate1D[T](Accelerator accelerator, T[] data) in d:\users\tj\Projects\SpawnDev.ILGPU\SpawnDev.ILGPU\ILGPU\Runtime\ArrayViewExtensions.cs:line 1801
   at SpawnDev.ILGPU.Demo.Shared.UnitTests.BackendTestBase.<>c.<<LerpTest>b__218_0>d.MoveNext() in d:\users\tj\Projects\SpawnDev.ILGPU\SpawnDev.ILGPU\SpawnDev.ILGPU.Demo.Shared\UnitTests\BackendTestBase.Tests3.cs:line 605
--- End of stack trace from previous location ---
   at SpawnDev.ILGPU.Demo.Shared.UnitTests.BackendTestBase.RunTest(Func`2 testBody) in d:\users\tj\Projects\SpawnDev.ILGPU\SpawnDev.ILGPU\SpawnDev.ILGPU.Demo.Shared\UnitTests\BackendTestBase.cs:line 60
   at SpawnDev.ILGPU.Demo.Shared.UnitTests.BackendTestBase.LerpTest() in d:\users\tj\Projects\SpawnDev.ILGPU\SpawnDev.ILGPU\SpawnDev.ILGPU.Demo.Shared\UnitTests\BackendTestBase.Tests3.cs:line 602
   at SpawnDev.UnitTesting.UnitTestRunner.RunTest(UnitTest test) in d:\users\tj\Projects\SpawnDev.UnitTesting\SpawnDev.UnitTesting\SpawnDev.UnitTesting\UnitTestRunner.cs:line 183
  [Γ£ù] CudaTests.MixedTypesTest (1ms) - ILGPU.Runtime.Cuda.CudaException: an illegal memory access was encountered at CurrentAPI.AllocateMemory(
                        out IntPtr resultPtr,
                        new IntPtr(LengthInBytes))
   at ILGPU.Runtime.Cuda.CudaMemoryBuffer..ctor(CudaAccelerator accelerator, Int64 length, Int32 elementSize) in d:\users\tj\Projects\SpawnDev.ILGPU\SpawnDev.ILGPU\ILGPU\Runtime\Cuda\CudaMemoryBuffer.cs:line 118
   at ILGPU.Runtime.Cuda.CudaAccelerator.AllocateRawInternal(Int64 length, Int32 elementSize) in d:\users\tj\Projects\SpawnDev.ILGPU\SpawnDev.ILGPU\ILGPU\Runtime\Cuda\CudaAccelerator.cs:line 451
   at ILGPU.Runtime.Accelerator.AllocateRaw(Int64 length, Int32 elementSize) in d:\users\tj\Projects\SpawnDev.ILGPU\SpawnDev.ILGPU\ILGPU\Runtime\Accelerator.cs:line 296
   at ILGPU.Runtime.Accelerator.AllocateRaw[T,TExtent,TStrideIndex,TStride](TExtent extent, TStride stride) in d:\users\tj\Projects\SpawnDev.ILGPU\SpawnDev.ILGPU\ILGPU\Runtime\Accelerator.cs:line 335
   at ILGPU.Runtime.Accelerator.Allocate1D[T,TStride](Int64 length, TStride stride) in d:\users\tj\Projects\SpawnDev.ILGPU\SpawnDev.ILGPU\ILGPU\Runtime\Accelerator.Allocations.cs:line 47
   at ILGPU.Runtime.Accelerator.Allocate1D[T](Int64 length) in d:\users\tj\Projects\SpawnDev.ILGPU\SpawnDev.ILGPU\ILGPU\Runtime\Accelerator.Allocations.cs:line 29
   at ILGPU.Runtime.ArrayViewExtensions.Allocate1D[T](Accelerator accelerator, AcceleratorStream stream, T[] data) in d:\users\tj\Projects\SpawnDev.ILGPU\SpawnDev.ILGPU\ILGPU\Runtime\ArrayViewExtensions.cs:line 1830
   at ILGPU.Runtime.ArrayViewExtensions.Allocate1D[T](Accelerator accelerator, T[] data) in d:\users\tj\Projects\SpawnDev.ILGPU\SpawnDev.ILGPU\ILGPU\Runtime\ArrayViewExtensions.cs:line 1801
   at SpawnDev.ILGPU.Demo.Shared.UnitTests.BackendTestBase.<>c.<<MixedTypesTest>b__219_0>d.MoveNext() in d:\users\tj\Projects\SpawnDev.ILGPU\SpawnDev.ILGPU\SpawnDev.ILGPU.Demo.Shared\UnitTests\BackendTestBase.Tests3.cs:line 617
--- End of stack trace from previous location ---
   at SpawnDev.ILGPU.Demo.Shared.UnitTests.BackendTestBase.RunTest(Func`2 testBody) in d:\users\tj\Projects\SpawnDev.ILGPU\SpawnDev.ILGPU\SpawnDev.ILGPU.Demo.Shared\UnitTests\BackendTestBase.cs:line 60
   at SpawnDev.ILGPU.Demo.Shared.UnitTests.BackendTestBase.MixedTypesTest() in d:\users\tj\Projects\SpawnDev.ILGPU\SpawnDev.ILGPU\SpawnDev.ILGPU.Demo.Shared\UnitTests\BackendTestBase.Tests3.cs:line 614
   at SpawnDev.UnitTesting.UnitTestRunner.RunTest(UnitTest test) in d:\users\tj\Projects\SpawnDev.UnitTesting\SpawnDev.UnitTesting\SpawnDev.UnitTesting\UnitTestRunner.cs:line 183
  [Γ£ù] CudaTests.MixedTypesTest (1ms) - ILGPU.Runtime.Cuda.CudaException: an illegal memory access was encountered at CurrentAPI.AllocateMemory(
                        out IntPtr resultPtr,
                        new IntPtr(LengthInBytes))
   at ILGPU.Runtime.Cuda.CudaMemoryBuffer..ctor(CudaAccelerator accelerator, Int64 length, Int32 elementSize) in d:\users\tj\Projects\SpawnDev.ILGPU\SpawnDev.ILGPU\ILGPU\Runtime\Cuda\CudaMemoryBuffer.cs:line 118
   at ILGPU.Runtime.Cuda.CudaAccelerator.AllocateRawInternal(Int64 length, Int32 elementSize) in d:\users\tj\Projects\SpawnDev.ILGPU\SpawnDev.ILGPU\ILGPU\Runtime\Cuda\CudaAccelerator.cs:line 451
   at ILGPU.Runtime.Accelerator.AllocateRaw(Int64 length, Int32 elementSize) in d:\users\tj\Projects\SpawnDev.ILGPU\SpawnDev.ILGPU\ILGPU\Runtime\Accelerator.cs:line 296
   at ILGPU.Runtime.Accelerator.AllocateRaw[T,TExtent,TStrideIndex,TStride](TExtent extent, TStride stride) in d:\users\tj\Projects\SpawnDev.ILGPU\SpawnDev.ILGPU\ILGPU\Runtime\Accelerator.cs:line 335
   at ILGPU.Runtime.Accelerator.Allocate1D[T,TStride](Int64 length, TStride stride) in d:\users\tj\Projects\SpawnDev.ILGPU\SpawnDev.ILGPU\ILGPU\Runtime\Accelerator.Allocations.cs:line 47
   at ILGPU.Runtime.Accelerator.Allocate1D[T](Int64 length) in d:\users\tj\Projects\SpawnDev.ILGPU\SpawnDev.ILGPU\ILGPU\Runtime\Accelerator.Allocations.cs:line 29
   at ILGPU.Runtime.ArrayViewExtensions.Allocate1D[T](Accelerator accelerator, AcceleratorStream stream, T[] data) in d:\users\tj\Projects\SpawnDev.ILGPU\SpawnDev.ILGPU\ILGPU\Runtime\ArrayViewExtensions.cs:line 1830
   at ILGPU.Runtime.ArrayViewExtensions.Allocate1D[T](Accelerator accelerator, T[] data) in d:\users\tj\Projects\SpawnDev.ILGPU\SpawnDev.ILGPU\ILGPU\Runtime\ArrayViewExtensions.cs:line 1801
   at SpawnDev.ILGPU.Demo.Shared.UnitTests.BackendTestBase.<>c.<<MixedTypesTest>b__219_0>d.MoveNext() in d:\users\tj\Projects\SpawnDev.ILGPU\SpawnDev.ILGPU\SpawnDev.ILGPU.Demo.Shared\UnitTests\BackendTestBase.Tests3.cs:line 617
--- End of stack trace from previous location ---
   at SpawnDev.ILGPU.Demo.Shared.UnitTests.BackendTestBase.RunTest(Func`2 testBody) in d:\users\tj\Projects\SpawnDev.ILGPU\SpawnDev.ILGPU\SpawnDev.ILGPU.Demo.Shared\UnitTests\BackendTestBase.cs:line 60
   at SpawnDev.ILGPU.Demo.Shared.UnitTests.BackendTestBase.MixedTypesTest() in d:\users\tj\Projects\SpawnDev.ILGPU\SpawnDev.ILGPU\SpawnDev.ILGPU.Demo.Shared\UnitTests\BackendTestBase.Tests3.cs:line 614
   at SpawnDev.UnitTesting.UnitTestRunner.RunTest(UnitTest test) in d:\users\tj\Projects\SpawnDev.UnitTesting\SpawnDev.UnitTesting\SpawnDev.UnitTesting\UnitTestRunner.cs:line 183
  [Γ£ù] CudaTests.ComplexExpressionTest (1ms) - ILGPU.Runtime.Cuda.CudaException: an illegal memory access was encountered at CurrentAPI.AllocateMemory(
                        out IntPtr resultPtr,
                        new IntPtr(LengthInBytes))
   at ILGPU.Runtime.Cuda.CudaMemoryBuffer..ctor(CudaAccelerator accelerator, Int64 length, Int32 elementSize) in d:\users\tj\Projects\SpawnDev.ILGPU\SpawnDev.ILGPU\ILGPU\Runtime\Cuda\CudaMemoryBuffer.cs:line 118
   at ILGPU.Runtime.Cuda.CudaAccelerator.AllocateRawInternal(Int64 length, Int32 elementSize) in d:\users\tj\Projects\SpawnDev.ILGPU\SpawnDev.ILGPU\ILGPU\Runtime\Cuda\CudaAccelerator.cs:line 451
   at ILGPU.Runtime.Accelerator.AllocateRaw(Int64 length, Int32 elementSize) in d:\users\tj\Projects\SpawnDev.ILGPU\SpawnDev.ILGPU\ILGPU\Runtime\Accelerator.cs:line 296
   at ILGPU.Runtime.Accelerator.AllocateRaw[T,TExtent,TStrideIndex,TStride](TExtent extent, TStride stride) in d:\users\tj\Projects\SpawnDev.ILGPU\SpawnDev.ILGPU\ILGPU\Runtime\Accelerator.cs:line 335
   at ILGPU.Runtime.Accelerator.Allocate1D[T,TStride](Int64 length, TStride stride) in d:\users\tj\Projects\SpawnDev.ILGPU\SpawnDev.ILGPU\ILGPU\Runtime\Accelerator.Allocations.cs:line 47
   at ILGPU.Runtime.Accelerator.Allocate1D[T](Int64 length) in d:\users\tj\Projects\SpawnDev.ILGPU\SpawnDev.ILGPU\ILGPU\Runtime\Accelerator.Allocations.cs:line 29
   at ILGPU.Runtime.ArrayViewExtensions.Allocate1D[T](Accelerator accelerator, AcceleratorStream stream, T[] data) in d:\users\tj\Projects\SpawnDev.ILGPU\SpawnDev.ILGPU\ILGPU\Runtime\ArrayViewExtensions.cs:line 1830
   at ILGPU.Runtime.ArrayViewExtensions.Allocate1D[T](Accelerator accelerator, T[] data) in d:\users\tj\Projects\SpawnDev.ILGPU\SpawnDev.ILGPU\ILGPU\Runtime\ArrayViewExtensions.cs:line 1801
   at SpawnDev.ILGPU.Demo.Shared.UnitTests.BackendTestBase.<>c.<<ComplexExpressionTest>b__220_0>d.MoveNext() in d:\users\tj\Projects\SpawnDev.ILGPU\SpawnDev.ILGPU\SpawnDev.ILGPU.Demo.Shared\UnitTests\BackendTestBase.Tests3.cs:line 629
--- End of stack trace from previous location ---
   at SpawnDev.ILGPU.Demo.Shared.UnitTests.BackendTestBase.RunTest(Func`2 testBody) in d:\users\tj\Projects\SpawnDev.ILGPU\SpawnDev.ILGPU\SpawnDev.ILGPU.Demo.Shared\UnitTests\BackendTestBase.cs:line 60
   at SpawnDev.ILGPU.Demo.Shared.UnitTests.BackendTestBase.ComplexExpressionTest() in d:\users\tj\Projects\SpawnDev.ILGPU\SpawnDev.ILGPU\SpawnDev.ILGPU.Demo.Shared\UnitTests\BackendTestBase.Tests3.cs:line 626
   at SpawnDev.UnitTesting.UnitTestRunner.RunTest(UnitTest test) in d:\users\tj\Projects\SpawnDev.UnitTesting\SpawnDev.UnitTesting\SpawnDev.UnitTesting\UnitTestRunner.cs:line 183
  [Γ£ù] CudaTests.ComplexExpressionTest (1ms) - ILGPU.Runtime.Cuda.CudaException: an illegal memory access was encountered at CurrentAPI.AllocateMemory(
                        out IntPtr resultPtr,
                        new IntPtr(LengthInBytes))
   at ILGPU.Runtime.Cuda.CudaMemoryBuffer..ctor(CudaAccelerator accelerator, Int64 length, Int32 elementSize) in d:\users\tj\Projects\SpawnDev.ILGPU\SpawnDev.ILGPU\ILGPU\Runtime\Cuda\CudaMemoryBuffer.cs:line 118
   at ILGPU.Runtime.Cuda.CudaAccelerator.AllocateRawInternal(Int64 length, Int32 elementSize) in d:\users\tj\Projects\SpawnDev.ILGPU\SpawnDev.ILGPU\ILGPU\Runtime\Cuda\CudaAccelerator.cs:line 451
   at ILGPU.Runtime.Accelerator.AllocateRaw(Int64 length, Int32 elementSize) in d:\users\tj\Projects\SpawnDev.ILGPU\SpawnDev.ILGPU\ILGPU\Runtime\Accelerator.cs:line 296
   at ILGPU.Runtime.Accelerator.AllocateRaw[T,TExtent,TStrideIndex,TStride](TExtent extent, TStride stride) in d:\users\tj\Projects\SpawnDev.ILGPU\SpawnDev.ILGPU\ILGPU\Runtime\Accelerator.cs:line 335
   at ILGPU.Runtime.Accelerator.Allocate1D[T,TStride](Int64 length, TStride stride) in d:\users\tj\Projects\SpawnDev.ILGPU\SpawnDev.ILGPU\ILGPU\Runtime\Accelerator.Allocations.cs:line 47
   at ILGPU.Runtime.Accelerator.Allocate1D[T](Int64 length) in d:\users\tj\Projects\SpawnDev.ILGPU\SpawnDev.ILGPU\ILGPU\Runtime\Accelerator.Allocations.cs:line 29
   at ILGPU.Runtime.ArrayViewExtensions.Allocate1D[T](Accelerator accelerator, AcceleratorStream stream, T[] data) in d:\users\tj\Projects\SpawnDev.ILGPU\SpawnDev.ILGPU\ILGPU\Runtime\ArrayViewExtensions.cs:line 1830
   at ILGPU.Runtime.ArrayViewExtensions.Allocate1D[T](Accelerator accelerator, T[] data) in d:\users\tj\Projects\SpawnDev.ILGPU\SpawnDev.ILGPU\ILGPU\Runtime\ArrayViewExtensions.cs:line 1801
   at SpawnDev.ILGPU.Demo.Shared.UnitTests.BackendTestBase.<>c.<<ComplexExpressionTest>b__220_0>d.MoveNext() in d:\users\tj\Projects\SpawnDev.ILGPU\SpawnDev.ILGPU\SpawnDev.ILGPU.Demo.Shared\UnitTests\BackendTestBase.Tests3.cs:line 629
--- End of stack trace from previous location ---
   at SpawnDev.ILGPU.Demo.Shared.UnitTests.BackendTestBase.RunTest(Func`2 testBody) in d:\users\tj\Projects\SpawnDev.ILGPU\SpawnDev.ILGPU\SpawnDev.ILGPU.Demo.Shared\UnitTests\BackendTestBase.cs:line 60
   at SpawnDev.ILGPU.Demo.Shared.UnitTests.BackendTestBase.ComplexExpressionTest() in d:\users\tj\Projects\SpawnDev.ILGPU\SpawnDev.ILGPU\SpawnDev.ILGPU.Demo.Shared\UnitTests\BackendTestBase.Tests3.cs:line 626
   at SpawnDev.UnitTesting.UnitTestRunner.RunTest(UnitTest test) in d:\users\tj\Projects\SpawnDev.UnitTesting\SpawnDev.UnitTesting\SpawnDev.UnitTesting\UnitTestRunner.cs:line 183
  [Γ£ù] CudaTests.LongLargeDatasetTest (2ms) - ILGPU.Runtime.Cuda.CudaException: an illegal memory access was encountered at CurrentAPI.CreateContext(
                    out var contextPtr,
                    acceleratorFlags,
                    DeviceId)
   at ILGPU.Runtime.Cuda.CudaAccelerator..ctor(Context context, CudaDevice description, CudaAcceleratorFlags acceleratorFlags) in d:\users\tj\Projects\SpawnDev.ILGPU\SpawnDev.ILGPU\ILGPU\Runtime\Cuda\CudaAccelerator.cs:line 170
   at ILGPU.Runtime.Cuda.CudaDevice.CreateCudaAccelerator(Context context, CudaAcceleratorFlags acceleratorFlags) in d:\users\tj\Projects\SpawnDev.ILGPU\SpawnDev.ILGPU\ILGPU\Runtime\Cuda\CudaDevice.cs:line 516
   at ILGPU.Runtime.Cuda.CudaDevice.CreateCudaAccelerator(Context context) in d:\users\tj\Projects\SpawnDev.ILGPU\SpawnDev.ILGPU\ILGPU\Runtime\Cuda\CudaDevice.cs:line 505
   at ILGPU.Runtime.Cuda.CudaDevice.CreateAccelerator(Context context) in d:\users\tj\Projects\SpawnDev.ILGPU\SpawnDev.ILGPU\ILGPU\Runtime\Cuda\CudaDevice.cs:line 496
   at CudaTests.CreateAcceleratorAsync() in d:\users\tj\Projects\SpawnDev.ILGPU\SpawnDev.ILGPU\SpawnDev.ILGPU.ConsoleDemo\Program.cs:line 116
   at SpawnDev.ILGPU.Demo.Shared.UnitTests.BackendTestBase.CreateEmulatedAcceleratorAsync() in d:\users\tj\Projects\SpawnDev.ILGPU\SpawnDev.ILGPU\SpawnDev.ILGPU.Demo.Shared\UnitTests\BackendTestBase.cs:line 18
   at SpawnDev.ILGPU.Demo.Shared.UnitTests.BackendTestBase.GetOrCreateEmulatedAcceleratorAsync() in d:\users\tj\Projects\SpawnDev.ILGPU\SpawnDev.ILGPU\SpawnDev.ILGPU.Demo.Shared\UnitTests\BackendTestBase.cs:line 49
   at SpawnDev.ILGPU.Demo.Shared.UnitTests.BackendTestBase.RunEmulatedTest(Func`2 testBody) in d:\users\tj\Projects\SpawnDev.ILGPU\SpawnDev.ILGPU\SpawnDev.ILGPU.Demo.Shared\UnitTests\BackendTestBase.cs:line 66
   at SpawnDev.ILGPU.Demo.Shared.UnitTests.BackendTestBase.LongLargeDatasetTest() in d:\users\tj\Projects\SpawnDev.ILGPU\SpawnDev.ILGPU\SpawnDev.ILGPU.Demo.Shared\UnitTests\BackendTestBase.Tests3.cs:line 638
   at SpawnDev.UnitTesting.UnitTestRunner.RunTest(UnitTest test) in d:\users\tj\Projects\SpawnDev.UnitTesting\SpawnDev.UnitTesting\SpawnDev.UnitTesting\UnitTestRunner.cs:line 183
  [Γ£ù] CudaTests.LongLargeDatasetTest (2ms) - ILGPU.Runtime.Cuda.CudaException: an illegal memory access was encountered at CurrentAPI.CreateContext(
                    out var contextPtr,
                    acceleratorFlags,
                    DeviceId)
   at ILGPU.Runtime.Cuda.CudaAccelerator..ctor(Context context, CudaDevice description, CudaAcceleratorFlags acceleratorFlags) in d:\users\tj\Projects\SpawnDev.ILGPU\SpawnDev.ILGPU\ILGPU\Runtime\Cuda\CudaAccelerator.cs:line 170
   at ILGPU.Runtime.Cuda.CudaDevice.CreateCudaAccelerator(Context context, CudaAcceleratorFlags acceleratorFlags) in d:\users\tj\Projects\SpawnDev.ILGPU\SpawnDev.ILGPU\ILGPU\Runtime\Cuda\CudaDevice.cs:line 516
   at ILGPU.Runtime.Cuda.CudaDevice.CreateCudaAccelerator(Context context) in d:\users\tj\Projects\SpawnDev.ILGPU\SpawnDev.ILGPU\ILGPU\Runtime\Cuda\CudaDevice.cs:line 505
   at ILGPU.Runtime.Cuda.CudaDevice.CreateAccelerator(Context context) in d:\users\tj\Projects\SpawnDev.ILGPU\SpawnDev.ILGPU\ILGPU\Runtime\Cuda\CudaDevice.cs:line 496
   at CudaTests.CreateAcceleratorAsync() in d:\users\tj\Projects\SpawnDev.ILGPU\SpawnDev.ILGPU\SpawnDev.ILGPU.ConsoleDemo\Program.cs:line 116
   at SpawnDev.ILGPU.Demo.Shared.UnitTests.BackendTestBase.CreateEmulatedAcceleratorAsync() in d:\users\tj\Projects\SpawnDev.ILGPU\SpawnDev.ILGPU\SpawnDev.ILGPU.Demo.Shared\UnitTests\BackendTestBase.cs:line 18
   at SpawnDev.ILGPU.Demo.Shared.UnitTests.BackendTestBase.GetOrCreateEmulatedAcceleratorAsync() in d:\users\tj\Projects\SpawnDev.ILGPU\SpawnDev.ILGPU\SpawnDev.ILGPU.Demo.Shared\UnitTests\BackendTestBase.cs:line 49
   at SpawnDev.ILGPU.Demo.Shared.UnitTests.BackendTestBase.RunEmulatedTest(Func`2 testBody) in d:\users\tj\Projects\SpawnDev.ILGPU\SpawnDev.ILGPU\SpawnDev.ILGPU.Demo.Shared\UnitTests\BackendTestBase.cs:line 66
   at SpawnDev.ILGPU.Demo.Shared.UnitTests.BackendTestBase.LongLargeDatasetTest() in d:\users\tj\Projects\SpawnDev.ILGPU\SpawnDev.ILGPU\SpawnDev.ILGPU.Demo.Shared\UnitTests\BackendTestBase.Tests3.cs:line 638
   at SpawnDev.UnitTesting.UnitTestRunner.RunTest(UnitTest test) in d:\users\tj\Projects\SpawnDev.UnitTesting\SpawnDev.UnitTesting\SpawnDev.UnitTesting\UnitTestRunner.cs:line 183
  [Γ£ù] CudaTests.DoubleChainedOpsTest (2ms) - ILGPU.Runtime.Cuda.CudaException: an illegal memory access was encountered at CurrentAPI.CreateContext(
                    out var contextPtr,
                    acceleratorFlags,
                    DeviceId)
   at ILGPU.Runtime.Cuda.CudaAccelerator..ctor(Context context, CudaDevice description, CudaAcceleratorFlags acceleratorFlags) in d:\users\tj\Projects\SpawnDev.ILGPU\SpawnDev.ILGPU\ILGPU\Runtime\Cuda\CudaAccelerator.cs:line 170
   at ILGPU.Runtime.Cuda.CudaDevice.CreateCudaAccelerator(Context context, CudaAcceleratorFlags acceleratorFlags) in d:\users\tj\Projects\SpawnDev.ILGPU\SpawnDev.ILGPU\ILGPU\Runtime\Cuda\CudaDevice.cs:line 516
   at ILGPU.Runtime.Cuda.CudaDevice.CreateCudaAccelerator(Context context) in d:\users\tj\Projects\SpawnDev.ILGPU\SpawnDev.ILGPU\ILGPU\Runtime\Cuda\CudaDevice.cs:line 505
   at ILGPU.Runtime.Cuda.CudaDevice.CreateAccelerator(Context context) in d:\users\tj\Projects\SpawnDev.ILGPU\SpawnDev.ILGPU\ILGPU\Runtime\Cuda\CudaDevice.cs:line 496
   at CudaTests.CreateAcceleratorAsync() in d:\users\tj\Projects\SpawnDev.ILGPU\SpawnDev.ILGPU\SpawnDev.ILGPU.ConsoleDemo\Program.cs:line 116
   at SpawnDev.ILGPU.Demo.Shared.UnitTests.BackendTestBase.CreateEmulatedAcceleratorAsync() in d:\users\tj\Projects\SpawnDev.ILGPU\SpawnDev.ILGPU\SpawnDev.ILGPU.Demo.Shared\UnitTests\BackendTestBase.cs:line 18
   at SpawnDev.ILGPU.Demo.Shared.UnitTests.BackendTestBase.GetOrCreateEmulatedAcceleratorAsync() in d:\users\tj\Projects\SpawnDev.ILGPU\SpawnDev.ILGPU\SpawnDev.ILGPU.Demo.Shared\UnitTests\BackendTestBase.cs:line 49
   at SpawnDev.ILGPU.Demo.Shared.UnitTests.BackendTestBase.RunEmulatedTest(Func`2 testBody) in d:\users\tj\Projects\SpawnDev.ILGPU\SpawnDev.ILGPU\SpawnDev.ILGPU.Demo.Shared\UnitTests\BackendTestBase.cs:line 66
   at SpawnDev.ILGPU.Demo.Shared.UnitTests.BackendTestBase.DoubleChainedOpsTest() in d:\users\tj\Projects\SpawnDev.ILGPU\SpawnDev.ILGPU\SpawnDev.ILGPU.Demo.Shared\UnitTests\BackendTestBase.Tests3.cs:line 651
   at SpawnDev.UnitTesting.UnitTestRunner.RunTest(UnitTest test) in d:\users\tj\Projects\SpawnDev.UnitTesting\SpawnDev.UnitTesting\SpawnDev.UnitTesting\UnitTestRunner.cs:line 183
  [Γ£ù] CudaTests.DoubleChainedOpsTest (2ms) - ILGPU.Runtime.Cuda.CudaException: an illegal memory access was encountered at CurrentAPI.CreateContext(
                    out var contextPtr,
                    acceleratorFlags,
                    DeviceId)
   at ILGPU.Runtime.Cuda.CudaAccelerator..ctor(Context context, CudaDevice description, CudaAcceleratorFlags acceleratorFlags) in d:\users\tj\Projects\SpawnDev.ILGPU\SpawnDev.ILGPU\ILGPU\Runtime\Cuda\CudaAccelerator.cs:line 170
   at ILGPU.Runtime.Cuda.CudaDevice.CreateCudaAccelerator(Context context, CudaAcceleratorFlags acceleratorFlags) in d:\users\tj\Projects\SpawnDev.ILGPU\SpawnDev.ILGPU\ILGPU\Runtime\Cuda\CudaDevice.cs:line 516
   at ILGPU.Runtime.Cuda.CudaDevice.CreateCudaAccelerator(Context context) in d:\users\tj\Projects\SpawnDev.ILGPU\SpawnDev.ILGPU\ILGPU\Runtime\Cuda\CudaDevice.cs:line 505
   at ILGPU.Runtime.Cuda.CudaDevice.CreateAccelerator(Context context) in d:\users\tj\Projects\SpawnDev.ILGPU\SpawnDev.ILGPU\ILGPU\Runtime\Cuda\CudaDevice.cs:line 496
   at CudaTests.CreateAcceleratorAsync() in d:\users\tj\Projects\SpawnDev.ILGPU\SpawnDev.ILGPU\SpawnDev.ILGPU.ConsoleDemo\Program.cs:line 116
   at SpawnDev.ILGPU.Demo.Shared.UnitTests.BackendTestBase.CreateEmulatedAcceleratorAsync() in d:\users\tj\Projects\SpawnDev.ILGPU\SpawnDev.ILGPU\SpawnDev.ILGPU.Demo.Shared\UnitTests\BackendTestBase.cs:line 18
   at SpawnDev.ILGPU.Demo.Shared.UnitTests.BackendTestBase.GetOrCreateEmulatedAcceleratorAsync() in d:\users\tj\Projects\SpawnDev.ILGPU\SpawnDev.ILGPU\SpawnDev.ILGPU.Demo.Shared\UnitTests\BackendTestBase.cs:line 49
   at SpawnDev.ILGPU.Demo.Shared.UnitTests.BackendTestBase.RunEmulatedTest(Func`2 testBody) in d:\users\tj\Projects\SpawnDev.ILGPU\SpawnDev.ILGPU\SpawnDev.ILGPU.Demo.Shared\UnitTests\BackendTestBase.cs:line 66
   at SpawnDev.ILGPU.Demo.Shared.UnitTests.BackendTestBase.DoubleChainedOpsTest() in d:\users\tj\Projects\SpawnDev.ILGPU\SpawnDev.ILGPU\SpawnDev.ILGPU.Demo.Shared\UnitTests\BackendTestBase.Tests3.cs:line 651
   at SpawnDev.UnitTesting.UnitTestRunner.RunTest(UnitTest test) in d:\users\tj\Projects\SpawnDev.UnitTesting\SpawnDev.UnitTesting\SpawnDev.UnitTesting\UnitTestRunner.cs:line 183
  [Γ£ù] CudaTests.DoubleLargeDatasetTest (2ms) - ILGPU.Runtime.Cuda.CudaException: an illegal memory access was encountered at CurrentAPI.CreateContext(
                    out var contextPtr,
                    acceleratorFlags,
                    DeviceId)
   at ILGPU.Runtime.Cuda.CudaAccelerator..ctor(Context context, CudaDevice description, CudaAcceleratorFlags acceleratorFlags) in d:\users\tj\Projects\SpawnDev.ILGPU\SpawnDev.ILGPU\ILGPU\Runtime\Cuda\CudaAccelerator.cs:line 170
   at ILGPU.Runtime.Cuda.CudaDevice.CreateCudaAccelerator(Context context, CudaAcceleratorFlags acceleratorFlags) in d:\users\tj\Projects\SpawnDev.ILGPU\SpawnDev.ILGPU\ILGPU\Runtime\Cuda\CudaDevice.cs:line 516
   at ILGPU.Runtime.Cuda.CudaDevice.CreateCudaAccelerator(Context context) in d:\users\tj\Projects\SpawnDev.ILGPU\SpawnDev.ILGPU\ILGPU\Runtime\Cuda\CudaDevice.cs:line 505
   at ILGPU.Runtime.Cuda.CudaDevice.CreateAccelerator(Context context) in d:\users\tj\Projects\SpawnDev.ILGPU\SpawnDev.ILGPU\ILGPU\Runtime\Cuda\CudaDevice.cs:line 496
   at CudaTests.CreateAcceleratorAsync() in d:\users\tj\Projects\SpawnDev.ILGPU\SpawnDev.ILGPU\SpawnDev.ILGPU.ConsoleDemo\Program.cs:line 116
   at SpawnDev.ILGPU.Demo.Shared.UnitTests.BackendTestBase.CreateEmulatedAcceleratorAsync() in d:\users\tj\Projects\SpawnDev.ILGPU\SpawnDev.ILGPU\SpawnDev.ILGPU.Demo.Shared\UnitTests\BackendTestBase.cs:line 18
   at SpawnDev.ILGPU.Demo.Shared.UnitTests.BackendTestBase.GetOrCreateEmulatedAcceleratorAsync() in d:\users\tj\Projects\SpawnDev.ILGPU\SpawnDev.ILGPU\SpawnDev.ILGPU.Demo.Shared\UnitTests\BackendTestBase.cs:line 49
   at SpawnDev.ILGPU.Demo.Shared.UnitTests.BackendTestBase.RunEmulatedTest(Func`2 testBody) in d:\users\tj\Projects\SpawnDev.ILGPU\SpawnDev.ILGPU\SpawnDev.ILGPU.Demo.Shared\UnitTests\BackendTestBase.cs:line 66
   at SpawnDev.ILGPU.Demo.Shared.UnitTests.BackendTestBase.DoubleLargeDatasetTest() in d:\users\tj\Projects\SpawnDev.ILGPU\SpawnDev.ILGPU\SpawnDev.ILGPU.Demo.Shared\UnitTests\BackendTestBase.Tests3.cs:line 664
   at SpawnDev.UnitTesting.UnitTestRunner.RunTest(UnitTest test) in d:\users\tj\Projects\SpawnDev.UnitTesting\SpawnDev.UnitTesting\SpawnDev.UnitTesting\UnitTestRunner.cs:line 183
  [Γ£ù] CudaTests.DoubleLargeDatasetTest (2ms) - ILGPU.Runtime.Cuda.CudaException: an illegal memory access was encountered at CurrentAPI.CreateContext(
                    out var contextPtr,
                    acceleratorFlags,
                    DeviceId)
   at ILGPU.Runtime.Cuda.CudaAccelerator..ctor(Context context, CudaDevice description, CudaAcceleratorFlags acceleratorFlags) in d:\users\tj\Projects\SpawnDev.ILGPU\SpawnDev.ILGPU\ILGPU\Runtime\Cuda\CudaAccelerator.cs:line 170
   at ILGPU.Runtime.Cuda.CudaDevice.CreateCudaAccelerator(Context context, CudaAcceleratorFlags acceleratorFlags) in d:\users\tj\Projects\SpawnDev.ILGPU\SpawnDev.ILGPU\ILGPU\Runtime\Cuda\CudaDevice.cs:line 516
   at ILGPU.Runtime.Cuda.CudaDevice.CreateCudaAccelerator(Context context) in d:\users\tj\Projects\SpawnDev.ILGPU\SpawnDev.ILGPU\ILGPU\Runtime\Cuda\CudaDevice.cs:line 505
   at ILGPU.Runtime.Cuda.CudaDevice.CreateAccelerator(Context context) in d:\users\tj\Projects\SpawnDev.ILGPU\SpawnDev.ILGPU\ILGPU\Runtime\Cuda\CudaDevice.cs:line 496
   at CudaTests.CreateAcceleratorAsync() in d:\users\tj\Projects\SpawnDev.ILGPU\SpawnDev.ILGPU\SpawnDev.ILGPU.ConsoleDemo\Program.cs:line 116
   at SpawnDev.ILGPU.Demo.Shared.UnitTests.BackendTestBase.CreateEmulatedAcceleratorAsync() in d:\users\tj\Projects\SpawnDev.ILGPU\SpawnDev.ILGPU\SpawnDev.ILGPU.Demo.Shared\UnitTests\BackendTestBase.cs:line 18
   at SpawnDev.ILGPU.Demo.Shared.UnitTests.BackendTestBase.GetOrCreateEmulatedAcceleratorAsync() in d:\users\tj\Projects\SpawnDev.ILGPU\SpawnDev.ILGPU\SpawnDev.ILGPU.Demo.Shared\UnitTests\BackendTestBase.cs:line 49
   at SpawnDev.ILGPU.Demo.Shared.UnitTests.BackendTestBase.RunEmulatedTest(Func`2 testBody) in d:\users\tj\Projects\SpawnDev.ILGPU\SpawnDev.ILGPU\SpawnDev.ILGPU.Demo.Shared\UnitTests\BackendTestBase.cs:line 66
   at SpawnDev.ILGPU.Demo.Shared.UnitTests.BackendTestBase.DoubleLargeDatasetTest() in d:\users\tj\Projects\SpawnDev.ILGPU\SpawnDev.ILGPU\SpawnDev.ILGPU.Demo.Shared\UnitTests\BackendTestBase.Tests3.cs:line 664
   at SpawnDev.UnitTesting.UnitTestRunner.RunTest(UnitTest test) in d:\users\tj\Projects\SpawnDev.UnitTesting\SpawnDev.UnitTesting\SpawnDev.UnitTesting\UnitTestRunner.cs:line 183
  [Γ£ù] CudaTests.DoublePrecisionVerifyTest (2ms) - ILGPU.Runtime.Cuda.CudaException: an illegal memory access was encountered at CurrentAPI.CreateContext(
                    out var contextPtr,
                    acceleratorFlags,
                    DeviceId)
   at ILGPU.Runtime.Cuda.CudaAccelerator..ctor(Context context, CudaDevice description, CudaAcceleratorFlags acceleratorFlags) in d:\users\tj\Projects\SpawnDev.ILGPU\SpawnDev.ILGPU\ILGPU\Runtime\Cuda\CudaAccelerator.cs:line 170
   at ILGPU.Runtime.Cuda.CudaDevice.CreateCudaAccelerator(Context context, CudaAcceleratorFlags acceleratorFlags) in d:\users\tj\Projects\SpawnDev.ILGPU\SpawnDev.ILGPU\ILGPU\Runtime\Cuda\CudaDevice.cs:line 516
   at ILGPU.Runtime.Cuda.CudaDevice.CreateCudaAccelerator(Context context) in d:\users\tj\Projects\SpawnDev.ILGPU\SpawnDev.ILGPU\ILGPU\Runtime\Cuda\CudaDevice.cs:line 505
   at ILGPU.Runtime.Cuda.CudaDevice.CreateAccelerator(Context context) in d:\users\tj\Projects\SpawnDev.ILGPU\SpawnDev.ILGPU\ILGPU\Runtime\Cuda\CudaDevice.cs:line 496
   at CudaTests.CreateAcceleratorAsync() in d:\users\tj\Projects\SpawnDev.ILGPU\SpawnDev.ILGPU\SpawnDev.ILGPU.ConsoleDemo\Program.cs:line 116
   at SpawnDev.ILGPU.Demo.Shared.UnitTests.BackendTestBase.CreateEmulatedAcceleratorAsync() in d:\users\tj\Projects\SpawnDev.ILGPU\SpawnDev.ILGPU\SpawnDev.ILGPU.Demo.Shared\UnitTests\BackendTestBase.cs:line 18
   at SpawnDev.ILGPU.Demo.Shared.UnitTests.BackendTestBase.GetOrCreateEmulatedAcceleratorAsync() in d:\users\tj\Projects\SpawnDev.ILGPU\SpawnDev.ILGPU\SpawnDev.ILGPU.Demo.Shared\UnitTests\BackendTestBase.cs:line 49
   at SpawnDev.ILGPU.Demo.Shared.UnitTests.BackendTestBase.RunEmulatedTest(Func`2 testBody) in d:\users\tj\Projects\SpawnDev.ILGPU\SpawnDev.ILGPU\SpawnDev.ILGPU.Demo.Shared\UnitTests\BackendTestBase.cs:line 66
   at SpawnDev.ILGPU.Demo.Shared.UnitTests.BackendTestBase.DoublePrecisionVerifyTest() in d:\users\tj\Projects\SpawnDev.ILGPU\SpawnDev.ILGPU\SpawnDev.ILGPU.Demo.Shared\UnitTests\BackendTestBase.Tests3.cs:line 677
   at SpawnDev.UnitTesting.UnitTestRunner.RunTest(UnitTest test) in d:\users\tj\Projects\SpawnDev.UnitTesting\SpawnDev.UnitTesting\SpawnDev.UnitTesting\UnitTestRunner.cs:line 183
  [Γ£ù] CudaTests.DoublePrecisionVerifyTest (2ms) - ILGPU.Runtime.Cuda.CudaException: an illegal memory access was encountered at CurrentAPI.CreateContext(
                    out var contextPtr,
                    acceleratorFlags,
                    DeviceId)
   at ILGPU.Runtime.Cuda.CudaAccelerator..ctor(Context context, CudaDevice description, CudaAcceleratorFlags acceleratorFlags) in d:\users\tj\Projects\SpawnDev.ILGPU\SpawnDev.ILGPU\ILGPU\Runtime\Cuda\CudaAccelerator.cs:line 170
   at ILGPU.Runtime.Cuda.CudaDevice.CreateCudaAccelerator(Context context, CudaAcceleratorFlags acceleratorFlags) in d:\users\tj\Projects\SpawnDev.ILGPU\SpawnDev.ILGPU\ILGPU\Runtime\Cuda\CudaDevice.cs:line 516
   at ILGPU.Runtime.Cuda.CudaDevice.CreateCudaAccelerator(Context context) in d:\users\tj\Projects\SpawnDev.ILGPU\SpawnDev.ILGPU\ILGPU\Runtime\Cuda\CudaDevice.cs:line 505
   at ILGPU.Runtime.Cuda.CudaDevice.CreateAccelerator(Context context) in d:\users\tj\Projects\SpawnDev.ILGPU\SpawnDev.ILGPU\ILGPU\Runtime\Cuda\CudaDevice.cs:line 496
   at CudaTests.CreateAcceleratorAsync() in d:\users\tj\Projects\SpawnDev.ILGPU\SpawnDev.ILGPU\SpawnDev.ILGPU.ConsoleDemo\Program.cs:line 116
   at SpawnDev.ILGPU.Demo.Shared.UnitTests.BackendTestBase.CreateEmulatedAcceleratorAsync() in d:\users\tj\Projects\SpawnDev.ILGPU\SpawnDev.ILGPU\SpawnDev.ILGPU.Demo.Shared\UnitTests\BackendTestBase.cs:line 18
   at SpawnDev.ILGPU.Demo.Shared.UnitTests.BackendTestBase.GetOrCreateEmulatedAcceleratorAsync() in d:\users\tj\Projects\SpawnDev.ILGPU\SpawnDev.ILGPU\SpawnDev.ILGPU.Demo.Shared\UnitTests\BackendTestBase.cs:line 49
   at SpawnDev.ILGPU.Demo.Shared.UnitTests.BackendTestBase.RunEmulatedTest(Func`2 testBody) in d:\users\tj\Projects\SpawnDev.ILGPU\SpawnDev.ILGPU\SpawnDev.ILGPU.Demo.Shared\UnitTests\BackendTestBase.cs:line 66
   at SpawnDev.ILGPU.Demo.Shared.UnitTests.BackendTestBase.DoublePrecisionVerifyTest() in d:\users\tj\Projects\SpawnDev.ILGPU\SpawnDev.ILGPU\SpawnDev.ILGPU.Demo.Shared\UnitTests\BackendTestBase.Tests3.cs:line 677
   at SpawnDev.UnitTesting.UnitTestRunner.RunTest(UnitTest test) in d:\users\tj\Projects\SpawnDev.UnitTesting\SpawnDev.UnitTesting\SpawnDev.UnitTesting\UnitTestRunner.cs:line 183
  [Γ£ù] CudaTests.DynamicSharedF64Test (2ms) - ILGPU.Runtime.Cuda.CudaException: an illegal memory access was encountered at CurrentAPI.CreateContext(
                    out var contextPtr,
                    acceleratorFlags,
                    DeviceId)
   at ILGPU.Runtime.Cuda.CudaAccelerator..ctor(Context context, CudaDevice description, CudaAcceleratorFlags acceleratorFlags) in d:\users\tj\Projects\SpawnDev.ILGPU\SpawnDev.ILGPU\ILGPU\Runtime\Cuda\CudaAccelerator.cs:line 170
   at ILGPU.Runtime.Cuda.CudaDevice.CreateCudaAccelerator(Context context, CudaAcceleratorFlags acceleratorFlags) in d:\users\tj\Projects\SpawnDev.ILGPU\SpawnDev.ILGPU\ILGPU\Runtime\Cuda\CudaDevice.cs:line 516
   at ILGPU.Runtime.Cuda.CudaDevice.CreateCudaAccelerator(Context context) in d:\users\tj\Projects\SpawnDev.ILGPU\SpawnDev.ILGPU\ILGPU\Runtime\Cuda\CudaDevice.cs:line 505
   at ILGPU.Runtime.Cuda.CudaDevice.CreateAccelerator(Context context) in d:\users\tj\Projects\SpawnDev.ILGPU\SpawnDev.ILGPU\ILGPU\Runtime\Cuda\CudaDevice.cs:line 496
   at CudaTests.CreateAcceleratorAsync() in d:\users\tj\Projects\SpawnDev.ILGPU\SpawnDev.ILGPU\SpawnDev.ILGPU.ConsoleDemo\Program.cs:line 116
   at SpawnDev.ILGPU.Demo.Shared.UnitTests.BackendTestBase.CreateEmulatedAcceleratorAsync() in d:\users\tj\Projects\SpawnDev.ILGPU\SpawnDev.ILGPU\SpawnDev.ILGPU.Demo.Shared\UnitTests\BackendTestBase.cs:line 18
   at SpawnDev.ILGPU.Demo.Shared.UnitTests.BackendTestBase.GetOrCreateEmulatedAcceleratorAsync() in d:\users\tj\Projects\SpawnDev.ILGPU\SpawnDev.ILGPU\SpawnDev.ILGPU.Demo.Shared\UnitTests\BackendTestBase.cs:line 49
   at SpawnDev.ILGPU.Demo.Shared.UnitTests.BackendTestBase.RunEmulatedTest(Func`2 testBody) in d:\users\tj\Projects\SpawnDev.ILGPU\SpawnDev.ILGPU\SpawnDev.ILGPU.Demo.Shared\UnitTests\BackendTestBase.cs:line 66
   at SpawnDev.ILGPU.Demo.Shared.UnitTests.BackendTestBase.DynamicSharedF64Test() in d:\users\tj\Projects\SpawnDev.ILGPU\SpawnDev.ILGPU\SpawnDev.ILGPU.Demo.Shared\UnitTests\BackendTestBase.Tests3.cs:line 690
   at SpawnDev.UnitTesting.UnitTestRunner.RunTest(UnitTest test) in d:\users\tj\Projects\SpawnDev.UnitTesting\SpawnDev.UnitTesting\SpawnDev.UnitTesting\UnitTestRunner.cs:line 183
  [Γ£ù] CudaTests.DynamicSharedF64Test (2ms) - ILGPU.Runtime.Cuda.CudaException: an illegal memory access was encountered at CurrentAPI.CreateContext(
                    out var contextPtr,
                    acceleratorFlags,
                    DeviceId)
   at ILGPU.Runtime.Cuda.CudaAccelerator..ctor(Context context, CudaDevice description, CudaAcceleratorFlags acceleratorFlags) in d:\users\tj\Projects\SpawnDev.ILGPU\SpawnDev.ILGPU\ILGPU\Runtime\Cuda\CudaAccelerator.cs:line 170
   at ILGPU.Runtime.Cuda.CudaDevice.CreateCudaAccelerator(Context context, CudaAcceleratorFlags acceleratorFlags) in d:\users\tj\Projects\SpawnDev.ILGPU\SpawnDev.ILGPU\ILGPU\Runtime\Cuda\CudaDevice.cs:line 516
   at ILGPU.Runtime.Cuda.CudaDevice.CreateCudaAccelerator(Context context) in d:\users\tj\Projects\SpawnDev.ILGPU\SpawnDev.ILGPU\ILGPU\Runtime\Cuda\CudaDevice.cs:line 505
   at ILGPU.Runtime.Cuda.CudaDevice.CreateAccelerator(Context context) in d:\users\tj\Projects\SpawnDev.ILGPU\SpawnDev.ILGPU\ILGPU\Runtime\Cuda\CudaDevice.cs:line 496
   at CudaTests.CreateAcceleratorAsync() in d:\users\tj\Projects\SpawnDev.ILGPU\SpawnDev.ILGPU\SpawnDev.ILGPU.ConsoleDemo\Program.cs:line 116
   at SpawnDev.ILGPU.Demo.Shared.UnitTests.BackendTestBase.CreateEmulatedAcceleratorAsync() in d:\users\tj\Projects\SpawnDev.ILGPU\SpawnDev.ILGPU\SpawnDev.ILGPU.Demo.Shared\UnitTests\BackendTestBase.cs:line 18
   at SpawnDev.ILGPU.Demo.Shared.UnitTests.BackendTestBase.GetOrCreateEmulatedAcceleratorAsync() in d:\users\tj\Projects\SpawnDev.ILGPU\SpawnDev.ILGPU\SpawnDev.ILGPU.Demo.Shared\UnitTests\BackendTestBase.cs:line 49
   at SpawnDev.ILGPU.Demo.Shared.UnitTests.BackendTestBase.RunEmulatedTest(Func`2 testBody) in d:\users\tj\Projects\SpawnDev.ILGPU\SpawnDev.ILGPU\SpawnDev.ILGPU.Demo.Shared\UnitTests\BackendTestBase.cs:line 66
   at SpawnDev.ILGPU.Demo.Shared.UnitTests.BackendTestBase.DynamicSharedF64Test() in d:\users\tj\Projects\SpawnDev.ILGPU\SpawnDev.ILGPU\SpawnDev.ILGPU.Demo.Shared\UnitTests\BackendTestBase.Tests3.cs:line 690
   at SpawnDev.UnitTesting.UnitTestRunner.RunTest(UnitTest test) in d:\users\tj\Projects\SpawnDev.UnitTesting\SpawnDev.UnitTesting\SpawnDev.UnitTesting\UnitTestRunner.cs:line 183
  [Γ£ù] CudaTests.BroadcastTest (1ms) - ILGPU.Runtime.Cuda.CudaException: an illegal memory access was encountered at CurrentAPI.AllocateMemory(
                        out IntPtr resultPtr,
                        new IntPtr(LengthInBytes))
   at ILGPU.Runtime.Cuda.CudaMemoryBuffer..ctor(CudaAccelerator accelerator, Int64 length, Int32 elementSize) in d:\users\tj\Projects\SpawnDev.ILGPU\SpawnDev.ILGPU\ILGPU\Runtime\Cuda\CudaMemoryBuffer.cs:line 118
   at ILGPU.Runtime.Cuda.CudaAccelerator.AllocateRawInternal(Int64 length, Int32 elementSize) in d:\users\tj\Projects\SpawnDev.ILGPU\SpawnDev.ILGPU\ILGPU\Runtime\Cuda\CudaAccelerator.cs:line 451
   at ILGPU.Runtime.Accelerator.AllocateRaw(Int64 length, Int32 elementSize) in d:\users\tj\Projects\SpawnDev.ILGPU\SpawnDev.ILGPU\ILGPU\Runtime\Accelerator.cs:line 296
   at ILGPU.Runtime.Accelerator.AllocateRaw[T,TExtent,TStrideIndex,TStride](TExtent extent, TStride stride) in d:\users\tj\Projects\SpawnDev.ILGPU\SpawnDev.ILGPU\ILGPU\Runtime\Accelerator.cs:line 335
   at ILGPU.Runtime.Accelerator.Allocate1D[T,TStride](Int64 length, TStride stride) in d:\users\tj\Projects\SpawnDev.ILGPU\SpawnDev.ILGPU\ILGPU\Runtime\Accelerator.Allocations.cs:line 47
   at ILGPU.Runtime.Accelerator.Allocate1D[T](Int64 length) in d:\users\tj\Projects\SpawnDev.ILGPU\SpawnDev.ILGPU\ILGPU\Runtime\Accelerator.Allocations.cs:line 29
   at ILGPU.Runtime.ArrayViewExtensions.Allocate1D[T](Accelerator accelerator, AcceleratorStream stream, T[] data) in d:\users\tj\Projects\SpawnDev.ILGPU\SpawnDev.ILGPU\ILGPU\Runtime\ArrayViewExtensions.cs:line 1830
   at ILGPU.Runtime.ArrayViewExtensions.Allocate1D[T](Accelerator accelerator, T[] data) in d:\users\tj\Projects\SpawnDev.ILGPU\SpawnDev.ILGPU\ILGPU\Runtime\ArrayViewExtensions.cs:line 1801
   at SpawnDev.ILGPU.Demo.Shared.UnitTests.BackendTestBase.<>c.<<BroadcastTest>b__226_0>d.MoveNext() in d:\users\tj\Projects\SpawnDev.ILGPU\SpawnDev.ILGPU\SpawnDev.ILGPU.Demo.Shared\UnitTests\BackendTestBase.Tests3.cs:line 708
--- End of stack trace from previous location ---
   at SpawnDev.ILGPU.Demo.Shared.UnitTests.BackendTestBase.RunTest(Func`2 testBody) in d:\users\tj\Projects\SpawnDev.ILGPU\SpawnDev.ILGPU\SpawnDev.ILGPU.Demo.Shared\UnitTests\BackendTestBase.cs:line 60
   at SpawnDev.ILGPU.Demo.Shared.UnitTests.BackendTestBase.BroadcastTest() in d:\users\tj\Projects\SpawnDev.ILGPU\SpawnDev.ILGPU\SpawnDev.ILGPU.Demo.Shared\UnitTests\BackendTestBase.Tests3.cs:line 703
   at SpawnDev.UnitTesting.UnitTestRunner.RunTest(UnitTest test) in d:\users\tj\Projects\SpawnDev.UnitTesting\SpawnDev.UnitTesting\SpawnDev.UnitTesting\UnitTestRunner.cs:line 183
  [Γ£ù] CudaTests.BroadcastTest (1ms) - ILGPU.Runtime.Cuda.CudaException: an illegal memory access was encountered at CurrentAPI.AllocateMemory(
                        out IntPtr resultPtr,
                        new IntPtr(LengthInBytes))
   at ILGPU.Runtime.Cuda.CudaMemoryBuffer..ctor(CudaAccelerator accelerator, Int64 length, Int32 elementSize) in d:\users\tj\Projects\SpawnDev.ILGPU\SpawnDev.ILGPU\ILGPU\Runtime\Cuda\CudaMemoryBuffer.cs:line 118
   at ILGPU.Runtime.Cuda.CudaAccelerator.AllocateRawInternal(Int64 length, Int32 elementSize) in d:\users\tj\Projects\SpawnDev.ILGPU\SpawnDev.ILGPU\ILGPU\Runtime\Cuda\CudaAccelerator.cs:line 451
   at ILGPU.Runtime.Accelerator.AllocateRaw(Int64 length, Int32 elementSize) in d:\users\tj\Projects\SpawnDev.ILGPU\SpawnDev.ILGPU\ILGPU\Runtime\Accelerator.cs:line 296
   at ILGPU.Runtime.Accelerator.AllocateRaw[T,TExtent,TStrideIndex,TStride](TExtent extent, TStride stride) in d:\users\tj\Projects\SpawnDev.ILGPU\SpawnDev.ILGPU\ILGPU\Runtime\Accelerator.cs:line 335
   at ILGPU.Runtime.Accelerator.Allocate1D[T,TStride](Int64 length, TStride stride) in d:\users\tj\Projects\SpawnDev.ILGPU\SpawnDev.ILGPU\ILGPU\Runtime\Accelerator.Allocations.cs:line 47
   at ILGPU.Runtime.Accelerator.Allocate1D[T](Int64 length) in d:\users\tj\Projects\SpawnDev.ILGPU\SpawnDev.ILGPU\ILGPU\Runtime\Accelerator.Allocations.cs:line 29
   at ILGPU.Runtime.ArrayViewExtensions.Allocate1D[T](Accelerator accelerator, AcceleratorStream stream, T[] data) in d:\users\tj\Projects\SpawnDev.ILGPU\SpawnDev.ILGPU\ILGPU\Runtime\ArrayViewExtensions.cs:line 1830
   at ILGPU.Runtime.ArrayViewExtensions.Allocate1D[T](Accelerator accelerator, T[] data) in d:\users\tj\Projects\SpawnDev.ILGPU\SpawnDev.ILGPU\ILGPU\Runtime\ArrayViewExtensions.cs:line 1801
   at SpawnDev.ILGPU.Demo.Shared.UnitTests.BackendTestBase.<>c.<<BroadcastTest>b__226_0>d.MoveNext() in d:\users\tj\Projects\SpawnDev.ILGPU\SpawnDev.ILGPU\SpawnDev.ILGPU.Demo.Shared\UnitTests\BackendTestBase.Tests3.cs:line 708
--- End of stack trace from previous location ---
   at SpawnDev.ILGPU.Demo.Shared.UnitTests.BackendTestBase.RunTest(Func`2 testBody) in d:\users\tj\Projects\SpawnDev.ILGPU\SpawnDev.ILGPU\SpawnDev.ILGPU.Demo.Shared\UnitTests\BackendTestBase.cs:line 60
   at SpawnDev.ILGPU.Demo.Shared.UnitTests.BackendTestBase.BroadcastTest() in d:\users\tj\Projects\SpawnDev.ILGPU\SpawnDev.ILGPU\SpawnDev.ILGPU.Demo.Shared\UnitTests\BackendTestBase.Tests3.cs:line 703
   at SpawnDev.UnitTesting.UnitTestRunner.RunTest(UnitTest test) in d:\users\tj\Projects\SpawnDev.UnitTesting\SpawnDev.UnitTesting\SpawnDev.UnitTesting\UnitTestRunner.cs:line 183
  [Γ£ù] CudaTests.SubgroupShuffleTest (2ms) - ILGPU.Runtime.Cuda.CudaException: an illegal memory access was encountered at CurrentAPI.AllocateMemory(
                        out IntPtr resultPtr,
                        new IntPtr(LengthInBytes))
   at ILGPU.Runtime.Cuda.CudaMemoryBuffer..ctor(CudaAccelerator accelerator, Int64 length, Int32 elementSize) in d:\users\tj\Projects\SpawnDev.ILGPU\SpawnDev.ILGPU\ILGPU\Runtime\Cuda\CudaMemoryBuffer.cs:line 118
   at ILGPU.Runtime.Cuda.CudaAccelerator.AllocateRawInternal(Int64 length, Int32 elementSize) in d:\users\tj\Projects\SpawnDev.ILGPU\SpawnDev.ILGPU\ILGPU\Runtime\Cuda\CudaAccelerator.cs:line 451
   at ILGPU.Runtime.Accelerator.AllocateRaw(Int64 length, Int32 elementSize) in d:\users\tj\Projects\SpawnDev.ILGPU\SpawnDev.ILGPU\ILGPU\Runtime\Accelerator.cs:line 296
   at ILGPU.Runtime.Accelerator.AllocateRaw[T,TExtent,TStrideIndex,TStride](TExtent extent, TStride stride) in d:\users\tj\Projects\SpawnDev.ILGPU\SpawnDev.ILGPU\ILGPU\Runtime\Accelerator.cs:line 335
   at ILGPU.Runtime.Accelerator.Allocate1D[T,TStride](Int64 length, TStride stride) in d:\users\tj\Projects\SpawnDev.ILGPU\SpawnDev.ILGPU\ILGPU\Runtime\Accelerator.Allocations.cs:line 47
   at ILGPU.Runtime.Accelerator.Allocate1D[T](Int64 length) in d:\users\tj\Projects\SpawnDev.ILGPU\SpawnDev.ILGPU\ILGPU\Runtime\Accelerator.Allocations.cs:line 29
   at ILGPU.Runtime.ArrayViewExtensions.Allocate1D[T](Accelerator accelerator, AcceleratorStream stream, T[] data) in d:\users\tj\Projects\SpawnDev.ILGPU\SpawnDev.ILGPU\ILGPU\Runtime\ArrayViewExtensions.cs:line 1830
   at ILGPU.Runtime.ArrayViewExtensions.Allocate1D[T](Accelerator accelerator, T[] data) in d:\users\tj\Projects\SpawnDev.ILGPU\SpawnDev.ILGPU\ILGPU\Runtime\ArrayViewExtensions.cs:line 1801
   at SpawnDev.ILGPU.Demo.Shared.UnitTests.BackendTestBase.<SubgroupShuffleTest>b__227_0(Accelerator accelerator) in d:\users\tj\Projects\SpawnDev.ILGPU\SpawnDev.ILGPU\SpawnDev.ILGPU.Demo.Shared\UnitTests\BackendTestBase.Tests3.cs:line 734
   at SpawnDev.ILGPU.Demo.Shared.UnitTests.BackendTestBase.RunTest(Func`2 testBody) in d:\users\tj\Projects\SpawnDev.ILGPU\SpawnDev.ILGPU\SpawnDev.ILGPU.Demo.Shared\UnitTests\BackendTestBase.cs:line 60
   at SpawnDev.ILGPU.Demo.Shared.UnitTests.BackendTestBase.SubgroupShuffleTest() in d:\users\tj\Projects\SpawnDev.ILGPU\SpawnDev.ILGPU\SpawnDev.ILGPU.Demo.Shared\UnitTests\BackendTestBase.Tests3.cs:line 725
   at SpawnDev.UnitTesting.UnitTestRunner.RunTest(UnitTest test) in d:\users\tj\Projects\SpawnDev.UnitTesting\SpawnDev.UnitTesting\SpawnDev.UnitTesting\UnitTestRunner.cs:line 183
  [Γ£ù] CudaTests.SubgroupShuffleTest (2ms) - ILGPU.Runtime.Cuda.CudaException: an illegal memory access was encountered at CurrentAPI.AllocateMemory(
                        out IntPtr resultPtr,
                        new IntPtr(LengthInBytes))
   at ILGPU.Runtime.Cuda.CudaMemoryBuffer..ctor(CudaAccelerator accelerator, Int64 length, Int32 elementSize) in d:\users\tj\Projects\SpawnDev.ILGPU\SpawnDev.ILGPU\ILGPU\Runtime\Cuda\CudaMemoryBuffer.cs:line 118
   at ILGPU.Runtime.Cuda.CudaAccelerator.AllocateRawInternal(Int64 length, Int32 elementSize) in d:\users\tj\Projects\SpawnDev.ILGPU\SpawnDev.ILGPU\ILGPU\Runtime\Cuda\CudaAccelerator.cs:line 451
   at ILGPU.Runtime.Accelerator.AllocateRaw(Int64 length, Int32 elementSize) in d:\users\tj\Projects\SpawnDev.ILGPU\SpawnDev.ILGPU\ILGPU\Runtime\Accelerator.cs:line 296
   at ILGPU.Runtime.Accelerator.AllocateRaw[T,TExtent,TStrideIndex,TStride](TExtent extent, TStride stride) in d:\users\tj\Projects\SpawnDev.ILGPU\SpawnDev.ILGPU\ILGPU\Runtime\Accelerator.cs:line 335
   at ILGPU.Runtime.Accelerator.Allocate1D[T,TStride](Int64 length, TStride stride) in d:\users\tj\Projects\SpawnDev.ILGPU\SpawnDev.ILGPU\ILGPU\Runtime\Accelerator.Allocations.cs:line 47
   at ILGPU.Runtime.Accelerator.Allocate1D[T](Int64 length) in d:\users\tj\Projects\SpawnDev.ILGPU\SpawnDev.ILGPU\ILGPU\Runtime\Accelerator.Allocations.cs:line 29
   at ILGPU.Runtime.ArrayViewExtensions.Allocate1D[T](Accelerator accelerator, AcceleratorStream stream, T[] data) in d:\users\tj\Projects\SpawnDev.ILGPU\SpawnDev.ILGPU\ILGPU\Runtime\ArrayViewExtensions.cs:line 1830
   at ILGPU.Runtime.ArrayViewExtensions.Allocate1D[T](Accelerator accelerator, T[] data) in d:\users\tj\Projects\SpawnDev.ILGPU\SpawnDev.ILGPU\ILGPU\Runtime\ArrayViewExtensions.cs:line 1801
   at SpawnDev.ILGPU.Demo.Shared.UnitTests.BackendTestBase.<SubgroupShuffleTest>b__227_0(Accelerator accelerator) in d:\users\tj\Projects\SpawnDev.ILGPU\SpawnDev.ILGPU\SpawnDev.ILGPU.Demo.Shared\UnitTests\BackendTestBase.Tests3.cs:line 734
   at SpawnDev.ILGPU.Demo.Shared.UnitTests.BackendTestBase.RunTest(Func`2 testBody) in d:\users\tj\Projects\SpawnDev.ILGPU\SpawnDev.ILGPU\SpawnDev.ILGPU.Demo.Shared\UnitTests\BackendTestBase.cs:line 60
   at SpawnDev.ILGPU.Demo.Shared.UnitTests.BackendTestBase.SubgroupShuffleTest() in d:\users\tj\Projects\SpawnDev.ILGPU\SpawnDev.ILGPU\SpawnDev.ILGPU.Demo.Shared\UnitTests\BackendTestBase.Tests3.cs:line 725
   at SpawnDev.UnitTesting.UnitTestRunner.RunTest(UnitTest test) in d:\users\tj\Projects\SpawnDev.UnitTesting\SpawnDev.UnitTesting\SpawnDev.UnitTesting\UnitTestRunner.cs:line 183
  [Γ£ù] CudaTests.ManyScalarKernelTest (2ms) - ILGPU.Runtime.Cuda.CudaException: an illegal memory access was encountered at CurrentAPI.AllocateMemory(
                        out IntPtr resultPtr,
                        new IntPtr(LengthInBytes))
   at ILGPU.Runtime.Cuda.CudaMemoryBuffer..ctor(CudaAccelerator accelerator, Int64 length, Int32 elementSize) in d:\users\tj\Projects\SpawnDev.ILGPU\SpawnDev.ILGPU\ILGPU\Runtime\Cuda\CudaMemoryBuffer.cs:line 118
   at ILGPU.Runtime.Cuda.CudaAccelerator.AllocateRawInternal(Int64 length, Int32 elementSize) in d:\users\tj\Projects\SpawnDev.ILGPU\SpawnDev.ILGPU\ILGPU\Runtime\Cuda\CudaAccelerator.cs:line 451
   at ILGPU.Runtime.Accelerator.AllocateRaw(Int64 length, Int32 elementSize) in d:\users\tj\Projects\SpawnDev.ILGPU\SpawnDev.ILGPU\ILGPU\Runtime\Accelerator.cs:line 296
   at ILGPU.Runtime.Accelerator.AllocateRaw[T,TExtent,TStrideIndex,TStride](TExtent extent, TStride stride) in d:\users\tj\Projects\SpawnDev.ILGPU\SpawnDev.ILGPU\ILGPU\Runtime\Accelerator.cs:line 335
   at ILGPU.Runtime.Accelerator.Allocate1D[T,TStride](Int64 length, TStride stride) in d:\users\tj\Projects\SpawnDev.ILGPU\SpawnDev.ILGPU\ILGPU\Runtime\Accelerator.Allocations.cs:line 47
   at ILGPU.Runtime.Accelerator.Allocate1D[T](Int64 length) in d:\users\tj\Projects\SpawnDev.ILGPU\SpawnDev.ILGPU\ILGPU\Runtime\Accelerator.Allocations.cs:line 29
   at SpawnDev.ILGPU.Demo.Shared.UnitTests.BackendTestBase.<>c.<<ManyScalarKernelTest>b__228_0>d.MoveNext() in d:\users\tj\Projects\SpawnDev.ILGPU\SpawnDev.ILGPU\SpawnDev.ILGPU.Demo.Shared\UnitTests\BackendTestBase.Tests3.cs:line 759
--- End of stack trace from previous location ---
   at SpawnDev.ILGPU.Demo.Shared.UnitTests.BackendTestBase.RunTest(Func`2 testBody) in d:\users\tj\Projects\SpawnDev.ILGPU\SpawnDev.ILGPU\SpawnDev.ILGPU.Demo.Shared\UnitTests\BackendTestBase.cs:line 60
   at SpawnDev.ILGPU.Demo.Shared.UnitTests.BackendTestBase.ManyScalarKernelTest() in d:\users\tj\Projects\SpawnDev.ILGPU\SpawnDev.ILGPU\SpawnDev.ILGPU.Demo.Shared\UnitTests\BackendTestBase.Tests3.cs:line 756
   at SpawnDev.UnitTesting.UnitTestRunner.RunTest(UnitTest test) in d:\users\tj\Projects\SpawnDev.UnitTesting\SpawnDev.UnitTesting\SpawnDev.UnitTesting\UnitTestRunner.cs:line 183
  [Γ£ù] CudaTests.ManyScalarKernelTest (2ms) - ILGPU.Runtime.Cuda.CudaException: an illegal memory access was encountered at CurrentAPI.AllocateMemory(
                        out IntPtr resultPtr,
                        new IntPtr(LengthInBytes))
   at ILGPU.Runtime.Cuda.CudaMemoryBuffer..ctor(CudaAccelerator accelerator, Int64 length, Int32 elementSize) in d:\users\tj\Projects\SpawnDev.ILGPU\SpawnDev.ILGPU\ILGPU\Runtime\Cuda\CudaMemoryBuffer.cs:line 118
   at ILGPU.Runtime.Cuda.CudaAccelerator.AllocateRawInternal(Int64 length, Int32 elementSize) in d:\users\tj\Projects\SpawnDev.ILGPU\SpawnDev.ILGPU\ILGPU\Runtime\Cuda\CudaAccelerator.cs:line 451
   at ILGPU.Runtime.Accelerator.AllocateRaw(Int64 length, Int32 elementSize) in d:\users\tj\Projects\SpawnDev.ILGPU\SpawnDev.ILGPU\ILGPU\Runtime\Accelerator.cs:line 296
   at ILGPU.Runtime.Accelerator.AllocateRaw[T,TExtent,TStrideIndex,TStride](TExtent extent, TStride stride) in d:\users\tj\Projects\SpawnDev.ILGPU\SpawnDev.ILGPU\ILGPU\Runtime\Accelerator.cs:line 335
   at ILGPU.Runtime.Accelerator.Allocate1D[T,TStride](Int64 length, TStride stride) in d:\users\tj\Projects\SpawnDev.ILGPU\SpawnDev.ILGPU\ILGPU\Runtime\Accelerator.Allocations.cs:line 47
   at ILGPU.Runtime.Accelerator.Allocate1D[T](Int64 length) in d:\users\tj\Projects\SpawnDev.ILGPU\SpawnDev.ILGPU\ILGPU\Runtime\Accelerator.Allocations.cs:line 29
   at SpawnDev.ILGPU.Demo.Shared.UnitTests.BackendTestBase.<>c.<<ManyScalarKernelTest>b__228_0>d.MoveNext() in d:\users\tj\Projects\SpawnDev.ILGPU\SpawnDev.ILGPU\SpawnDev.ILGPU.Demo.Shared\UnitTests\BackendTestBase.Tests3.cs:line 759
--- End of stack trace from previous location ---
   at SpawnDev.ILGPU.Demo.Shared.UnitTests.BackendTestBase.RunTest(Func`2 testBody) in d:\users\tj\Projects\SpawnDev.ILGPU\SpawnDev.ILGPU\SpawnDev.ILGPU.Demo.Shared\UnitTests\BackendTestBase.cs:line 60
   at SpawnDev.ILGPU.Demo.Shared.UnitTests.BackendTestBase.ManyScalarKernelTest() in d:\users\tj\Projects\SpawnDev.ILGPU\SpawnDev.ILGPU\SpawnDev.ILGPU.Demo.Shared\UnitTests\BackendTestBase.Tests3.cs:line 756
   at SpawnDev.UnitTesting.UnitTestRunner.RunTest(UnitTest test) in d:\users\tj\Projects\SpawnDev.UnitTesting\SpawnDev.UnitTesting\SpawnDev.UnitTesting\UnitTestRunner.cs:line 183
  [Γ£ù] CudaTests.ColormapKernelTest (3ms) - ILGPU.Runtime.Cuda.CudaException: an illegal memory access was encountered at CurrentAPI.AllocateMemory(
                        out IntPtr resultPtr,
                        new IntPtr(LengthInBytes))
   at ILGPU.Runtime.Cuda.CudaMemoryBuffer..ctor(CudaAccelerator accelerator, Int64 length, Int32 elementSize) in d:\users\tj\Projects\SpawnDev.ILGPU\SpawnDev.ILGPU\ILGPU\Runtime\Cuda\CudaMemoryBuffer.cs:line 118
   at ILGPU.Runtime.Cuda.CudaAccelerator.AllocateRawInternal(Int64 length, Int32 elementSize) in d:\users\tj\Projects\SpawnDev.ILGPU\SpawnDev.ILGPU\ILGPU\Runtime\Cuda\CudaAccelerator.cs:line 451
   at ILGPU.Runtime.Accelerator.AllocateRaw(Int64 length, Int32 elementSize) in d:\users\tj\Projects\SpawnDev.ILGPU\SpawnDev.ILGPU\ILGPU\Runtime\Accelerator.cs:line 296
   at ILGPU.Runtime.Accelerator.AllocateRaw[T,TExtent,TStrideIndex,TStride](TExtent extent, TStride stride) in d:\users\tj\Projects\SpawnDev.ILGPU\SpawnDev.ILGPU\ILGPU\Runtime\Accelerator.cs:line 335
   at ILGPU.Runtime.Accelerator.Allocate1D[T,TStride](Int64 length, TStride stride) in d:\users\tj\Projects\SpawnDev.ILGPU\SpawnDev.ILGPU\ILGPU\Runtime\Accelerator.Allocations.cs:line 47
   at ILGPU.Runtime.Accelerator.Allocate1D[T](Int64 length) in d:\users\tj\Projects\SpawnDev.ILGPU\SpawnDev.ILGPU\ILGPU\Runtime\Accelerator.Allocations.cs:line 29
   at ILGPU.Runtime.ArrayViewExtensions.Allocate1D[T](Accelerator accelerator, AcceleratorStream stream, T[] data) in d:\users\tj\Projects\SpawnDev.ILGPU\SpawnDev.ILGPU\ILGPU\Runtime\ArrayViewExtensions.cs:line 1830
   at ILGPU.Runtime.ArrayViewExtensions.Allocate1D[T](Accelerator accelerator, T[] data) in d:\users\tj\Projects\SpawnDev.ILGPU\SpawnDev.ILGPU\ILGPU\Runtime\ArrayViewExtensions.cs:line 1801
   at SpawnDev.ILGPU.Demo.Shared.UnitTests.BackendTestBase.<>c.<<ColormapKernelTest>b__229_0>d.MoveNext() in d:\users\tj\Projects\SpawnDev.ILGPU\SpawnDev.ILGPU\SpawnDev.ILGPU.Demo.Shared\UnitTests\BackendTestBase.Tests3.cs:line 785
--- End of stack trace from previous location ---
   at SpawnDev.ILGPU.Demo.Shared.UnitTests.BackendTestBase.RunTest(Func`2 testBody) in d:\users\tj\Projects\SpawnDev.ILGPU\SpawnDev.ILGPU\SpawnDev.ILGPU.Demo.Shared\UnitTests\BackendTestBase.cs:line 60
   at SpawnDev.ILGPU.Demo.Shared.UnitTests.BackendTestBase.ColormapKernelTest() in d:\users\tj\Projects\SpawnDev.ILGPU\SpawnDev.ILGPU\SpawnDev.ILGPU.Demo.Shared\UnitTests\BackendTestBase.Tests3.cs:line 778
   at SpawnDev.UnitTesting.UnitTestRunner.RunTest(UnitTest test) in d:\users\tj\Projects\SpawnDev.UnitTesting\SpawnDev.UnitTesting\SpawnDev.UnitTesting\UnitTestRunner.cs:line 183
  [Γ£ù] CudaTests.ColormapKernelTest (3ms) - ILGPU.Runtime.Cuda.CudaException: an illegal memory access was encountered at CurrentAPI.AllocateMemory(
                        out IntPtr resultPtr,
                        new IntPtr(LengthInBytes))
   at ILGPU.Runtime.Cuda.CudaMemoryBuffer..ctor(CudaAccelerator accelerator, Int64 length, Int32 elementSize) in d:\users\tj\Projects\SpawnDev.ILGPU\SpawnDev.ILGPU\ILGPU\Runtime\Cuda\CudaMemoryBuffer.cs:line 118
   at ILGPU.Runtime.Cuda.CudaAccelerator.AllocateRawInternal(Int64 length, Int32 elementSize) in d:\users\tj\Projects\SpawnDev.ILGPU\SpawnDev.ILGPU\ILGPU\Runtime\Cuda\CudaAccelerator.cs:line 451
   at ILGPU.Runtime.Accelerator.AllocateRaw(Int64 length, Int32 elementSize) in d:\users\tj\Projects\SpawnDev.ILGPU\SpawnDev.ILGPU\ILGPU\Runtime\Accelerator.cs:line 296
   at ILGPU.Runtime.Accelerator.AllocateRaw[T,TExtent,TStrideIndex,TStride](TExtent extent, TStride stride) in d:\users\tj\Projects\SpawnDev.ILGPU\SpawnDev.ILGPU\ILGPU\Runtime\Accelerator.cs:line 335
   at ILGPU.Runtime.Accelerator.Allocate1D[T,TStride](Int64 length, TStride stride) in d:\users\tj\Projects\SpawnDev.ILGPU\SpawnDev.ILGPU\ILGPU\Runtime\Accelerator.Allocations.cs:line 47
   at ILGPU.Runtime.Accelerator.Allocate1D[T](Int64 length) in d:\users\tj\Projects\SpawnDev.ILGPU\SpawnDev.ILGPU\ILGPU\Runtime\Accelerator.Allocations.cs:line 29
   at ILGPU.Runtime.ArrayViewExtensions.Allocate1D[T](Accelerator accelerator, AcceleratorStream stream, T[] data) in d:\users\tj\Projects\SpawnDev.ILGPU\SpawnDev.ILGPU\ILGPU\Runtime\ArrayViewExtensions.cs:line 1830
   at ILGPU.Runtime.ArrayViewExtensions.Allocate1D[T](Accelerator accelerator, T[] data) in d:\users\tj\Projects\SpawnDev.ILGPU\SpawnDev.ILGPU\ILGPU\Runtime\ArrayViewExtensions.cs:line 1801
   at SpawnDev.ILGPU.Demo.Shared.UnitTests.BackendTestBase.<>c.<<ColormapKernelTest>b__229_0>d.MoveNext() in d:\users\tj\Projects\SpawnDev.ILGPU\SpawnDev.ILGPU\SpawnDev.ILGPU.Demo.Shared\UnitTests\BackendTestBase.Tests3.cs:line 785
--- End of stack trace from previous location ---
   at SpawnDev.ILGPU.Demo.Shared.UnitTests.BackendTestBase.RunTest(Func`2 testBody) in d:\users\tj\Projects\SpawnDev.ILGPU\SpawnDev.ILGPU\SpawnDev.ILGPU.Demo.Shared\UnitTests\BackendTestBase.cs:line 60
   at SpawnDev.ILGPU.Demo.Shared.UnitTests.BackendTestBase.ColormapKernelTest() in d:\users\tj\Projects\SpawnDev.ILGPU\SpawnDev.ILGPU\SpawnDev.ILGPU.Demo.Shared\UnitTests\BackendTestBase.Tests3.cs:line 778
   at SpawnDev.UnitTesting.UnitTestRunner.RunTest(UnitTest test) in d:\users\tj\Projects\SpawnDev.UnitTesting\SpawnDev.UnitTesting\SpawnDev.UnitTesting\UnitTestRunner.cs:line 183
  [Γ£ù] CudaTests.AtomicAndOrXorTest (1ms) - ILGPU.Runtime.Cuda.CudaException: an illegal memory access was encountered at CurrentAPI.AllocateMemory(
                        out IntPtr resultPtr,
                        new IntPtr(LengthInBytes))
   at ILGPU.Runtime.Cuda.CudaMemoryBuffer..ctor(CudaAccelerator accelerator, Int64 length, Int32 elementSize) in d:\users\tj\Projects\SpawnDev.ILGPU\SpawnDev.ILGPU\ILGPU\Runtime\Cuda\CudaMemoryBuffer.cs:line 118
   at ILGPU.Runtime.Cuda.CudaAccelerator.AllocateRawInternal(Int64 length, Int32 elementSize) in d:\users\tj\Projects\SpawnDev.ILGPU\SpawnDev.ILGPU\ILGPU\Runtime\Cuda\CudaAccelerator.cs:line 451
   at ILGPU.Runtime.Accelerator.AllocateRaw(Int64 length, Int32 elementSize) in d:\users\tj\Projects\SpawnDev.ILGPU\SpawnDev.ILGPU\ILGPU\Runtime\Accelerator.cs:line 296
   at ILGPU.Runtime.Accelerator.AllocateRaw[T,TExtent,TStrideIndex,TStride](TExtent extent, TStride stride) in d:\users\tj\Projects\SpawnDev.ILGPU\SpawnDev.ILGPU\ILGPU\Runtime\Accelerator.cs:line 335
   at ILGPU.Runtime.Accelerator.Allocate1D[T,TStride](Int64 length, TStride stride) in d:\users\tj\Projects\SpawnDev.ILGPU\SpawnDev.ILGPU\ILGPU\Runtime\Accelerator.Allocations.cs:line 47
   at ILGPU.Runtime.Accelerator.Allocate1D[T](Int64 length) in d:\users\tj\Projects\SpawnDev.ILGPU\SpawnDev.ILGPU\ILGPU\Runtime\Accelerator.Allocations.cs:line 29
   at SpawnDev.ILGPU.Demo.Shared.UnitTests.BackendTestBase.<>c.<<AtomicAndOrXorTest>b__246_0>d.MoveNext() in d:\users\tj\Projects\SpawnDev.ILGPU\SpawnDev.ILGPU\SpawnDev.ILGPU.Demo.Shared\UnitTests\BackendTestBase.Tests4.cs:line 211
--- End of stack trace from previous location ---
   at SpawnDev.ILGPU.Demo.Shared.UnitTests.BackendTestBase.RunTest(Func`2 testBody) in d:\users\tj\Projects\SpawnDev.ILGPU\SpawnDev.ILGPU\SpawnDev.ILGPU.Demo.Shared\UnitTests\BackendTestBase.cs:line 60
   at SpawnDev.ILGPU.Demo.Shared.UnitTests.BackendTestBase.AtomicAndOrXorTest() in d:\users\tj\Projects\SpawnDev.ILGPU\SpawnDev.ILGPU\SpawnDev.ILGPU.Demo.Shared\UnitTests\BackendTestBase.Tests4.cs:line 209
   at SpawnDev.UnitTesting.UnitTestRunner.RunTest(UnitTest test) in d:\users\tj\Projects\SpawnDev.UnitTesting\SpawnDev.UnitTesting\SpawnDev.UnitTesting\UnitTestRunner.cs:line 183
  [Γ£ù] CudaTests.AtomicAndOrXorTest (1ms) - ILGPU.Runtime.Cuda.CudaException: an illegal memory access was encountered at CurrentAPI.AllocateMemory(
                        out IntPtr resultPtr,
                        new IntPtr(LengthInBytes))
   at ILGPU.Runtime.Cuda.CudaMemoryBuffer..ctor(CudaAccelerator accelerator, Int64 length, Int32 elementSize) in d:\users\tj\Projects\SpawnDev.ILGPU\SpawnDev.ILGPU\ILGPU\Runtime\Cuda\CudaMemoryBuffer.cs:line 118
   at ILGPU.Runtime.Cuda.CudaAccelerator.AllocateRawInternal(Int64 length, Int32 elementSize) in d:\users\tj\Projects\SpawnDev.ILGPU\SpawnDev.ILGPU\ILGPU\Runtime\Cuda\CudaAccelerator.cs:line 451
   at ILGPU.Runtime.Accelerator.AllocateRaw(Int64 length, Int32 elementSize) in d:\users\tj\Projects\SpawnDev.ILGPU\SpawnDev.ILGPU\ILGPU\Runtime\Accelerator.cs:line 296
   at ILGPU.Runtime.Accelerator.AllocateRaw[T,TExtent,TStrideIndex,TStride](TExtent extent, TStride stride) in d:\users\tj\Projects\SpawnDev.ILGPU\SpawnDev.ILGPU\ILGPU\Runtime\Accelerator.cs:line 335
   at ILGPU.Runtime.Accelerator.Allocate1D[T,TStride](Int64 length, TStride stride) in d:\users\tj\Projects\SpawnDev.ILGPU\SpawnDev.ILGPU\ILGPU\Runtime\Accelerator.Allocations.cs:line 47
   at ILGPU.Runtime.Accelerator.Allocate1D[T](Int64 length) in d:\users\tj\Projects\SpawnDev.ILGPU\SpawnDev.ILGPU\ILGPU\Runtime\Accelerator.Allocations.cs:line 29
   at SpawnDev.ILGPU.Demo.Shared.UnitTests.BackendTestBase.<>c.<<AtomicAndOrXorTest>b__246_0>d.MoveNext() in d:\users\tj\Projects\SpawnDev.ILGPU\SpawnDev.ILGPU\SpawnDev.ILGPU.Demo.Shared\UnitTests\BackendTestBase.Tests4.cs:line 211
--- End of stack trace from previous location ---
   at SpawnDev.ILGPU.Demo.Shared.UnitTests.BackendTestBase.RunTest(Func`2 testBody) in d:\users\tj\Projects\SpawnDev.ILGPU\SpawnDev.ILGPU\SpawnDev.ILGPU.Demo.Shared\UnitTests\BackendTestBase.cs:line 60
   at SpawnDev.ILGPU.Demo.Shared.UnitTests.BackendTestBase.AtomicAndOrXorTest() in d:\users\tj\Projects\SpawnDev.ILGPU\SpawnDev.ILGPU\SpawnDev.ILGPU.Demo.Shared\UnitTests\BackendTestBase.Tests4.cs:line 209
   at SpawnDev.UnitTesting.UnitTestRunner.RunTest(UnitTest test) in d:\users\tj\Projects\SpawnDev.UnitTesting\SpawnDev.UnitTesting\SpawnDev.UnitTesting\UnitTestRunner.cs:line 183
  [Γ£ù] CudaTests.XMathFunctionsTest (1ms) - ILGPU.Runtime.Cuda.CudaException: an illegal memory access was encountered at CurrentAPI.AllocateMemory(
                        out IntPtr resultPtr,
                        new IntPtr(LengthInBytes))
   at ILGPU.Runtime.Cuda.CudaMemoryBuffer..ctor(CudaAccelerator accelerator, Int64 length, Int32 elementSize) in d:\users\tj\Projects\SpawnDev.ILGPU\SpawnDev.ILGPU\ILGPU\Runtime\Cuda\CudaMemoryBuffer.cs:line 118
   at ILGPU.Runtime.Cuda.CudaAccelerator.AllocateRawInternal(Int64 length, Int32 elementSize) in d:\users\tj\Projects\SpawnDev.ILGPU\SpawnDev.ILGPU\ILGPU\Runtime\Cuda\CudaAccelerator.cs:line 451
   at ILGPU.Runtime.Accelerator.AllocateRaw(Int64 length, Int32 elementSize) in d:\users\tj\Projects\SpawnDev.ILGPU\SpawnDev.ILGPU\ILGPU\Runtime\Accelerator.cs:line 296
   at ILGPU.Runtime.Accelerator.AllocateRaw[T,TExtent,TStrideIndex,TStride](TExtent extent, TStride stride) in d:\users\tj\Projects\SpawnDev.ILGPU\SpawnDev.ILGPU\ILGPU\Runtime\Accelerator.cs:line 335
   at ILGPU.Runtime.Accelerator.Allocate1D[T,TStride](Int64 length, TStride stride) in d:\users\tj\Projects\SpawnDev.ILGPU\SpawnDev.ILGPU\ILGPU\Runtime\Accelerator.Allocations.cs:line 47
   at ILGPU.Runtime.Accelerator.Allocate1D[T](Int64 length) in d:\users\tj\Projects\SpawnDev.ILGPU\SpawnDev.ILGPU\ILGPU\Runtime\Accelerator.Allocations.cs:line 29
   at SpawnDev.ILGPU.Demo.Shared.UnitTests.BackendTestBase.<>c.<<XMathFunctionsTest>b__247_0>d.MoveNext() in d:\users\tj\Projects\SpawnDev.ILGPU\SpawnDev.ILGPU\SpawnDev.ILGPU.Demo.Shared\UnitTests\BackendTestBase.Tests4.cs:line 237
--- End of stack trace from previous location ---
   at SpawnDev.ILGPU.Demo.Shared.UnitTests.BackendTestBase.RunTest(Func`2 testBody) in d:\users\tj\Projects\SpawnDev.ILGPU\SpawnDev.ILGPU\SpawnDev.ILGPU.Demo.Shared\UnitTests\BackendTestBase.cs:line 60
   at SpawnDev.ILGPU.Demo.Shared.UnitTests.BackendTestBase.XMathFunctionsTest() in d:\users\tj\Projects\SpawnDev.ILGPU\SpawnDev.ILGPU\SpawnDev.ILGPU.Demo.Shared\UnitTests\BackendTestBase.Tests4.cs:line 233
   at SpawnDev.UnitTesting.UnitTestRunner.RunTest(UnitTest test) in d:\users\tj\Projects\SpawnDev.UnitTesting\SpawnDev.UnitTesting\SpawnDev.UnitTesting\UnitTestRunner.cs:line 183
  [Γ£ù] CudaTests.XMathFunctionsTest (1ms) - ILGPU.Runtime.Cuda.CudaException: an illegal memory access was encountered at CurrentAPI.AllocateMemory(
                        out IntPtr resultPtr,
                        new IntPtr(LengthInBytes))
   at ILGPU.Runtime.Cuda.CudaMemoryBuffer..ctor(CudaAccelerator accelerator, Int64 length, Int32 elementSize) in d:\users\tj\Projects\SpawnDev.ILGPU\SpawnDev.ILGPU\ILGPU\Runtime\Cuda\CudaMemoryBuffer.cs:line 118
   at ILGPU.Runtime.Cuda.CudaAccelerator.AllocateRawInternal(Int64 length, Int32 elementSize) in d:\users\tj\Projects\SpawnDev.ILGPU\SpawnDev.ILGPU\ILGPU\Runtime\Cuda\CudaAccelerator.cs:line 451
   at ILGPU.Runtime.Accelerator.AllocateRaw(Int64 length, Int32 elementSize) in d:\users\tj\Projects\SpawnDev.ILGPU\SpawnDev.ILGPU\ILGPU\Runtime\Accelerator.cs:line 296
   at ILGPU.Runtime.Accelerator.AllocateRaw[T,TExtent,TStrideIndex,TStride](TExtent extent, TStride stride) in d:\users\tj\Projects\SpawnDev.ILGPU\SpawnDev.ILGPU\ILGPU\Runtime\Accelerator.cs:line 335
   at ILGPU.Runtime.Accelerator.Allocate1D[T,TStride](Int64 length, TStride stride) in d:\users\tj\Projects\SpawnDev.ILGPU\SpawnDev.ILGPU\ILGPU\Runtime\Accelerator.Allocations.cs:line 47
   at ILGPU.Runtime.Accelerator.Allocate1D[T](Int64 length) in d:\users\tj\Projects\SpawnDev.ILGPU\SpawnDev.ILGPU\ILGPU\Runtime\Accelerator.Allocations.cs:line 29
   at SpawnDev.ILGPU.Demo.Shared.UnitTests.BackendTestBase.<>c.<<XMathFunctionsTest>b__247_0>d.MoveNext() in d:\users\tj\Projects\SpawnDev.ILGPU\SpawnDev.ILGPU\SpawnDev.ILGPU.Demo.Shared\UnitTests\BackendTestBase.Tests4.cs:line 237
--- End of stack trace from previous location ---
   at SpawnDev.ILGPU.Demo.Shared.UnitTests.BackendTestBase.RunTest(Func`2 testBody) in d:\users\tj\Projects\SpawnDev.ILGPU\SpawnDev.ILGPU\SpawnDev.ILGPU.Demo.Shared\UnitTests\BackendTestBase.cs:line 60
   at SpawnDev.ILGPU.Demo.Shared.UnitTests.BackendTestBase.XMathFunctionsTest() in d:\users\tj\Projects\SpawnDev.ILGPU\SpawnDev.ILGPU\SpawnDev.ILGPU.Demo.Shared\UnitTests\BackendTestBase.Tests4.cs:line 233
   at SpawnDev.UnitTesting.UnitTestRunner.RunTest(UnitTest test) in d:\users\tj\Projects\SpawnDev.UnitTesting\SpawnDev.UnitTesting\SpawnDev.UnitTesting\UnitTestRunner.cs:line 183
  [Γ£ù] CudaTests.IntrinsicMathClampTest (1ms) - ILGPU.Runtime.Cuda.CudaException: an illegal memory access was encountered at CurrentAPI.AllocateMemory(
                        out IntPtr resultPtr,
                        new IntPtr(LengthInBytes))
   at ILGPU.Runtime.Cuda.CudaMemoryBuffer..ctor(CudaAccelerator accelerator, Int64 length, Int32 elementSize) in d:\users\tj\Projects\SpawnDev.ILGPU\SpawnDev.ILGPU\ILGPU\Runtime\Cuda\CudaMemoryBuffer.cs:line 118
   at ILGPU.Runtime.Cuda.CudaAccelerator.AllocateRawInternal(Int64 length, Int32 elementSize) in d:\users\tj\Projects\SpawnDev.ILGPU\SpawnDev.ILGPU\ILGPU\Runtime\Cuda\CudaAccelerator.cs:line 451
   at ILGPU.Runtime.Accelerator.AllocateRaw(Int64 length, Int32 elementSize) in d:\users\tj\Projects\SpawnDev.ILGPU\SpawnDev.ILGPU\ILGPU\Runtime\Accelerator.cs:line 296
   at ILGPU.Runtime.Accelerator.AllocateRaw[T,TExtent,TStrideIndex,TStride](TExtent extent, TStride stride) in d:\users\tj\Projects\SpawnDev.ILGPU\SpawnDev.ILGPU\ILGPU\Runtime\Accelerator.cs:line 335
   at ILGPU.Runtime.Accelerator.Allocate1D[T,TStride](Int64 length, TStride stride) in d:\users\tj\Projects\SpawnDev.ILGPU\SpawnDev.ILGPU\ILGPU\Runtime\Accelerator.Allocations.cs:line 47
   at ILGPU.Runtime.Accelerator.Allocate1D[T](Int64 length) in d:\users\tj\Projects\SpawnDev.ILGPU\SpawnDev.ILGPU\ILGPU\Runtime\Accelerator.Allocations.cs:line 29
   at SpawnDev.ILGPU.Demo.Shared.UnitTests.BackendTestBase.<>c.<<IntrinsicMathClampTest>b__248_0>d.MoveNext() in d:\users\tj\Projects\SpawnDev.ILGPU\SpawnDev.ILGPU\SpawnDev.ILGPU.Demo.Shared\UnitTests\BackendTestBase.Tests4.cs:line 255
--- End of stack trace from previous location ---
   at SpawnDev.ILGPU.Demo.Shared.UnitTests.BackendTestBase.RunTest(Func`2 testBody) in d:\users\tj\Projects\SpawnDev.ILGPU\SpawnDev.ILGPU\SpawnDev.ILGPU.Demo.Shared\UnitTests\BackendTestBase.cs:line 60
   at SpawnDev.ILGPU.Demo.Shared.UnitTests.BackendTestBase.IntrinsicMathClampTest() in d:\users\tj\Projects\SpawnDev.ILGPU\SpawnDev.ILGPU\SpawnDev.ILGPU.Demo.Shared\UnitTests\BackendTestBase.Tests4.cs:line 252
   at SpawnDev.UnitTesting.UnitTestRunner.RunTest(UnitTest test) in d:\users\tj\Projects\SpawnDev.UnitTesting\SpawnDev.UnitTesting\SpawnDev.UnitTesting\UnitTestRunner.cs:line 183
  [Γ£ù] CudaTests.IntrinsicMathClampTest (1ms) - ILGPU.Runtime.Cuda.CudaException: an illegal memory access was encountered at CurrentAPI.AllocateMemory(
                        out IntPtr resultPtr,
                        new IntPtr(LengthInBytes))
   at ILGPU.Runtime.Cuda.CudaMemoryBuffer..ctor(CudaAccelerator accelerator, Int64 length, Int32 elementSize) in d:\users\tj\Projects\SpawnDev.ILGPU\SpawnDev.ILGPU\ILGPU\Runtime\Cuda\CudaMemoryBuffer.cs:line 118
   at ILGPU.Runtime.Cuda.CudaAccelerator.AllocateRawInternal(Int64 length, Int32 elementSize) in d:\users\tj\Projects\SpawnDev.ILGPU\SpawnDev.ILGPU\ILGPU\Runtime\Cuda\CudaAccelerator.cs:line 451
   at ILGPU.Runtime.Accelerator.AllocateRaw(Int64 length, Int32 elementSize) in d:\users\tj\Projects\SpawnDev.ILGPU\SpawnDev.ILGPU\ILGPU\Runtime\Accelerator.cs:line 296
   at ILGPU.Runtime.Accelerator.AllocateRaw[T,TExtent,TStrideIndex,TStride](TExtent extent, TStride stride) in d:\users\tj\Projects\SpawnDev.ILGPU\SpawnDev.ILGPU\ILGPU\Runtime\Accelerator.cs:line 335
   at ILGPU.Runtime.Accelerator.Allocate1D[T,TStride](Int64 length, TStride stride) in d:\users\tj\Projects\SpawnDev.ILGPU\SpawnDev.ILGPU\ILGPU\Runtime\Accelerator.Allocations.cs:line 47
   at ILGPU.Runtime.Accelerator.Allocate1D[T](Int64 length) in d:\users\tj\Projects\SpawnDev.ILGPU\SpawnDev.ILGPU\ILGPU\Runtime\Accelerator.Allocations.cs:line 29
   at SpawnDev.ILGPU.Demo.Shared.UnitTests.BackendTestBase.<>c.<<IntrinsicMathClampTest>b__248_0>d.MoveNext() in d:\users\tj\Projects\SpawnDev.ILGPU\SpawnDev.ILGPU\SpawnDev.ILGPU.Demo.Shared\UnitTests\BackendTestBase.Tests4.cs:line 255
--- End of stack trace from previous location ---
   at SpawnDev.ILGPU.Demo.Shared.UnitTests.BackendTestBase.RunTest(Func`2 testBody) in d:\users\tj\Projects\SpawnDev.ILGPU\SpawnDev.ILGPU\SpawnDev.ILGPU.Demo.Shared\UnitTests\BackendTestBase.cs:line 60
   at SpawnDev.ILGPU.Demo.Shared.UnitTests.BackendTestBase.IntrinsicMathClampTest() in d:\users\tj\Projects\SpawnDev.ILGPU\SpawnDev.ILGPU\SpawnDev.ILGPU.Demo.Shared\UnitTests\BackendTestBase.Tests4.cs:line 252
   at SpawnDev.UnitTesting.UnitTestRunner.RunTest(UnitTest test) in d:\users\tj\Projects\SpawnDev.UnitTesting\SpawnDev.UnitTesting\SpawnDev.UnitTesting\UnitTestRunner.cs:line 183
  [Γ£ù] CudaTests.ExplicitGroupKernelTest (2ms) - ILGPU.Runtime.Cuda.CudaException: an illegal memory access was encountered at CurrentAPI.AllocateMemory(
                        out IntPtr resultPtr,
                        new IntPtr(LengthInBytes))
   at ILGPU.Runtime.Cuda.CudaMemoryBuffer..ctor(CudaAccelerator accelerator, Int64 length, Int32 elementSize) in d:\users\tj\Projects\SpawnDev.ILGPU\SpawnDev.ILGPU\ILGPU\Runtime\Cuda\CudaMemoryBuffer.cs:line 118
   at ILGPU.Runtime.Cuda.CudaAccelerator.AllocateRawInternal(Int64 length, Int32 elementSize) in d:\users\tj\Projects\SpawnDev.ILGPU\SpawnDev.ILGPU\ILGPU\Runtime\Cuda\CudaAccelerator.cs:line 451
   at ILGPU.Runtime.Accelerator.AllocateRaw(Int64 length, Int32 elementSize) in d:\users\tj\Projects\SpawnDev.ILGPU\SpawnDev.ILGPU\ILGPU\Runtime\Accelerator.cs:line 296
   at ILGPU.Runtime.Accelerator.AllocateRaw[T,TExtent,TStrideIndex,TStride](TExtent extent, TStride stride) in d:\users\tj\Projects\SpawnDev.ILGPU\SpawnDev.ILGPU\ILGPU\Runtime\Accelerator.cs:line 335
   at ILGPU.Runtime.Accelerator.Allocate1D[T,TStride](Int64 length, TStride stride) in d:\users\tj\Projects\SpawnDev.ILGPU\SpawnDev.ILGPU\ILGPU\Runtime\Accelerator.Allocations.cs:line 47
   at ILGPU.Runtime.Accelerator.Allocate1D[T](Int64 length) in d:\users\tj\Projects\SpawnDev.ILGPU\SpawnDev.ILGPU\ILGPU\Runtime\Accelerator.Allocations.cs:line 29
   at SpawnDev.ILGPU.Demo.Shared.UnitTests.BackendTestBase.<>c.<<ExplicitGroupKernelTest>b__249_0>d.MoveNext() in d:\users\tj\Projects\SpawnDev.ILGPU\SpawnDev.ILGPU\SpawnDev.ILGPU.Demo.Shared\UnitTests\BackendTestBase.Tests4.cs:line 271
--- End of stack trace from previous location ---
   at SpawnDev.ILGPU.Demo.Shared.UnitTests.BackendTestBase.RunTest(Func`2 testBody) in d:\users\tj\Projects\SpawnDev.ILGPU\SpawnDev.ILGPU\SpawnDev.ILGPU.Demo.Shared\UnitTests\BackendTestBase.cs:line 60
   at SpawnDev.ILGPU.Demo.Shared.UnitTests.BackendTestBase.ExplicitGroupKernelTest() in d:\users\tj\Projects\SpawnDev.ILGPU\SpawnDev.ILGPU\SpawnDev.ILGPU.Demo.Shared\UnitTests\BackendTestBase.Tests4.cs:line 268
   at SpawnDev.UnitTesting.UnitTestRunner.RunTest(UnitTest test) in d:\users\tj\Projects\SpawnDev.UnitTesting\SpawnDev.UnitTesting\SpawnDev.UnitTesting\UnitTestRunner.cs:line 183
  [Γ£ù] CudaTests.ExplicitGroupKernelTest (2ms) - ILGPU.Runtime.Cuda.CudaException: an illegal memory access was encountered at CurrentAPI.AllocateMemory(
                        out IntPtr resultPtr,
                        new IntPtr(LengthInBytes))
   at ILGPU.Runtime.Cuda.CudaMemoryBuffer..ctor(CudaAccelerator accelerator, Int64 length, Int32 elementSize) in d:\users\tj\Projects\SpawnDev.ILGPU\SpawnDev.ILGPU\ILGPU\Runtime\Cuda\CudaMemoryBuffer.cs:line 118
   at ILGPU.Runtime.Cuda.CudaAccelerator.AllocateRawInternal(Int64 length, Int32 elementSize) in d:\users\tj\Projects\SpawnDev.ILGPU\SpawnDev.ILGPU\ILGPU\Runtime\Cuda\CudaAccelerator.cs:line 451
   at ILGPU.Runtime.Accelerator.AllocateRaw(Int64 length, Int32 elementSize) in d:\users\tj\Projects\SpawnDev.ILGPU\SpawnDev.ILGPU\ILGPU\Runtime\Accelerator.cs:line 296
   at ILGPU.Runtime.Accelerator.AllocateRaw[T,TExtent,TStrideIndex,TStride](TExtent extent, TStride stride) in d:\users\tj\Projects\SpawnDev.ILGPU\SpawnDev.ILGPU\ILGPU\Runtime\Accelerator.cs:line 335
   at ILGPU.Runtime.Accelerator.Allocate1D[T,TStride](Int64 length, TStride stride) in d:\users\tj\Projects\SpawnDev.ILGPU\SpawnDev.ILGPU\ILGPU\Runtime\Accelerator.Allocations.cs:line 47
   at ILGPU.Runtime.Accelerator.Allocate1D[T](Int64 length) in d:\users\tj\Projects\SpawnDev.ILGPU\SpawnDev.ILGPU\ILGPU\Runtime\Accelerator.Allocations.cs:line 29
   at SpawnDev.ILGPU.Demo.Shared.UnitTests.BackendTestBase.<>c.<<ExplicitGroupKernelTest>b__249_0>d.MoveNext() in d:\users\tj\Projects\SpawnDev.ILGPU\SpawnDev.ILGPU\SpawnDev.ILGPU.Demo.Shared\UnitTests\BackendTestBase.Tests4.cs:line 271
--- End of stack trace from previous location ---
   at SpawnDev.ILGPU.Demo.Shared.UnitTests.BackendTestBase.RunTest(Func`2 testBody) in d:\users\tj\Projects\SpawnDev.ILGPU\SpawnDev.ILGPU\SpawnDev.ILGPU.Demo.Shared\UnitTests\BackendTestBase.cs:line 60
   at SpawnDev.ILGPU.Demo.Shared.UnitTests.BackendTestBase.ExplicitGroupKernelTest() in d:\users\tj\Projects\SpawnDev.ILGPU\SpawnDev.ILGPU\SpawnDev.ILGPU.Demo.Shared\UnitTests\BackendTestBase.Tests4.cs:line 268
   at SpawnDev.UnitTesting.UnitTestRunner.RunTest(UnitTest test) in d:\users\tj\Projects\SpawnDev.UnitTesting\SpawnDev.UnitTesting\SpawnDev.UnitTesting\UnitTestRunner.cs:line 183
  [Γ£ù] CudaTests.PrefixSumTest (2ms) - ILGPU.Runtime.Cuda.CudaException: an illegal memory access was encountered at CurrentAPI.AllocateMemory(
                        out IntPtr resultPtr,
                        new IntPtr(LengthInBytes))
   at ILGPU.Runtime.Cuda.CudaMemoryBuffer..ctor(CudaAccelerator accelerator, Int64 length, Int32 elementSize) in d:\users\tj\Projects\SpawnDev.ILGPU\SpawnDev.ILGPU\ILGPU\Runtime\Cuda\CudaMemoryBuffer.cs:line 118
   at ILGPU.Runtime.Cuda.CudaAccelerator.AllocateRawInternal(Int64 length, Int32 elementSize) in d:\users\tj\Projects\SpawnDev.ILGPU\SpawnDev.ILGPU\ILGPU\Runtime\Cuda\CudaAccelerator.cs:line 451
   at ILGPU.Runtime.Accelerator.AllocateRaw(Int64 length, Int32 elementSize) in d:\users\tj\Projects\SpawnDev.ILGPU\SpawnDev.ILGPU\ILGPU\Runtime\Accelerator.cs:line 296
   at ILGPU.Runtime.Accelerator.AllocateRaw[T,TExtent,TStrideIndex,TStride](TExtent extent, TStride stride) in d:\users\tj\Projects\SpawnDev.ILGPU\SpawnDev.ILGPU\ILGPU\Runtime\Accelerator.cs:line 335
   at ILGPU.Runtime.Accelerator.Allocate1D[T,TStride](Int64 length, TStride stride) in d:\users\tj\Projects\SpawnDev.ILGPU\SpawnDev.ILGPU\ILGPU\Runtime\Accelerator.Allocations.cs:line 47
   at ILGPU.Runtime.Accelerator.Allocate1D[T](Int64 length) in d:\users\tj\Projects\SpawnDev.ILGPU\SpawnDev.ILGPU\ILGPU\Runtime\Accelerator.Allocations.cs:line 29
   at ILGPU.Runtime.ArrayViewExtensions.Allocate1D[T](Accelerator accelerator, AcceleratorStream stream, T[] data) in d:\users\tj\Projects\SpawnDev.ILGPU\SpawnDev.ILGPU\ILGPU\Runtime\ArrayViewExtensions.cs:line 1830
   at ILGPU.Runtime.ArrayViewExtensions.Allocate1D[T](Accelerator accelerator, T[] data) in d:\users\tj\Projects\SpawnDev.ILGPU\SpawnDev.ILGPU\ILGPU\Runtime\ArrayViewExtensions.cs:line 1801
   at SpawnDev.ILGPU.Demo.Shared.UnitTests.BackendTestBase.<>c.<<PrefixSumTest>b__250_0>d.MoveNext() in d:\users\tj\Projects\SpawnDev.ILGPU\SpawnDev.ILGPU\SpawnDev.ILGPU.Demo.Shared\UnitTests\BackendTestBase.Tests4.cs:line 291
--- End of stack trace from previous location ---
   at SpawnDev.ILGPU.Demo.Shared.UnitTests.BackendTestBase.RunTest(Func`2 testBody) in d:\users\tj\Projects\SpawnDev.ILGPU\SpawnDev.ILGPU\SpawnDev.ILGPU.Demo.Shared\UnitTests\BackendTestBase.cs:line 60
   at SpawnDev.ILGPU.Demo.Shared.UnitTests.BackendTestBase.PrefixSumTest() in d:\users\tj\Projects\SpawnDev.ILGPU\SpawnDev.ILGPU\SpawnDev.ILGPU.Demo.Shared\UnitTests\BackendTestBase.Tests4.cs:line 286
   at SpawnDev.UnitTesting.UnitTestRunner.RunTest(UnitTest test) in d:\users\tj\Projects\SpawnDev.UnitTesting\SpawnDev.UnitTesting\SpawnDev.UnitTesting\UnitTestRunner.cs:line 183
  [Γ£ù] CudaTests.PrefixSumTest (2ms) - ILGPU.Runtime.Cuda.CudaException: an illegal memory access was encountered at CurrentAPI.AllocateMemory(
                        out IntPtr resultPtr,
                        new IntPtr(LengthInBytes))
   at ILGPU.Runtime.Cuda.CudaMemoryBuffer..ctor(CudaAccelerator accelerator, Int64 length, Int32 elementSize) in d:\users\tj\Projects\SpawnDev.ILGPU\SpawnDev.ILGPU\ILGPU\Runtime\Cuda\CudaMemoryBuffer.cs:line 118
   at ILGPU.Runtime.Cuda.CudaAccelerator.AllocateRawInternal(Int64 length, Int32 elementSize) in d:\users\tj\Projects\SpawnDev.ILGPU\SpawnDev.ILGPU\ILGPU\Runtime\Cuda\CudaAccelerator.cs:line 451
   at ILGPU.Runtime.Accelerator.AllocateRaw(Int64 length, Int32 elementSize) in d:\users\tj\Projects\SpawnDev.ILGPU\SpawnDev.ILGPU\ILGPU\Runtime\Accelerator.cs:line 296
   at ILGPU.Runtime.Accelerator.AllocateRaw[T,TExtent,TStrideIndex,TStride](TExtent extent, TStride stride) in d:\users\tj\Projects\SpawnDev.ILGPU\SpawnDev.ILGPU\ILGPU\Runtime\Accelerator.cs:line 335
   at ILGPU.Runtime.Accelerator.Allocate1D[T,TStride](Int64 length, TStride stride) in d:\users\tj\Projects\SpawnDev.ILGPU\SpawnDev.ILGPU\ILGPU\Runtime\Accelerator.Allocations.cs:line 47
   at ILGPU.Runtime.Accelerator.Allocate1D[T](Int64 length) in d:\users\tj\Projects\SpawnDev.ILGPU\SpawnDev.ILGPU\ILGPU\Runtime\Accelerator.Allocations.cs:line 29
   at ILGPU.Runtime.ArrayViewExtensions.Allocate1D[T](Accelerator accelerator, AcceleratorStream stream, T[] data) in d:\users\tj\Projects\SpawnDev.ILGPU\SpawnDev.ILGPU\ILGPU\Runtime\ArrayViewExtensions.cs:line 1830
   at ILGPU.Runtime.ArrayViewExtensions.Allocate1D[T](Accelerator accelerator, T[] data) in d:\users\tj\Projects\SpawnDev.ILGPU\SpawnDev.ILGPU\ILGPU\Runtime\ArrayViewExtensions.cs:line 1801
   at SpawnDev.ILGPU.Demo.Shared.UnitTests.BackendTestBase.<>c.<<PrefixSumTest>b__250_0>d.MoveNext() in d:\users\tj\Projects\SpawnDev.ILGPU\SpawnDev.ILGPU\SpawnDev.ILGPU.Demo.Shared\UnitTests\BackendTestBase.Tests4.cs:line 291
--- End of stack trace from previous location ---
   at SpawnDev.ILGPU.Demo.Shared.UnitTests.BackendTestBase.RunTest(Func`2 testBody) in d:\users\tj\Projects\SpawnDev.ILGPU\SpawnDev.ILGPU\SpawnDev.ILGPU.Demo.Shared\UnitTests\BackendTestBase.cs:line 60
   at SpawnDev.ILGPU.Demo.Shared.UnitTests.BackendTestBase.PrefixSumTest() in d:\users\tj\Projects\SpawnDev.ILGPU\SpawnDev.ILGPU\SpawnDev.ILGPU.Demo.Shared\UnitTests\BackendTestBase.Tests4.cs:line 286
   at SpawnDev.UnitTesting.UnitTestRunner.RunTest(UnitTest test) in d:\users\tj\Projects\SpawnDev.UnitTesting\SpawnDev.UnitTesting\SpawnDev.UnitTesting\UnitTestRunner.cs:line 183
  [Γ£ù] CudaTests.DotProductTest (2ms) - ILGPU.Runtime.Cuda.CudaException: an illegal memory access was encountered at CurrentAPI.AllocateMemory(
                        out IntPtr resultPtr,
                        new IntPtr(LengthInBytes))
   at ILGPU.Runtime.Cuda.CudaMemoryBuffer..ctor(CudaAccelerator accelerator, Int64 length, Int32 elementSize) in d:\users\tj\Projects\SpawnDev.ILGPU\SpawnDev.ILGPU\ILGPU\Runtime\Cuda\CudaMemoryBuffer.cs:line 118
   at ILGPU.Runtime.Cuda.CudaAccelerator.AllocateRawInternal(Int64 length, Int32 elementSize) in d:\users\tj\Projects\SpawnDev.ILGPU\SpawnDev.ILGPU\ILGPU\Runtime\Cuda\CudaAccelerator.cs:line 451
   at ILGPU.Runtime.Accelerator.AllocateRaw(Int64 length, Int32 elementSize) in d:\users\tj\Projects\SpawnDev.ILGPU\SpawnDev.ILGPU\ILGPU\Runtime\Accelerator.cs:line 296
   at ILGPU.Runtime.Accelerator.AllocateRaw[T,TExtent,TStrideIndex,TStride](TExtent extent, TStride stride) in d:\users\tj\Projects\SpawnDev.ILGPU\SpawnDev.ILGPU\ILGPU\Runtime\Accelerator.cs:line 335
   at ILGPU.Runtime.Accelerator.Allocate1D[T,TStride](Int64 length, TStride stride) in d:\users\tj\Projects\SpawnDev.ILGPU\SpawnDev.ILGPU\ILGPU\Runtime\Accelerator.Allocations.cs:line 47
   at ILGPU.Runtime.Accelerator.Allocate1D[T](Int64 length) in d:\users\tj\Projects\SpawnDev.ILGPU\SpawnDev.ILGPU\ILGPU\Runtime\Accelerator.Allocations.cs:line 29
   at ILGPU.Runtime.ArrayViewExtensions.Allocate1D[T](Accelerator accelerator, AcceleratorStream stream, T[] data) in d:\users\tj\Projects\SpawnDev.ILGPU\SpawnDev.ILGPU\ILGPU\Runtime\ArrayViewExtensions.cs:line 1830
   at ILGPU.Runtime.ArrayViewExtensions.Allocate1D[T](Accelerator accelerator, T[] data) in d:\users\tj\Projects\SpawnDev.ILGPU\SpawnDev.ILGPU\ILGPU\Runtime\ArrayViewExtensions.cs:line 1801
   at SpawnDev.ILGPU.Demo.Shared.UnitTests.BackendTestBase.<>c.<<DotProductTest>b__251_0>d.MoveNext() in d:\users\tj\Projects\SpawnDev.ILGPU\SpawnDev.ILGPU\SpawnDev.ILGPU.Demo.Shared\UnitTests\BackendTestBase.Tests4.cs:line 314
--- End of stack trace from previous location ---
   at SpawnDev.ILGPU.Demo.Shared.UnitTests.BackendTestBase.RunTest(Func`2 testBody) in d:\users\tj\Projects\SpawnDev.ILGPU\SpawnDev.ILGPU\SpawnDev.ILGPU.Demo.Shared\UnitTests\BackendTestBase.cs:line 60
   at SpawnDev.ILGPU.Demo.Shared.UnitTests.BackendTestBase.DotProductTest() in d:\users\tj\Projects\SpawnDev.ILGPU\SpawnDev.ILGPU\SpawnDev.ILGPU.Demo.Shared\UnitTests\BackendTestBase.Tests4.cs:line 307
   at SpawnDev.UnitTesting.UnitTestRunner.RunTest(UnitTest test) in d:\users\tj\Projects\SpawnDev.UnitTesting\SpawnDev.UnitTesting\SpawnDev.UnitTesting\UnitTestRunner.cs:line 183
  [Γ£ù] CudaTests.DotProductTest (2ms) - ILGPU.Runtime.Cuda.CudaException: an illegal memory access was encountered at CurrentAPI.AllocateMemory(
                        out IntPtr resultPtr,
                        new IntPtr(LengthInBytes))
   at ILGPU.Runtime.Cuda.CudaMemoryBuffer..ctor(CudaAccelerator accelerator, Int64 length, Int32 elementSize) in d:\users\tj\Projects\SpawnDev.ILGPU\SpawnDev.ILGPU\ILGPU\Runtime\Cuda\CudaMemoryBuffer.cs:line 118
   at ILGPU.Runtime.Cuda.CudaAccelerator.AllocateRawInternal(Int64 length, Int32 elementSize) in d:\users\tj\Projects\SpawnDev.ILGPU\SpawnDev.ILGPU\ILGPU\Runtime\Cuda\CudaAccelerator.cs:line 451
   at ILGPU.Runtime.Accelerator.AllocateRaw(Int64 length, Int32 elementSize) in d:\users\tj\Projects\SpawnDev.ILGPU\SpawnDev.ILGPU\ILGPU\Runtime\Accelerator.cs:line 296
   at ILGPU.Runtime.Accelerator.AllocateRaw[T,TExtent,TStrideIndex,TStride](TExtent extent, TStride stride) in d:\users\tj\Projects\SpawnDev.ILGPU\SpawnDev.ILGPU\ILGPU\Runtime\Accelerator.cs:line 335
   at ILGPU.Runtime.Accelerator.Allocate1D[T,TStride](Int64 length, TStride stride) in d:\users\tj\Projects\SpawnDev.ILGPU\SpawnDev.ILGPU\ILGPU\Runtime\Accelerator.Allocations.cs:line 47
   at ILGPU.Runtime.Accelerator.Allocate1D[T](Int64 length) in d:\users\tj\Projects\SpawnDev.ILGPU\SpawnDev.ILGPU\ILGPU\Runtime\Accelerator.Allocations.cs:line 29
   at ILGPU.Runtime.ArrayViewExtensions.Allocate1D[T](Accelerator accelerator, AcceleratorStream stream, T[] data) in d:\users\tj\Projects\SpawnDev.ILGPU\SpawnDev.ILGPU\ILGPU\Runtime\ArrayViewExtensions.cs:line 1830
   at ILGPU.Runtime.ArrayViewExtensions.Allocate1D[T](Accelerator accelerator, T[] data) in d:\users\tj\Projects\SpawnDev.ILGPU\SpawnDev.ILGPU\ILGPU\Runtime\ArrayViewExtensions.cs:line 1801
   at SpawnDev.ILGPU.Demo.Shared.UnitTests.BackendTestBase.<>c.<<DotProductTest>b__251_0>d.MoveNext() in d:\users\tj\Projects\SpawnDev.ILGPU\SpawnDev.ILGPU\SpawnDev.ILGPU.Demo.Shared\UnitTests\BackendTestBase.Tests4.cs:line 314
--- End of stack trace from previous location ---
   at SpawnDev.ILGPU.Demo.Shared.UnitTests.BackendTestBase.RunTest(Func`2 testBody) in d:\users\tj\Projects\SpawnDev.ILGPU\SpawnDev.ILGPU\SpawnDev.ILGPU.Demo.Shared\UnitTests\BackendTestBase.cs:line 60
   at SpawnDev.ILGPU.Demo.Shared.UnitTests.BackendTestBase.DotProductTest() in d:\users\tj\Projects\SpawnDev.ILGPU\SpawnDev.ILGPU\SpawnDev.ILGPU.Demo.Shared\UnitTests\BackendTestBase.Tests4.cs:line 307
   at SpawnDev.UnitTesting.UnitTestRunner.RunTest(UnitTest test) in d:\users\tj\Projects\SpawnDev.UnitTesting\SpawnDev.UnitTesting\SpawnDev.UnitTesting\UnitTestRunner.cs:line 183
  [Γ£ù] CudaTests.WhileLoopTest (1ms) - ILGPU.Runtime.Cuda.CudaException: an illegal memory access was encountered at CurrentAPI.AllocateMemory(
                        out IntPtr resultPtr,
                        new IntPtr(LengthInBytes))
   at ILGPU.Runtime.Cuda.CudaMemoryBuffer..ctor(CudaAccelerator accelerator, Int64 length, Int32 elementSize) in d:\users\tj\Projects\SpawnDev.ILGPU\SpawnDev.ILGPU\ILGPU\Runtime\Cuda\CudaMemoryBuffer.cs:line 118
   at ILGPU.Runtime.Cuda.CudaAccelerator.AllocateRawInternal(Int64 length, Int32 elementSize) in d:\users\tj\Projects\SpawnDev.ILGPU\SpawnDev.ILGPU\ILGPU\Runtime\Cuda\CudaAccelerator.cs:line 451
   at ILGPU.Runtime.Accelerator.AllocateRaw(Int64 length, Int32 elementSize) in d:\users\tj\Projects\SpawnDev.ILGPU\SpawnDev.ILGPU\ILGPU\Runtime\Accelerator.cs:line 296
   at ILGPU.Runtime.Accelerator.AllocateRaw[T,TExtent,TStrideIndex,TStride](TExtent extent, TStride stride) in d:\users\tj\Projects\SpawnDev.ILGPU\SpawnDev.ILGPU\ILGPU\Runtime\Accelerator.cs:line 335
   at ILGPU.Runtime.Accelerator.Allocate1D[T,TStride](Int64 length, TStride stride) in d:\users\tj\Projects\SpawnDev.ILGPU\SpawnDev.ILGPU\ILGPU\Runtime\Accelerator.Allocations.cs:line 47
   at ILGPU.Runtime.Accelerator.Allocate1D[T](Int64 length) in d:\users\tj\Projects\SpawnDev.ILGPU\SpawnDev.ILGPU\ILGPU\Runtime\Accelerator.Allocations.cs:line 29
   at SpawnDev.ILGPU.Demo.Shared.UnitTests.BackendTestBase.<>c.<<WhileLoopTest>b__252_0>d.MoveNext() in d:\users\tj\Projects\SpawnDev.ILGPU\SpawnDev.ILGPU\SpawnDev.ILGPU.Demo.Shared\UnitTests\BackendTestBase.Tests4.cs:line 333
--- End of stack trace from previous location ---
   at SpawnDev.ILGPU.Demo.Shared.UnitTests.BackendTestBase.RunTest(Func`2 testBody) in d:\users\tj\Projects\SpawnDev.ILGPU\SpawnDev.ILGPU\SpawnDev.ILGPU.Demo.Shared\UnitTests\BackendTestBase.cs:line 60
   at SpawnDev.ILGPU.Demo.Shared.UnitTests.BackendTestBase.WhileLoopTest() in d:\users\tj\Projects\SpawnDev.ILGPU\SpawnDev.ILGPU\SpawnDev.ILGPU.Demo.Shared\UnitTests\BackendTestBase.Tests4.cs:line 330
   at SpawnDev.UnitTesting.UnitTestRunner.RunTest(UnitTest test) in d:\users\tj\Projects\SpawnDev.UnitTesting\SpawnDev.UnitTesting\SpawnDev.UnitTesting\UnitTestRunner.cs:line 183
  [Γ£ù] CudaTests.WhileLoopTest (1ms) - ILGPU.Runtime.Cuda.CudaException: an illegal memory access was encountered at CurrentAPI.AllocateMemory(
                        out IntPtr resultPtr,
                        new IntPtr(LengthInBytes))
   at ILGPU.Runtime.Cuda.CudaMemoryBuffer..ctor(CudaAccelerator accelerator, Int64 length, Int32 elementSize) in d:\users\tj\Projects\SpawnDev.ILGPU\SpawnDev.ILGPU\ILGPU\Runtime\Cuda\CudaMemoryBuffer.cs:line 118
   at ILGPU.Runtime.Cuda.CudaAccelerator.AllocateRawInternal(Int64 length, Int32 elementSize) in d:\users\tj\Projects\SpawnDev.ILGPU\SpawnDev.ILGPU\ILGPU\Runtime\Cuda\CudaAccelerator.cs:line 451
   at ILGPU.Runtime.Accelerator.AllocateRaw(Int64 length, Int32 elementSize) in d:\users\tj\Projects\SpawnDev.ILGPU\SpawnDev.ILGPU\ILGPU\Runtime\Accelerator.cs:line 296
   at ILGPU.Runtime.Accelerator.AllocateRaw[T,TExtent,TStrideIndex,TStride](TExtent extent, TStride stride) in d:\users\tj\Projects\SpawnDev.ILGPU\SpawnDev.ILGPU\ILGPU\Runtime\Accelerator.cs:line 335
   at ILGPU.Runtime.Accelerator.Allocate1D[T,TStride](Int64 length, TStride stride) in d:\users\tj\Projects\SpawnDev.ILGPU\SpawnDev.ILGPU\ILGPU\Runtime\Accelerator.Allocations.cs:line 47
   at ILGPU.Runtime.Accelerator.Allocate1D[T](Int64 length) in d:\users\tj\Projects\SpawnDev.ILGPU\SpawnDev.ILGPU\ILGPU\Runtime\Accelerator.Allocations.cs:line 29
   at SpawnDev.ILGPU.Demo.Shared.UnitTests.BackendTestBase.<>c.<<WhileLoopTest>b__252_0>d.MoveNext() in d:\users\tj\Projects\SpawnDev.ILGPU\SpawnDev.ILGPU\SpawnDev.ILGPU.Demo.Shared\UnitTests\BackendTestBase.Tests4.cs:line 333
--- End of stack trace from previous location ---
   at SpawnDev.ILGPU.Demo.Shared.UnitTests.BackendTestBase.RunTest(Func`2 testBody) in d:\users\tj\Projects\SpawnDev.ILGPU\SpawnDev.ILGPU\SpawnDev.ILGPU.Demo.Shared\UnitTests\BackendTestBase.cs:line 60
   at SpawnDev.ILGPU.Demo.Shared.UnitTests.BackendTestBase.WhileLoopTest() in d:\users\tj\Projects\SpawnDev.ILGPU\SpawnDev.ILGPU\SpawnDev.ILGPU.Demo.Shared\UnitTests\BackendTestBase.Tests4.cs:line 330
   at SpawnDev.UnitTesting.UnitTestRunner.RunTest(UnitTest test) in d:\users\tj\Projects\SpawnDev.UnitTesting\SpawnDev.UnitTesting\SpawnDev.UnitTesting\UnitTestRunner.cs:line 183
  [Γ£ù] CudaTests.MultiBufferInputTest (2ms) - ILGPU.Runtime.Cuda.CudaException: an illegal memory access was encountered at CurrentAPI.AllocateMemory(
                        out IntPtr resultPtr,
                        new IntPtr(LengthInBytes))
   at ILGPU.Runtime.Cuda.CudaMemoryBuffer..ctor(CudaAccelerator accelerator, Int64 length, Int32 elementSize) in d:\users\tj\Projects\SpawnDev.ILGPU\SpawnDev.ILGPU\ILGPU\Runtime\Cuda\CudaMemoryBuffer.cs:line 118
   at ILGPU.Runtime.Cuda.CudaAccelerator.AllocateRawInternal(Int64 length, Int32 elementSize) in d:\users\tj\Projects\SpawnDev.ILGPU\SpawnDev.ILGPU\ILGPU\Runtime\Cuda\CudaAccelerator.cs:line 451
   at ILGPU.Runtime.Accelerator.AllocateRaw(Int64 length, Int32 elementSize) in d:\users\tj\Projects\SpawnDev.ILGPU\SpawnDev.ILGPU\ILGPU\Runtime\Accelerator.cs:line 296
   at ILGPU.Runtime.Accelerator.AllocateRaw[T,TExtent,TStrideIndex,TStride](TExtent extent, TStride stride) in d:\users\tj\Projects\SpawnDev.ILGPU\SpawnDev.ILGPU\ILGPU\Runtime\Accelerator.cs:line 335
   at ILGPU.Runtime.Accelerator.Allocate1D[T,TStride](Int64 length, TStride stride) in d:\users\tj\Projects\SpawnDev.ILGPU\SpawnDev.ILGPU\ILGPU\Runtime\Accelerator.Allocations.cs:line 47
   at ILGPU.Runtime.Accelerator.Allocate1D[T](Int64 length) in d:\users\tj\Projects\SpawnDev.ILGPU\SpawnDev.ILGPU\ILGPU\Runtime\Accelerator.Allocations.cs:line 29
   at ILGPU.Runtime.ArrayViewExtensions.Allocate1D[T](Accelerator accelerator, AcceleratorStream stream, T[] data) in d:\users\tj\Projects\SpawnDev.ILGPU\SpawnDev.ILGPU\ILGPU\Runtime\ArrayViewExtensions.cs:line 1830
   at ILGPU.Runtime.ArrayViewExtensions.Allocate1D[T](Accelerator accelerator, T[] data) in d:\users\tj\Projects\SpawnDev.ILGPU\SpawnDev.ILGPU\ILGPU\Runtime\ArrayViewExtensions.cs:line 1801
   at SpawnDev.ILGPU.Demo.Shared.UnitTests.BackendTestBase.<>c.<<MultiBufferInputTest>b__253_0>d.MoveNext() in d:\users\tj\Projects\SpawnDev.ILGPU\SpawnDev.ILGPU\SpawnDev.ILGPU.Demo.Shared\UnitTests\BackendTestBase.Tests4.cs:line 357
--- End of stack trace from previous location ---
   at SpawnDev.ILGPU.Demo.Shared.UnitTests.BackendTestBase.RunTest(Func`2 testBody) in d:\users\tj\Projects\SpawnDev.ILGPU\SpawnDev.ILGPU\SpawnDev.ILGPU.Demo.Shared\UnitTests\BackendTestBase.cs:line 60
   at SpawnDev.ILGPU.Demo.Shared.UnitTests.BackendTestBase.MultiBufferInputTest() in d:\users\tj\Projects\SpawnDev.ILGPU\SpawnDev.ILGPU\SpawnDev.ILGPU.Demo.Shared\UnitTests\BackendTestBase.Tests4.cs:line 351
   at SpawnDev.UnitTesting.UnitTestRunner.RunTest(UnitTest test) in d:\users\tj\Projects\SpawnDev.UnitTesting\SpawnDev.UnitTesting\SpawnDev.UnitTesting\UnitTestRunner.cs:line 183
  [Γ£ù] CudaTests.MultiBufferInputTest (2ms) - ILGPU.Runtime.Cuda.CudaException: an illegal memory access was encountered at CurrentAPI.AllocateMemory(
                        out IntPtr resultPtr,
                        new IntPtr(LengthInBytes))
   at ILGPU.Runtime.Cuda.CudaMemoryBuffer..ctor(CudaAccelerator accelerator, Int64 length, Int32 elementSize) in d:\users\tj\Projects\SpawnDev.ILGPU\SpawnDev.ILGPU\ILGPU\Runtime\Cuda\CudaMemoryBuffer.cs:line 118
   at ILGPU.Runtime.Cuda.CudaAccelerator.AllocateRawInternal(Int64 length, Int32 elementSize) in d:\users\tj\Projects\SpawnDev.ILGPU\SpawnDev.ILGPU\ILGPU\Runtime\Cuda\CudaAccelerator.cs:line 451
   at ILGPU.Runtime.Accelerator.AllocateRaw(Int64 length, Int32 elementSize) in d:\users\tj\Projects\SpawnDev.ILGPU\SpawnDev.ILGPU\ILGPU\Runtime\Accelerator.cs:line 296
   at ILGPU.Runtime.Accelerator.AllocateRaw[T,TExtent,TStrideIndex,TStride](TExtent extent, TStride stride) in d:\users\tj\Projects\SpawnDev.ILGPU\SpawnDev.ILGPU\ILGPU\Runtime\Accelerator.cs:line 335
   at ILGPU.Runtime.Accelerator.Allocate1D[T,TStride](Int64 length, TStride stride) in d:\users\tj\Projects\SpawnDev.ILGPU\SpawnDev.ILGPU\ILGPU\Runtime\Accelerator.Allocations.cs:line 47
   at ILGPU.Runtime.Accelerator.Allocate1D[T](Int64 length) in d:\users\tj\Projects\SpawnDev.ILGPU\SpawnDev.ILGPU\ILGPU\Runtime\Accelerator.Allocations.cs:line 29
   at ILGPU.Runtime.ArrayViewExtensions.Allocate1D[T](Accelerator accelerator, AcceleratorStream stream, T[] data) in d:\users\tj\Projects\SpawnDev.ILGPU\SpawnDev.ILGPU\ILGPU\Runtime\ArrayViewExtensions.cs:line 1830
   at ILGPU.Runtime.ArrayViewExtensions.Allocate1D[T](Accelerator accelerator, T[] data) in d:\users\tj\Projects\SpawnDev.ILGPU\SpawnDev.ILGPU\ILGPU\Runtime\ArrayViewExtensions.cs:line 1801
   at SpawnDev.ILGPU.Demo.Shared.UnitTests.BackendTestBase.<>c.<<MultiBufferInputTest>b__253_0>d.MoveNext() in d:\users\tj\Projects\SpawnDev.ILGPU\SpawnDev.ILGPU\SpawnDev.ILGPU.Demo.Shared\UnitTests\BackendTestBase.Tests4.cs:line 357
--- End of stack trace from previous location ---
   at SpawnDev.ILGPU.Demo.Shared.UnitTests.BackendTestBase.RunTest(Func`2 testBody) in d:\users\tj\Projects\SpawnDev.ILGPU\SpawnDev.ILGPU\SpawnDev.ILGPU.Demo.Shared\UnitTests\BackendTestBase.cs:line 60
   at SpawnDev.ILGPU.Demo.Shared.UnitTests.BackendTestBase.MultiBufferInputTest() in d:\users\tj\Projects\SpawnDev.ILGPU\SpawnDev.ILGPU\SpawnDev.ILGPU.Demo.Shared\UnitTests\BackendTestBase.Tests4.cs:line 351
   at SpawnDev.UnitTesting.UnitTestRunner.RunTest(UnitTest test) in d:\users\tj\Projects\SpawnDev.UnitTesting\SpawnDev.UnitTesting\SpawnDev.UnitTesting\UnitTestRunner.cs:line 183
  [Γ£ù] CudaTests.ConditionalExpressionTest (2ms) - ILGPU.Runtime.Cuda.CudaException: an illegal memory access was encountered at CurrentAPI.AllocateMemory(
                        out IntPtr resultPtr,
                        new IntPtr(LengthInBytes))
   at ILGPU.Runtime.Cuda.CudaMemoryBuffer..ctor(CudaAccelerator accelerator, Int64 length, Int32 elementSize) in d:\users\tj\Projects\SpawnDev.ILGPU\SpawnDev.ILGPU\ILGPU\Runtime\Cuda\CudaMemoryBuffer.cs:line 118
   at ILGPU.Runtime.Cuda.CudaAccelerator.AllocateRawInternal(Int64 length, Int32 elementSize) in d:\users\tj\Projects\SpawnDev.ILGPU\SpawnDev.ILGPU\ILGPU\Runtime\Cuda\CudaAccelerator.cs:line 451
   at ILGPU.Runtime.Accelerator.AllocateRaw(Int64 length, Int32 elementSize) in d:\users\tj\Projects\SpawnDev.ILGPU\SpawnDev.ILGPU\ILGPU\Runtime\Accelerator.cs:line 296
   at ILGPU.Runtime.Accelerator.AllocateRaw[T,TExtent,TStrideIndex,TStride](TExtent extent, TStride stride) in d:\users\tj\Projects\SpawnDev.ILGPU\SpawnDev.ILGPU\ILGPU\Runtime\Accelerator.cs:line 335
   at ILGPU.Runtime.Accelerator.Allocate1D[T,TStride](Int64 length, TStride stride) in d:\users\tj\Projects\SpawnDev.ILGPU\SpawnDev.ILGPU\ILGPU\Runtime\Accelerator.Allocations.cs:line 47
   at ILGPU.Runtime.Accelerator.Allocate1D[T](Int64 length) in d:\users\tj\Projects\SpawnDev.ILGPU\SpawnDev.ILGPU\ILGPU\Runtime\Accelerator.Allocations.cs:line 29
   at SpawnDev.ILGPU.Demo.Shared.UnitTests.BackendTestBase.<>c.<<ConditionalExpressionTest>b__254_0>d.MoveNext() in d:\users\tj\Projects\SpawnDev.ILGPU\SpawnDev.ILGPU\SpawnDev.ILGPU.Demo.Shared\UnitTests\BackendTestBase.Tests4.cs:line 380
--- End of stack trace from previous location ---
   at SpawnDev.ILGPU.Demo.Shared.UnitTests.BackendTestBase.RunTest(Func`2 testBody) in d:\users\tj\Projects\SpawnDev.ILGPU\SpawnDev.ILGPU\SpawnDev.ILGPU.Demo.Shared\UnitTests\BackendTestBase.cs:line 60
   at SpawnDev.ILGPU.Demo.Shared.UnitTests.BackendTestBase.ConditionalExpressionTest() in d:\users\tj\Projects\SpawnDev.ILGPU\SpawnDev.ILGPU\SpawnDev.ILGPU.Demo.Shared\UnitTests\BackendTestBase.Tests4.cs:line 377
   at SpawnDev.UnitTesting.UnitTestRunner.RunTest(UnitTest test) in d:\users\tj\Projects\SpawnDev.UnitTesting\SpawnDev.UnitTesting\SpawnDev.UnitTesting\UnitTestRunner.cs:line 183
  [Γ£ù] CudaTests.ConditionalExpressionTest (2ms) - ILGPU.Runtime.Cuda.CudaException: an illegal memory access was encountered at CurrentAPI.AllocateMemory(
                        out IntPtr resultPtr,
                        new IntPtr(LengthInBytes))
   at ILGPU.Runtime.Cuda.CudaMemoryBuffer..ctor(CudaAccelerator accelerator, Int64 length, Int32 elementSize) in d:\users\tj\Projects\SpawnDev.ILGPU\SpawnDev.ILGPU\ILGPU\Runtime\Cuda\CudaMemoryBuffer.cs:line 118
   at ILGPU.Runtime.Cuda.CudaAccelerator.AllocateRawInternal(Int64 length, Int32 elementSize) in d:\users\tj\Projects\SpawnDev.ILGPU\SpawnDev.ILGPU\ILGPU\Runtime\Cuda\CudaAccelerator.cs:line 451
   at ILGPU.Runtime.Accelerator.AllocateRaw(Int64 length, Int32 elementSize) in d:\users\tj\Projects\SpawnDev.ILGPU\SpawnDev.ILGPU\ILGPU\Runtime\Accelerator.cs:line 296
   at ILGPU.Runtime.Accelerator.AllocateRaw[T,TExtent,TStrideIndex,TStride](TExtent extent, TStride stride) in d:\users\tj\Projects\SpawnDev.ILGPU\SpawnDev.ILGPU\ILGPU\Runtime\Accelerator.cs:line 335
   at ILGPU.Runtime.Accelerator.Allocate1D[T,TStride](Int64 length, TStride stride) in d:\users\tj\Projects\SpawnDev.ILGPU\SpawnDev.ILGPU\ILGPU\Runtime\Accelerator.Allocations.cs:line 47
   at ILGPU.Runtime.Accelerator.Allocate1D[T](Int64 length) in d:\users\tj\Projects\SpawnDev.ILGPU\SpawnDev.ILGPU\ILGPU\Runtime\Accelerator.Allocations.cs:line 29
   at SpawnDev.ILGPU.Demo.Shared.UnitTests.BackendTestBase.<>c.<<ConditionalExpressionTest>b__254_0>d.MoveNext() in d:\users\tj\Projects\SpawnDev.ILGPU\SpawnDev.ILGPU\SpawnDev.ILGPU.Demo.Shared\UnitTests\BackendTestBase.Tests4.cs:line 380
--- End of stack trace from previous location ---
   at SpawnDev.ILGPU.Demo.Shared.UnitTests.BackendTestBase.RunTest(Func`2 testBody) in d:\users\tj\Projects\SpawnDev.ILGPU\SpawnDev.ILGPU\SpawnDev.ILGPU.Demo.Shared\UnitTests\BackendTestBase.cs:line 60
   at SpawnDev.ILGPU.Demo.Shared.UnitTests.BackendTestBase.ConditionalExpressionTest() in d:\users\tj\Projects\SpawnDev.ILGPU\SpawnDev.ILGPU\SpawnDev.ILGPU.Demo.Shared\UnitTests\BackendTestBase.Tests4.cs:line 377
   at SpawnDev.UnitTesting.UnitTestRunner.RunTest(UnitTest test) in d:\users\tj\Projects\SpawnDev.UnitTesting\SpawnDev.UnitTesting\SpawnDev.UnitTesting\UnitTestRunner.cs:line 183
  [Γ£ù] CudaTests.FloatRemTest (1ms) - ILGPU.Runtime.Cuda.CudaException: an illegal memory access was encountered at CurrentAPI.AllocateMemory(
                        out IntPtr resultPtr,
                        new IntPtr(LengthInBytes))
   at ILGPU.Runtime.Cuda.CudaMemoryBuffer..ctor(CudaAccelerator accelerator, Int64 length, Int32 elementSize) in d:\users\tj\Projects\SpawnDev.ILGPU\SpawnDev.ILGPU\ILGPU\Runtime\Cuda\CudaMemoryBuffer.cs:line 118
   at ILGPU.Runtime.Cuda.CudaAccelerator.AllocateRawInternal(Int64 length, Int32 elementSize) in d:\users\tj\Projects\SpawnDev.ILGPU\SpawnDev.ILGPU\ILGPU\Runtime\Cuda\CudaAccelerator.cs:line 451
   at ILGPU.Runtime.Accelerator.AllocateRaw(Int64 length, Int32 elementSize) in d:\users\tj\Projects\SpawnDev.ILGPU\SpawnDev.ILGPU\ILGPU\Runtime\Accelerator.cs:line 296
   at ILGPU.Runtime.Accelerator.AllocateRaw[T,TExtent,TStrideIndex,TStride](TExtent extent, TStride stride) in d:\users\tj\Projects\SpawnDev.ILGPU\SpawnDev.ILGPU\ILGPU\Runtime\Accelerator.cs:line 335
   at ILGPU.Runtime.Accelerator.Allocate1D[T,TStride](Int64 length, TStride stride) in d:\users\tj\Projects\SpawnDev.ILGPU\SpawnDev.ILGPU\ILGPU\Runtime\Accelerator.Allocations.cs:line 47
   at ILGPU.Runtime.Accelerator.Allocate1D[T](Int64 length) in d:\users\tj\Projects\SpawnDev.ILGPU\SpawnDev.ILGPU\ILGPU\Runtime\Accelerator.Allocations.cs:line 29
   at SpawnDev.ILGPU.Demo.Shared.UnitTests.BackendTestBase.<>c.<<FloatRemTest>b__255_0>d.MoveNext() in d:\users\tj\Projects\SpawnDev.ILGPU\SpawnDev.ILGPU\SpawnDev.ILGPU.Demo.Shared\UnitTests\BackendTestBase.Tests4.cs:line 400
--- End of stack trace from previous location ---
   at SpawnDev.ILGPU.Demo.Shared.UnitTests.BackendTestBase.RunTest(Func`2 testBody) in d:\users\tj\Projects\SpawnDev.ILGPU\SpawnDev.ILGPU\SpawnDev.ILGPU.Demo.Shared\UnitTests\BackendTestBase.cs:line 60
   at SpawnDev.ILGPU.Demo.Shared.UnitTests.BackendTestBase.FloatRemTest() in d:\users\tj\Projects\SpawnDev.ILGPU\SpawnDev.ILGPU\SpawnDev.ILGPU.Demo.Shared\UnitTests\BackendTestBase.Tests4.cs:line 397
   at SpawnDev.UnitTesting.UnitTestRunner.RunTest(UnitTest test) in d:\users\tj\Projects\SpawnDev.UnitTesting\SpawnDev.UnitTesting\SpawnDev.UnitTesting\UnitTestRunner.cs:line 183
  [Γ£ù] CudaTests.FloatRemTest (1ms) - ILGPU.Runtime.Cuda.CudaException: an illegal memory access was encountered at CurrentAPI.AllocateMemory(
                        out IntPtr resultPtr,
                        new IntPtr(LengthInBytes))
   at ILGPU.Runtime.Cuda.CudaMemoryBuffer..ctor(CudaAccelerator accelerator, Int64 length, Int32 elementSize) in d:\users\tj\Projects\SpawnDev.ILGPU\SpawnDev.ILGPU\ILGPU\Runtime\Cuda\CudaMemoryBuffer.cs:line 118
   at ILGPU.Runtime.Cuda.CudaAccelerator.AllocateRawInternal(Int64 length, Int32 elementSize) in d:\users\tj\Projects\SpawnDev.ILGPU\SpawnDev.ILGPU\ILGPU\Runtime\Cuda\CudaAccelerator.cs:line 451
   at ILGPU.Runtime.Accelerator.AllocateRaw(Int64 length, Int32 elementSize) in d:\users\tj\Projects\SpawnDev.ILGPU\SpawnDev.ILGPU\ILGPU\Runtime\Accelerator.cs:line 296
   at ILGPU.Runtime.Accelerator.AllocateRaw[T,TExtent,TStrideIndex,TStride](TExtent extent, TStride stride) in d:\users\tj\Projects\SpawnDev.ILGPU\SpawnDev.ILGPU\ILGPU\Runtime\Accelerator.cs:line 335
   at ILGPU.Runtime.Accelerator.Allocate1D[T,TStride](Int64 length, TStride stride) in d:\users\tj\Projects\SpawnDev.ILGPU\SpawnDev.ILGPU\ILGPU\Runtime\Accelerator.Allocations.cs:line 47
   at ILGPU.Runtime.Accelerator.Allocate1D[T](Int64 length) in d:\users\tj\Projects\SpawnDev.ILGPU\SpawnDev.ILGPU\ILGPU\Runtime\Accelerator.Allocations.cs:line 29
   at SpawnDev.ILGPU.Demo.Shared.UnitTests.BackendTestBase.<>c.<<FloatRemTest>b__255_0>d.MoveNext() in d:\users\tj\Projects\SpawnDev.ILGPU\SpawnDev.ILGPU\SpawnDev.ILGPU.Demo.Shared\UnitTests\BackendTestBase.Tests4.cs:line 400
--- End of stack trace from previous location ---
   at SpawnDev.ILGPU.Demo.Shared.UnitTests.BackendTestBase.RunTest(Func`2 testBody) in d:\users\tj\Projects\SpawnDev.ILGPU\SpawnDev.ILGPU\SpawnDev.ILGPU.Demo.Shared\UnitTests\BackendTestBase.cs:line 60
   at SpawnDev.ILGPU.Demo.Shared.UnitTests.BackendTestBase.FloatRemTest() in d:\users\tj\Projects\SpawnDev.ILGPU\SpawnDev.ILGPU\SpawnDev.ILGPU.Demo.Shared\UnitTests\BackendTestBase.Tests4.cs:line 397
   at SpawnDev.UnitTesting.UnitTestRunner.RunTest(UnitTest test) in d:\users\tj\Projects\SpawnDev.UnitTesting\SpawnDev.UnitTesting\SpawnDev.UnitTesting\UnitTestRunner.cs:line 183
  [Γ£ù] CudaTests.IsNaNIsInfTest (1ms) - ILGPU.Runtime.Cuda.CudaException: an illegal memory access was encountered at CurrentAPI.AllocateMemory(
                        out IntPtr resultPtr,
                        new IntPtr(LengthInBytes))
   at ILGPU.Runtime.Cuda.CudaMemoryBuffer..ctor(CudaAccelerator accelerator, Int64 length, Int32 elementSize) in d:\users\tj\Projects\SpawnDev.ILGPU\SpawnDev.ILGPU\ILGPU\Runtime\Cuda\CudaMemoryBuffer.cs:line 118
   at ILGPU.Runtime.Cuda.CudaAccelerator.AllocateRawInternal(Int64 length, Int32 elementSize) in d:\users\tj\Projects\SpawnDev.ILGPU\SpawnDev.ILGPU\ILGPU\Runtime\Cuda\CudaAccelerator.cs:line 451
   at ILGPU.Runtime.Accelerator.AllocateRaw(Int64 length, Int32 elementSize) in d:\users\tj\Projects\SpawnDev.ILGPU\SpawnDev.ILGPU\ILGPU\Runtime\Accelerator.cs:line 296
   at ILGPU.Runtime.Accelerator.AllocateRaw[T,TExtent,TStrideIndex,TStride](TExtent extent, TStride stride) in d:\users\tj\Projects\SpawnDev.ILGPU\SpawnDev.ILGPU\ILGPU\Runtime\Accelerator.cs:line 335
   at ILGPU.Runtime.Accelerator.Allocate1D[T,TStride](Int64 length, TStride stride) in d:\users\tj\Projects\SpawnDev.ILGPU\SpawnDev.ILGPU\ILGPU\Runtime\Accelerator.Allocations.cs:line 47
   at ILGPU.Runtime.Accelerator.Allocate1D[T](Int64 length) in d:\users\tj\Projects\SpawnDev.ILGPU\SpawnDev.ILGPU\ILGPU\Runtime\Accelerator.Allocations.cs:line 29
   at ILGPU.Runtime.ArrayViewExtensions.Allocate1D[T](Accelerator accelerator, AcceleratorStream stream, T[] data) in d:\users\tj\Projects\SpawnDev.ILGPU\SpawnDev.ILGPU\ILGPU\Runtime\ArrayViewExtensions.cs:line 1830
   at ILGPU.Runtime.ArrayViewExtensions.Allocate1D[T](Accelerator accelerator, T[] data) in d:\users\tj\Projects\SpawnDev.ILGPU\SpawnDev.ILGPU\ILGPU\Runtime\ArrayViewExtensions.cs:line 1801
   at SpawnDev.ILGPU.Demo.Shared.UnitTests.BackendTestBase.<>c.<<IsNaNIsInfTest>b__256_0>d.MoveNext() in d:\users\tj\Projects\SpawnDev.ILGPU\SpawnDev.ILGPU\SpawnDev.ILGPU.Demo.Shared\UnitTests\BackendTestBase.Tests4.cs:line 427
--- End of stack trace from previous location ---
   at SpawnDev.ILGPU.Demo.Shared.UnitTests.BackendTestBase.RunTest(Func`2 testBody) in d:\users\tj\Projects\SpawnDev.ILGPU\SpawnDev.ILGPU\SpawnDev.ILGPU.Demo.Shared\UnitTests\BackendTestBase.cs:line 60
   at SpawnDev.ILGPU.Demo.Shared.UnitTests.BackendTestBase.IsNaNIsInfTest() in d:\users\tj\Projects\SpawnDev.ILGPU\SpawnDev.ILGPU\SpawnDev.ILGPU.Demo.Shared\UnitTests\BackendTestBase.Tests4.cs:line 413
   at SpawnDev.UnitTesting.UnitTestRunner.RunTest(UnitTest test) in d:\users\tj\Projects\SpawnDev.UnitTesting\SpawnDev.UnitTesting\SpawnDev.UnitTesting\UnitTestRunner.cs:line 183
  [Γ£ù] CudaTests.IsNaNIsInfTest (1ms) - ILGPU.Runtime.Cuda.CudaException: an illegal memory access was encountered at CurrentAPI.AllocateMemory(
                        out IntPtr resultPtr,
                        new IntPtr(LengthInBytes))
   at ILGPU.Runtime.Cuda.CudaMemoryBuffer..ctor(CudaAccelerator accelerator, Int64 length, Int32 elementSize) in d:\users\tj\Projects\SpawnDev.ILGPU\SpawnDev.ILGPU\ILGPU\Runtime\Cuda\CudaMemoryBuffer.cs:line 118
   at ILGPU.Runtime.Cuda.CudaAccelerator.AllocateRawInternal(Int64 length, Int32 elementSize) in d:\users\tj\Projects\SpawnDev.ILGPU\SpawnDev.ILGPU\ILGPU\Runtime\Cuda\CudaAccelerator.cs:line 451
   at ILGPU.Runtime.Accelerator.AllocateRaw(Int64 length, Int32 elementSize) in d:\users\tj\Projects\SpawnDev.ILGPU\SpawnDev.ILGPU\ILGPU\Runtime\Accelerator.cs:line 296
   at ILGPU.Runtime.Accelerator.AllocateRaw[T,TExtent,TStrideIndex,TStride](TExtent extent, TStride stride) in d:\users\tj\Projects\SpawnDev.ILGPU\SpawnDev.ILGPU\ILGPU\Runtime\Accelerator.cs:line 335
   at ILGPU.Runtime.Accelerator.Allocate1D[T,TStride](Int64 length, TStride stride) in d:\users\tj\Projects\SpawnDev.ILGPU\SpawnDev.ILGPU\ILGPU\Runtime\Accelerator.Allocations.cs:line 47
   at ILGPU.Runtime.Accelerator.Allocate1D[T](Int64 length) in d:\users\tj\Projects\SpawnDev.ILGPU\SpawnDev.ILGPU\ILGPU\Runtime\Accelerator.Allocations.cs:line 29
   at ILGPU.Runtime.ArrayViewExtensions.Allocate1D[T](Accelerator accelerator, AcceleratorStream stream, T[] data) in d:\users\tj\Projects\SpawnDev.ILGPU\SpawnDev.ILGPU\ILGPU\Runtime\ArrayViewExtensions.cs:line 1830
   at ILGPU.Runtime.ArrayViewExtensions.Allocate1D[T](Accelerator accelerator, T[] data) in d:\users\tj\Projects\SpawnDev.ILGPU\SpawnDev.ILGPU\ILGPU\Runtime\ArrayViewExtensions.cs:line 1801
   at SpawnDev.ILGPU.Demo.Shared.UnitTests.BackendTestBase.<>c.<<IsNaNIsInfTest>b__256_0>d.MoveNext() in d:\users\tj\Projects\SpawnDev.ILGPU\SpawnDev.ILGPU\SpawnDev.ILGPU.Demo.Shared\UnitTests\BackendTestBase.Tests4.cs:line 427
--- End of stack trace from previous location ---
   at SpawnDev.ILGPU.Demo.Shared.UnitTests.BackendTestBase.RunTest(Func`2 testBody) in d:\users\tj\Projects\SpawnDev.ILGPU\SpawnDev.ILGPU\SpawnDev.ILGPU.Demo.Shared\UnitTests\BackendTestBase.cs:line 60
   at SpawnDev.ILGPU.Demo.Shared.UnitTests.BackendTestBase.IsNaNIsInfTest() in d:\users\tj\Projects\SpawnDev.ILGPU\SpawnDev.ILGPU\SpawnDev.ILGPU.Demo.Shared\UnitTests\BackendTestBase.Tests4.cs:line 413
   at SpawnDev.UnitTesting.UnitTestRunner.RunTest(UnitTest test) in d:\users\tj\Projects\SpawnDev.UnitTesting\SpawnDev.UnitTesting\SpawnDev.UnitTesting\UnitTestRunner.cs:line 183
  [Γ£ù] CudaTests.BitwiseRotateTest (1ms) - ILGPU.Runtime.Cuda.CudaException: an illegal memory access was encountered at CurrentAPI.AllocateMemory(
                        out IntPtr resultPtr,
                        new IntPtr(LengthInBytes))
   at ILGPU.Runtime.Cuda.CudaMemoryBuffer..ctor(CudaAccelerator accelerator, Int64 length, Int32 elementSize) in d:\users\tj\Projects\SpawnDev.ILGPU\SpawnDev.ILGPU\ILGPU\Runtime\Cuda\CudaMemoryBuffer.cs:line 118
   at ILGPU.Runtime.Cuda.CudaAccelerator.AllocateRawInternal(Int64 length, Int32 elementSize) in d:\users\tj\Projects\SpawnDev.ILGPU\SpawnDev.ILGPU\ILGPU\Runtime\Cuda\CudaAccelerator.cs:line 451
   at ILGPU.Runtime.Accelerator.AllocateRaw(Int64 length, Int32 elementSize) in d:\users\tj\Projects\SpawnDev.ILGPU\SpawnDev.ILGPU\ILGPU\Runtime\Accelerator.cs:line 296
   at ILGPU.Runtime.Accelerator.AllocateRaw[T,TExtent,TStrideIndex,TStride](TExtent extent, TStride stride) in d:\users\tj\Projects\SpawnDev.ILGPU\SpawnDev.ILGPU\ILGPU\Runtime\Accelerator.cs:line 335
   at ILGPU.Runtime.Accelerator.Allocate1D[T,TStride](Int64 length, TStride stride) in d:\users\tj\Projects\SpawnDev.ILGPU\SpawnDev.ILGPU\ILGPU\Runtime\Accelerator.Allocations.cs:line 47
   at ILGPU.Runtime.Accelerator.Allocate1D[T](Int64 length) in d:\users\tj\Projects\SpawnDev.ILGPU\SpawnDev.ILGPU\ILGPU\Runtime\Accelerator.Allocations.cs:line 29
   at SpawnDev.ILGPU.Demo.Shared.UnitTests.BackendTestBase.<>c.<<BitwiseRotateTest>b__257_0>d.MoveNext() in d:\users\tj\Projects\SpawnDev.ILGPU\SpawnDev.ILGPU\SpawnDev.ILGPU.Demo.Shared\UnitTests\BackendTestBase.Tests4.cs:line 451
--- End of stack trace from previous location ---
   at SpawnDev.ILGPU.Demo.Shared.UnitTests.BackendTestBase.RunTest(Func`2 testBody) in d:\users\tj\Projects\SpawnDev.ILGPU\SpawnDev.ILGPU\SpawnDev.ILGPU.Demo.Shared\UnitTests\BackendTestBase.cs:line 60
   at SpawnDev.ILGPU.Demo.Shared.UnitTests.BackendTestBase.BitwiseRotateTest() in d:\users\tj\Projects\SpawnDev.ILGPU\SpawnDev.ILGPU\SpawnDev.ILGPU.Demo.Shared\UnitTests\BackendTestBase.Tests4.cs:line 448
   at SpawnDev.UnitTesting.UnitTestRunner.RunTest(UnitTest test) in d:\users\tj\Projects\SpawnDev.UnitTesting\SpawnDev.UnitTesting\SpawnDev.UnitTesting\UnitTestRunner.cs:line 183
  [Γ£ù] CudaTests.BitwiseRotateTest (1ms) - ILGPU.Runtime.Cuda.CudaException: an illegal memory access was encountered at CurrentAPI.AllocateMemory(
                        out IntPtr resultPtr,
                        new IntPtr(LengthInBytes))
   at ILGPU.Runtime.Cuda.CudaMemoryBuffer..ctor(CudaAccelerator accelerator, Int64 length, Int32 elementSize) in d:\users\tj\Projects\SpawnDev.ILGPU\SpawnDev.ILGPU\ILGPU\Runtime\Cuda\CudaMemoryBuffer.cs:line 118
   at ILGPU.Runtime.Cuda.CudaAccelerator.AllocateRawInternal(Int64 length, Int32 elementSize) in d:\users\tj\Projects\SpawnDev.ILGPU\SpawnDev.ILGPU\ILGPU\Runtime\Cuda\CudaAccelerator.cs:line 451
   at ILGPU.Runtime.Accelerator.AllocateRaw(Int64 length, Int32 elementSize) in d:\users\tj\Projects\SpawnDev.ILGPU\SpawnDev.ILGPU\ILGPU\Runtime\Accelerator.cs:line 296
   at ILGPU.Runtime.Accelerator.AllocateRaw[T,TExtent,TStrideIndex,TStride](TExtent extent, TStride stride) in d:\users\tj\Projects\SpawnDev.ILGPU\SpawnDev.ILGPU\ILGPU\Runtime\Accelerator.cs:line 335
   at ILGPU.Runtime.Accelerator.Allocate1D[T,TStride](Int64 length, TStride stride) in d:\users\tj\Projects\SpawnDev.ILGPU\SpawnDev.ILGPU\ILGPU\Runtime\Accelerator.Allocations.cs:line 47
   at ILGPU.Runtime.Accelerator.Allocate1D[T](Int64 length) in d:\users\tj\Projects\SpawnDev.ILGPU\SpawnDev.ILGPU\ILGPU\Runtime\Accelerator.Allocations.cs:line 29
   at SpawnDev.ILGPU.Demo.Shared.UnitTests.BackendTestBase.<>c.<<BitwiseRotateTest>b__257_0>d.MoveNext() in d:\users\tj\Projects\SpawnDev.ILGPU\SpawnDev.ILGPU\SpawnDev.ILGPU.Demo.Shared\UnitTests\BackendTestBase.Tests4.cs:line 451
--- End of stack trace from previous location ---
   at SpawnDev.ILGPU.Demo.Shared.UnitTests.BackendTestBase.RunTest(Func`2 testBody) in d:\users\tj\Projects\SpawnDev.ILGPU\SpawnDev.ILGPU\SpawnDev.ILGPU.Demo.Shared\UnitTests\BackendTestBase.cs:line 60
   at SpawnDev.ILGPU.Demo.Shared.UnitTests.BackendTestBase.BitwiseRotateTest() in d:\users\tj\Projects\SpawnDev.ILGPU\SpawnDev.ILGPU\SpawnDev.ILGPU.Demo.Shared\UnitTests\BackendTestBase.Tests4.cs:line 448
   at SpawnDev.UnitTesting.UnitTestRunner.RunTest(UnitTest test) in d:\users\tj\Projects\SpawnDev.UnitTesting\SpawnDev.UnitTesting\SpawnDev.UnitTesting\UnitTestRunner.cs:line 183
  [Γ£ù] CudaTests.MapReduceTest (2ms) - ILGPU.Runtime.Cuda.CudaException: an illegal memory access was encountered at CurrentAPI.AllocateMemory(
                        out IntPtr resultPtr,
                        new IntPtr(LengthInBytes))
   at ILGPU.Runtime.Cuda.CudaMemoryBuffer..ctor(CudaAccelerator accelerator, Int64 length, Int32 elementSize) in d:\users\tj\Projects\SpawnDev.ILGPU\SpawnDev.ILGPU\ILGPU\Runtime\Cuda\CudaMemoryBuffer.cs:line 118
   at ILGPU.Runtime.Cuda.CudaAccelerator.AllocateRawInternal(Int64 length, Int32 elementSize) in d:\users\tj\Projects\SpawnDev.ILGPU\SpawnDev.ILGPU\ILGPU\Runtime\Cuda\CudaAccelerator.cs:line 451
   at ILGPU.Runtime.Accelerator.AllocateRaw(Int64 length, Int32 elementSize) in d:\users\tj\Projects\SpawnDev.ILGPU\SpawnDev.ILGPU\ILGPU\Runtime\Accelerator.cs:line 296
   at ILGPU.Runtime.Accelerator.AllocateRaw[T,TExtent,TStrideIndex,TStride](TExtent extent, TStride stride) in d:\users\tj\Projects\SpawnDev.ILGPU\SpawnDev.ILGPU\ILGPU\Runtime\Accelerator.cs:line 335
   at ILGPU.Runtime.Accelerator.Allocate1D[T,TStride](Int64 length, TStride stride) in d:\users\tj\Projects\SpawnDev.ILGPU\SpawnDev.ILGPU\ILGPU\Runtime\Accelerator.Allocations.cs:line 47
   at ILGPU.Runtime.Accelerator.Allocate1D[T](Int64 length) in d:\users\tj\Projects\SpawnDev.ILGPU\SpawnDev.ILGPU\ILGPU\Runtime\Accelerator.Allocations.cs:line 29
   at ILGPU.Runtime.ArrayViewExtensions.Allocate1D[T](Accelerator accelerator, AcceleratorStream stream, T[] data) in d:\users\tj\Projects\SpawnDev.ILGPU\SpawnDev.ILGPU\ILGPU\Runtime\ArrayViewExtensions.cs:line 1830
   at ILGPU.Runtime.ArrayViewExtensions.Allocate1D[T](Accelerator accelerator, T[] data) in d:\users\tj\Projects\SpawnDev.ILGPU\SpawnDev.ILGPU\ILGPU\Runtime\ArrayViewExtensions.cs:line 1801
   at SpawnDev.ILGPU.Demo.Shared.UnitTests.BackendTestBase.<>c.<<MapReduceTest>b__258_0>d.MoveNext() in d:\users\tj\Projects\SpawnDev.ILGPU\SpawnDev.ILGPU\SpawnDev.ILGPU.Demo.Shared\UnitTests\BackendTestBase.Tests4.cs:line 474
--- End of stack trace from previous location ---
   at SpawnDev.ILGPU.Demo.Shared.UnitTests.BackendTestBase.RunTest(Func`2 testBody) in d:\users\tj\Projects\SpawnDev.ILGPU\SpawnDev.ILGPU\SpawnDev.ILGPU.Demo.Shared\UnitTests\BackendTestBase.cs:line 60
   at SpawnDev.ILGPU.Demo.Shared.UnitTests.BackendTestBase.MapReduceTest() in d:\users\tj\Projects\SpawnDev.ILGPU\SpawnDev.ILGPU\SpawnDev.ILGPU.Demo.Shared\UnitTests\BackendTestBase.Tests4.cs:line 468
   at SpawnDev.UnitTesting.UnitTestRunner.RunTest(UnitTest test) in d:\users\tj\Projects\SpawnDev.UnitTesting\SpawnDev.UnitTesting\SpawnDev.UnitTesting\UnitTestRunner.cs:line 183
  [Γ£ù] CudaTests.MapReduceTest (2ms) - ILGPU.Runtime.Cuda.CudaException: an illegal memory access was encountered at CurrentAPI.AllocateMemory(
                        out IntPtr resultPtr,
                        new IntPtr(LengthInBytes))
   at ILGPU.Runtime.Cuda.CudaMemoryBuffer..ctor(CudaAccelerator accelerator, Int64 length, Int32 elementSize) in d:\users\tj\Projects\SpawnDev.ILGPU\SpawnDev.ILGPU\ILGPU\Runtime\Cuda\CudaMemoryBuffer.cs:line 118
   at ILGPU.Runtime.Cuda.CudaAccelerator.AllocateRawInternal(Int64 length, Int32 elementSize) in d:\users\tj\Projects\SpawnDev.ILGPU\SpawnDev.ILGPU\ILGPU\Runtime\Cuda\CudaAccelerator.cs:line 451
   at ILGPU.Runtime.Accelerator.AllocateRaw(Int64 length, Int32 elementSize) in d:\users\tj\Projects\SpawnDev.ILGPU\SpawnDev.ILGPU\ILGPU\Runtime\Accelerator.cs:line 296
   at ILGPU.Runtime.Accelerator.AllocateRaw[T,TExtent,TStrideIndex,TStride](TExtent extent, TStride stride) in d:\users\tj\Projects\SpawnDev.ILGPU\SpawnDev.ILGPU\ILGPU\Runtime\Accelerator.cs:line 335
   at ILGPU.Runtime.Accelerator.Allocate1D[T,TStride](Int64 length, TStride stride) in d:\users\tj\Projects\SpawnDev.ILGPU\SpawnDev.ILGPU\ILGPU\Runtime\Accelerator.Allocations.cs:line 47
   at ILGPU.Runtime.Accelerator.Allocate1D[T](Int64 length) in d:\users\tj\Projects\SpawnDev.ILGPU\SpawnDev.ILGPU\ILGPU\Runtime\Accelerator.Allocations.cs:line 29
   at ILGPU.Runtime.ArrayViewExtensions.Allocate1D[T](Accelerator accelerator, AcceleratorStream stream, T[] data) in d:\users\tj\Projects\SpawnDev.ILGPU\SpawnDev.ILGPU\ILGPU\Runtime\ArrayViewExtensions.cs:line 1830
   at ILGPU.Runtime.ArrayViewExtensions.Allocate1D[T](Accelerator accelerator, T[] data) in d:\users\tj\Projects\SpawnDev.ILGPU\SpawnDev.ILGPU\ILGPU\Runtime\ArrayViewExtensions.cs:line 1801
   at SpawnDev.ILGPU.Demo.Shared.UnitTests.BackendTestBase.<>c.<<MapReduceTest>b__258_0>d.MoveNext() in d:\users\tj\Projects\SpawnDev.ILGPU\SpawnDev.ILGPU\SpawnDev.ILGPU.Demo.Shared\UnitTests\BackendTestBase.Tests4.cs:line 474
--- End of stack trace from previous location ---
   at SpawnDev.ILGPU.Demo.Shared.UnitTests.BackendTestBase.RunTest(Func`2 testBody) in d:\users\tj\Projects\SpawnDev.ILGPU\SpawnDev.ILGPU\SpawnDev.ILGPU.Demo.Shared\UnitTests\BackendTestBase.cs:line 60
   at SpawnDev.ILGPU.Demo.Shared.UnitTests.BackendTestBase.MapReduceTest() in d:\users\tj\Projects\SpawnDev.ILGPU\SpawnDev.ILGPU\SpawnDev.ILGPU.Demo.Shared\UnitTests\BackendTestBase.Tests4.cs:line 468
   at SpawnDev.UnitTesting.UnitTestRunner.RunTest(UnitTest test) in d:\users\tj\Projects\SpawnDev.UnitTesting\SpawnDev.UnitTesting\SpawnDev.UnitTesting\UnitTestRunner.cs:line 183
  [Γ£ù] CudaTests.SaturatingArithmeticTest (1ms) - ILGPU.Runtime.Cuda.CudaException: an illegal memory access was encountered at CurrentAPI.AllocateMemory(
                        out IntPtr resultPtr,
                        new IntPtr(LengthInBytes))
   at ILGPU.Runtime.Cuda.CudaMemoryBuffer..ctor(CudaAccelerator accelerator, Int64 length, Int32 elementSize) in d:\users\tj\Projects\SpawnDev.ILGPU\SpawnDev.ILGPU\ILGPU\Runtime\Cuda\CudaMemoryBuffer.cs:line 118
   at ILGPU.Runtime.Cuda.CudaAccelerator.AllocateRawInternal(Int64 length, Int32 elementSize) in d:\users\tj\Projects\SpawnDev.ILGPU\SpawnDev.ILGPU\ILGPU\Runtime\Cuda\CudaAccelerator.cs:line 451
   at ILGPU.Runtime.Accelerator.AllocateRaw(Int64 length, Int32 elementSize) in d:\users\tj\Projects\SpawnDev.ILGPU\SpawnDev.ILGPU\ILGPU\Runtime\Accelerator.cs:line 296
   at ILGPU.Runtime.Accelerator.AllocateRaw[T,TExtent,TStrideIndex,TStride](TExtent extent, TStride stride) in d:\users\tj\Projects\SpawnDev.ILGPU\SpawnDev.ILGPU\ILGPU\Runtime\Accelerator.cs:line 335
   at ILGPU.Runtime.Accelerator.Allocate1D[T,TStride](Int64 length, TStride stride) in d:\users\tj\Projects\SpawnDev.ILGPU\SpawnDev.ILGPU\ILGPU\Runtime\Accelerator.Allocations.cs:line 47
   at ILGPU.Runtime.Accelerator.Allocate1D[T](Int64 length) in d:\users\tj\Projects\SpawnDev.ILGPU\SpawnDev.ILGPU\ILGPU\Runtime\Accelerator.Allocations.cs:line 29
   at SpawnDev.ILGPU.Demo.Shared.UnitTests.BackendTestBase.<>c.<<SaturatingArithmeticTest>b__259_0>d.MoveNext() in d:\users\tj\Projects\SpawnDev.ILGPU\SpawnDev.ILGPU\SpawnDev.ILGPU.Demo.Shared\UnitTests\BackendTestBase.Tests4.cs:line 503
--- End of stack trace from previous location ---
   at SpawnDev.ILGPU.Demo.Shared.UnitTests.BackendTestBase.RunTest(Func`2 testBody) in d:\users\tj\Projects\SpawnDev.ILGPU\SpawnDev.ILGPU\SpawnDev.ILGPU.Demo.Shared\UnitTests\BackendTestBase.cs:line 60
   at SpawnDev.ILGPU.Demo.Shared.UnitTests.BackendTestBase.SaturatingArithmeticTest() in d:\users\tj\Projects\SpawnDev.ILGPU\SpawnDev.ILGPU\SpawnDev.ILGPU.Demo.Shared\UnitTests\BackendTestBase.Tests4.cs:line 500
   at SpawnDev.UnitTesting.UnitTestRunner.RunTest(UnitTest test) in d:\users\tj\Projects\SpawnDev.UnitTesting\SpawnDev.UnitTesting\SpawnDev.UnitTesting\UnitTestRunner.cs:line 183
  [Γ£ù] CudaTests.SaturatingArithmeticTest (1ms) - ILGPU.Runtime.Cuda.CudaException: an illegal memory access was encountered at CurrentAPI.AllocateMemory(
                        out IntPtr resultPtr,
                        new IntPtr(LengthInBytes))
   at ILGPU.Runtime.Cuda.CudaMemoryBuffer..ctor(CudaAccelerator accelerator, Int64 length, Int32 elementSize) in d:\users\tj\Projects\SpawnDev.ILGPU\SpawnDev.ILGPU\ILGPU\Runtime\Cuda\CudaMemoryBuffer.cs:line 118
   at ILGPU.Runtime.Cuda.CudaAccelerator.AllocateRawInternal(Int64 length, Int32 elementSize) in d:\users\tj\Projects\SpawnDev.ILGPU\SpawnDev.ILGPU\ILGPU\Runtime\Cuda\CudaAccelerator.cs:line 451
   at ILGPU.Runtime.Accelerator.AllocateRaw(Int64 length, Int32 elementSize) in d:\users\tj\Projects\SpawnDev.ILGPU\SpawnDev.ILGPU\ILGPU\Runtime\Accelerator.cs:line 296
   at ILGPU.Runtime.Accelerator.AllocateRaw[T,TExtent,TStrideIndex,TStride](TExtent extent, TStride stride) in d:\users\tj\Projects\SpawnDev.ILGPU\SpawnDev.ILGPU\ILGPU\Runtime\Accelerator.cs:line 335
   at ILGPU.Runtime.Accelerator.Allocate1D[T,TStride](Int64 length, TStride stride) in d:\users\tj\Projects\SpawnDev.ILGPU\SpawnDev.ILGPU\ILGPU\Runtime\Accelerator.Allocations.cs:line 47
   at ILGPU.Runtime.Accelerator.Allocate1D[T](Int64 length) in d:\users\tj\Projects\SpawnDev.ILGPU\SpawnDev.ILGPU\ILGPU\Runtime\Accelerator.Allocations.cs:line 29
   at SpawnDev.ILGPU.Demo.Shared.UnitTests.BackendTestBase.<>c.<<SaturatingArithmeticTest>b__259_0>d.MoveNext() in d:\users\tj\Projects\SpawnDev.ILGPU\SpawnDev.ILGPU\SpawnDev.ILGPU.Demo.Shared\UnitTests\BackendTestBase.Tests4.cs:line 503
--- End of stack trace from previous location ---
   at SpawnDev.ILGPU.Demo.Shared.UnitTests.BackendTestBase.RunTest(Func`2 testBody) in d:\users\tj\Projects\SpawnDev.ILGPU\SpawnDev.ILGPU\SpawnDev.ILGPU.Demo.Shared\UnitTests\BackendTestBase.cs:line 60
   at SpawnDev.ILGPU.Demo.Shared.UnitTests.BackendTestBase.SaturatingArithmeticTest() in d:\users\tj\Projects\SpawnDev.ILGPU\SpawnDev.ILGPU\SpawnDev.ILGPU.Demo.Shared\UnitTests\BackendTestBase.Tests4.cs:line 500
   at SpawnDev.UnitTesting.UnitTestRunner.RunTest(UnitTest test) in d:\users\tj\Projects\SpawnDev.UnitTesting\SpawnDev.UnitTesting\SpawnDev.UnitTesting\UnitTestRunner.cs:line 183
  [Γ£ù] CudaTests.ArrayFillPatternTest (1ms) - ILGPU.Runtime.Cuda.CudaException: an illegal memory access was encountered at CurrentAPI.AllocateMemory(
                        out IntPtr resultPtr,
                        new IntPtr(LengthInBytes))
   at ILGPU.Runtime.Cuda.CudaMemoryBuffer..ctor(CudaAccelerator accelerator, Int64 length, Int32 elementSize) in d:\users\tj\Projects\SpawnDev.ILGPU\SpawnDev.ILGPU\ILGPU\Runtime\Cuda\CudaMemoryBuffer.cs:line 118
   at ILGPU.Runtime.Cuda.CudaAccelerator.AllocateRawInternal(Int64 length, Int32 elementSize) in d:\users\tj\Projects\SpawnDev.ILGPU\SpawnDev.ILGPU\ILGPU\Runtime\Cuda\CudaAccelerator.cs:line 451
   at ILGPU.Runtime.Accelerator.AllocateRaw(Int64 length, Int32 elementSize) in d:\users\tj\Projects\SpawnDev.ILGPU\SpawnDev.ILGPU\ILGPU\Runtime\Accelerator.cs:line 296
   at ILGPU.Runtime.Accelerator.AllocateRaw[T,TExtent,TStrideIndex,TStride](TExtent extent, TStride stride) in d:\users\tj\Projects\SpawnDev.ILGPU\SpawnDev.ILGPU\ILGPU\Runtime\Accelerator.cs:line 335
   at ILGPU.Runtime.Accelerator.Allocate1D[T,TStride](Int64 length, TStride stride) in d:\users\tj\Projects\SpawnDev.ILGPU\SpawnDev.ILGPU\ILGPU\Runtime\Accelerator.Allocations.cs:line 47
   at ILGPU.Runtime.Accelerator.Allocate1D[T](Int64 length) in d:\users\tj\Projects\SpawnDev.ILGPU\SpawnDev.ILGPU\ILGPU\Runtime\Accelerator.Allocations.cs:line 29
   at SpawnDev.ILGPU.Demo.Shared.UnitTests.BackendTestBase.<>c.<<ArrayFillPatternTest>b__260_0>d.MoveNext() in d:\users\tj\Projects\SpawnDev.ILGPU\SpawnDev.ILGPU\SpawnDev.ILGPU.Demo.Shared\UnitTests\BackendTestBase.Tests4.cs:line 525
--- End of stack trace from previous location ---
   at SpawnDev.ILGPU.Demo.Shared.UnitTests.BackendTestBase.RunTest(Func`2 testBody) in d:\users\tj\Projects\SpawnDev.ILGPU\SpawnDev.ILGPU\SpawnDev.ILGPU.Demo.Shared\UnitTests\BackendTestBase.cs:line 60
   at SpawnDev.ILGPU.Demo.Shared.UnitTests.BackendTestBase.ArrayFillPatternTest() in d:\users\tj\Projects\SpawnDev.ILGPU\SpawnDev.ILGPU\SpawnDev.ILGPU.Demo.Shared\UnitTests\BackendTestBase.Tests4.cs:line 520
   at SpawnDev.UnitTesting.UnitTestRunner.RunTest(UnitTest test) in d:\users\tj\Projects\SpawnDev.UnitTesting\SpawnDev.UnitTesting\SpawnDev.UnitTesting\UnitTestRunner.cs:line 183
Unhandled exception. ILGPU.Runtime.Cuda.CudaException: an illegal memory access was encountered at cudaStatus
   at ILGPU.Runtime.Cuda.CudaMemoryBuffer.DisposeAcceleratorObject(Boolean disposing) in d:\users\tj\Projects\SpawnDev.ILGPU\SpawnDev.ILGPU\ILGPU\Runtime\Cuda\CudaMemoryBuffer.cs:line 160
   at ILGPU.Runtime.AcceleratorObject.DisposeAcceleratorObject_Accelerator(Boolean disposing) in d:\users\tj\Projects\SpawnDev.ILGPU\SpawnDev.ILGPU\ILGPU\Runtime\AcceleratorObject.cs:line 105
   at ILGPU.Runtime.Accelerator.DisposeChildObjects_SyncRoot(Boolean disposing) in d:\users\tj\Projects\SpawnDev.ILGPU\SpawnDev.ILGPU\ILGPU\Runtime\AcceleratorObject.cs:line 274
   at ILGPU.Runtime.Accelerator.Dispose(Boolean disposing) in d:\users\tj\Projects\SpawnDev.ILGPU\SpawnDev.ILGPU\ILGPU\Runtime\Accelerator.cs:line 867
   at ILGPU.Util.DisposeBase.DisposeDriver(Boolean disposing) in d:\users\tj\Projects\SpawnDev.ILGPU\SpawnDev.ILGPU\ILGPU\Util\DisposeBase.cs:line 81
   at ILGPU.Util.DisposeBase.Dispose() in d:\users\tj\Projects\SpawnDev.ILGPU\SpawnDev.ILGPU\ILGPU\Util\DisposeBase.cs:line 120
   at SpawnDev.ILGPU.Demo.Shared.UnitTests.BackendTestBase.Dispose() in d:\users\tj\Projects\SpawnDev.ILGPU\SpawnDev.ILGPU\SpawnDev.ILGPU.Demo.Shared\UnitTests\BackendTestBase.cs:line 73
   at SpawnDev.UnitTesting.UnitTestRunner.DisposeInstances() in d:\users\tj\Projects\SpawnDev.UnitTesting\SpawnDev.UnitTesting\SpawnDev.UnitTesting\UnitTestRunner.cs:line 137
   at SpawnDev.UnitTesting.UnitTestRunner.RunTests() in d:\users\tj\Projects\SpawnDev.UnitTesting\SpawnDev.UnitTesting\SpawnDev.UnitTesting\UnitTestRunner.cs:line 262
   at Program.<Main>$(String[] args) in d:\users\tj\Projects\SpawnDev.ILGPU\SpawnDev.ILGPU\SpawnDev.ILGPU.ConsoleDemo\Program.cs:line 81
   at Program.<Main>(String[] args)
